loading policy + frozen prior...
config: {'steps': 5000, 'batch': 128, 'lr': 0.0001, 'max_len': 100, 'temp': 1.0, 'beta_kl': 0.02, 'lambda_unc': 1.0, 'baseline_momentum': 0.95, 'log_every': 20, 'save_every': 250, 'out': 'checkpoints/rl_baseline', 'seed': 42}
reward model scheme=A_primary threshold=8.0 lambda_unc=1.0

  step      loss   reward   p_act    unc      kl  valid%  uniq% scaf/uniq AD%(top)    sec
     1   -1.2098    0.000   0.085  0.263   1.761    96.1  100.0     0.976     75.0   1.04
    20   -0.6022    0.000   0.086  0.252   1.909    91.4  100.0     0.983     83.3   0.58
    40   -0.4635    0.000   0.083  0.257   1.794    95.3  100.0     0.943     75.0   0.60
    60   -0.2450    0.000   0.090  0.269   1.618    96.9  100.0     0.935     66.7   0.60
    80   -0.1928    0.000   0.080  0.253   1.533    96.1  100.0     0.911     91.7   0.60
   100   -0.1610    0.000   0.083  0.263   1.645    98.4  100.0     0.952    100.0   0.57
   120   -0.0259    0.000   0.087  0.267   1.340    98.4  100.0     0.952     75.0   0.58
   140    0.0636    0.000   0.085  0.260   1.251    96.9  100.0     0.935     75.0   0.58
   160    0.0568    0.000   0.093  0.270   1.136    97.7  100.0     0.944     75.0   0.59
   180   -0.0927    0.000   0.084  0.258   1.417    94.5  100.0     0.917     83.3   0.59
   200   -0.2041    0.000   0.079  0.248   1.518    93.8  100.0     0.950     83.3   0.59
   220    0.0881    0.000   0.079  0.253   1.071    97.7  100.0     0.936     91.7   0.56
   240    0.0401    0.000   0.084  0.262   1.329    96.9  100.0     0.944     66.7   0.57
      saved checkpoint @ step 250 | examples: ['Cc1ccc(CN2CCN(C(=O)c3nc(-c4ccc(F)cc4)nc(N(C)C)n3)CC2)cc1', 'CCOC(=O)c1nn(-c2ccc(Cl)cc2)c2c1C1(c3ccccc3)CCCN(C)C1C2', 'Cc1cc(NC(=O)N2CCN(Cc3ccccc3)CC2)cc(C)n1', 'CCN(CC)C(=O)Cn1cc(-c2ccc(Br)cc2)nn1', 'CNC(=O)N1CCC2(CC1)c1c(CCOC)n[nH]c1OC2(C)C']
   260    0.1969    0.000   0.084  0.262   0.929    97.7  100.0     0.960    100.0   0.55
   280   -0.1881    0.000   0.092  0.271   1.581    97.7  100.0     0.936     66.7   0.61
   300   -0.0159    0.000   0.085  0.259   1.365    94.5  100.0     0.926     83.3   0.58
   320   -0.0581    0.002   0.092  0.268   1.381    98.4  100.0     0.921     91.7   0.56
   340    0.0324    0.001   0.087  0.263   1.221    98.4  100.0     0.921     83.3   0.53
   360   -0.0717    0.000   0.088  0.265   1.358    97.7  100.0     0.952     66.7   0.60
   380    0.0944    0.000   0.083  0.266   1.090    99.2  100.0     0.961     83.3   0.56
   400   -0.0483    0.000   0.081  0.256   1.271    96.1  100.0     0.919     83.3   0.55
   420   -0.1910    0.000   0.084  0.261   1.485    96.9  100.0     0.960     83.3   0.56
   440   -0.1337    0.000   0.089  0.262   1.472    96.9  100.0     0.952     91.7   0.56
   460   -0.0858    0.000   0.088  0.262   1.455    96.1  100.0     0.935     75.0   0.59
   480   -0.1899    0.000   0.090  0.269   1.550    96.1  100.0     0.959     75.0   0.55
   500    0.0248    0.000   0.090  0.275   1.167    98.4  100.0     0.944     83.3   0.57
      saved checkpoint @ step 500 | examples: ['CCOC(=O)NC(=O)CSc1nnc(N)s1', 'CCc1cccc(NC(=O)c2nc(Sc3cccc(C)c3C)ns2)c1', 'COc1ccc(C(CC(=O)Nc2nc3ccccc3s2)Cc2ccc(F)cc2)cc1', 'Nc1ccc(Sc2ccnc(-c3ccc(Cl)cc3)n2)cc1', 'CC(C)C(NC(=O)c1ccc(Cl)cc1)C(=O)Nc1ccc(F)c(S(=O)(=O)N2CCOCC2)c1']
   520   -0.0799    0.000   0.090  0.270   1.284    96.9  100.0     0.944     91.7   0.57
   540   -0.0138    0.000   0.084  0.257   1.297    95.3  100.0     0.959     83.3   0.54
   560   -0.1477    0.000   0.083  0.261   1.542    99.2  100.0     0.945    100.0   0.56
   580   -0.2420    0.000   0.085  0.258   1.495    96.9  100.0     0.935     91.7   0.58
   600   -0.1442    0.000   0.083  0.260   1.560    99.2  100.0     0.961     91.7   0.58
   620    0.0053    0.000   0.091  0.273   1.286   100.0  100.0     0.992    100.0   0.56
   640   -0.0210    0.001   0.083  0.258   1.422    99.2  100.0     0.929     91.7   0.58
   660    0.1580    0.007   0.102  0.271   1.277    98.4  100.0     0.960     91.7   0.55
   680   -0.0508    0.000   0.091  0.272   1.373    97.7  100.0     0.944     83.3   0.55
   700   -0.0323    0.004   0.096  0.269   1.533    97.7  100.0     0.952     83.3   0.57
   720   -0.0335    0.012   0.104  0.262   1.496    98.4  100.0     0.952     83.3   0.55
   740   -0.1442    0.000   0.083  0.260   1.483    97.7  100.0     0.944     83.3   0.57
      saved checkpoint @ step 750 | examples: ['COc1ccc(Sc2ccc(C(=O)O)nc2)cc1C#N', 'COc1ccncc1-c1nccc2cc(NC(=O)C3CC3)ccc12', 'COc1ccc(C(=O)Nc2ccc3c(c2)NC(=O)/C3=C\\c2cccc3ccccc23)cc1', 'CCCCCCCCCCOc1ccc(OCC(=O)Cn2ccnc2)cc1', 'CC(=O)N1CCc2cc(S(=O)(=O)CCC(=O)Nc3cccc(C)c3C)ccc21']
   760   -0.0460    0.026   0.114  0.258   1.613    96.9   98.4     0.951     83.3   0.55
   780   -0.0251    0.241   0.357  0.230   4.627    97.7   83.2     0.846    100.0   0.58
   800   -0.0503    0.761   0.864  0.126  11.568   100.0   28.9     0.676    100.0   0.50
   820   -0.1036    0.918   0.978  0.063  12.384   100.0    7.0     0.667    100.0   0.50
   840   -0.1324    0.939   0.989  0.051  12.521   100.0    4.7     0.833    100.0   0.50
   860    0.0063    0.953   0.998  0.045  12.553   100.0    2.3     0.667    100.0   0.46
   880   -0.0102    0.951   0.998  0.047  12.559   100.0    3.1     0.500    100.0   0.48
   900   -0.0224    0.949   0.997  0.048  12.514   100.0    3.9     0.800    100.0   0.48
   920   -0.0175    0.950   0.997  0.047  12.644   100.0    2.3     1.000    100.0   0.47
   940   -0.0189    0.950   0.997  0.047  12.615   100.0    2.3     0.667    100.0   0.47
   960   -0.0941    0.944   0.990  0.046  12.640    99.2    2.4     1.000    100.0   0.47
   980   -0.0001    0.953   0.998  0.045  12.573   100.0    1.6     1.000    100.0   0.46
  1000   -0.0787    0.948   0.996  0.048  12.558   100.0    3.1     0.750    100.0   0.51
      saved checkpoint @ step 1000 | examples: ['Cc1ccncc1-c1ccc2cc(NC(=O)C3CC3)ncc2c1', 'Cc1ccncc1-c1ccc2cc(NC(=O)C3CC3)ncc2c1', 'Cc1ccncc1-c1ccc2cc(NC(=O)C3CC3)ncc2c1', 'Cc1ccncc1-c1ccc2cc(NC(=O)C3CC3)ncc2c1', 'Cc1ccncc1-c1ccc2cc(NC(=O)C3CC3)ncc2c1']
  1020   -0.0082    0.952   0.998  0.046  12.586   100.0    2.3     0.667    100.0   0.45
  1040   -0.0885    0.943   0.994  0.051  12.563   100.0    3.1     1.000    100.0   0.48
  1060    0.0003    0.953   0.998  0.045  12.589   100.0    1.6     1.000    100.0   0.48
  1080    0.0002    0.953   0.998  0.045  12.593   100.0    1.6     1.000    100.0   0.48
  1100   -0.0306    0.950   0.997  0.047  12.653   100.0    2.3     0.667    100.0   0.47
  1120   -0.0880    0.944   0.990  0.047  12.597   100.0    3.1     0.750    100.0   0.47
  1140    0.0013    0.953   0.998  0.045  12.572   100.0    1.6     1.000    100.0   0.46
  1160   -0.0729    0.946   0.990  0.044  12.659    99.2    0.8     1.000    100.0   0.46
  1180    0.0049    0.953   0.998  0.045  12.548   100.0    2.3     0.667    100.0   0.46
  1200   -0.0206    0.951   0.997  0.047  12.563   100.0    1.6     1.000    100.0   0.48
  1220    0.0006    0.953   0.998  0.045  12.600   100.0    1.6     1.000    100.0   0.47
  1240    0.0000    0.953   0.998  0.045  12.612   100.0    0.8     1.000    100.0   0.46
      saved checkpoint @ step 1250 | examples: ['Cc1ccncc1-c1ccc2cc(NC(=O)C3CC3)ncc2c1', 'Cc1ccncc1-c1ccc2cc(NC(=O)C3CC3)ncc2c1', 'Cc1ccncc1-c1ccc2cc(NC(=O)C3CC3)ncc2c1', 'Cc1ccncc1-c1ccc2cc(NC(=O)C3CC3)ncc2c1', 'Cc1ccncc1-c1ccc2cc(NC(=O)C3CC3)ncc2c1']
  1260    0.0003    0.953   0.998  0.045  12.603   100.0    1.6     1.000    100.0   0.47
  1280   -0.0123    0.952   0.998  0.046  12.648   100.0    2.3     0.667    100.0   0.46
  1300   -0.0501    0.947   0.996  0.048  12.546   100.0    3.1     0.750    100.0   0.47
  1320   -0.0947    0.946   0.993  0.048  12.505   100.0    2.3     1.000    100.0   0.47
  1340   -0.0024    0.952   0.998  0.046  12.555   100.0    3.1     0.750    100.0   0.47
  1360    0.0011    0.953   0.998  0.045  12.585   100.0    1.6     1.000    100.0   0.46
  1380   -0.0872    0.945   0.994  0.049  12.538   100.0    2.3     1.000    100.0   0.48
  1400    0.0046    0.953   0.998  0.045  12.543   100.0    1.6     1.000    100.0   0.46
  1420   -0.0004    0.953   0.998  0.045  12.606   100.0    1.6     1.000    100.0   0.46
  1440    0.0031    0.953   0.998  0.045  12.587   100.0    2.3     0.667    100.0   0.46
  1460   -0.0003    0.953   0.998  0.045  12.606   100.0    1.6     1.000    100.0   0.46
  1480   -0.0000    0.953   0.998  0.045  12.608   100.0    1.6     1.000    100.0   0.45
  1500   -0.0003    0.953   0.998  0.045  12.613   100.0    1.6     1.000    100.0   0.47
      saved checkpoint @ step 1500 | examples: ['Cc1ccncc1-c1ccc2cc(NC(=O)C3CC3)ncc2c1', 'Cc1ccncc1-c1ccc2cc(NC(=O)C3CC3)ncc2c1', 'Cc1ccncc1-c1ccc2cc(NC(=O)C3CC3)ncc2c1', 'Cc1ccncc1-c1ccc2cc(NC(=O)C3CC3)ncc2c1', 'Cc1ccncc1-c1ccc2cc(NC(=O)C3CC3)ncc2c1']
  1520   -0.0249    0.949   0.996  0.048  12.592   100.0    2.3     1.000    100.0   0.46
  1540    0.0002    0.953   0.998  0.045  12.594   100.0    1.6     1.000    100.0   0.45
  1560   -0.0002    0.953   0.998  0.045  12.595   100.0    1.6     1.000    100.0   0.46
  1580    0.0003    0.953   0.998  0.045  12.595   100.0    1.6     1.000    100.0   0.47
  1600    0.0029    0.953   0.998  0.045  12.582   100.0    1.6     1.000    100.0   0.46
  1620    0.0013    0.953   0.998  0.045  12.587   100.0    1.6     1.000    100.0   0.46
  1640    0.0004    0.953   0.998  0.045  12.591   100.0    1.6     1.000    100.0   0.46
  1660   -0.0001    0.953   0.998  0.045  12.594   100.0    1.6     1.000    100.0   0.46
  1680    0.0003    0.953   0.998  0.045  12.600   100.0    1.6     1.000    100.0   0.48
  1700    0.0002    0.953   0.998  0.045  12.592   100.0    1.6     1.000    100.0   0.48
  1720    0.0000    0.953   0.998  0.045  12.591   100.0    1.6     1.000    100.0   0.48
  1740   -0.0002    0.953   0.998  0.045  12.608   100.0    1.6     1.000    100.0   0.49
      saved checkpoint @ step 1750 | examples: ['Cc1ccncc1-c1ccc2cc(NC(=O)C3CC3)ncc2c1', 'Cc1ccncc1-c1ccc2cc(NC(=O)C3CC3)ncc2c1', 'Cc1ccncc1-c1ccc2cc(NC(=O)C3CC3)ncc2c1', 'Cc1ccncc1-c1ccc2cc(NC(=O)C3CC3)ncc2c1', 'Cc1ccncc1-c1ccc2cc(NC(=O)C3CC3)ncc2c1']
  1760    0.0015    0.953   0.998  0.045  12.583   100.0    1.6     1.000    100.0   0.47
  1780    0.0016    0.953   0.998  0.045  12.580   100.0    1.6     1.000    100.0   0.46
  1800   -0.1311    0.945   0.991  0.047  12.524   100.0    2.3     1.000    100.0   0.52
  1820    0.0011    0.953   0.998  0.045  12.583   100.0    1.6     1.000    100.0   0.48
  1840    0.0007    0.953   0.998  0.045  12.597   100.0    1.6     1.000    100.0   0.46
  1860   -0.0041    0.952   0.998  0.046  12.566   100.0    2.3     1.000    100.0   0.46
  1880    0.0039    0.952   0.998  0.046  12.508   100.0    2.3     0.667    100.0   0.46
  1900   -0.0003    0.953   0.998  0.045  12.607   100.0    1.6     1.000    100.0   0.47
  1920    0.0036    0.953   0.998  0.045  12.559   100.0    1.6     1.000    100.0   0.48
  1940   -0.0001    0.953   0.998  0.045  12.609   100.0    1.6     1.000    100.0   0.47
  1960   -0.1115    0.946   0.990  0.045  12.745    99.2    1.6     1.000    100.0   0.50
  1980    0.0000    0.953   0.998  0.045  12.608   100.0    0.8     1.000    100.0   0.48
  2000   -0.0001    0.953   0.998  0.045  12.598   100.0    1.6     1.000    100.0   0.48
      saved checkpoint @ step 2000 | examples: ['Cc1ccncc1-c1ccc2cc(NC(=O)C3CC3)ncc2c1', 'Cc1ccncc1-c1ccc2cc(NC(=O)C3CC3)ncc2c1', 'Cc1ccncc1-c1ccc2cc(NC(=O)C3CC3)ncc2c1', 'Cc1ccncc1-c1ccc2cc(NC(=O)C3CC3)ncc2c1', 'Cc1ccncc1-c1ccc2cc(NC(=O)C3CC3)ncc2c1']
  2020    0.0006    0.953   0.998  0.045  12.584   100.0    1.6     1.000    100.0   0.47
  2040   -0.0003    0.953   0.998  0.045  12.609   100.0    1.6     1.000    100.0   0.48
  2060    0.0018    0.953   0.998  0.045  12.579   100.0    2.3     0.667    100.0   0.49
  2080    0.0032    0.953   0.998  0.045  12.552   100.0    2.3     0.667    100.0   0.47
  2100   -0.0211    0.950   0.997  0.047  12.565   100.0    2.3     0.667    100.0   0.45
  2120    0.0012    0.953   0.998  0.045  12.582   100.0    1.6     1.000    100.0   0.47
  2140    0.0014    0.953   0.998  0.045  12.592   100.0    1.6     1.000    100.0   0.47
  2160    0.0007    0.953   0.998  0.045  12.604   100.0    1.6     1.000    100.0   0.49
  2180    0.0040    0.953   0.998  0.045  12.559   100.0    1.6     1.000    100.0   0.47
  2200    0.0017    0.953   0.998  0.045  12.596   100.0    1.6     1.000    100.0   0.47
  2220   -0.0562    0.946   0.990  0.045  12.606    99.2    1.6     1.000    100.0   0.49
  2240    0.0006    0.953   0.998  0.045  12.578   100.0    1.6     1.000    100.0   0.48
      saved checkpoint @ step 2250 | examples: ['Cc1ccncc1-c1ccc2cc(NC(=O)C3CC3)ncc2c1', 'Cc1ccncc1-c1ccc2cc(NC(=O)C3CC3)ncc2c1', 'Cc1ccncc1-c1ccc2cc(NC(=O)C3CC3)ncc2c1', 'Cc1ccncc1-c1ccc2cc(NC(=O)C3CC3)ncc2c1', 'Cc1ccncc1-c1ccc2cc(NC(=O)C3CC3)ncc2c1']
  2260    0.0059    0.953   0.998  0.045  12.545   100.0    1.6     0.500    100.0   0.47
  2280   -0.0004    0.953   0.998  0.045  12.618   100.0    1.6     1.000    100.0   0.45
  2300    0.0012    0.953   0.998  0.045  12.602   100.0    2.3     0.667    100.0   0.47
  2320    0.0002    0.953   0.998  0.045  12.606   100.0    1.6     1.000    100.0   0.46
  2340    0.0057    0.952   0.998  0.046  12.525   100.0    2.3     0.667    100.0   0.46
  2360    0.0000    0.953   0.998  0.045  12.613   100.0    0.8     1.000    100.0   0.47
  2380   -0.0007    0.953   0.998  0.045  12.625   100.0    1.6     1.000    100.0   0.47
  2400    0.0006    0.953   0.998  0.045  12.592   100.0    1.6     1.000    100.0   0.47
  2420    0.0004    0.953   0.998  0.045  12.570   100.0    2.3     0.667    100.0   0.43
  2440    0.0003    0.953   0.998  0.045  12.586   100.0    1.6     1.000    100.0   0.47
  2460    0.0019    0.953   0.998  0.045  12.571   100.0    1.6     1.000    100.0   0.44
  2480    0.0001    0.953   0.998  0.045  12.604   100.0    1.6     1.000    100.0   0.46
  2500   -0.0000    0.953   0.998  0.045  12.606   100.0    1.6     1.000    100.0   0.46
      saved checkpoint @ step 2500 | examples: ['Cc1ccncc1-c1ccc2cc(NC(=O)C3CC3)ncc2c1', 'Cc1ccncc1-c1ccc2cc(NC(=O)C3CC3)ncc2c1', 'Cc1ccncc1-c1ccc2cc(NC(=O)C3CC3)ncc2c1', 'Cc1ccncc1-c1ccc2cc(NC(=O)C3CC3)ncc2c1', 'Cc1ccncc1-c1ccc2cc(NC(=O)C3CC3)ncc2c1']
  2520    0.0000    0.953   0.998  0.045  12.600   100.0    1.6     1.000    100.0   0.47
  2540   -0.0169    0.950   0.997  0.047  12.619   100.0    2.3     1.000    100.0   0.47
  2560   -0.0004    0.953   0.998  0.045  12.613   100.0    1.6     1.000    100.0   0.46
  2580    0.0015    0.953   0.998  0.045  12.585   100.0    1.6     1.000    100.0   0.47
  2600    0.0000    0.953   0.998  0.045  12.615   100.0    0.8     1.000    100.0   0.47
  2620    0.0039    0.953   0.998  0.045  12.548   100.0    2.3     0.667    100.0   0.46
  2640    0.0001    0.953   0.998  0.045  12.600   100.0    1.6     1.000    100.0   0.47
  2660    0.0007    0.953   0.998  0.045  12.585   100.0    1.6     1.000    100.0   0.46
  2680    0.0024    0.953   0.998  0.045  12.563   100.0    2.3     0.667    100.0   0.46
  2700   -0.0108    0.952   0.998  0.046  12.607   100.0    2.3     0.667    100.0   0.47
  2720    0.0025    0.953   0.998  0.045  12.550   100.0    2.3     0.667    100.0   0.47
  2740    0.0021    0.953   0.998  0.045  12.546   100.0    1.6     1.000    100.0   0.46
      saved checkpoint @ step 2750 | examples: ['Cc1ccncc1-c1ccc2cc(NC(=O)C3CC3)ncc2c1', 'Cc1ccncc1-c1ccc2cc(NC(=O)C3CC3)ncc2c1', 'Cc1ccncc1-c1ccc2cc(NC(=O)C3CC3)ncc2c1', 'Cc1ccncc1-c1ccc2cc(NC(=O)C3CC3)ncc2c1', 'Cc1ccncc1-c1ccc2cc(NC(=O)C3CC3)ncc2c1']
  2760    0.0022    0.953   0.998  0.045  12.564   100.0    2.3     0.667    100.0   0.47
  2780    0.0013    0.952   0.998  0.046  12.537   100.0    1.6     1.000    100.0   0.47
  2800    0.0010    0.953   0.998  0.045  12.585   100.0    2.3     0.667    100.0   0.47
  2820    0.0000    0.953   0.998  0.045  12.604   100.0    0.8     1.000    100.0   0.48
  2840    0.0021    0.952   0.998  0.046  12.553   100.0    2.3     0.667    100.0   0.47
  2860   -0.0422    0.948   0.996  0.048  12.576   100.0    2.3     1.000    100.0   0.45
  2880    0.0005    0.953   0.998  0.045  12.590   100.0    1.6     1.000    100.0   0.47
  2900    0.0010    0.953   0.998  0.045  12.588   100.0    1.6     1.000    100.0   0.46
  2920    0.0011    0.953   0.998  0.045  12.592   100.0    2.3     0.667    100.0   0.47
  2940    0.0012    0.953   0.998  0.045  12.565   100.0    1.6     1.000    100.0   0.47
  2960   -0.0000    0.953   0.998  0.045  12.600   100.0    1.6     1.000    100.0   0.48
  2980   -0.0004    0.953   0.998  0.045  12.607   100.0    1.6     1.000    100.0   0.46
  3000   -0.0004    0.953   0.998  0.045  12.583   100.0    1.6     1.000    100.0   0.49
      saved checkpoint @ step 3000 | examples: ['Cc1ccncc1-c1ccc2cc(NC(=O)C3CC3)ncc2c1', 'Cc1ccncc1-c1ccc2cc(NC(=O)C3CC3)ncc2c1', 'Cc1ccncc1-c1ccc2cc(NC(=O)C3CC3)ncc2c1', 'Cc1ccncc1-c1ccc2cc(NC(=O)C3CC3)ncc2c1', 'Cc1ccncc1-c1ccc2cc(NC(=O)C3CC3)ncc2c1']
  3020    0.0003    0.953   0.998  0.045  12.596   100.0    2.3     0.667    100.0   0.47
  3040   -0.0001    0.953   0.998  0.045  12.586   100.0    1.6     1.000    100.0   0.45
  3060    0.0000    0.953   0.998  0.045  12.604   100.0    0.8     1.000    100.0   0.47
  3080   -0.0002    0.953   0.998  0.045  12.569   100.0    2.3     0.667    100.0   0.49
  3100    0.0002    0.953   0.998  0.045  12.584   100.0    1.6     1.000    100.0   0.47
  3120    0.0020    0.953   0.998  0.045  12.552   100.0    2.3     0.667    100.0   0.46
  3140   -0.0009    0.953   0.998  0.045  12.587   100.0    2.3     0.667    100.0   0.47
  3160    0.0013    0.953   0.998  0.045  12.568   100.0    2.3     0.667    100.0   0.47
  3180    0.0014    0.953   0.998  0.045  12.553   100.0    2.3     0.667    100.0   0.45
  3200    0.0001    0.953   0.998  0.045  12.578   100.0    2.3     0.667    100.0   0.46
  3220   -0.0006    0.953   0.998  0.045  12.590   100.0    2.3     0.667    100.0   0.46
  3240    0.0026    0.952   0.998  0.046  12.525   100.0    2.3     0.667    100.0   0.47
      saved checkpoint @ step 3250 | examples: ['Cc1ccncc1-c1ccc2cc(NC(=O)C3CC3)ncc2c1', 'Cc1ccncc1-c1ccc2cc(NC(=O)C3CC3)ncc2c1', 'Cc1ccncc1-c1ccc2cc(NC(=O)C3CC3)ncc2c1', 'Cc1ccncc1-c1ccc2cc(NC(=O)C3CC3)ncc2c1', 'Cc1ccncc1-c1ccc2cc(NC(=O)C3CC3)ncc2c1']
  3260   -0.0006    0.952   0.998  0.045  12.568   100.0    2.3     1.000    100.0   0.47
  3280    0.0009    0.953   0.998  0.045  12.568   100.0    2.3     0.667    100.0   0.44
  3300   -0.0003    0.953   0.998  0.045  12.594   100.0    1.6     1.000    100.0   0.46
  3320    0.0021    0.953   0.998  0.045  12.560   100.0    2.3     0.667    100.0   0.47
  3340    0.0003    0.953   0.998  0.045  12.564   100.0    2.3     0.667    100.0   0.48
  3360    0.0037    0.953   0.998  0.045  12.527   100.0    2.3     0.667    100.0   0.47
  3380    0.0004    0.953   0.998  0.045  12.571   100.0    2.3     0.667    100.0   0.49
  3400    0.0000    0.953   0.998  0.045  12.606   100.0    0.8     1.000    100.0   0.48
  3420   -0.0137    0.953   0.998  0.045  12.641   100.0    1.6     1.000    100.0   0.46
  3440    0.0007    0.953   0.998  0.045  12.590   100.0    1.6     1.000    100.0   0.47
  3460    0.0005    0.953   0.998  0.045  12.581   100.0    1.6     1.000    100.0   0.47
  3480    0.0009    0.953   0.998  0.045  12.563   100.0    2.3     0.667    100.0   0.45
  3500    0.0004    0.953   0.998  0.045  12.586   100.0    1.6     0.500    100.0   0.47
      saved checkpoint @ step 3500 | examples: ['Cc1ccncc1-c1ccc2cc(NC(=O)C3CC3)ncc2c1', 'Cc1ccncc1-c1ccc2cc(NC(=O)C3CC3)ncc2c1', 'Cc1ccncc1-c1ccc2cc(NC(=O)C3CC3)ncc2c1', 'Cc1ccncc1-c1ccc2cc(NC(=O)C3CC3)ncc2c1', 'Cc1ccncc1-c1ccc2cc(NC(=O)C3CC3)ncc2c1']
  3520    0.0014    0.953   0.998  0.045  12.561   100.0    2.3     0.667    100.0   0.46
  3540    0.0013    0.953   0.998  0.045  12.552   100.0    2.3     0.667    100.0   0.47
  3560    0.0012    0.952   0.998  0.046  12.514   100.0    2.3     0.667    100.0   0.46
  3580    0.0031    0.952   0.998  0.046  12.519   100.0    2.3     0.667    100.0   0.47
  3600   -0.1251    0.945   0.991  0.047  12.488   100.0    3.1     0.750    100.0   0.52
  3620    0.0002    0.953   0.998  0.045  12.584   100.0    2.3     0.667    100.0   0.47
  3640    0.0004    0.953   0.998  0.045  12.582   100.0    2.3     0.667    100.0   0.46
  3660    0.0008    0.953   0.998  0.045  12.583   100.0    1.6     1.000    100.0   0.46
  3680    0.0014    0.953   0.998  0.045  12.551   100.0    2.3     0.667    100.0   0.47
  3700   -0.0006    0.953   0.998  0.045  12.572   100.0    2.3     0.667    100.0   0.46
  3720    0.0002    0.953   0.998  0.045  12.555   100.0    2.3     0.667    100.0   0.46
  3740   -0.0050    0.952   0.998  0.046  12.559   100.0    2.3     1.000    100.0   0.46
      saved checkpoint @ step 3750 | examples: ['Cc1ccncc1-c1ccc2cc(NC(=O)C3CC3)ncc2c1', 'Cc1ccncc1-c1ccc2cc(NC(=O)C3CC3)ncc2c1', 'Cc1ccncc1-c1ccc2cc(NC(=O)C3CC3)ncc2c1', 'Cc1ccncc1-c1ccc2cc(NC(=O)C3CC3)ncc2c1', 'Cc1ccncc1-c1ccc2cc(NC(=O)C3CC3)ncc2c1']
  3760   -0.0006    0.953   0.998  0.045  12.584   100.0    2.3     0.667    100.0   0.45
  3780    0.0001    0.953   0.998  0.045  12.588   100.0    2.3     0.667    100.0   0.47
  3800    0.0007    0.953   0.998  0.045  12.575   100.0    1.6     0.500    100.0   0.46
  3820   -0.0003    0.952   0.998  0.046  12.539   100.0    2.3     0.667    100.0   0.46
  3840    0.0012    0.953   0.998  0.045  12.557   100.0    2.3     0.667    100.0   0.46
  3860   -0.1412    0.945   0.990  0.046  12.595   100.0    2.3     1.000    100.0   0.47
  3880    0.0004    0.953   0.998  0.045  12.565   100.0    2.3     0.667    100.0   0.48
  3900    0.0012    0.953   0.998  0.045  12.568   100.0    2.3     0.667    100.0   0.48
  3920    0.0001    0.953   0.998  0.045  12.583   100.0    1.6     1.000    100.0   0.48
  3940    0.0019    0.952   0.998  0.046  12.518   100.0    2.3     0.667    100.0   0.46
  3960    0.0004    0.952   0.998  0.046  12.537   100.0    2.3     0.667    100.0   0.46
  3980    0.0003    0.952   0.998  0.046  12.548   100.0    2.3     0.667    100.0   0.47
  4000    0.0001    0.952   0.998  0.046  12.551   100.0    2.3     0.667    100.0   0.46
      saved checkpoint @ step 4000 | examples: ['Cc1ccncc1-c1ccc2cc(NC(=O)C3CC3)ncc2c1', 'Cc1ccncc1-c1ccc2cc(NC(=O)C3CC3)ncc2c1', 'Cc1ccncc1-c1ccc2cc(NC(=O)C3CC3)ncc2c1', 'Cc1ccncc1-c1ccc2cc(NC(=O)C3CC3)ncc2c1', 'Cc1ccncc1-c1ccc2cc(NC(=O)C3CC3)ncc2c1']
  4020   -0.0001    0.953   0.998  0.045  12.579   100.0    2.3     0.667    100.0   0.47
  4040    0.0012    0.952   0.998  0.046  12.536   100.0    2.3     0.667    100.0   0.45
  4060   -0.0018    0.952   0.998  0.046  12.565   100.0    2.3     0.667    100.0   0.44
  4080    0.0009    0.953   0.998  0.045  12.572   100.0    1.6     1.000    100.0   0.46
  4100    0.0013    0.952   0.998  0.046  12.545   100.0    2.3     0.667    100.0   0.47
  4120    0.0005    0.953   0.998  0.045  12.560   100.0    2.3     0.667    100.0   0.45
  4140    0.0010    0.953   0.998  0.045  12.565   100.0    2.3     0.667    100.0   0.48
  4160    0.0011    0.953   0.998  0.045  12.578   100.0    1.6     1.000    100.0   0.47
  4180   -0.0007    0.953   0.998  0.045  12.575   100.0    1.6     0.500    100.0   0.45
  4200   -0.0002    0.951   0.998  0.046  12.499   100.0    3.1     0.750    100.0   0.48
  4220    0.0031    0.951   0.998  0.047  12.446   100.0    3.1     0.750    100.0   0.48
  4240   -0.0013    0.952   0.998  0.046  12.520   100.0    3.1     0.750    100.0   0.48
      saved checkpoint @ step 4250 | examples: ['Cc1ccncc1-c1ccc2cc(NC(=O)C3CC3)ncc2c1', 'Cc1ccncc1-c1ccc2cc(NC(=O)C3CC3)ncc2c1', 'Cc1ccncc1-c1ccc2cc(NC(=O)C3CC3)ncc2c1', 'Cc1ccncc1-c1ccc2cc(NC(=O)C3CC3)ncc2c1', 'Cc1ccncc1-c1ccc2cc(NC(=O)C3CC3)ncc2c1']
  4260    0.0017    0.953   0.998  0.045  12.560   100.0    1.6     0.500    100.0   0.48
  4280    0.0005    0.953   0.998  0.045  12.567   100.0    2.3     0.667    100.0   0.48
  4300    0.0001    0.952   0.998  0.046  12.536   100.0    1.6     1.000    100.0   0.46
  4320    0.0052    0.952   0.998  0.046  12.500   100.0    2.3     0.667    100.0   0.48
  4340    0.0003    0.953   0.998  0.045  12.566   100.0    2.3     0.667    100.0   0.47
  4360    0.0022    0.953   0.998  0.045  12.541   100.0    2.3     0.667    100.0   0.48
  4380   -0.0008    0.952   0.998  0.046  12.533   100.0    2.3     0.667    100.0   0.48
  4400   -0.0008    0.953   0.998  0.045  12.566   100.0    1.6     1.000    100.0   0.47
  4420   -0.0001    0.953   0.998  0.045  12.588   100.0    1.6     0.500    100.0   0.49
  4440   -0.0003    0.953   0.998  0.045  12.556   100.0    2.3     0.667    100.0   0.46
  4460    0.0002    0.952   0.998  0.046  12.555   100.0    2.3     0.667    100.0   0.46
  4480    0.0006    0.953   0.998  0.045  12.579   100.0    1.6     0.500    100.0   0.47
  4500   -0.0000    0.952   0.998  0.046  12.535   100.0    2.3     0.667    100.0   0.47
      saved checkpoint @ step 4500 | examples: ['Cc1ccncc1-c1ccc2cc(NC(=O)C3CC3)ncc2c1', 'Cc1ccncc1-c1ccc2cc(NC(=O)C3CC3)ncc2c1', 'Cc1ccncc1-c1ccc2cc(NC(=O)C3CC3)ncc2c1', 'Cc1ccncc1-c1ccc2cc(NC(=O)C3CC3)ncc2c1', 'Cc1ccncc1-c1ccc2cc(NC(=O)C3CC3)ncc2c1']
  4520   -0.0008    0.953   0.998  0.045  12.579   100.0    1.6     0.500    100.0   0.46
  4540    0.0000    0.953   0.998  0.045  12.563   100.0    1.6     1.000    100.0   0.47
  4560   -0.0022    0.951   0.998  0.046  12.520   100.0    3.1     0.750    100.0   0.46
  4580    0.0015    0.953   0.998  0.045  12.544   100.0    2.3     0.667    100.0   0.48
  4600   -0.0002    0.953   0.998  0.045  12.589   100.0    1.6     0.500    100.0   0.46
  4620    0.0012    0.953   0.998  0.045  12.544   100.0    2.3     0.667    100.0   0.46
  4640    0.0002    0.953   0.998  0.045  12.576   100.0    1.6     1.000    100.0   0.46
  4660   -0.0007    0.953   0.998  0.045  12.567   100.0    2.3     0.667    100.0   0.46
  4680   -0.0010    0.953   0.998  0.045  12.588   100.0    2.3     0.667    100.0   0.50
  4700   -0.0006    0.953   0.998  0.045  12.563   100.0    2.3     0.667    100.0   0.47
  4720   -0.0013    0.952   0.998  0.046  12.567   100.0    2.3     0.667    100.0   0.47
  4740    0.0017    0.952   0.998  0.046  12.526   100.0    2.3     0.667    100.0   0.47
      saved checkpoint @ step 4750 | examples: ['Cc1ccncc1-c1ccc2cc(NC(=O)C3CC3)ncc2c1', 'Cc1ccncc1-c1ccc2cc(NC(=O)C3CC3)ncc2c1', 'Cc1ccccc1-c1ccc2cc(NC(=O)C3CC3)ncc2c1', 'Cc1ccncc1-c1ccc2cc(NC(=O)C3CC3)ncc2c1', 'Cc1ccncc1-c1ccc2cc(NC(=O)C3CC3)ncc2c1']
  4760    0.0001    0.953   0.998  0.045  12.556   100.0    2.3     0.667    100.0   0.47
  4780    0.0016    0.952   0.998  0.046  12.532   100.0    2.3     0.667    100.0   0.48
  4800    0.0000    0.953   0.998  0.045  12.588   100.0    0.8     1.000    100.0   0.47
  4820    0.0038    0.953   0.998  0.045  12.517   100.0    1.6     1.000    100.0   0.47
  4840   -0.0000    0.953   0.998  0.045  12.576   100.0    2.3     0.667    100.0   0.47
  4860   -0.0015    0.953   0.998  0.045  12.584   100.0    2.3     0.667    100.0   0.47
  4880    0.0025    0.952   0.998  0.046  12.525   100.0    2.3     0.667    100.0   0.47
  4900   -0.0008    0.953   0.998  0.045  12.593   100.0    1.6     1.000    100.0   0.47
  4920   -0.0001    0.952   0.998  0.046  12.552   100.0    2.3     0.667    100.0   0.48
  4940   -0.0005    0.953   0.998  0.045  12.566   100.0    2.3     0.667    100.0   0.46
  4960   -0.0012    0.953   0.998  0.045  12.571   100.0    2.3     0.667    100.0   0.47
  4980   -0.0002    0.953   0.998  0.045  12.564   100.0    2.3     0.667    100.0   0.46
  5000    0.0014    0.952   0.998  0.046  12.523   100.0    2.3     0.667    100.0   0.48
      saved checkpoint @ step 5000 | examples: ['Cc1ccncc1-c1ccc2cc(NC(=O)C3CC3)ncc2c1', 'Cc1ccncc1-c1ccc2cc(NC(=O)C3CC3)ncc2c1', 'Cc1ccncc1-c1ccc2cc(NC(=O)C3CC3)ncc2c1', 'Cc1ccncc1-c1ccc2cc(NC(=O)C3CC3)ncc2c1', 'Cc1ccccc1-c1ccc2cc(NC(=O)C3CC3)ncc2c1']

RL_BASELINE_DONE in 40.5 min
