loading policy + frozen prior...
config: {'steps': 5000, 'batch': 128, 'lr': 0.0001, 'max_len': 100, 'temp': 1.0, 'beta_kl': 0.02, 'lambda_unc': 1.0, 'baseline_momentum': 0.95, 'threshold_window_batches': 20, 'threshold_percentile': 70.0, 'threshold_update_every': 50, 'threshold_init': 0.0, 'log_every': 20, 'save_every': 250, 'out': 'checkpoints/rl_baseline_v2', 'seed': 42}
reward model scheme=A_primary threshold=8.0 lambda_unc=1.0 invalid_reward=-1.0

  step      loss   reward    tau   p_act    unc      kl  valid%  uniq% scaf/uniq  >tau% AD%(top)    sec
     1   -7.2278   -0.217  0.000   0.085  0.263   1.761    96.1  100.0     0.976    0.0     83.3   0.92
    20   -1.8816   -0.199  0.000   0.091  0.275   1.819    98.4  100.0     0.992    0.0     83.3   0.60
    40   -1.3791   -0.214  0.000   0.081  0.256   1.750    96.1  100.0     0.943    0.0     83.3   0.61
    60   -0.2961   -0.212  0.000   0.084  0.265   1.396    96.9  100.0     0.968    0.0     66.7   0.57
    80   -1.7033   -0.233  0.000   0.085  0.255   2.134    93.8  100.0     0.975    0.0     91.7   0.58
   100   -0.4499   -0.208  0.000   0.081  0.258   1.429    96.9  100.0     0.944    0.0     75.0   0.61
   120    0.0495   -0.186  0.000   0.089  0.267   1.437    99.2  100.0     0.937    0.0     83.3   0.55
   140   -0.8491   -0.203  0.000   0.081  0.253   1.989    96.9  100.0     0.911    0.0     58.3   0.60
   160   -0.5278   -0.206  0.000   0.082  0.257   1.669    96.9  100.0     0.935    0.0     91.7   0.54
   180    0.0373   -0.192  0.000   0.079  0.256   1.360    98.4  100.0     0.944    0.0     91.7   0.59
   200   -0.9448   -0.206  0.000   0.073  0.240   1.645    96.1  100.0     0.927    0.0     91.7   0.58
   220   -0.0564   -0.189  0.000   0.074  0.247   1.530    98.4  100.0     0.881    0.0    100.0   0.60
   240    0.0671   -0.177  0.000   0.085  0.254   1.758    99.2  100.0     0.890    0.8    100.0   0.57
      saved checkpoint @ step 250 | examples: ['O=C(CCc1cccc2ccccc12)Nc1ccc(Cl)cc1C(=O)c1ccccc1', 'NS(=O)(=O)N1CCC(Oc2cccnc2)CC1', 'CS(=O)(=O)c1cccc(Nc2nc(-c3ccncc3)nc3ccccc23)c1', 'Clc1ccc(Cl)c(-c2nc(-c3ccccc3)c(-c3ccccc3)[nH]2)c1', 'O=C(/C=C/c1ccc([N+](=O)[O-])cc1)Nc1ccc(Br)cc1']
   260    0.0072   -0.177  0.000   0.077  0.254   1.919   100.0  100.0     0.906    0.0     83.3   0.55
   280   -0.1276   -0.183  0.000   0.077  0.253   1.853    99.2  100.0     0.913    0.0     91.7   0.59
   300   -0.1920   -0.186  0.000   0.071  0.241   1.729    98.4  100.0     0.944    0.0     83.3   0.56
   320    0.0024   -0.176  0.000   0.072  0.241   1.682    99.2  100.0     0.882    0.0     91.7   0.56
   340   -0.3072   -0.191  0.000   0.074  0.241   1.560    97.7  100.0     0.912    0.8     91.7   0.53
   360   -0.3028   -0.186  0.000   0.073  0.243   1.694    98.4  100.0     0.897    0.0     91.7   0.52
   380   -0.7076   -0.194  0.000   0.071  0.242   1.661    97.7  100.0     0.888    0.0     75.0   0.62
   400    0.1937   -0.167  0.000   0.071  0.238   1.740   100.0  100.0     0.898    0.0     91.7   0.53
   420   -0.0158   -0.177  0.000   0.069  0.239   1.748    99.2  100.0     0.835    0.0    100.0   0.56
   440   -0.3989   -0.193  0.000   0.078  0.247   1.805    97.7  100.0     0.896    0.0     91.7   0.55
   460    0.1727   -0.171  0.000   0.070  0.241   1.722   100.0  100.0     0.883    0.0    100.0   0.57
   480   -0.3146   -0.189  0.000   0.065  0.230   1.956    97.7  100.0     0.912    0.0     91.7   0.57
   500   -0.0095   -0.173  0.000   0.067  0.232   1.807    99.2  100.0     0.858    0.0    100.0   0.54
      saved checkpoint @ step 500 | examples: ['Cc1cc(C)cc(Nc2ccccc2NC(=O)c2ccccc2)c1', 'CCCC(=O)NC1CCCc2c(OC)cccc21', 'O=C(CCN1C(=O)/C(=C/c2ccccc2C(F)(F)Cl)SC1=S)Nc1cccnc1', 'O=c1[nH]c2ccccc2[nH]1', 'CN1CCN(CCCn2c(SCc3cccc(Br)c3)nc3cccnc32)CC1']
   520    0.1394   -0.174  0.000   0.068  0.242   1.657   100.0  100.0     0.891    0.0    100.0   0.59
   540    0.1648   -0.165  0.000   0.060  0.225   1.884   100.0  100.0     0.852    0.0    100.0   0.54
   560   -0.0052   -0.175  0.000   0.069  0.237   1.676    99.2  100.0     0.827    0.0     91.7   0.56
   580   -0.5505   -0.192  0.000   0.060  0.221   1.972    96.9   99.2     0.821    0.0     83.3   0.55
   600   -0.7453   -0.190  0.000   0.065  0.232   2.151    97.7  100.0     0.848    0.0    100.0   0.53
   620   -0.0484   -0.173  0.000   0.064  0.229   2.113    99.2  100.0     0.874    0.0    100.0   0.52
   640    0.2270   -0.171  0.000   0.072  0.243   1.540   100.0  100.0     0.891    0.0    100.0   0.54
   660    0.2673   -0.165  0.000   0.063  0.229   1.608   100.0  100.0     0.844    0.0     75.0   0.55
   680   -0.4250   -0.183  0.000   0.073  0.240   1.999    98.4  100.0     0.825    0.0    100.0   0.54
   700   -0.3686   -0.189  0.000   0.067  0.233   1.599    97.7  100.0     0.928    0.0     83.3   0.55
   720   -0.0987   -0.180  0.000   0.070  0.234   1.939    98.4  100.0     0.841    0.0    100.0   0.50
   740    0.2471   -0.163  0.000   0.063  0.226   1.789   100.0  100.0     0.867    0.0     83.3   0.54
      saved checkpoint @ step 750 | examples: ['O=C(O)c1ccc(CCc2ccccc2)cc1', 'Cc1ccc(-c2cc(O)nc(Oc3ccccc3)n2)cc1', 'O=C(O)Cn1ncc2ccc(O)cc21', 'O=C(O)COc1cccc(CC2CCNCC2)c1', 'O=C(CNC(=O)c1cccnc1)NCc1ccccc1C(=O)O']
   760   -0.2297   -0.172  0.000   0.062  0.227   2.244    99.2  100.0     0.858    0.0     83.3   0.54
   780    0.1632   -0.172  0.000   0.074  0.245   1.623   100.0  100.0     0.883    0.0    100.0   0.51
   800   -0.0250   -0.171  0.000   0.061  0.225   1.953    99.2  100.0     0.819    0.0     83.3   0.54
   820   -0.3069   -0.177  0.000   0.062  0.223   2.138    98.4  100.0     0.833    0.0    100.0   0.58
   840   -0.1467   -0.173  0.000   0.064  0.230   1.734    99.2  100.0     0.890    0.0    100.0   0.57
   860    0.1199   -0.167  0.000   0.064  0.231   1.866   100.0  100.0     0.844    0.0    100.0   0.57
   880   -0.0243   -0.169  0.000   0.057  0.218   1.949    99.2  100.0     0.819    0.0     75.0   0.55
   900    0.0268   -0.166  0.000   0.064  0.230   2.019   100.0  100.0     0.852    0.0    100.0   0.57
   920   -0.1320   -0.170  0.000   0.060  0.222   2.143    99.2  100.0     0.803    0.0     91.7   0.57
   940    0.0526   -0.168  0.000   0.070  0.238   1.839   100.0  100.0     0.828    0.0    100.0   0.54
   960    0.0673   -0.156  0.000   0.067  0.223   2.296   100.0  100.0     0.836    0.8     91.7   0.52
   980    0.1187   -0.170  0.000   0.067  0.238   1.515   100.0  100.0     0.844    0.0     91.7   0.55
  1000   -0.0762   -0.167  0.000   0.067  0.234   2.178   100.0  100.0     0.766    0.0    100.0   0.57
      saved checkpoint @ step 1000 | examples: ['O=C(NC1CCOCC1)c1ccc(S(=O)(=O)N2CCCCC2)cc1', 'O=C(Nc1ccc(Cl)cc1)N[C@@H](Cc1ccccc1)C(=O)O', 'CC(C)c1ccc(CC(=O)NCC(=O)O)cc1', 'O=C(NCCCO)OCc1ccccc1F', 'COC(=O)NC(Cc1cccc(Br)c1)C(=O)Nc1ccccc1']
  1020   -0.1991   -0.172  0.000   0.055  0.211   2.129    98.4  100.0     0.722    0.0    100.0   0.52
  1040   -0.0773   -0.162  0.000   0.062  0.224   2.404   100.0  100.0     0.805    0.0    100.0   0.53
  1060    0.1432   -0.158  0.000   0.056  0.214   2.110   100.0  100.0     0.789    0.0    100.0   0.51
  1080   -0.0768   -0.169  0.000   0.067  0.228   2.076    99.2  100.0     0.803    0.0     83.3   0.54
  1100    0.0279   -0.166  0.000   0.064  0.230   2.033   100.0  100.0     0.820    0.0    100.0   0.58
  1120   -0.3995   -0.176  0.000   0.061  0.221   2.228    98.4  100.0     0.762    0.0    100.0   0.55
  1140    0.1075   -0.162  0.000   0.063  0.225   1.828   100.0  100.0     0.742    0.0    100.0   0.54
  1160   -0.1433   -0.161  0.000   0.048  0.193   2.343    98.4  100.0     0.810    0.0    100.0   0.54
  1180    0.0543   -0.154  0.000   0.058  0.212   2.388   100.0  100.0     0.797    0.0    100.0   0.55
  1200   -0.0353   -0.164  0.000   0.053  0.209   2.199    99.2  100.0     0.756    0.0    100.0   0.53
  1220   -0.1114   -0.158  0.000   0.054  0.204   2.428    99.2  100.0     0.772    0.0    100.0   0.53
  1240   -0.0547   -0.161  0.000   0.051  0.204   2.288    99.2  100.0     0.756    0.0     91.7   0.51
      saved checkpoint @ step 1250 | examples: ['CCS(=O)(=O)Nc1ccc(-c2ccc(NC(=O)Nc3ccc(Cl)cc3)cc2)cc1', 'Nc1nccc(Oc2ccc(NC(=O)Nc3ccccc3)cc2)c1Cl', 'CC(=O)OC(C)Cn1cc(CCNC(=O)C2CC2)nn1', 'CC(C)(C)c1ccc(C(=O)NCCC(=O)O)cc1', 'O=C(O)c1cn(Cc2ccccc2)c2ccccc2c1=O']
  1260    0.0482   -0.154  0.000   0.051  0.205   2.436   100.0  100.0     0.773    0.0    100.0   0.53
  1280    0.1429   -0.154  0.000   0.053  0.206   2.204   100.0  100.0     0.781    0.0     91.7   0.54
  1300   -0.1720   -0.159  0.000   0.054  0.205   2.458    99.2   99.2     0.746    0.0    100.0   0.53
  1320    0.0975   -0.152  0.000   0.056  0.208   2.335   100.0   99.2     0.756    0.0     91.7   0.54
  1340    0.0933   -0.146  0.000   0.047  0.192   2.609   100.0   99.2     0.756    0.0    100.0   0.53
  1360   -0.1186   -0.153  0.000   0.048  0.193   2.553    99.2   99.2     0.738    0.0     83.3   0.57
  1380   -0.0342   -0.161  0.000   0.061  0.222   2.248   100.0  100.0     0.781    0.0     91.7   0.57
  1400    0.0800   -0.149  0.000   0.053  0.202   2.466   100.0  100.0     0.758    0.0     83.3   0.53
  1420    0.0360   -0.145  0.000   0.056  0.193   2.649    99.2  100.0     0.677    1.6     91.7   0.51
  1440    0.0838   -0.148  0.000   0.049  0.197   2.405   100.0  100.0     0.719    0.0    100.0   0.52
  1460    0.0592   -0.156  0.000   0.055  0.212   2.338   100.0  100.0     0.750    0.0    100.0   0.53
  1480    0.0608   -0.151  0.000   0.052  0.202   2.389   100.0  100.0     0.781    0.0     91.7   0.57
  1500    0.1739   -0.148  0.000   0.060  0.208   2.319   100.0  100.0     0.742    0.8    100.0   0.53
      saved checkpoint @ step 1500 | examples: ['O=C(Nc1ccc(Cl)c(Cl)c1)C1CCCN(c2ncnc3onc(-c4ccc(F)cc4)c23)C1', 'N#Cc1ccccc1N(CCO)CCNC(=O)c1cnccn1', 'CC(=O)Nc1ccccc1Nc1ccccc1', 'O=C1CCC[C@@H](c2ccccn2)N1', 'c1ccc(CCCNC2CCOc3ccccc32)nc1']
  1520    0.0722   -0.159  0.000   0.054  0.213   2.001   100.0  100.0     0.727    0.0    100.0   0.57
  1540   -0.0801   -0.158  0.000   0.057  0.215   2.356   100.0  100.0     0.711    0.0    100.0   0.53
  1560   -0.1132   -0.163  0.000   0.052  0.207   2.160    99.2  100.0     0.803    0.0    100.0   0.55
  1580   -0.0862   -0.153  0.000   0.052  0.197   2.813    99.2  100.0     0.701    0.0     91.7   0.55
  1600   -0.0005   -0.151  0.000   0.049  0.200   2.574   100.0  100.0     0.719    0.0     83.3   0.52
  1620   -0.4194   -0.164  0.000   0.049  0.198   2.823    98.4  100.0     0.690    0.0     83.3   0.53
  1640   -0.1134   -0.141  0.000   0.051  0.184   2.848    99.2  100.0     0.709    0.8    100.0   0.57
  1660   -0.6042   -0.165  0.000   0.046  0.188   2.681    97.7  100.0     0.736    0.0    100.0   0.53
  1680   -0.1775   -0.150  0.000   0.045  0.187   2.644    99.2   99.2     0.698    0.0    100.0   0.54
  1700   -0.1697   -0.143  0.000   0.056  0.191   2.713    99.2   99.2     0.690    0.8    100.0   0.56
  1720   -0.0137   -0.148  0.000   0.049  0.197   2.708   100.0  100.0     0.688    0.0     91.7   0.52
  1740    0.0089   -0.145  0.000   0.046  0.191   2.770   100.0  100.0     0.695    0.0     91.7   0.52
      saved checkpoint @ step 1750 | examples: ['O=C(O)C(=O)C(c1ccccc1)C(Cc1cccc(O)c1)C(=O)O', 'O=C(NC1CCCCCC1)[C@H]1CCC(=O)N1Cc1ccccc1', 'O=C(CCC(=O)N1CCCC1c1ccccc1O)Nc1cccc(Cl)c1', 'Nc1ccccc1NC(=O)c1ccc(NCc2ccccc2F)cc1', 'O=C(O)/C=C/c1ccc(C(=O)O)cc1']
  1760    0.0993   -0.137  0.000   0.055  0.192   2.638   100.0   99.2     0.701    0.8    100.0   0.50
  1780   -0.4135   -0.160  0.000   0.055  0.207   2.754    99.2   98.4     0.704    0.0    100.0   0.51
  1800   -0.0878   -0.150  0.000   0.059  0.201   2.453    99.2  100.0     0.764    1.6    100.0   0.52
  1820    0.1058   -0.135  0.000   0.051  0.186   2.844   100.0   99.2     0.764    0.8    100.0   0.56
  1840   -0.0475   -0.143  0.000   0.055  0.198   2.664   100.0  100.0     0.711    0.8     91.7   0.50
  1860   -0.0443   -0.145  0.000   0.066  0.211   2.533   100.0  100.0     0.727    1.6     91.7   0.56
  1880    0.1069   -0.111  0.000   0.062  0.173   3.192   100.0   98.4     0.611    2.3    100.0   0.52
  1900   -0.1503   -0.084  0.000   0.125  0.201   3.896    99.2   99.2     0.714    8.6     91.7   0.53
  1920   -0.0824    0.061  0.000   0.307  0.230   6.324    98.4   96.8     0.705   30.5    100.0   0.56
  1940    0.0596    0.604  0.000   0.799  0.196  13.222   100.0   61.7     0.570   84.4    100.0   0.59
  1960   -1.5409    0.863  0.933   0.967  0.104  14.289   100.0   19.5     0.440   11.7    100.0   0.53
  1980   -0.4246    0.892  0.933   0.983  0.091  13.142   100.0   16.4     0.524   39.1    100.0   0.49
  2000   -0.6289    0.898  0.953   0.976  0.079  12.539   100.0   13.3     0.706    0.0    100.0   0.51
      saved checkpoint @ step 2000 | examples: ['Cc1ccncc1-c1ccc2cc(NC(=O)C3CC3)ncc2c1', 'Cc1ccncc1-c1ccc2cc(NC(=O)C3CC3)ncc2c1', 'Cc1ccncc1-c1ccc2cc(NC(=O)C3CC3)ncc2c1', 'Cc1ccncc1-c1ccc2cc(NC(=O)C3CC3)ncc2c1', 'Cc1ccncc1-c1ccc2cc(NC(=O)C3CC3)ncc2c1']
  2020   -0.1878    0.932  0.953   0.992  0.060  12.559   100.0    6.2     0.625    0.0    100.0   0.50
  2040   -0.1574    0.938  0.953   0.988  0.051  12.454   100.0    3.9     0.800    0.0    100.0   0.51
  2060   -0.0077    0.950  0.953   0.997  0.047  12.500   100.0    3.1     0.500    0.8    100.0   0.48
  2080   -0.0786    0.942  0.953   0.995  0.053  12.496   100.0    5.5     0.857    0.0    100.0   0.50
  2100    0.0070    0.952  0.953   0.998  0.045  12.479   100.0    3.9     0.600    0.8    100.0   0.49
  2120   -0.0338    0.950  0.953   0.997  0.047  12.505   100.0    3.9     0.600    1.6    100.0   0.49
  2140    0.0002    0.953  0.953   0.998  0.045  12.568   100.0    1.6     1.000    0.0    100.0   0.46
  2160   -0.0033    0.952  0.953   0.998  0.046  12.533   100.0    3.1     0.750    0.0    100.0   0.50
  2180   -0.0359    0.947  0.953   0.997  0.050  12.475   100.0    5.5     0.429    0.0    100.0   0.50
  2200   -0.0579    0.944  0.953   0.996  0.052  12.398   100.0    5.5     0.571    0.0    100.0   0.51
  2220   -0.0309    0.949  0.953   0.997  0.048  12.561   100.0    3.1     0.750    0.0    100.0   0.47
  2240   -0.0307    0.945  0.953   0.996  0.051  12.491   100.0    4.7     0.500    0.8    100.0   0.49
      saved checkpoint @ step 2250 | examples: ['Cc1ccncc1-c1ccc2cc(NC(=O)C3CC3)ncc2c1', 'Cc1ccncc1-c1ccc2cc(NC(=O)C3CC3)ncc2c1', 'Cc1ccncc1-c1ccc2cc(NC(=O)C3CC3)ncc2c1', 'Cc1ccncc1-c1ccc2cc(NC(=O)C3CC3)ncc2c1', 'Cc1ccncc1-c1ccc2cc(NC(=O)C3CC3)ncc2c1']
  2260   -0.0116    0.951  0.953   0.997  0.046  12.568   100.0    3.9     0.400    0.8    100.0   0.48
  2280   -0.2380    0.947  0.953   0.980  0.033  12.671   100.0    7.8     0.500   41.4    100.0   0.48
  2300   -0.1243    0.968  1.000   0.992  0.024  12.894   100.0   10.9     0.286    0.0    100.0   0.49
  2320   -0.1047    0.979  1.000   0.997  0.017  12.898   100.0    7.8     0.400    0.0    100.0   0.51
  2340    0.0117    0.987  1.000   0.999  0.012  12.794   100.0    5.5     0.143    0.0    100.0   0.49
  2360    0.0118    0.986  1.000   0.999  0.013  12.907   100.0    3.9     0.200    0.0    100.0   0.49
  2380   -0.0023    0.990  1.000   0.999  0.009  13.151   100.0    7.8     0.200    0.0    100.0   0.49
  2400   -0.0019    0.982  1.000   0.999  0.016  12.769   100.0    7.0     0.222    0.0    100.0   0.50
  2420   -0.0550    0.985  1.000   0.998  0.012  13.190   100.0    7.8     0.400    0.0    100.0   0.51
  2440    0.0151    0.989  1.000   1.000  0.010  12.859   100.0    5.5     0.143    0.0    100.0   0.50
  2460    0.0001    0.988  1.000   0.999  0.011  12.868   100.0    6.2     0.125    0.0    100.0   0.49
  2480   -0.0261    0.989  1.000   0.999  0.010  12.896   100.0    6.2     0.250    0.0    100.0   0.49
  2500    0.0130    0.992  1.000   1.000  0.007  12.979   100.0    4.7     0.167    0.0    100.0   0.50
      saved checkpoint @ step 2500 | examples: ['Cc1ccncc1-c1ccc2cc(NC(=O)[C@@H]3C[C@@H]3F)ncc2c1', 'Cc1ccncc1-c1ccc2cc(NC(=O)C3C[C@H]3F)ncc2c1', 'Cc1ccncc1-c1ccc2cc(NC(=O)C3C[C@@H]3F)ncc2c1', 'Cc1ccncc1-c1ccc2cc(NC(=O)[C@@H]3C[C@@H]3F)ncc2c1', 'Cc1ccncc1-c1ccc2cc(NC(=O)C3CC3)ncc2c1']
  2520   -0.2145    0.978  1.000   0.991  0.013  12.926   100.0    7.0     0.333    0.0    100.0   0.49
  2540   -0.0537    0.981  1.000   0.996  0.015  12.744   100.0    7.0     0.222    0.0    100.0   0.49
  2560   -0.1029    0.987  1.000   0.995  0.008  13.086   100.0    7.0     0.222    0.0    100.0   0.51
