loading policy + frozen prior...
config: {'steps': 5000, 'batch': 128, 'lr': 0.0001, 'max_len': 100, 'temp': 1.0, 'beta_kl': 0.02, 'target_kl': 3.0, 'beta_kl_min': 0.001, 'beta_kl_max': 20.0, 'kl_adapt_factor': 1.5, 'ppo_epochs': 4, 'clip_eps': 0.2, 'lambda_unc': 1.0, 'baseline_momentum': 0.95, 'threshold_window_batches': 20, 'threshold_percentile': 70.0, 'threshold_update_every': 50, 'threshold_init': 0.0, 'log_every': 20, 'save_every': 250, 'out': 'checkpoints/rl_baseline_v3', 'seed': 42}
reward model scheme=A_primary threshold=8.0 lambda_unc=1.0 invalid_reward=-1.0

  step      loss   reward    tau   p_act    unc      kl   beta  valid%  uniq% scaf/uniq  >tau% AD%(top)    sec
     1    0.1453   -0.193  0.000   0.107  0.284   0.000  0.013    98.4  100.0     0.960    1.6     66.7   0.89
    20    0.0757   -0.225  0.000   0.093  0.271   0.228  0.001    95.3  100.0     0.975    0.0     75.0   0.52
    40    0.0402   -0.232  0.000   0.085  0.255   0.282  0.001    93.8  100.0     0.925    0.0     83.3   0.49
    60   -0.0023   -0.189  0.000   0.080  0.254   0.509  0.001    98.4  100.0     0.921    0.0     91.7   0.49
    80   -0.0082   -0.177  0.000   0.065  0.234   1.156  0.001    99.2  100.0     0.898    0.0    100.0   0.48
   100   -0.0109   -0.166  0.000   0.053  0.203   2.621  0.001    98.4  100.0     0.762    0.0    100.0   0.49
   120    0.0150   -0.104  0.000   0.026  0.123   6.314  0.011    99.2   74.8     0.547    0.0    100.0   0.44
   140   -0.1019   -0.181  0.000   0.067  0.232   0.968  0.003    98.4  100.0     0.905    0.0     66.7   0.49
   160   -0.0334   -0.179  0.000   0.057  0.212   1.819  0.001    97.7  100.0     0.792    0.0    100.0   0.48
   180   -0.0310   -0.138  0.000   0.045  0.183   3.534  0.001   100.0   97.7     0.616    0.0     91.7   0.45
   200    0.2113   -0.132  0.000   0.049  0.180   3.234  0.130   100.0   99.2     0.598    0.8     91.7   0.49
   220   -0.0800   -0.156  0.000   0.054  0.210   1.846  0.001   100.0  100.0     0.789    0.0    100.0   0.48
   240   -0.0500   -0.124  0.000   0.036  0.161   3.884  0.001   100.0   95.3     0.631    0.0     91.7   0.44
      saved checkpoint @ step 250 | examples: ['Cc1ccc(NCc2ccccc2)cc1', 'CCCC(O)(c1ccccc1)c1ccccc1', 'CCCCCCCCCCCCCCC', 'CC(C)(C)OC(=O)NCC(=O)O', 'Cc1ccc(OCc2ccccc2)cc1']
   260    0.2127   -0.129  0.000   0.037  0.167   3.284  0.130   100.0   96.1     0.683    0.0     91.7   0.47
   280   -0.0668   -0.170  0.000   0.061  0.223   1.594  0.001    99.2  100.0     0.835    0.0     75.0   0.46
   300   -0.0501   -0.126  0.000   0.036  0.162   3.720  0.001   100.0   96.1     0.610    0.0     91.7   0.44
   320    0.1948   -0.122  0.000   0.033  0.155   3.924  0.086   100.0   96.9     0.637    0.0    100.0   0.46
   340   -0.0877   -0.157  0.000   0.057  0.214   1.622  0.001   100.0  100.0     0.852    0.0     91.7   0.46
   360   -0.0534   -0.127  0.000   0.034  0.161   3.019  0.001   100.0   98.4     0.683    0.0    100.0   0.43
   380    0.4115   -0.106  0.000   0.029  0.135   4.750  0.130   100.0   88.3     0.611    0.0     91.7   0.48
   400   -0.1326   -0.159  0.000   0.054  0.206   1.792  0.001    99.2  100.0     0.843    0.0    100.0   0.46
   420   -0.0641   -0.131  0.000   0.041  0.173   3.399  0.001   100.0   98.4     0.659    0.0    100.0   0.46
   440   -0.0257   -0.124  0.000   0.032  0.156   4.069  0.002   100.0   98.4     0.635    0.0    100.0   0.42
   460    0.0483   -0.150  0.000   0.050  0.200   2.261  0.086   100.0  100.0     0.727    0.0     91.7   0.46
   480   -0.0695   -0.139  0.000   0.042  0.181   2.600  0.001   100.0  100.0     0.664    0.0     91.7   0.49
   500   -0.0415   -0.118  0.000   0.030  0.148   3.864  0.001   100.0   98.4     0.595    0.0    100.0   0.43
      saved checkpoint @ step 500 | examples: ['COc1ccc(CNCCc2ccccc2)cc1', 'COc1ccccc1NC(=O)C(=O)c1ccccn1', 'CC(C)(C)c1ccc(/N=C2\\C(=O)Nc3ccccc32)cc1', 'O=C(O)C(NS(=O)(=O)c1ccc(Cl)cc1)c1ccc(Cl)cc1', 'O=C1C=C(c2ccc(F)cc2)CCC1']
   520    0.3116   -0.120  0.000   0.031  0.151   3.838  0.130   100.0   98.4     0.548    0.0    100.0   0.44
   540   -0.1311   -0.161  0.000   0.060  0.222   1.999  0.003   100.0  100.0     0.773    0.0     91.7   0.46
   560   -0.0600   -0.139  0.000   0.036  0.168   2.883  0.001    99.2   99.2     0.706    0.0     91.7   0.47
   580   -0.0290   -0.114  0.000   0.028  0.142   4.308  0.002   100.0   97.7     0.528    0.0    100.0   0.45
   600    0.0796   -0.168  0.000   0.052  0.204   2.234  0.130    98.4  100.0     0.802    0.0     91.7   0.46
   620   -0.0953   -0.147  0.000   0.046  0.193   2.285  0.001   100.0   99.2     0.764    0.0    100.0   0.45
   640   -0.0412   -0.133  0.000   0.031  0.156   3.343  0.001    99.2  100.0     0.583    0.0     83.3   0.44
   660    0.0763   -0.092  0.000   0.021  0.114   5.375  0.026   100.0   91.4     0.504    0.0    100.0   0.45
   680   -0.1430   -0.158  0.000   0.065  0.224   2.119  0.017   100.0  100.0     0.859    0.8     75.0   0.51
   700   -0.0753   -0.145  0.000   0.040  0.177   2.909  0.001    99.2   99.2     0.635    0.0     75.0   0.44
   720   -0.0427   -0.118  0.000   0.030  0.148   3.830  0.001   100.0   96.9     0.597    0.0     83.3   0.45
   740    0.4253   -0.100  0.000   0.022  0.122   4.746  0.130   100.0   95.3     0.508    0.0    100.0   0.42
      saved checkpoint @ step 750 | examples: ['CCNC(=S)CN1C(=O)CCc2ccccc21', 'CS(=O)(=O)c1ccc(C(=O)N2CCOCC2)cc1', 'CCCCN(CCC)C(=O)C(Cl)Cl', 'CC(OC(=O)CCC(=O)NC1CCCCC1)C(=O)NCCc1ccccc1F', 'O=C(CN1CCCC1=O)NCc1ccccc1']
   760   -0.2001   -0.176  0.000   0.054  0.206   1.969  0.008    97.7  100.0     0.872    0.0     75.0   0.46
   780   -0.0830   -0.141  0.000   0.044  0.185   2.718  0.005   100.0  100.0     0.758    0.0    100.0   0.45
   800   -0.0438   -0.117  0.000   0.033  0.150   3.894  0.005   100.0   98.4     0.603    0.0     91.7   0.44
   820    0.0788   -0.117  0.000   0.029  0.146   4.083  0.038   100.0   95.3     0.590    0.0    100.0   0.44
   840    0.0015   -0.139  0.000   0.041  0.180   2.590  0.038   100.0  100.0     0.750    0.0     83.3   0.44
   860   -0.0004   -0.149  0.000   0.044  0.185   2.464  0.038    99.2   99.2     0.746    0.0     91.7   0.44
   880   -0.0519   -0.139  0.000   0.046  0.185   2.429  0.005   100.0  100.0     0.719    0.0    100.0   0.48
   900   -0.0346   -0.115  0.000   0.030  0.145   3.678  0.005   100.0   98.4     0.595    0.0     83.3   0.44
   920    0.1010   -0.109  0.000   0.023  0.125   4.353  0.038    99.2   96.1     0.459    0.0     91.7   0.43
   940   -0.1069   -0.169  0.000   0.050  0.203   2.156  0.017    98.4  100.0     0.833    0.0     83.3   0.46
   960   -0.0638   -0.141  0.000   0.038  0.171   2.778  0.002    99.2   99.2     0.714    0.0    100.0   0.45
   980   -0.0332   -0.117  0.000   0.026  0.135   4.337  0.002    99.2   97.6     0.556    0.0     91.7   0.45
  1000    0.0611   -0.143  0.000   0.045  0.188   2.539  0.086   100.0  100.0     0.734    0.0     91.7   0.45
      saved checkpoint @ step 1000 | examples: ['NS(=O)(=O)c1ccc(-n2ccnc2)cc1', 'O=S(=O)(Nc1ccc(CCN/C(S)=N/c2ccccc2)cc1)c1ccccc1', 'N#CCC(=O)NCc1ccc(O)cc1', 'CCCc1cc(O)nc(SCC(=O)c2ccc(OC)cc2)n1', 'N#C/N=C(/NCCCCCc1ccccc1)Nc1ccccc1']
  1020   -0.0843   -0.148  0.000   0.047  0.187   2.587  0.005    99.2   99.2     0.675    0.0     91.7   0.48
  1040   -0.0467   -0.113  0.000   0.026  0.140   3.924  0.005   100.0  100.0     0.562    0.0     91.7   0.47
  1060    0.0810   -0.102  0.000   0.024  0.126   4.430  0.038   100.0   94.5     0.562    0.0    100.0   0.44
  1080    0.0081   -0.130  0.000   0.034  0.163   2.853  0.038   100.0  100.0     0.648    0.0     91.7   0.44
  1100   -0.0308   -0.144  0.000   0.046  0.189   2.095  0.026   100.0  100.0     0.773    0.0     91.7   0.47
  1120   -0.0260   -0.141  0.000   0.042  0.184   2.290  0.017   100.0   99.2     0.709    0.0    100.0   0.47
  1140   -0.0132   -0.133  0.000   0.040  0.173   2.705  0.017   100.0   98.4     0.698    0.0     91.7   0.45
  1160   -0.0065   -0.132  0.000   0.039  0.172   2.766  0.017   100.0   99.2     0.654    0.0     91.7   0.45
  1180   -0.0097   -0.116  0.000   0.034  0.150   3.331  0.017   100.0   96.9     0.581    0.0     91.7   0.47
  1200   -0.0084   -0.095  0.000   0.026  0.121   4.337  0.017   100.0   93.0     0.496    0.0    100.0   0.45
  1220    0.0090   -0.119  0.000   0.032  0.150   3.160  0.026   100.0   98.4     0.627    0.0     91.7   0.45
  1240    0.0109   -0.132  0.000   0.038  0.162   3.111  0.026    99.2   97.6     0.629    0.0     91.7   0.46
      saved checkpoint @ step 1250 | examples: ['c1ccc(CNc2nnc(-c3cc4ccccc4[nH]3)o2)cc1', 'O=C(O)c1ccccc1Nc1cccc(S(=O)(=O)NC(Cc2ccccc2)c2ccccc2)c1', 'COc1ccc(/C=C/c2ccc(O)c(C)c2)cc1', 'NNC(=O)Cc1ccc(N)cn1', 'Nc1ccc(NC(=O)[C@@H]2CCCO2)cc1Cl']
  1260   -0.0004   -0.124  0.000   0.040  0.164   3.080  0.026   100.0   98.4     0.603    0.0    100.0   0.47
  1280   -0.0172   -0.155  0.000   0.053  0.199   1.836  0.017    99.2  100.0     0.780    0.0     91.7   0.51
  1300   -0.0128   -0.111  0.000   0.037  0.148   3.578  0.017   100.0   96.1     0.561    0.0    100.0   0.46
  1320   -0.0113   -0.098  0.000   0.031  0.130   3.984  0.017   100.0   96.1     0.504    0.8    100.0   0.47
  1340    0.0058   -0.101  0.000   0.046  0.147   3.735  0.026   100.0   96.9     0.556    2.3    100.0   0.46
  1360   -0.0089   -0.094  0.000   0.080  0.174   3.642  0.026   100.0   91.4     0.632    7.8    100.0   0.46
  1380   -0.0258   -0.061  0.000   0.163  0.224   4.116  0.026   100.0   92.2     0.644   21.1    100.0   0.48
  1400   -0.0292   -0.145  0.000   0.086  0.231   1.770  0.038   100.0  100.0     0.852    3.9    100.0   0.49
  1420    0.2549   -0.031  0.000   0.261  0.293   4.214  0.130   100.0   95.3     0.582   33.6    100.0   0.49
  1440   -0.1291   -0.079  0.000   0.173  0.251   3.276  0.008   100.0   95.3     0.730   19.5    100.0   0.47
  1460   -0.2394   -0.173  0.000   0.056  0.213   1.784  0.026    98.4  100.0     0.817    0.0    100.0   0.48
  1480   -0.1520   -0.102  0.000   0.099  0.201   3.395  0.002   100.0   96.1     0.756    9.4    100.0   0.46
  1500    0.5751   -0.079  0.000   0.169  0.248   3.518  0.292   100.0   93.8     0.792   19.5    100.0   0.46
      saved checkpoint @ step 1500 | examples: ['O=C(O)CCc1ccc(CNc2cccc(C(F)(F)F)c2)cc1', 'OB(O)c1cccc2ccccc12', 'O=C(O)c1ccccc1Sc1ccc2c(/C=C/c3ccccn3)n[nH]c2c1', 'c1ccc(NCCCNCc2ccco2)cc1', 'O=C(O)c1cc(-c2ccco2)on1']
  1520   -0.2555   -0.165  0.000   0.058  0.216   1.820  0.011    99.2  100.0     0.835    0.0     83.3   0.46
  1540   -0.1015   -0.145  0.000   0.045  0.189   3.014  0.005   100.0  100.0     0.711    0.0    100.0   0.46
  1560   -0.0357   -0.136  0.000   0.041  0.177   3.551  0.005   100.0  100.0     0.648    0.0    100.0   0.44
  1580    0.1600   -0.119  0.000   0.030  0.141   4.537  0.058    99.2   92.9     0.500    0.0    100.0   0.42
  1600   -0.0071   -0.148  0.000   0.055  0.203   2.053  0.058   100.0   99.2     0.835    0.8     91.7   0.46
  1620   -0.0599   -0.169  0.000   0.056  0.208   1.938  0.003    98.4  100.0     0.794    0.0    100.0   0.47
  1640   -0.0223   -0.151  0.000   0.035  0.163   2.961  0.002    97.7  100.0     0.696    0.0     75.0   0.43
  1660   -0.0519   -0.076  0.000   0.077  0.153   4.442  0.003   100.0   93.0     0.538    6.2    100.0   0.43
  1680    0.1711   -0.183  0.000   0.065  0.217   2.600  0.195    96.9  100.0     0.798    0.8    100.0   0.46
  1700   -0.1971   -0.153  0.000   0.050  0.202   1.978  0.001   100.0  100.0     0.828    0.0    100.0   0.47
  1720   -0.0698   -0.142  0.000   0.044  0.187   2.715  0.001   100.0  100.0     0.719    0.0     91.7   0.45
  1740   -0.0439   -0.110  0.000   0.047  0.157   4.098  0.001   100.0   96.1     0.610    2.3     91.7   0.44
      saved checkpoint @ step 1750 | examples: ['c1ccc(-c2ccc(CN3CCCCCC3)cc2)cc1', 'O=C(O)c1ccccc1', 'CC(=O)Oc1ccccc1C(N)=O', 'O=C(O)c1ccccc1', 'O=C(Nc1ccccc1)Nc1ccc(Cl)cc1']
  1760    0.1363   -0.133  0.000   0.051  0.185   2.782  0.130   100.0  100.0     0.695    0.8     83.3   0.45
  1780   -0.1475   -0.153  0.000   0.063  0.216   1.891  0.005   100.0  100.0     0.867    0.8     75.0   0.46
  1800   -0.0453   -0.159  0.000   0.047  0.183   3.076  0.001    97.7  100.0     0.816    0.8     91.7   0.47
  1820   -0.1472    0.012  0.000   0.212  0.192   5.760  0.003    99.2   76.4     0.660   22.7    100.0   0.44
  1840   54.1697   -0.221  0.000   0.059  0.210   7.137 11.223    93.0  100.0     0.866    0.0     83.3   0.48
  1860  -37.9507   -0.179  0.000   0.056  0.211   3.153 13.333    97.7  100.0     0.912    0.0     83.3   0.44
  1880  -17.2070   -0.155  0.000   0.053  0.208   2.848 13.333   100.0  100.0     0.828    0.0    100.0   0.45
  1900  -14.0624   -0.169  0.000   0.064  0.233   2.105 13.333   100.0  100.0     0.883    0.0     83.3   0.45
  1920  -11.0357   -0.167  0.000   0.068  0.235   2.085  8.889   100.0  100.0     0.898    0.0     91.7   0.45
  1940   -7.2887   -0.172  0.000   0.055  0.212   2.755  3.951    98.4  100.0     0.817    0.0     91.7   0.44
  1960   -5.1558   -0.167  0.000   0.066  0.233   2.076  3.951   100.0  100.0     0.844    0.0     91.7   0.45
  1980   -4.9081   -0.171  0.000   0.064  0.228   2.071  1.756    99.2  100.0     0.890    0.0    100.0   0.46
  2000   -4.2762   -0.166  0.000   0.070  0.236   1.964  0.780   100.0  100.0     0.844    0.0     91.7   0.46
      saved checkpoint @ step 2000 | examples: ['CCCN1CCN(C(=O)c2ccc3ccccc3c2)CC1', 'COc1cccc(CN2CCCN(C(=O)c3ccccc3)CC2)c1', 'O=C(CCCCCCC(=O)Nc1ccncc1)NO', 'CCOC(=O)C(N)CC(=O)O', 'CCOc1ccccc1CN1CCN(C(=O)Cc2ccsc2)CC1']
  2020   -1.4883   -0.163  0.000   0.063  0.226   2.344  0.780   100.0  100.0     0.781    0.0     83.3   0.45
  2040   -0.9206   -0.175  0.000   0.064  0.230   2.369  0.520    99.2  100.0     0.890    0.0     83.3   0.45
  2060   -0.6706   -0.167  0.000   0.063  0.230   2.353  0.231   100.0  100.0     0.859    0.0     91.7   0.44
  2080   -0.4106   -0.179  0.000   0.069  0.232   2.185  0.154    98.4  100.0     0.849    0.0     83.3   0.45
  2100   -0.2886   -0.176  0.000   0.071  0.239   2.320  0.014    99.2  100.0     0.882    0.0     83.3   0.47
  2120   -0.1136   -0.173  0.000   0.065  0.230   2.064  0.003    99.2  100.0     0.882    0.0     75.0   0.44
  2140   -0.0528   -0.158  0.000   0.065  0.223   2.222  0.001   100.0  100.0     0.852    0.8     91.7   0.45
  2160   -0.0201   -0.163  0.000   0.064  0.227   2.336  0.001   100.0  100.0     0.859    0.0     83.3   0.46
  2180   -0.0048   -0.168  0.000   0.062  0.222   2.297  0.001    99.2  100.0     0.780    0.0     83.3   0.46
  2200   -0.0046   -0.162  0.000   0.058  0.220   2.286  0.001   100.0  100.0     0.828    0.0    100.0   0.45
  2220   -0.0013   -0.161  0.000   0.059  0.220   2.526  0.001   100.0  100.0     0.828    0.0    100.0   0.46
  2240    0.0027   -0.163  0.000   0.050  0.205   2.693  0.001    99.2  100.0     0.748    0.0    100.0   0.44
      saved checkpoint @ step 2250 | examples: ['NCc1cccc(-c2ccc3ccccc3c2)c1', 'O=C(CNC1CCCCC1)NCc1ccccc1', 'CC(C)(C)c1ccc(CO)cc1', 'CCCCc1ccc2c(c1)COB2O', 'CN(C)c1cccc2c(S(=O)(=O)NC3CCCCC3)cccc12']
  2260   -0.0048   -0.153  0.000   0.050  0.203   2.456  0.001   100.0  100.0     0.797    0.0     91.7   0.44
  2280   -0.0053   -0.150  0.000   0.049  0.199   2.851  0.001   100.0  100.0     0.734    0.0     91.7   0.44
  2300   -0.0034   -0.148  0.000   0.047  0.195   2.953  0.001   100.0  100.0     0.773    0.0     91.7   0.44
  2320   -0.0051   -0.143  0.000   0.043  0.185   3.111  0.001   100.0  100.0     0.727    0.0     91.7   0.44
  2340   -0.0097   -0.135  0.000   0.043  0.178   3.651  0.001   100.0   98.4     0.706    0.0     91.7   0.43
  2360   -0.0085   -0.132  0.000   0.040  0.172   3.417  0.001   100.0   98.4     0.635    0.0    100.0   0.43
  2380   -0.0115   -0.123  0.000   0.032  0.155   3.978  0.001   100.0   96.9     0.629    0.0    100.0   0.43
  2400   -0.0054   -0.117  0.000   0.032  0.149   4.463  0.003   100.0   96.9     0.637    0.0     91.7   0.43
  2420    0.1457   -0.119  0.000   0.031  0.150   4.364  0.058   100.0   95.3     0.574    0.0    100.0   0.43
  2440    0.0227   -0.138  0.000   0.040  0.178   3.148  0.058   100.0   98.4     0.603    0.0    100.0   0.44
  2460    0.0007   -0.148  0.000   0.045  0.194   2.740  0.058   100.0  100.0     0.750    0.0     91.7   0.46
  2480   -0.0182   -0.159  0.000   0.059  0.218   2.102  0.058   100.0  100.0     0.758    0.0     75.0   0.45
  2500   -0.0088   -0.154  0.000   0.052  0.206   2.303  0.058   100.0  100.0     0.773    0.0     91.7   0.44
      saved checkpoint @ step 2500 | examples: ['COc1ccccc1NC(=O)N1CCCC1', 'CN(C)C1CCN(C(=O)c2cc(-c3ccc(Cl)cc3)[nH]n2)CC1', 'CN(Cc1cncn1C)C(=O)CCN', 'Cc1ccc([N+](=O)[O-])cc1', 'CN(C)Cc1ccc(NC(=O)COC(=O)CN)cc1']
  2520   -0.0561   -0.160  0.000   0.055  0.215   2.046  0.011   100.0  100.0     0.766    0.0     91.7   0.46
  2540   -0.0306   -0.158  0.000   0.052  0.202   2.249  0.005    99.2  100.0     0.732    0.0     91.7   0.44
  2560   -0.0225   -0.147  0.000   0.045  0.192   2.305  0.002   100.0  100.0     0.750    0.0     91.7   0.45
  2580   -0.0029   -0.152  0.000   0.049  0.201   2.664  0.002   100.0   99.2     0.756    0.0     91.7   0.44
  2600   -0.0094   -0.135  0.000   0.038  0.172   3.188  0.002   100.0   99.2     0.677    0.0    100.0   0.44
  2620   -0.0079   -0.127  0.000   0.035  0.162   3.418  0.002   100.0   97.7     0.656    0.0    100.0   0.44
  2640   -0.0102   -0.112  0.000   0.028  0.140   4.425  0.003   100.0   94.5     0.496    0.0     91.7   0.43
  2660    0.0923   -0.114  0.000   0.028  0.142   4.346  0.038   100.0   95.3     0.582    0.0    100.0   0.42
  2680    0.0250   -0.136  0.000   0.037  0.165   3.334  0.038    99.2  100.0     0.583    0.0     75.0   0.43
  2700    0.0054   -0.139  0.000   0.041  0.180   2.936  0.038   100.0   98.4     0.659    0.0    100.0   0.45
  2720   -0.0032   -0.144  0.000   0.039  0.175   2.638  0.038    99.2  100.0     0.638    0.0     91.7   0.43
  2740   -0.0058   -0.147  0.000   0.049  0.195   2.402  0.038   100.0   99.2     0.677    0.0     91.7   0.45
      saved checkpoint @ step 2750 | examples: ['O=c1cc(-c2ccccc2)c2ccc(O)cc2o1', 'CC(C)C(=O)Nc1ccc(F)cc1Cl', 'COc1ccc(-c2cccc(-c3ccncc3)c2)cc1', 'Cc1ccc(CNc2nc(N3CCOCC3)nc(N3CCOCC3)n2)o1', 'Cc1ccccc1CSc1nnc(-c2ccc(S(N)(=O)=O)cc2)o1']
  2760   -0.0286   -0.148  0.000   0.044  0.193   2.241  0.026   100.0  100.0     0.758    0.0    100.0   0.48
  2780   -0.0056   -0.151  0.000   0.046  0.189   2.511  0.026    99.2  100.0     0.756    0.0     83.3   0.45
  2800   -0.0204   -0.150  0.000   0.042  0.184   2.214  0.011    99.2   99.2     0.714    0.0    100.0   0.44
  2820   -0.0161   -0.127  0.000   0.033  0.161   3.132  0.011   100.0   99.2     0.630    0.0    100.0   0.43
  2840   -0.0050   -0.131  0.000   0.039  0.170   3.061  0.011   100.0   99.2     0.661    0.0     83.3   0.45
  2860   -0.0067   -0.113  0.000   0.029  0.143   3.842  0.011   100.0   95.3     0.574    0.0     91.7   0.42
  2880   -0.0100   -0.098  0.000   0.025  0.123   4.405  0.011   100.0   91.4     0.521    0.0     91.7   0.45
  2900    0.0416   -0.116  0.000   0.033  0.149   3.573  0.038   100.0   97.7     0.608    0.0     75.0   0.43
  2920    0.0149   -0.133  0.000   0.042  0.175   3.005  0.038   100.0   99.2     0.638    0.0     83.3   0.44
  2940    0.0024   -0.145  0.000   0.047  0.192   2.464  0.038   100.0  100.0     0.711    0.0     91.7   0.48
  2960   -0.0098   -0.152  0.000   0.053  0.205   2.019  0.038   100.0  100.0     0.773    0.0     91.7   0.46
  2980   -0.0451   -0.153  0.000   0.046  0.191   2.264  0.005    99.2  100.0     0.717    0.0     83.3   0.45
  3000   -0.0209   -0.139  0.000   0.044  0.175   2.722  0.005    99.2   98.4     0.736    0.0    100.0   0.45
      saved checkpoint @ step 3000 | examples: ['Cc1noc(C)c1C(=O)N1CCCCCCC1', 'c1ccc(-c2ccccc2-c2cccs2)cc1', 'Cn1cc(C(=O)O)c(=O)c2cc(F)c(N3CCN(C(=O)c4ccccc4C(F)(F)F)CC3)cc21', 'O=C(O)CCCCCCn1cc(-c2ccc(F)cc2)nn1', 'CCN(CC)CC(=O)NCCc1ccccc1']
  3020    0.0277   -0.099  0.000   0.022  0.113   4.837  0.017    99.2   89.0     0.469    0.0    100.0   0.46
  3040    0.0325   -0.143  0.000   0.040  0.175   2.519  0.058    99.2  100.0     0.717    0.0     75.0   0.45
  3060   -0.0583   -0.144  0.000   0.050  0.193   2.245  0.008   100.0  100.0     0.711    0.0    100.0   0.45
  3080   -0.0269   -0.129  0.000   0.037  0.166   2.936  0.008   100.0   97.7     0.680    0.0     83.3   0.48
  3100   -0.0053   -0.104  0.000   0.025  0.121   4.323  0.011    99.2   91.3     0.578    0.0    100.0   0.46
  3120    0.0688   -0.114  0.000   0.032  0.146   3.437  0.058   100.0  100.0     0.578    0.0     91.7   0.46
  3140   -0.0420   -0.149  0.000   0.048  0.196   1.964  0.038   100.0   99.2     0.811    0.0    100.0   0.45
  3160   -0.0493   -0.139  0.000   0.043  0.182   2.675  0.003   100.0   99.2     0.693    0.0     91.7   0.43
  3180   -0.0395   -0.104  0.000   0.025  0.129   4.011  0.003   100.0   96.1     0.512    0.0     83.3   0.44
  3200    0.1218   -0.138  0.000   0.043  0.180   2.501  0.130   100.0  100.0     0.633    0.0     91.7   0.47
  3220   -0.1181   -0.153  0.000   0.056  0.208   1.975  0.003   100.0   98.4     0.794    0.0    100.0   0.45
  3240   -0.0577   -0.133  0.000   0.040  0.173   2.761  0.002   100.0   99.2     0.709    0.0     75.0   0.45
      saved checkpoint @ step 3250 | examples: ['NCCCCNc1c2ccccc2nc2ccccc12', 'Nc1nc(NCc2ccccc2)nc(Nc2ccccc2)n1', 'Oc1ccc(-c2cccc3ncccc23)cc1', 'COc1ccc(-c2ncccc2C(=O)O)cc1', 'NNc1nccc2ccccc12']
  3260    0.0624   -0.086  0.000   0.022  0.108   5.441  0.026   100.0   79.7     0.510    0.0    100.0   0.42
  3280    0.0278   -0.147  0.000   0.047  0.194   2.275  0.086   100.0  100.0     0.766    0.0    100.0   0.46
  3300   -0.0852   -0.147  0.000   0.047  0.194   2.399  0.001   100.0  100.0     0.828    0.0     91.7   0.45
  3320   -0.0494   -0.121  0.000   0.033  0.155   3.074  0.001   100.0   97.7     0.640    0.0     91.7   0.47
  3340   -0.0075   -0.109  0.000   0.020  0.113   4.602  0.005    98.4   92.1     0.491    0.0    100.0   0.42
  3360    0.0500   -0.160  0.000   0.055  0.207   2.090  0.130    99.2  100.0     0.803    0.0     91.7   0.46
  3380   -0.1126   -0.149  0.000   0.051  0.200   2.186  0.005   100.0  100.0     0.766    0.0    100.0   0.45
  3400   -0.0520   -0.131  0.000   0.039  0.170   3.069  0.003   100.0  100.0     0.727    0.0     75.0   0.42
  3420   -0.0226   -0.119  0.000   0.029  0.147   3.617  0.003   100.0   99.2     0.661    0.0     91.7   0.43
  3440    0.1107   -0.124  0.000   0.035  0.159   3.118  0.086   100.0  100.0     0.617    0.0    100.0   0.44
  3460   -0.0683   -0.154  0.000   0.044  0.190   2.064  0.026    99.2   99.2     0.770    0.0     83.3   0.47
  3480   -0.0498   -0.141  0.000   0.042  0.183   2.271  0.005   100.0  100.0     0.727    0.0    100.0   0.56
  3500   -0.0266   -0.120  0.000   0.029  0.141   3.868  0.005    99.2   97.6     0.581    0.0     83.3   0.66
      saved checkpoint @ step 3500 | examples: ['CCCCCCCCCCCCCCCCCCCCCCCCCCC', 'CCCCCCCCC(=O)N[C@@H](Cc1ccc(O)cc1)C(=O)O', 'CCCc1cccc(OC)c1', 'O=C(O)CCc1ccccc1', 'C[C@@H](NC(=O)C1CCCCC1)c1ncc(-c2ccc3c(c2)OCO3)o1']
  3520    0.1521   -0.093  0.000   0.020  0.113   4.480  0.058   100.0   96.9     0.500    0.0     91.7   0.70
  3540    0.0135   -0.155  0.000   0.051  0.199   2.207  0.058    99.2  100.0     0.811    0.0     91.7   0.67
  3560   -0.0413   -0.133  0.000   0.042  0.175   2.543  0.017   100.0  100.0     0.719    0.0     83.3   0.73
  3580   -0.0173   -0.130  0.000   0.041  0.170   2.850  0.017   100.0   98.4     0.651    0.0     83.3   0.65
  3600   -0.0118   -0.120  0.000   0.032  0.152   3.154  0.017   100.0   98.4     0.659    0.0     75.0   0.68
  3620   -0.0035   -0.122  0.000   0.031  0.145   3.305  0.017    99.2  100.0     0.528    0.0     75.0   0.67
  3640   -0.0070   -0.116  0.000   0.038  0.153   3.230  0.017   100.0   98.4     0.635    0.8     83.3   0.77
  3660    0.0194   -0.107  0.000   0.028  0.127   3.964  0.026    99.2   96.1     0.541    0.0     83.3   0.43
  3680    0.0001   -0.115  0.000   0.031  0.146   3.192  0.026   100.0   97.7     0.624    0.0    100.0   0.47
  3700    0.0026   -0.123  0.000   0.035  0.158   3.063  0.026   100.0   98.4     0.659    0.0     91.7   0.45
  3720    0.0104   -0.145  0.000   0.037  0.166   2.817  0.026    98.4  100.0     0.683    0.0     75.0   0.45
  3740   -0.0033   -0.130  0.000   0.037  0.166   2.768  0.026   100.0  100.0     0.648    0.0    100.0   0.44
      saved checkpoint @ step 3750 | examples: ['O=P(O)(O)C(SCc1ccccc1)P(=O)(O)O', 'COc1ccc(CCc2nnc(SCc3ccc(Cl)cc3)o2)cc1OC', 'CC(=O)Oc1ccccc1OC(C)=O', 'CC1CN(Cc2ccccc2)C(=O)N1c1ccc(F)cc1', 'NCCc1ccc(Br)cc1']
  3760   -0.0040   -0.131  0.000   0.038  0.169   2.621  0.026   100.0   99.2     0.732    0.0     91.7   0.46
  3780   -0.0034   -0.131  0.000   0.039  0.155   2.773  0.026    98.4   99.2     0.688    0.8     83.3   0.45
  3800    0.0071   -0.134  0.000   0.035  0.153   3.101  0.026    98.4   97.6     0.667    0.0     75.0   0.46
  3820   -0.0020   -0.131  0.000   0.038  0.161   2.777  0.026    99.2   96.9     0.667    0.0     83.3   0.47
  3840   -0.0037   -0.126  0.000   0.036  0.162   2.828  0.026   100.0   97.7     0.656    0.0     91.7   0.45
  3860   -0.0023   -0.130  0.000   0.039  0.161   2.770  0.026    99.2   98.4     0.648    0.0     75.0   0.45
  3880    0.0126   -0.146  0.000   0.037  0.167   2.847  0.026    98.4   98.4     0.702    0.0     83.3   0.46
  3900    0.0042   -0.126  0.000   0.037  0.156   3.226  0.026    99.2   98.4     0.648    0.0     91.7   0.45
  3920   -0.0035   -0.119  0.000   0.035  0.154   3.045  0.026   100.0   97.7     0.616    0.0     91.7   0.46
  3940   -0.0091   -0.127  0.000   0.037  0.164   2.611  0.026   100.0   98.4     0.635    0.0    100.0   0.44
  3960   -0.0050   -0.120  0.000   0.035  0.155   2.971  0.026   100.0  100.0     0.609    0.0     91.7   0.46
  3980   -0.0053   -0.112  0.000   0.030  0.142   3.264  0.026   100.0   97.7     0.544    0.0     83.3   0.45
  4000   -0.0072   -0.130  0.000   0.037  0.167   2.559  0.026   100.0  100.0     0.703    0.0     91.7   0.50
      saved checkpoint @ step 4000 | examples: ['Cc1ccc([N+](=O)[O-])cc1NC(=O)N(C)Cc1ccnn1C', 'NNC(=O)c1cccc(I)c1', 'COc1ccc(CNC(=O)Cc2cccs2)cc1', 'NC(=S)N/N=C/c1ccc(-c2cccc(F)c2)o1', 'CN(C)c1cccc(C(=O)NNC(=O)Nc2ccc(Cl)cc2)c1']
  4020    0.0011   -0.125  0.000   0.034  0.160   3.001  0.026   100.0   98.4     0.690    0.0     83.3   0.51
  4040    0.0002   -0.129  0.000   0.043  0.172   2.781  0.026   100.0   98.4     0.651    0.0     75.0   0.46
  4060    0.0028   -0.133  0.000   0.037  0.162   2.771  0.026    99.2   98.4     0.672    0.0     91.7   0.44
  4080   -0.0053   -0.121  0.000   0.036  0.158   2.922  0.026   100.0   98.4     0.619    0.0     91.7   0.46
  4100   -0.0029   -0.128  0.000   0.039  0.167   2.706  0.026   100.0  100.0     0.672    0.0     75.0   0.45
  4120   -0.0048   -0.131  0.000   0.040  0.171   2.435  0.026   100.0   99.2     0.669    0.0     91.7   0.45
  4140    0.0052   -0.139  0.000   0.041  0.164   2.597  0.026    98.4   96.8     0.664    0.0    100.0   0.54
  4160    0.0013   -0.136  0.000   0.045  0.181   2.586  0.026   100.0   99.2     0.685    0.0     91.7   0.51
  4180   -0.0028   -0.130  0.000   0.040  0.170   2.678  0.026   100.0   99.2     0.717    0.0     91.7   0.48
  4200   -0.0047   -0.131  0.000   0.043  0.174   2.543  0.026   100.0   97.7     0.736    0.0     91.7   0.46
  4220   -0.0117   -0.136  0.000   0.042  0.178   2.076  0.026   100.0   99.2     0.732    0.0    100.0   0.49
  4240    0.0018   -0.138  0.000   0.040  0.170   2.555  0.026    99.2   98.4     0.664    0.0    100.0   0.57
      saved checkpoint @ step 4250 | examples: ['NCc1ccc(Cl)cc1', 'C=CCN(CC=C)C(Cc1ccccc1)C(=O)O', 'COc1cc(OC)cc(-c2ccc(OC)c(OC)c2OC)c1', 'NCCCc1ccccc1', 'CCn1nnnc1SCC(=O)N1CCOCC1']
  4260   -0.0257   -0.120  0.000   0.036  0.157   2.869  0.017   100.0   98.4     0.683    0.0    100.0   0.49
  4280   -0.0059   -0.113  0.000   0.032  0.137   3.605  0.017    99.2   94.5     0.592    0.0    100.0   0.46
  4300    0.0213   -0.105  0.000   0.027  0.125   3.917  0.026    99.2   95.3     0.521    0.0     91.7   0.44
  4320   -0.0011   -0.119  0.000   0.035  0.154   2.925  0.026   100.0   98.4     0.690    0.0    100.0   0.48
  4340   -0.0025   -0.115  0.000   0.042  0.156   3.122  0.026   100.0  100.0     0.641    0.8     91.7   0.44
  4360   -0.0076   -0.119  0.000   0.041  0.160   2.781  0.026   100.0   99.2     0.638    0.8    100.0   0.45
  4380   -0.0076   -0.127  0.000   0.038  0.165   2.435  0.026   100.0   99.2     0.709    0.0     91.7   0.45
  4400   -0.0083   -0.118  0.000   0.042  0.160   2.776  0.026   100.0   97.7     0.688    0.8     75.0   0.47
  4420    0.0115   -0.146  0.000   0.047  0.169   2.669  0.026    97.7  100.0     0.776    0.8     91.7   0.48
  4440    0.0515   -0.130  0.000   0.088  0.218   2.326  0.086   100.0  100.0     0.820    3.9     91.7   0.48
  4460   -0.1333   -0.068  0.000   0.140  0.209   3.596  0.008   100.0   94.5     0.694   13.3    100.0   0.51
  4480    0.0332   -0.162  0.000   0.077  0.231   2.215  0.195    99.2  100.0     0.858    1.6    100.0   0.45
  4500   -0.1949   -0.152  0.000   0.049  0.201   2.440  0.005   100.0  100.0     0.766    0.0     91.7   0.45
      saved checkpoint @ step 4500 | examples: ['CSc1nnc(Cn2ncc3ccccc3c2=O)s1', 'O=C1NCc2cc(-c3ccccc3)ccc21', 'C/C(=C/c1ccccc1OC(=O)NC(=O)c1ccccc1)CCC(=O)O', 'COc1ccc(C2=C(c3ccccc3)CN(C)C2)cc1', 'c1ccc(C2NCCc3ccccc32)cc1']
  4520   -0.0911   -0.107  0.000   0.028  0.135   4.499  0.005   100.0   89.8     0.678    0.0    100.0   0.43
  4540    0.0272   -0.142  0.000   0.048  0.189   2.334  0.086   100.0  100.0     0.766    0.0    100.0   0.46
  4560   -0.0991   -0.146  0.000   0.054  0.201   2.024  0.008   100.0  100.0     0.820    0.8     91.7   0.46
  4580   -0.0489   -0.119  0.000   0.048  0.167   3.375  0.008   100.0   99.2     0.724    1.6     91.7   0.45
  4600   -0.0402   -0.089  0.000   0.078  0.159   4.095  0.008    99.2   93.7     0.588    6.2    100.0   0.43
  4620    0.0611   -0.143  0.000   0.078  0.221   2.115  0.130   100.0  100.0     0.867    3.1    100.0   0.46
  4640   -0.1048   -0.135  0.000   0.074  0.209   2.150  0.005   100.0  100.0     0.820    3.1     91.7   0.47
  4660   -0.0426    0.060  0.000   0.314  0.255   7.025  0.026   100.0   79.7     0.588   35.9    100.0   0.45
  4680   -0.0092   -0.159  0.000   0.076  0.228   2.177  0.195    99.2  100.0     0.858    2.3     91.7   0.47
  4700   -0.1753   -0.155  0.000   0.046  0.193   2.263  0.008    99.2   98.4     0.776    0.0    100.0   0.45
  4720   -0.0672   -0.137  0.000   0.048  0.185   3.119  0.008   100.0   99.2     0.701    0.8    100.0   0.44
  4740   -0.0297   -0.123  0.000   0.035  0.158   3.645  0.008   100.0   98.4     0.619    0.8    100.0   0.45
      saved checkpoint @ step 4750 | examples: ['O=C(c1cccnc1)c1ccco1', 'NCCCCNCCCN', 'Cc1ccc(C2=C(c3ccc(Cl)cc3)C(=O)OC2)cc1', 'Nc1ncnc2c1ncn2C1OC(COP(=O)(O)O)C1O', 'O=c1ccn(COCCCO)c(=O)[nH]1']
  4760   -0.0237   -0.103  0.000   0.044  0.147   4.316  0.008   100.0   95.3     0.623    2.3    100.0   0.43
  4780    0.0367   -0.078  0.000   0.068  0.145   4.605  0.026   100.0   96.9     0.556    5.5     91.7   0.43
  4800    0.0349   -0.097  0.000   0.078  0.176   3.238  0.058   100.0   99.2     0.661    5.5    100.0   0.45
  4820   -0.0029   -0.133  0.000   0.082  0.215   2.282  0.058   100.0  100.0     0.766    3.9     91.7   0.47
  4840    0.0090    0.022  0.000   0.247  0.225   4.669  0.058   100.0   86.7     0.811   22.7    100.0   0.50
  4860   -0.2333   -0.161  0.000   0.058  0.219   1.786  0.011   100.0  100.0     0.844    0.0     91.7   0.48
  4880   -0.0874   -0.148  0.000   0.055  0.203   2.334  0.005   100.0  100.0     0.797    0.8     83.3   0.46
  4900   -0.0492   -0.112  0.000   0.064  0.176   3.371  0.005   100.0   97.7     0.728    3.1    100.0   0.46
  4920    0.6529   -0.088  0.000   0.105  0.193   3.699  0.292   100.0   99.2     0.685    7.8    100.0   0.47
  4940   -0.2398   -0.164  0.000   0.077  0.233   1.845  0.058    99.2  100.0     0.819    1.6     91.7   0.46
  4960   -0.1349   -0.148  0.000   0.067  0.215   1.969  0.017   100.0  100.0     0.812    1.6    100.0   0.46
  4980   -0.0557   -0.109  0.000   0.092  0.201   3.011  0.017   100.0   98.4     0.770    6.2     91.7   0.45
  5000    0.0929   -0.103  0.000   0.131  0.234   2.727  0.130   100.0   98.4     0.802    8.6    100.0   0.47
      saved checkpoint @ step 5000 | examples: ['CCCCCCCCCCNc1c(C#N)cnc2c(C)cccc12', 'O=C(COc1ccc(-c2nc3ccccc3s2)cc1)OCc1ccc([N+](=O)[O-])cc1', 'CC(=O)Oc1ccccc1C(=O)NCc1ccc(C)nc1', 'Oc1ccc(Cc2nnc(/C=C/c3ccccn3)o2)cc1', 'COC1CC(NCc2ccccc2)C(C)(C)N1']

RL_BASELINE_DONE in 38.8 min
