loading policy + frozen prior...
config: {'steps': 5000, 'batch': 128, 'lr': 0.0001, 'max_len': 100, 'temp': 1.0, 'beta_kl': 0.02, 'target_kl': 3.0, 'beta_kl_min': 0.001, 'beta_kl_max': 20.0, 'kl_adapt_factor': 1.5, 'ppo_epochs': 4, 'clip_eps': 0.2, 'lambda_unc': 1.0, 'baseline_momentum': 0.95, 'threshold_window_batches': 20, 'threshold_percentile': 70.0, 'threshold_update_every': 50, 'threshold_init': 0.0, 'threshold_decay': 0.1, 'diversity_filter': True, 'df_bucket_size': 25, 'df_mode': 'generic', 'df_record_threshold': 0.5, 'replay': False, 'replay_capacity': 1000, 'replay_max_per_scaffold': 10, 'replay_min_reward': 0.4, 'replay_k': 24, 'replay_coef': 0.05, 'replay_start': 200, 'transfer_learning': True, 'tl_every': 500, 'tl_start': 1000, 'tl_epochs': 2, 'tl_batch': 128, 'tl_max_mols': 500, 'tl_min_mols': 50, 'tl_lr': 1e-05, 'tl_max_kl': 8.0, 'log_every': 10, 'save_every': 200, 'out': 'checkpoints/rl_v5b', 'seed': 42}
reward model scheme=A_primary threshold=8.0 lambda_unc=1.0 invalid_reward=-1.0

  step      loss   reward    tau   p_act    unc      kl   beta  valid%  uniq% scaf/uniq  >tau% AD%(top)  dfmult  sat   buf  bscaf   rnll    sec
     1    0.1453   -0.193  0.000   0.107  0.284   0.000  0.013    98.4  100.0     0.960    1.6     66.7   1.000    0     0      0  0.000   1.73
    10    0.1014   -0.206  0.000   0.099  0.281   0.154  0.001    97.7  100.0     0.952    0.0     83.3   1.000    0     0      0  0.000   1.05
    20    0.0757   -0.225  0.000   0.093  0.271   0.228  0.001    95.3  100.0     0.975    0.0     75.0   1.000    0     0      0  0.000   0.90
    30    0.0261   -0.195  0.000   0.087  0.266   0.450  0.001    98.4  100.0     0.960    0.0     83.3   1.000    0     0      0  0.000   0.87
    40    0.0402   -0.232  0.000   0.085  0.255   0.282  0.001    93.8  100.0     0.925    0.0     83.3   1.000    0     0      0  0.000   0.88
    50   -0.0183   -0.188 -0.018   0.095  0.275   0.284  0.001    99.2  100.0     0.969    0.0     75.0   1.000    0     0      0  0.000   0.84
    60   -0.0037   -0.204 -0.018   0.076  0.249   0.685  0.001    96.9  100.0     0.960    0.0    100.0   1.000    0     0      0  0.000   0.84
    70   -0.0136   -0.183 -0.018   0.066  0.233   0.780  0.001    98.4  100.0     0.913    0.8    100.0   1.000    0     0      0  0.000   0.89
    80   -0.0081   -0.185 -0.018   0.065  0.227   1.504  0.001    97.7   99.2     0.823    0.0     91.7   1.000    0     1      1  0.000   1.13
    90   -0.0151   -0.168 -0.018   0.060  0.220   1.993  0.001    99.2   99.2     0.833    1.6    100.0   1.000    0     1      1  0.000   1.12
   100   -0.0316   -0.156 -0.030   0.044  0.184   3.247  0.001    98.4   98.4     0.677    2.3    100.0   1.000    0     2      2  0.000   0.96
   110   -0.0494   -0.115 -0.030   0.034  0.141   5.435  0.002    99.2   85.8     0.615   17.2    100.0   0.999    0     2      2  0.000   0.89
   120    0.3818   -0.093 -0.030   0.027  0.120   6.593  0.086   100.0   68.8     0.557   32.0    100.0   1.000    0     2      2  0.000   0.93
   130   -0.1168   -0.164 -0.030   0.066  0.230   1.125  0.017   100.0  100.0     0.844    0.0     91.7   1.000    0     2      2  0.000   1.09
   140   -0.0815   -0.174 -0.030   0.070  0.220   1.292  0.001    97.7  100.0     0.808    1.6    100.0   0.999    0     3      3  0.000   1.08
   150   -0.0633   -0.165 -0.042   0.053  0.210   2.109  0.001    99.2  100.0     0.787    0.8     83.3   0.999    0     4      4  0.000   1.12
   160   -0.0513   -0.144 -0.042   0.046  0.190   3.003  0.001   100.0  100.0     0.742    3.1    100.0   0.999    0     4      4  0.000   0.95
   170   -0.0469   -0.123 -0.042   0.032  0.147   4.344  0.001    99.2   92.1     0.496   10.2    100.0   0.999    0     4      4  0.000   0.93
   180    0.1284   -0.091 -0.042   0.022  0.112   5.692  0.038   100.0   79.7     0.500   22.7    100.0   0.999    0     4      4  0.000   0.93
   190   -0.1082   -0.165 -0.042   0.065  0.230   1.221  0.058   100.0  100.0     0.852    1.6     91.7   1.000    0     4      4  0.000   1.04
   200   -0.1355   -0.161 -0.052   0.064  0.225   1.328  0.001   100.0  100.0     0.789    0.0    100.0   0.998    0     4      4  0.000   1.04
      saved checkpoint @ step 200 | examples: ['O=C(O)CC1=C/C(=C\\c2ccccc2)c2ccccc21', 'O=C(O)c1ccccc1Oc1ccccc1', 'N[C@@H](Cc1c[nH]cn1)C(=O)CCS', 'O=c1[nH]c(CSC2CCOCC2)nc2cc(NCc3ccccc3)ccc12', 'N#CCN(CC#N)Cc1ccccc1']
   210   -0.0784   -0.163 -0.052   0.060  0.223   1.572  0.001   100.0  100.0     0.844    0.8    100.0   0.998    0     4      4  0.000   1.17
   220   -0.0518   -0.153 -0.052   0.052  0.205   2.394  0.001   100.0  100.0     0.766    3.1    100.0   0.999    0     5      4  0.000   1.08
   230   -0.0437   -0.136 -0.052   0.038  0.166   3.469  0.001    99.2   95.3     0.620    7.0     91.7   1.000    0     6      4  0.000   0.87
   240   -0.0338   -0.124 -0.052   0.033  0.157   4.498  0.001   100.0   94.5     0.521    9.4     91.7   0.998    0     6      4  0.000   0.83
   250    0.0734   -0.102 -0.056   0.023  0.125   5.374  0.026   100.0   85.9     0.500   18.8    100.0   1.000    0     6      4  0.000   0.82
   260    0.0893   -0.138 -0.056   0.055  0.193   2.721  0.086   100.0  100.0     0.742    5.5    100.0   0.995    0     7      4  0.000   0.82
   270   -0.0883   -0.166 -0.056   0.074  0.225   1.443  0.005    98.4  100.0     0.802    1.6     91.7   0.994    0     9      4  0.000   0.84
   280   -0.0640   -0.155 -0.056   0.063  0.210   2.039  0.001    99.2  100.0     0.795    3.1     91.7   0.994    0    11      5  0.000   0.78
   290   -0.0589   -0.126 -0.056   0.048  0.174   2.833  0.001   100.0   98.4     0.667   10.9    100.0   0.992    0    13      7  0.000   1.05
   300   -0.0549   -0.112 -0.062   0.037  0.141   4.191  0.001    99.2   94.5     0.567   21.1    100.0   0.990    1    14      7  0.000   1.00
   310    0.0323   -0.071 -0.062   0.065  0.136   5.295  0.017   100.0   79.7     0.500   29.7    100.0   0.960    1    17      8  0.000   1.04
   320    0.0922   -0.136 -0.062   0.048  0.184   2.927  0.086   100.0   98.4     0.619   14.1    100.0   1.000    1    19      9  0.000   1.05
   330   -0.1036   -0.157 -0.062   0.062  0.219   1.717  0.008   100.0   99.2     0.819    6.2     91.7   0.999    1    22     11  0.000   1.04
   340   -0.1034   -0.114 -0.062   0.102  0.208   2.758  0.001    99.2   97.6     0.758   10.2    100.0   0.981    1    27     11  0.000   1.27
   350   -0.0645   -0.091 -0.069   0.100  0.190   3.526  0.001   100.0   95.3     0.664   15.6    100.0   0.942    2    30     11  0.000   0.92
   360   -0.0125    0.022 -0.069   0.196  0.174   6.017  0.011   100.0   77.3     0.606   40.6    100.0   0.834    2    32     11  0.000   0.96
   370    0.0803   -0.111 -0.069   0.073  0.183   2.792  0.086   100.0   99.2     0.764   10.2     91.7   0.982    2    38     12  0.000   1.00
   380   -0.0691   -0.181 -0.069   0.064  0.221   1.252  0.008    97.7  100.0     0.880    2.3     91.7   0.998    2    48     17  0.000   0.97
   390   -0.0734   -0.133 -0.069   0.082  0.215   2.376  0.001   100.0  100.0     0.781    7.8    100.0   0.981    2    56     17  0.000   0.92
   400   -0.0564   -0.118 -0.075   0.064  0.182   3.215  0.001   100.0   98.4     0.698   15.6    100.0   0.969    3    69     23  0.000   0.91
      saved checkpoint @ step 400 | examples: ['Nc1ncnc2c1ncn2C[C@@H](O)CP(=O)(O)O', 'O=C(O)CCCCCCc1ccccc1', 'O=P(O)(O)Cc1ccc(Cc2ccccc2)cc1', 'CCC(=O)Nn1ccc2ncccc21', 'CC(C)(C)CCc1cc(I)c(O)c(I)c1']
   410   -0.0431   -0.054 -0.075   0.141  0.195   5.281  0.008   100.0   97.7     0.600   25.0    100.0   0.927    4    81     30  0.000   1.00
   420    0.8024   -0.104 -0.075   0.112  0.193   4.436  0.292    97.7  100.0     0.672   20.3     91.7   0.973    5   118     45  0.000   0.83
   430   -0.2571   -0.181 -0.075   0.069  0.235   1.361  0.038    98.4  100.0     0.897    2.3     91.7   0.991    5   119     45  0.000   1.34
   440   -0.2007   -0.168 -0.075   0.061  0.221   1.573  0.001    99.2  100.0     0.858    6.2     91.7   0.983    5   119     45  0.000   0.68
   450   -0.1343   -0.153 -0.082   0.053  0.206   2.164  0.001   100.0  100.0     0.766    9.4    100.0   0.999    5   119     45  0.000   0.82
   460   -0.0800   -0.149 -0.082   0.045  0.186   2.712  0.001    99.2  100.0     0.709   13.3    100.0   0.991    5   119     45  0.000   1.01
   470   -0.0668   -0.125 -0.082   0.039  0.164   3.749  0.001   100.0   95.3     0.705   24.2    100.0   0.990    5   119     45  0.000   1.09
   480   -0.0321   -0.106 -0.082   0.027  0.133   5.342  0.005   100.0   85.2     0.550   34.4    100.0   0.997    5   119     45  0.000   1.13
   490    0.3082   -0.119 -0.082   0.036  0.155   4.026  0.130   100.0   97.7     0.688   27.3    100.0   0.989    5   119     45  0.000   1.00
   500   -0.1134   -0.172 -0.084   0.061  0.217   1.916  0.026    98.4  100.0     0.841    7.0     91.7   0.975    5   119     45  0.000   1.02
   510   -0.1107   -0.157 -0.084   0.054  0.211   1.947  0.001   100.0   98.4     0.794    6.2     83.3   0.991    5   119     45  0.000   1.19
   520   -0.0677   -0.150 -0.084   0.050  0.200   2.324  0.001   100.0  100.0     0.742    7.0    100.0   0.989    5   119     45  0.000   1.01
   530   -0.0519   -0.134 -0.084   0.041  0.175   3.069  0.001   100.0   98.4     0.571   18.0    100.0   0.990    5   119     45  0.000   1.09
   540   -0.0528   -0.108 -0.084   0.036  0.145   4.221  0.001   100.0   90.6     0.578   30.5    100.0   0.987    5   119     45  0.000   1.03
   550    0.0839   -0.121 -0.081   0.026  0.132   4.858  0.026    98.4   91.3     0.522   28.1    100.0   0.980    5   119     45  0.000   0.89
   560    0.1908   -0.146 -0.081   0.048  0.186   2.497  0.195    99.2  100.0     0.811    9.4    100.0   0.998    5   119     45  0.000   1.03
   570   -0.1959   -0.168 -0.081   0.057  0.217   1.928  0.008    99.2  100.0     0.913    2.3     91.7   0.988    5   119     45  0.000   0.92
   580   -0.1464   -0.141 -0.081   0.044  0.184   2.395  0.001   100.0   99.2     0.732   11.7    100.0   0.982    5   119     45  0.000   0.99
   590   -0.0877   -0.142 -0.081   0.047  0.189   2.428  0.001   100.0  100.0     0.766   11.7     91.7   0.992    5   119     45  0.000   1.01
   600   -0.0662   -0.131 -0.086   0.037  0.168   3.308  0.001   100.0   96.9     0.613   22.7    100.0   1.000    5   119     45  0.000   1.14
      saved checkpoint @ step 600 | examples: ['CN(C)CCCNC(=O)c1cccc(CN)c1', 'Cn1cc(N)c(-c2ccccc2O)n1', 'COc1ccc(C(C)=O)cc1', 'c1ccc(CNc2ncc[nH]2)cc1', 'CCCCCCCCCCCCCCNCC(O)CO']
   610   -0.0331   -0.140 -0.086   0.037  0.169   3.270  0.001    99.2   98.4     0.640   16.4    100.0   0.998    5   119     45  0.000   0.97
   620   -0.0392   -0.105 -0.086   0.025  0.130   4.811  0.002   100.0   92.2     0.585   39.1    100.0   0.996    5   119     45  0.000   1.05
   630    0.1829   -0.103 -0.086   0.028  0.131   4.801  0.058   100.0   90.6     0.526   37.5    100.0   0.990    5   119     45  0.000   0.94
   640    0.0859   -0.154 -0.086   0.051  0.197   2.318  0.130    99.2   98.4     0.760   11.7     91.7   0.990    5   119     45  0.000   0.99
   650   -0.1460   -0.157 -0.090   0.054  0.210   2.000  0.008   100.0  100.0     0.828    6.2    100.0   0.990    5   119     45  0.000   1.00
   660   -0.1001   -0.155 -0.090   0.045  0.191   2.208  0.001    99.2  100.0     0.787    9.4    100.0   0.988    5   119     45  0.000   0.99
   670   -0.0675   -0.142 -0.090   0.043  0.186   2.782  0.001   100.0   99.2     0.780   13.3    100.0   0.988    5   119     45  0.000   0.97
   680   -0.0475   -0.133 -0.090   0.036  0.162   3.477  0.001    99.2   99.2     0.651   23.4     91.7   0.980    5   119     45  0.000   0.96
   690   -0.0189   -0.106 -0.090   0.025  0.123   5.383  0.008    99.2   81.9     0.577   41.4    100.0   0.987    5   119     45  0.000   0.95
   700    0.1500   -0.124 -0.081   0.035  0.160   3.435  0.086   100.0   97.7     0.600   18.0    100.0   1.000    5   119     45  0.000   1.00
   710   -0.0777   -0.149 -0.081   0.051  0.200   1.850  0.026   100.0   99.2     0.811    8.6    100.0   0.988    5   119     45  0.000   0.99
   720   -0.0775   -0.152 -0.081   0.052  0.204   1.970  0.002   100.0  100.0     0.781    3.9     83.3   0.982    5   119     45  0.000   1.01
   730   -0.0556   -0.139 -0.081   0.043  0.182   2.830  0.002   100.0   97.7     0.768   11.7    100.0   0.985    5   119     45  0.000   0.99
   740   -0.0305   -0.144 -0.081   0.042  0.178   3.039  0.002    99.2   99.2     0.683   14.1     91.7   0.996    5   119     45  0.000   0.93
   750   -0.0406   -0.115 -0.084   0.030  0.145   4.078  0.002   100.0   95.3     0.672   26.6    100.0   1.000    5   119     45  0.000   1.08
   760    0.0268   -0.093 -0.084   0.023  0.116   5.250  0.017   100.0   84.4     0.565   43.8    100.0   0.980    5   119     45  0.000   1.00
   770    0.0806   -0.131 -0.084   0.040  0.171   3.194  0.058   100.0   95.3     0.672   21.9    100.0   0.994    5   119     45  0.000   0.94
   780    0.0236   -0.142 -0.084   0.045  0.188   2.446  0.058   100.0   99.2     0.756   16.4    100.0   0.998    5   119     45  0.000   1.05
   790   -0.0701   -0.167 -0.084   0.054  0.205   1.675  0.011    98.4  100.0     0.810    5.5     91.7   0.983    5   119     45  0.000   0.98
   800   -0.0677   -0.153 -0.089   0.048  0.193   2.246  0.001    99.2  100.0     0.764   12.5    100.0   0.988    5   119     45  0.000   0.98
      saved checkpoint @ step 800 | examples: ['NCCCCC(=O)Oc1ccc(/C(=C(\\CCCl)c2ccccc2)c2ccccc2)cc1', 'CN1CCCCC1C(=O)NC1C2CC3CC(C2)CC1C3', 'Cc1ccccc1NC(=O)CNC(=O)c1cccs1', 'COc1ccc(F)cc1-c1ccnc2[nH]c(C3=CCN(C4CCCCC4)CC3)cc12', 'CCC[C@@H](NCC(=O)C(F)(F)F)C(C)=O']
   810   -0.0490   -0.137 -0.089   0.036  0.166   3.009  0.001    99.2   96.9     0.683   21.1    100.0   0.992    5   119     45  0.000   1.03
   820   -0.0441   -0.117 -0.089   0.035  0.152   3.829  0.001   100.0   93.8     0.608   28.1    100.0   0.981    5   119     45  0.000   0.98
   830   -0.0134   -0.115 -0.089   0.028  0.135   4.339  0.005    99.2   92.9     0.559   32.8    100.0   0.998    5   119     45  0.000   0.99
   840    0.2927   -0.116 -0.089   0.031  0.147   3.785  0.130   100.0   96.1     0.545   28.1     91.7   0.993    5   119     45  0.000   0.91
   850   -0.0845   -0.165 -0.090   0.054  0.211   1.618  0.058    99.2  100.0     0.835    6.2     83.3   0.990    5   119     45  0.000   1.00
   860   -0.1351   -0.149 -0.090   0.053  0.201   2.153  0.003   100.0  100.0     0.852   13.3     83.3   0.994    5   120     46  0.000   0.99
   870   -0.0848   -0.150 -0.090   0.045  0.187   2.540  0.001    99.2   99.2     0.714   13.3    100.0   0.964    5   120     46  0.000   1.00
   880   -0.0579   -0.137 -0.090   0.040  0.177   2.938  0.001   100.0   99.2     0.701   17.2     83.3   0.992    5   120     46  0.000   1.00
   890   -0.0468   -0.121 -0.090   0.033  0.154   3.679  0.001   100.0   96.9     0.629   33.6    100.0   0.986    5   120     46  0.000   0.94
   900    0.0021   -0.097 -0.089   0.022  0.119   5.242  0.011   100.0   85.2     0.523   38.3     83.3   0.998    5   120     46  0.000   0.89
   910    0.2100   -0.130 -0.089   0.039  0.168   3.114  0.130   100.0   98.4     0.635   17.2     91.7   0.978    5   120     46  0.000   1.00
   920    0.0329   -0.180 -0.089   0.053  0.202   2.518  0.086    96.9  100.0     0.823    7.0     66.7   0.993    5   120     46  0.000   1.06
   930   -0.1263   -0.167 -0.089   0.056  0.215   1.912  0.001    99.2  100.0     0.795    3.1    100.0   0.992    5   120     46  0.000   0.92
   940   -0.0841   -0.153 -0.089   0.046  0.192   2.509  0.001    99.2  100.0     0.803    9.4     91.7   0.991    5   120     46  0.000   1.11
   950   -0.0679   -0.138 -0.094   0.035  0.165   3.032  0.001    99.2  100.0     0.646   24.2     91.7   0.998    5   120     46  0.000   1.05
   960   -0.0370   -0.144 -0.094   0.039  0.167   3.409  0.001    98.4   97.6     0.602   23.4    100.0   0.998    5   120     46  0.000   1.09
   970   -0.0467   -0.108 -0.094   0.025  0.133   4.289  0.001   100.0   93.8     0.567   35.2    100.0   0.998    5   120     46  0.000   1.06
   980    0.1233   -0.094 -0.094   0.024  0.118   5.127  0.038   100.0   86.7     0.577   44.5    100.0   0.996    5   120     46  0.000   0.95
   990    0.0943   -0.153 -0.094   0.044  0.189   2.316  0.130    99.2  100.0     0.764   10.2     66.7   0.989    5   120     46  0.000   0.95
      TL @ step 1000: 121 mols, 2/2 epochs, nll 0.572, kl_after 1.98
  1000   -0.1439   -0.178 -0.096   0.056  0.211   1.914  0.011    97.7  100.0     0.856    7.0     66.7   0.993    5   121     47  0.000   0.81
      saved checkpoint @ step 1000 | examples: ['CCCCn1cnnc1SCC(=O)Nc1ccc2c(c1)OCO2', 'CC(C)(C)S(=O)(=O)c1cnc(N2CCNCC2)nc1N', 'CCCNC(CC)Cc1cccc(O)c1O', 'CC#CCN(CC)CCN(C)C', 'Cc1cc2nc(C)c(N(C)Cc3ccccn3)n2nc1C1CC1']
  1010   -0.1108   -0.153 -0.096   0.058  0.210   2.181  0.003   100.0  100.0     0.766   12.5    100.0   0.992    5   121     47  0.000   0.83
  1020   -0.0677   -0.147 -0.096   0.046  0.193   2.510  0.003   100.0  100.0     0.781   12.5     75.0   0.981    5   121     47  0.000   0.86
  1030   -0.0471   -0.136 -0.096   0.041  0.177   3.103  0.003   100.0  100.0     0.688   20.3     91.7   0.995    5   121     47  0.000   1.36
  1040   -0.0345   -0.125 -0.096   0.033  0.158   3.696  0.003   100.0  100.0     0.648   25.8    100.0   0.979    5   121     47  0.000   0.92
  1050    0.0324   -0.106 -0.089   0.025  0.123   4.844  0.017    99.2   89.8     0.553   41.4     50.0   0.982    5   121     47  0.000   0.71
  1060    0.0924   -0.116 -0.089   0.034  0.150   3.604  0.058   100.0   97.7     0.648   32.8     83.3   0.989    5   122     48  0.000   1.13
  1070    0.0275   -0.153 -0.089   0.052  0.189   2.416  0.058    98.4   99.2     0.736   12.5     75.0   0.992    5   122     48  0.000   1.20
  1080   -0.0698   -0.157 -0.089   0.058  0.215   1.868  0.017   100.0   99.2     0.850    7.0     83.3   1.000    5   122     48  0.000   1.16
  1090   -0.0599   -0.162 -0.089   0.054  0.192   2.409  0.002    97.7  100.0     0.768   10.9     91.7   0.989    5   122     48  0.000   1.08
  1100   -0.0446   -0.146 -0.093   0.045  0.191   2.574  0.001   100.0   99.2     0.795   12.5    100.0   0.988    5   122     48  0.000   1.08
  1110   -0.0443   -0.120 -0.093   0.030  0.150   3.509  0.001   100.0   99.2     0.622   29.7    100.0   0.997    5   122     48  0.000   1.01
  1120   -0.0388   -0.099 -0.093   0.029  0.128   4.588  0.002   100.0   95.3     0.516   39.1    100.0   0.991    5   122     48  0.000   1.09
  1130    0.1181   -0.101 -0.093   0.021  0.122   4.735  0.038   100.0   92.2     0.500   46.1    100.0   0.987    5   122     48  0.000   1.07
  1140    0.1216   -0.142 -0.093   0.042  0.184   2.586  0.130   100.0  100.0     0.734    9.4     91.7   0.997    5   122     48  0.000   1.02
  1150   -0.1178   -0.180 -0.096   0.062  0.211   1.968  0.026    96.9  100.0     0.847    6.2     83.3   0.983    5   122     48  0.000   1.08
  1160   -0.1312   -0.148 -0.096   0.054  0.202   1.894  0.001   100.0   99.2     0.756   14.8     91.7   0.984    5   122     48  0.000   1.10
  1170   -0.0781   -0.145 -0.096   0.047  0.192   2.482  0.001   100.0  100.0     0.773   15.6     91.7   0.971    6   122     48  0.000   1.15
  1180   -0.0590   -0.126 -0.096   0.034  0.161   3.291  0.001   100.0   99.2     0.693   29.7    100.0   0.993    6   122     48  0.000   1.19
  1190   -0.0391   -0.123 -0.096   0.034  0.149   4.174  0.001    99.2   97.6     0.581   35.2    100.0   0.997    6   122     48  0.000   1.03
  1200   -0.0092   -0.099 -0.082   0.023  0.122   4.855  0.005   100.0   91.4     0.470   42.2    100.0   0.998    6   123     48  0.000   0.96
      saved checkpoint @ step 1200 | examples: ['O=C(O)c1ccc(CCc2ccccc2)s1', 'CCCCCCCCCCCCCCCCCCc1ccc2nncn2c1', 'O=C(Nc1cccc(F)c1)Nc1cccc(NC(=O)C2CCCO2)c1', 'S=C1CCNC1=S', 'O=C(O)c1ccc(CCCCc2ccccc2)s1']
  1210    0.2181   -0.110 -0.082   0.034  0.144   4.180  0.086   100.0   97.7     0.608   33.6    100.0   0.987    6   123     48  0.000   0.83
  1220    0.0434   -0.151 -0.082   0.050  0.194   2.328  0.086    99.2   99.2     0.810    9.4    100.0   0.989    6   123     48  0.000   0.92
  1230   -0.1233   -0.154 -0.082   0.052  0.206   1.851  0.008   100.0  100.0     0.789    7.0     83.3   1.000    6   123     48  0.000   1.09
  1240   -0.0976   -0.139 -0.082   0.043  0.181   2.453  0.001   100.0   99.2     0.756   13.3     83.3   0.982    6   123     48  0.000   1.20
  1250   -0.0650   -0.132 -0.087   0.047  0.180   2.517  0.001   100.0   99.2     0.787   13.3    100.0   0.987    6   123     48  0.000   1.06
  1260   -0.0469   -0.128 -0.087   0.035  0.162   3.238  0.001   100.0   97.7     0.640   19.5    100.0   0.990    6   123     48  0.000   1.04
  1270   -0.0395   -0.114 -0.087   0.025  0.139   4.153  0.001   100.0   98.4     0.563   33.6    100.0   0.999    6   123     48  0.000   1.02
  1280   -0.0209   -0.097 -0.087   0.020  0.117   4.987  0.005   100.0   93.0     0.471   46.9     75.0   0.993    6   123     48  0.000   1.01
  1290    0.4495   -0.117 -0.087   0.031  0.147   3.746  0.195   100.0   96.1     0.634   25.8    100.0   0.990    6   123     48  0.000   0.91
  1300   -0.0896   -0.176 -0.088   0.059  0.220   1.784  0.086    98.4  100.0     0.833    4.7     75.0   0.992    6   123     48  0.000   1.07
  1310   -0.1947   -0.151 -0.088   0.051  0.202   1.996  0.003   100.0  100.0     0.797    9.4    100.0   0.987    6   123     48  0.000   0.97
  1320   -0.1056   -0.161 -0.088   0.048  0.193   2.722  0.002    98.4  100.0     0.746   10.9    100.0   0.985    6   123     48  0.000   1.00
  1330   -0.0806   -0.131 -0.088   0.045  0.176   2.880  0.002   100.0  100.0     0.688   17.2    100.0   0.977    6   123     48  0.000   1.02
  1340   -0.0552   -0.121 -0.088   0.031  0.151   3.676  0.002   100.0   97.7     0.672   25.8    100.0   0.979    6   123     48  0.000   0.91
  1350   -0.0051   -0.107 -0.088   0.025  0.132   4.566  0.011   100.0   93.8     0.533   32.0     83.3   0.997    6   123     48  0.000   0.67
  1360    0.0609   -0.114 -0.088   0.027  0.133   4.082  0.038    99.2   97.6     0.597   36.7     91.7   0.986    6   123     48  0.000   0.81
  1370    0.0168   -0.128 -0.088   0.035  0.163   3.083  0.038   100.0  100.0     0.648   12.5     75.0   0.992    6   123     48  0.000   0.73
  1380    0.0103   -0.147 -0.088   0.036  0.167   2.748  0.038    98.4  100.0     0.659   18.8    100.0   0.992    6   123     48  0.000   0.78
  1390   -0.0061   -0.144 -0.088   0.048  0.193   2.327  0.038   100.0  100.0     0.719   10.9    100.0   1.000    6   123     48  0.000   0.93
  1400   -0.0419   -0.153 -0.092   0.047  0.192   2.137  0.017    99.2  100.0     0.740   14.1    100.0   0.988    6   123     48  0.000   0.89
      saved checkpoint @ step 1400 | examples: ['CC(=O)Nc1ccccc1NC(=O)CSc1nnc(Nc2ccccc2)s1', 'CCCCCCCCNC(CCOC)c1ccccc1', 'O=C(Nc1ccccc1F)NC1CCN(CCOc2ccccc2Br)CC1', 'CC(c1ncc(-c2ccccc2)o1)c1[nH]ncc1-c1ccc(Oc2ccccc2)cc1', 'O=C(N/N=C/c1ccc(O)cc1O)c1ccc(O)cc1']
  1410   -0.0320   -0.131 -0.092   0.049  0.180   2.621  0.017   100.0  100.0     0.727   18.8     91.7   0.985    6   123     48  0.000   0.97
  1420   -0.0189   -0.138 -0.092   0.039  0.169   2.744  0.017    99.2   99.2     0.675   23.4     83.3   0.979    6   123     48  0.000   0.97
  1430   -0.0170   -0.132 -0.092   0.041  0.173   2.639  0.017   100.0  100.0     0.672   18.8     91.7   0.994    6   123     48  0.000   1.01
  1440   -0.0095   -0.128 -0.092   0.037  0.165   2.998  0.017   100.0  100.0     0.617   26.6     91.7   0.979    6   123     48  0.000   0.91
  1450   -0.0074   -0.128 -0.093   0.039  0.167   3.040  0.017   100.0   98.4     0.643   24.2     91.7   0.979    6   123     48  0.000   1.10
  1460   -0.0029   -0.129 -0.093   0.037  0.166   3.083  0.017   100.0   98.4     0.675   25.8     91.7   0.984    6   123     48  0.000   1.04
  1470   -0.0051   -0.121 -0.093   0.033  0.155   3.222  0.017   100.0   97.7     0.656   30.5     91.7   0.972    6   124     49  0.000   0.87
  1480   -0.0061   -0.115 -0.093   0.033  0.147   3.510  0.017   100.0   96.9     0.669   32.0     91.7   0.996    6   124     49  0.000   0.97
  1490   -0.0031   -0.116 -0.093   0.038  0.154   3.314  0.017   100.0   99.2     0.638   27.3     91.7   0.969    6   124     49  0.000   0.94
      TL @ step 1500: 124 mols, 2/2 epochs, nll 0.392, kl_after 3.75
  1500   -0.0018   -0.105 -0.082   0.037  0.142   3.547  0.017   100.0   98.4     0.603   35.2     91.7   0.996    6   124     49  0.000   1.00
  1510    0.0106   -0.114 -0.082   0.029  0.135   4.063  0.017    99.2   95.3     0.587   35.2    100.0   1.000    6   124     49  0.000   0.97
  1520    0.0117   -0.114 -0.082   0.033  0.131   4.112  0.017    98.4   97.6     0.577   37.5     75.0   0.992    6   125     49  0.000   0.99
  1530    0.0215   -0.094 -0.082   0.042  0.136   4.183  0.026   100.0   95.3     0.566   43.0     91.7   0.976    6   126     49  0.000   1.04
  1540    0.0078   -0.107 -0.082   0.042  0.149   3.547  0.026   100.0  100.0     0.586   39.1     91.7   0.979    6   126     49  0.000   1.02
  1550    0.0034   -0.111 -0.081   0.057  0.168   3.231  0.026   100.0   98.4     0.611   27.3    100.0   0.971    6   127     50  0.000   0.99
  1560    0.0049   -0.111 -0.081   0.071  0.182   3.364  0.026   100.0  100.0     0.641   28.1     91.7   0.948    9   127     50  0.000   1.09
  1570   -0.0010   -0.125 -0.081   0.047  0.172   2.919  0.026   100.0   98.4     0.738   20.3    100.0   0.969   10   128     51  0.000   1.02
  1580    0.0039   -0.136 -0.081   0.045  0.174   2.791  0.026    99.2   97.6     0.685   21.9    100.0   0.986   10   128     51  0.000   0.93
  1590    0.0033   -0.120 -0.081   0.061  0.181   3.037  0.026   100.0   96.9     0.702   21.1     91.7   0.967   10   130     53  0.000   1.00
  1600   -0.0113   -0.117 -0.083   0.083  0.199   2.633  0.026   100.0   98.4     0.738   27.3    100.0   0.967   11   130     53  0.000   1.00
      saved checkpoint @ step 1600 | examples: ['CC(C)(C)c1ccc(/C=C/C(=O)O)cc1', 'CCCCCCCCCC(C)=O', 'CCCCCn1cnc2c(Cl)ncnc21', 'CCCCCCCCCCCCc1ccc(CCC(=O)O)cc1', 'O=C1NC(=O)/C(=C/c2ccc(Cl)c(Cl)c2)S1']
  1610   -0.0098   -0.106 -0.083   0.096  0.202   2.892  0.026   100.0  100.0     0.703   28.9    100.0   0.921   12   131     54  0.000   1.05
  1620   -0.0049   -0.114 -0.083   0.074  0.181   3.079  0.026    99.2  100.0     0.709   29.7    100.0   0.970   13   133     56  0.000   0.98
  1630   -0.0072   -0.126 -0.083   0.082  0.200   2.458  0.026    99.2  100.0     0.740   23.4    100.0   0.975   13   133     56  0.000   0.96
  1640   -0.0022   -0.091 -0.083   0.111  0.195   3.442  0.026    99.2   96.9     0.642   34.4    100.0   0.908   13   134     57  0.000   0.97
  1650   -0.0115   -0.096 -0.084   0.115  0.212   3.258  0.026   100.0   98.4     0.802   29.7    100.0   0.944   14   136     57  0.000   1.00
  1660   -0.0097   -0.089 -0.084   0.146  0.235   3.455  0.026   100.0   99.2     0.732   33.6    100.0   0.912   14   137     58  0.000   1.02
  1670   -0.0040   -0.108 -0.084   0.107  0.207   2.893  0.026    99.2   99.2     0.746   30.5    100.0   0.902   14   139     60  0.000   1.15
  1680   -0.0133   -0.079 -0.084   0.148  0.227   3.474  0.026   100.0   98.4     0.722   38.3    100.0   0.900   15   139     60  0.000   0.74
  1690    0.0065   -0.075 -0.084   0.164  0.231   4.028  0.026    99.2   93.7     0.756   36.7    100.0   0.850   18   139     60  0.000   0.84
  1700    0.0042   -0.069 -0.071   0.166  0.235   3.933  0.026   100.0   99.2     0.819   30.5    100.0   0.878   22   141     62  0.000   0.84
  1710    0.0348   -0.128 -0.071   0.108  0.221   2.821  0.038    98.4   97.6     0.813   17.2    100.0   0.902   23   143     63  0.000   0.78
  1720    0.0052   -0.127 -0.071   0.085  0.211   2.291  0.038   100.0  100.0     0.836   13.3     91.7   0.944   24   143     63  0.000   0.82
  1730   -0.0340   -0.124 -0.071   0.111  0.227   2.366  0.017    99.2  100.0     0.803   15.6    100.0   0.921   24   145     64  0.000   1.04
  1740   -0.0320   -0.104 -0.071   0.130  0.234   2.758  0.017   100.0   97.7     0.824   23.4    100.0   0.866   24   146     64  0.000   1.07
  1750   -0.0260   -0.079 -0.072   0.152  0.232   3.567  0.017   100.0   97.7     0.712   36.7    100.0   0.827   26   146     64  0.000   1.23
  1760    0.0386   -0.085 -0.072   0.153  0.238   3.679  0.038   100.0   98.4     0.730   30.5    100.0   0.846   27   146     64  0.000   1.11
  1770    0.0145   -0.130 -0.072   0.108  0.223   2.509  0.038    98.4   99.2     0.776   21.1    100.0   0.908   28   146     64  0.000   1.05
  1780   -0.0125   -0.123 -0.072   0.077  0.192   2.765  0.026    99.2  100.0     0.693   19.5    100.0   0.945   28   146     64  0.000   1.02
  1790   -0.0184   -0.095 -0.072   0.138  0.233   3.028  0.026   100.0  100.0     0.805   24.2    100.0   0.874   30   146     64  0.000   1.02
  1800   -0.0032   -0.127 -0.075   0.120  0.232   2.559  0.026    98.4  100.0     0.802   22.7    100.0   0.909   31   146     64  0.000   0.74
      saved checkpoint @ step 1800 | examples: ['Cc1ccc(N)cc1', 'O=C(NCCC1CCN(Cc2ccccc2F)CC1)c1ccccc1Sc1ccc2c(/C=C/c3ccccn3)n[nH]c2c1', '[O-]c1nc(NC2CCCCC2)nc2[nH]cnc12', 'Cc1ccc(C(=O)c2c(-c3ccc(F)cc3)nc3ccccn23)cc1', 'CCCCCCCC']
  1810   -0.0087   -0.110 -0.075   0.126  0.236   2.771  0.026   100.0   99.2     0.740   22.7    100.0   0.902   33   146     64  0.000   0.69
  1820   -0.0124   -0.080 -0.075   0.157  0.237   3.030  0.026   100.0   98.4     0.762   29.7    100.0   0.831   33   147     65  0.000   0.73
  1830   -0.0033   -0.099 -0.075   0.146  0.237   3.167  0.026    99.2  100.0     0.803   28.1    100.0   0.855   35   147     65  0.000   0.71
  1840   -0.0016   -0.098 -0.075   0.157  0.247   3.052  0.026    99.2   98.4     0.808   28.9    100.0   0.820   36   148     66  0.000   0.78
  1850   -0.0141   -0.073 -0.076   0.178  0.251   3.452  0.026   100.0  100.0     0.734   35.9    100.0   0.822   38   148     66  0.000   0.76
  1860   -0.0154   -0.082 -0.076   0.175  0.256   3.202  0.026   100.0  100.0     0.828   28.9    100.0   0.882   38   148     66  0.000   0.78
  1870   -0.0024   -0.097 -0.076   0.150  0.246   3.231  0.026   100.0   99.2     0.717   28.1    100.0   0.859   38   149     66  0.000   0.71
  1880   -0.0036   -0.082 -0.076   0.153  0.235   3.166  0.026   100.0   98.4     0.794   32.0    100.0   0.856   41   149     66  0.000   0.73
  1890   -0.0134   -0.055 -0.076   0.199  0.255   3.766  0.026   100.0   97.7     0.784   40.6    100.0   0.815   41   150     66  0.000   0.86
  1900   -0.0087   -0.069 -0.071   0.156  0.225   3.460  0.026   100.0   99.2     0.693   34.4    100.0   0.848   42   152     66  0.000   0.81
  1910   -0.0049   -0.090 -0.071   0.134  0.224   3.029  0.026   100.0   99.2     0.772   26.6    100.0   0.876   43   154     66  0.000   0.76
  1920   -0.0013   -0.112 -0.071   0.110  0.222   2.634  0.026   100.0  100.0     0.734   20.3    100.0   0.911   45   156     68  0.000   0.73
  1930   -0.0041   -0.081 -0.071   0.151  0.224   3.566  0.026    99.2  100.0     0.677   34.4    100.0   0.861   47   160     68  0.000   0.75
  1940   -0.0008   -0.092 -0.071   0.168  0.252   3.314  0.026    99.2   97.6     0.750   30.5    100.0   0.862   52   162     70  0.000   0.83
  1950    0.0021   -0.082 -0.059   0.137  0.219   3.209  0.026   100.0  100.0     0.703   24.2    100.0   0.904   52   166     72  0.000   0.79
  1960   -0.0073   -0.101 -0.059   0.128  0.229   2.553  0.026   100.0  100.0     0.773   19.5    100.0   0.904   52   172     78  0.000   0.85
  1970    0.0013   -0.061 -0.059   0.180  0.241   3.732  0.026   100.0   97.7     0.672   32.8    100.0   0.798   55   179     83  0.000   0.78
  1980   -0.0047   -0.062 -0.059   0.176  0.238   3.454  0.026   100.0  100.0     0.711   29.7    100.0   0.817   55   188     87  0.000   0.78
  1990    0.0549   -0.050 -0.059   0.208  0.242   4.005  0.038    98.4   96.8     0.713   33.6    100.0   0.800   58   198     90  0.000   0.75
      TL @ step 2000: 214 mols, 2/2 epochs, nll 0.375, kl_after 2.56
  2000    0.0244   -0.151 -0.061   0.094  0.222   2.343  0.038    97.7   99.2     0.823   14.1     91.7   0.918   60   214    100  0.000   0.77
      saved checkpoint @ step 2000 | examples: ['O=C(Nc1ccncc1)Nc1ccc(Cl)cc1', 'CCOc1ccc(-c2cc(C(=O)NCC3CCCO3)no2)cc1', 'COc1ccc(CC(=O)NNC(=O)C(CC(=O)O)c2ccc(Cl)cc2)cc1', 'O=C(Nc1cccc(C(F)(F)F)c1)Nc1ccccc1Sc1ccc2c(/C=C/c3ccccn3)n[nH]c2c1', 'CN(C)c1cccc(NC(=O)COn2cnc3ccccc3c2=O)c1']
  2010    0.0071   -0.132 -0.061   0.097  0.221   2.263  0.038    99.2  100.0     0.780   13.3    100.0   0.929   61   226    105  0.000   0.79
  2020   -0.0030   -0.113 -0.061   0.087  0.200   2.499  0.038   100.0   99.2     0.740   18.0    100.0   0.933   62   233    110  0.000   0.78
  2030   -0.0580   -0.120 -0.061   0.091  0.210   2.064  0.008   100.0   99.2     0.827   15.6    100.0   0.918   62   242    113  0.000   0.73
  2040   -0.0469   -0.053 -0.061   0.185  0.238   4.567  0.011   100.0   96.9     0.726   41.4    100.0   0.805   62   253    117  0.000   0.77
  2050    0.0889   -0.060 -0.043   0.178  0.238   3.457  0.058   100.0  100.0     0.750   27.3    100.0   0.804   63   259    121  0.000   0.76
  2060    0.0130   -0.146 -0.043   0.096  0.227   2.303  0.038    98.4  100.0     0.786    9.4    100.0   0.925   63   266    124  0.000   0.73
  2070   -0.0615   -0.120 -0.043   0.093  0.214   2.534  0.008   100.0  100.0     0.727   14.1    100.0   0.914   63   272    127  0.000   0.83
  2080   -0.0510   -0.086 -0.043   0.133  0.219   3.422  0.008   100.0  100.0     0.688   22.7    100.0   0.867   63   275    129  0.000   0.75
  2090    0.0368   -0.022 -0.043   0.256  0.278   5.331  0.026   100.0   93.8     0.742   46.1    100.0   0.668   65   279    130  0.000   0.80
  2100    0.1093   -0.127 -0.043   0.123  0.242   2.315  0.130    99.2  100.0     0.890   13.3    100.0   0.901   67   282    132  0.000   0.84
  2110   -0.1308   -0.148 -0.043   0.078  0.226   1.778  0.011   100.0  100.0     0.820    7.0     91.7   0.958   68   283    132  0.000   0.74
  2120   -0.0959   -0.142 -0.043   0.077  0.219   2.191  0.001   100.0   99.2     0.827    6.2    100.0   0.960   68   284    132  0.000   0.82
  2130   -0.0819   -0.096 -0.043   0.123  0.219   3.280  0.001   100.0   99.2     0.701   21.9    100.0   0.869   68   286    133  0.000   0.80
  2140   -0.0496   -0.060 -0.043   0.136  0.196   5.002  0.005   100.0   93.8     0.583   35.2    100.0   0.829   69   288    135  0.000   0.75
  2150    0.9719   -0.047  0.000   0.161  0.208   4.908  0.292   100.0   98.4     0.643   20.3    100.0   0.862   69   295    136  0.000   0.75
  2160   -0.0289   -0.177  0.000   0.060  0.221   2.074  0.130    98.4  100.0     0.937    0.0     75.0   0.975   69   295    136  0.000   0.79
  2170   -0.2105   -0.167  0.000   0.056  0.215   1.667  0.005    99.2  100.0     0.858    0.0    100.0   0.988   70   295    136  0.000   0.75
  2180   -0.1404   -0.146  0.000   0.063  0.202   2.276  0.001    99.2  100.0     0.803    3.1     91.7   0.943   71   295    136  0.000   0.70
  2190   -0.0909   -0.132  0.000   0.067  0.200   2.656  0.001   100.0  100.0     0.773    3.9     91.7   0.961   71   296    136  0.000   0.72
  2200   -0.0767   -0.109 -0.011   0.103  0.204   3.645  0.001    99.2   96.9     0.618   14.1    100.0   0.884   71   296    136  0.000   0.79
      saved checkpoint @ step 2200 | examples: ['Cc1cccnc1NC(=O)c1ccccc1Sc1ccc2c(/C=C/c3ccccn3)n[nH]c2c1', 'COc1cc(C(=O)N2CCC(F)(F)C2)ccc1-c1cc(Nc2cnc(C#N)cn2)n[nH]1', 'COc1ccc(-c2cnccc2-c2ccccc2)cc1', 'COC(=O)CC/C(C)=N/OC(C)=O', 'O=C(O)CCc1ccc(-c2ccc(C(F)(F)F)cc2)cc1']
  2210   -0.0582   -0.092 -0.011   0.089  0.181   4.395  0.002   100.0   94.5     0.620   15.6    100.0   0.892   71   296    136  0.000   0.74
  2220    0.2078   -0.058 -0.011   0.137  0.188   5.573  0.058    99.2   92.9     0.551   33.6    100.0   0.830   73   297    136  0.000   0.68
  2230    0.3040   -0.131 -0.011   0.088  0.211   2.581  0.292    99.2   99.2     0.778   10.2    100.0   0.948   73   298    136  0.000   0.79
  2240   -0.2525   -0.175 -0.011   0.065  0.232   2.092  0.058    99.2  100.0     0.890    0.8     91.7   0.971   73   298    136  0.000   0.87
  2250   -0.2617   -0.165 -0.025   0.063  0.220   1.888  0.003    99.2  100.0     0.858    1.6     75.0   0.979   73   298    136  0.000   0.77
  2260   -0.1521   -0.160 -0.025   0.057  0.217   2.052  0.002   100.0  100.0     0.875    0.8     91.7   0.987   73   298    136  0.000   0.78
  2270   -0.0974   -0.142 -0.025   0.045  0.187   2.803  0.002   100.0  100.0     0.766    4.7     91.7   0.965   73   298    136  0.000   0.74
  2280   -0.0668   -0.128 -0.025   0.037  0.165   3.402  0.002   100.0   99.2     0.709    7.8     83.3   0.979   73   298    136  0.000   0.73
  2290   -0.0408   -0.127 -0.025   0.039  0.159   3.830  0.002    99.2  100.0     0.669    5.5     91.7   0.956   73   298    136  0.000   0.70
  2300   -0.0250   -0.118 -0.033   0.046  0.149   4.341  0.005    98.4   95.2     0.583   13.3    100.0   0.933   73   298    136  0.000   0.71
  2310    0.0842   -0.113 -0.033   0.038  0.150   4.222  0.038   100.0   95.3     0.730   12.5     83.3   0.970   73   298    136  0.000   0.66
  2320    0.0325   -0.120 -0.033   0.048  0.168   3.466  0.038   100.0  100.0     0.648    6.2     91.7   0.947   73   298    136  0.000   0.72
  2330    0.0110   -0.139 -0.033   0.061  0.191   2.791  0.038    99.2  100.0     0.717    5.5    100.0   0.947   73   299    136  0.000   0.75
  2340    0.0061   -0.131 -0.033   0.045  0.175   2.971  0.038   100.0   99.2     0.677    5.5     83.3   0.977   73   299    136  0.000   0.74
  2350   -0.0114   -0.127 -0.041   0.055  0.182   2.814  0.038   100.0   99.2     0.693    7.0     91.7   0.963   73   299    136  0.000   0.72
  2360   -0.0437   -0.134 -0.041   0.069  0.203   2.158  0.026   100.0   99.2     0.756    7.8     91.7   0.975   74   300    136  0.000   0.74
  2370   -0.0156   -0.138 -0.041   0.072  0.202   2.589  0.026    99.2  100.0     0.732    4.7    100.0   0.958   74   300    136  0.000   0.69
  2380   -0.0196   -0.133 -0.041   0.067  0.200   2.280  0.026   100.0  100.0     0.734    6.2    100.0   0.953   74   300    136  0.000   0.74
  2390   -0.0094   -0.142 -0.041   0.053  0.179   2.347  0.026    98.4   99.2     0.752    6.2     91.7   0.962   74   301    137  0.000   0.70
  2400   -0.0039   -0.142 -0.049   0.087  0.213   2.476  0.026    98.4  100.0     0.802    9.4    100.0   0.924   74   301    137  0.000   0.73
      saved checkpoint @ step 2400 | examples: ['Oc1ccc(CCc2ccncc2)cc1O', 'Cc1ccc(-n2c(C)nc3ccccc3c2=O)cc1[N+](=O)[O-]', 'Nc1ccc(-c2cccs2)cc1N', 'O=C(O)CCc1ccc(-c2ccccc2)o1', 'COc1cccc(-c2cccc(-c3ccc(C(F)(F)F)cc3)c2)c1']
  2410   -0.0287   -0.130 -0.049   0.064  0.194   2.317  0.017   100.0  100.0     0.766   12.5     91.7   0.955   74   301    137  0.000   0.71
  2420   -0.0099   -0.137 -0.049   0.061  0.182   2.644  0.017    98.4   98.4     0.726   10.9    100.0   0.946   74   302    137  0.000   0.70
  2430   -0.0084   -0.129 -0.049   0.071  0.200   2.688  0.017   100.0  100.0     0.695    9.4    100.0   0.954   74   303    137  0.000   0.73
  2440   -0.0162   -0.098 -0.049   0.095  0.193   3.270  0.017   100.0   98.4     0.643   21.1    100.0   0.890   74   303    137  0.000   0.65
  2450   -0.0160   -0.087 -0.053   0.116  0.203   3.492  0.017   100.0   97.7     0.640   21.1    100.0   0.872   74   304    137  0.000   0.69
  2460   -0.0240   -0.070 -0.053   0.112  0.182   4.076  0.017   100.0   94.5     0.612   31.2    100.0   0.867   75   306    139  0.000   0.67
  2470   -0.0057   -0.081 -0.053   0.120  0.194   4.137  0.017    99.2   95.3     0.595   32.0    100.0   0.852   75   308    140  0.000   0.73
  2480   -0.0134   -0.061 -0.053   0.157  0.218   4.123  0.017   100.0   93.0     0.655   35.9    100.0   0.786   75   308    140  0.000   0.68
  2490    0.0177   -0.081 -0.053   0.135  0.217   3.823  0.026   100.0   96.9     0.653   27.3    100.0   0.827   76   311    143  0.000   0.79
      TL @ step 2500: 318 mols, 2/2 epochs, nll 0.388, kl_after 3.24
  2500    0.0518   -0.095 -0.043   0.122  0.209   3.407  0.038    99.2   99.2     0.746   17.2    100.0   0.876   77   318    146  0.000   0.78
  2510    0.0236   -0.103 -0.043   0.098  0.201   3.205  0.038   100.0   99.2     0.685   20.3    100.0   0.907   79   322    149  0.000   0.78
  2520   -0.0007   -0.096 -0.043   0.112  0.209   2.914  0.038   100.0   99.2     0.732   15.6    100.0   0.891   80   335    156  0.000   0.79
  2530   -0.0190   -0.092 -0.043   0.136  0.228   2.648  0.038   100.0  100.0     0.812   15.6    100.0   0.937   80   358    174  0.000   0.77
  2540    0.0016   -0.091 -0.043   0.146  0.237   3.154  0.038   100.0  100.0     0.859   16.4    100.0   0.889   81   392    201  0.000   0.79
  2550   -0.0159   -0.082 -0.050   0.147  0.221   2.974  0.038    99.2  100.0     0.780   14.8    100.0   0.920   81   438    231  0.000   0.74
  2560   -0.0143   -0.075 -0.050   0.155  0.221   3.373  0.038    99.2   99.2     0.794   18.8    100.0   0.954   81   517    271  0.000   0.81
  2570   -0.0237   -0.052 -0.050   0.178  0.230   3.610  0.038   100.0  100.0     0.859   23.4    100.0   0.937   82   596    318  0.000   0.79
  2580   -0.0223   -0.026 -0.050   0.195  0.221   3.505  0.038   100.0  100.0     0.828   19.5    100.0   0.920   83   691    361  0.000   0.78
  2590   -0.0358   -0.024 -0.050   0.213  0.237   3.918  0.038   100.0  100.0     0.805   24.2    100.0   0.940   85   781    409  0.000   0.81
  2600    0.0220   -0.023 -0.055   0.211  0.234   3.871  0.058   100.0   99.2     0.882   21.9    100.0   0.914   86   899    480  0.000   0.71
      saved checkpoint @ step 2600 | examples: ['CCCCCCCCCC(=O)NCc1ccc(OC)c(OC)c1', 'O=C(NCCc1nc2ccccc2[nH]1)c1ccccc1Sc1ccc2c(/C=C/c3ccccn3)n[nH]c2c1', 'CSCc1ccc2c(c1)cc(C(=O)NCc1ccccc1)n2CCCNc1ccnc2cc(Cl)ccc12', 'CS(=O)(=O)Nc1ccc(/C=C/c2ccccc2)cc1', 'Cc1ccc(NC(=O)CN2CCCC2c2ccco2)cc1-c1ccc2cc(NC(=O)C3CC3)ncc2c1']
  2610   -0.0001   -0.080 -0.055   0.153  0.232   2.557  0.058   100.0   99.2     0.866   14.8    100.0   0.945   88   958    513  0.000   0.72
  2620   -0.0950   -0.098 -0.055   0.147  0.237   2.170  0.017    99.2  100.0     0.898   11.7    100.0   0.956   89   995    533  0.000   0.69
  2630   -0.0757    0.086 -0.055   0.339  0.252   5.860  0.026   100.0  100.0     0.891   35.9    100.0   0.868   90  1000    596  0.000   0.76
  2640    0.1492   -0.168 -0.055   0.075  0.235   2.114  0.195    99.2  100.0     0.921    3.9    100.0   0.968   92  1000    671  0.000   0.87
  2650   -0.1841   -0.147 -0.063   0.062  0.209   2.033  0.008   100.0  100.0     0.844    9.4     75.0   0.962   92  1000    671  0.000   0.69
  2660   -0.1237   -0.141 -0.063   0.057  0.198   2.526  0.001   100.0   99.2     0.780   10.2     58.3   0.970   92  1000    671  0.000   0.65
  2670   -0.0700   -0.141 -0.063   0.074  0.215   2.225  0.001   100.0  100.0     0.852    6.2    100.0   0.967   92  1000    671  0.000   0.72
  2680   -0.0629   -0.110 -0.063   0.076  0.185   3.574  0.001   100.0   98.4     0.730   18.8    100.0   0.922   92  1000    672  0.000   0.73
  2690   -0.0487   -0.093 -0.063   0.103  0.188   4.573  0.002    99.2   92.9     0.593   25.0    100.0   0.858   94  1000    673  0.000   0.66
  2700    0.1222   -0.066 -0.064   0.143  0.209   5.218  0.038   100.0   87.5     0.598   35.2    100.0   0.781   94  1000    673  0.000   0.70
  2710    0.0773   -0.134 -0.064   0.069  0.203   2.203  0.130   100.0  100.0     0.711   11.7    100.0   0.946   94  1000    673  0.000   0.69
  2720   -0.0465   -0.162 -0.064   0.071  0.225   2.055  0.058    99.2  100.0     0.843    6.2    100.0   0.976   94  1000    675  0.000   0.78
  2730   -0.1203   -0.157 -0.064   0.059  0.216   1.980  0.003   100.0  100.0     0.828    4.7     75.0   0.972   94  1000    675  0.000   0.70
  2740   -0.0768   -0.149 -0.064   0.061  0.202   2.325  0.001    99.2   99.2     0.778    8.6     91.7   0.968   94  1000    675  0.000   0.64
  2750   -0.0627   -0.129 -0.070   0.078  0.199   3.302  0.001    99.2   98.4     0.704   18.8     91.7   0.927   94  1000    676  0.000   0.71
  2760   -0.0638   -0.087 -0.070   0.095  0.182   3.898  0.001   100.0   99.2     0.575   26.6    100.0   0.904   94  1000    676  0.000   0.70
  2770   -0.0213   -0.079 -0.070   0.075  0.154   4.694  0.008   100.0   91.4     0.504   34.4    100.0   0.913   94  1000    677  0.000   0.71
  2780    0.4830   -0.090 -0.070   0.102  0.192   4.028  0.195   100.0   97.7     0.568   28.9    100.0   0.859   94  1000    678  0.000   0.72
  2790    0.0852   -0.141 -0.070   0.088  0.229   2.093  0.195   100.0  100.0     0.859    7.0    100.0   0.967   94  1000    680  0.000   0.73
  2800   -0.2203   -0.160 -0.077   0.079  0.231   1.903  0.005    99.2  100.0     0.850    3.9     83.3   0.962   94  1000    682  0.000   0.69
      saved checkpoint @ step 2800 | examples: ['c1coc(Cc2nc3ccccc3[nH]2)c1', 'CC1CCCCN1C(=O)CC(c1ccccc1)c1ccccc1', 'N#CN1CCC(CC(=O)N2CC=CCC2)CC1', 'CCCN(CCC)CCCNc1ccnc2cc(Cl)ccc12', 'CCCC(=O)NCc1ccc(N2CCCC2)cc1']
  2810   -0.1406   -0.141 -0.077   0.088  0.229   2.038  0.001   100.0  100.0     0.836    7.8    100.0   0.903   94  1000    683  0.000   0.69
  2820   -0.0976   -0.121 -0.077   0.073  0.194   3.118  0.001   100.0   99.2     0.732   13.3    100.0   0.938   94  1000    683  0.000   0.69
  2830   -0.0642   -0.101 -0.077   0.110  0.211   3.759  0.001   100.0  100.0     0.680   24.2    100.0   0.875   94  1000    684  0.000   0.70
  2840   -0.0543   -0.082 -0.077   0.115  0.198   4.281  0.001   100.0   94.5     0.686   32.8    100.0   0.842   95  1000    684  0.000   0.69
  2850    0.2059   -0.049 -0.059   0.180  0.228   5.187  0.058   100.0   93.8     0.683   33.6    100.0   0.737   95  1000    684  0.000   0.63
  2860    0.0958   -0.115 -0.059   0.070  0.184   2.974  0.086   100.0   99.2     0.756   12.5    100.0   0.907   95  1000    685  0.000   0.75
  2870    0.0410   -0.162 -0.059   0.060  0.215   2.230  0.086    99.2  100.0     0.906    0.8     91.7   0.983   95  1000    685  0.000   0.73
  2880   -0.0557   -0.130 -0.059   0.106  0.236   2.035  0.038   100.0  100.0     0.883    8.6    100.0   0.904   95  1000    685  0.000   0.69
  2890   -0.0684   -0.155 -0.059   0.086  0.226   2.019  0.011    98.4  100.0     0.865    8.6    100.0   0.958   95  1000    685  0.000   0.75
  2900   -0.0740   -0.126 -0.067   0.102  0.221   2.765  0.005    99.2   99.2     0.770   16.4    100.0   0.903   96  1000    686  0.000   0.75
  2910   -0.0654   -0.079 -0.067   0.154  0.233   3.377  0.005   100.0   96.9     0.798   28.1    100.0   0.838   96  1000    688  0.000   0.69
  2920   -0.0429   -0.065 -0.067   0.164  0.229   4.122  0.005   100.0   95.3     0.721   29.7    100.0   0.780   97  1000    688  0.000   0.64
  2930    0.1605   -0.043 -0.067   0.193  0.237   4.613  0.058   100.0   98.4     0.683   37.5    100.0   0.748   99  1000    689  0.000   0.73
  2940    0.2154   -0.140 -0.067   0.097  0.221   3.435  0.130    98.4  100.0     0.778    9.4    100.0   0.934   99  1000    689  0.000   0.73
  2950   -0.1335   -0.154 -0.072   0.068  0.222   2.048  0.017   100.0  100.0     0.820    4.7     91.7   0.992   99  1000    690  0.000   0.71
  2960   -0.1033   -0.152 -0.072   0.058  0.211   2.095  0.002   100.0  100.0     0.781    7.0    100.0   0.991   99  1000    692  0.000   0.70
  2970   -0.0711   -0.134 -0.072   0.076  0.210   2.463  0.002   100.0  100.0     0.734   12.5     91.7   0.957   99  1000    696  0.000   0.68
  2980   -0.0603   -0.109 -0.072   0.083  0.192   3.005  0.002   100.0  100.0     0.719   18.0     91.7   0.952   99  1000    700  0.000   0.72
  2990   -0.0333   -0.058 -0.072   0.158  0.200   4.029  0.003    98.4   98.4     0.734   28.9    100.0   0.866  101  1000    704  0.000   0.72
      TL @ step 3000: 500 mols, 2/2 epochs, nll 0.264, kl_after 5.01
  3000    0.1797    0.042 -0.071   0.273  0.231   5.738  0.058   100.0   97.7     0.704   42.2    100.0   0.782  101  1000    724  0.000   0.77
      saved checkpoint @ step 3000 | examples: ['Cc1ccc(C(=O)Nc2cccc3[nH]ccc23)cc1-c1ccc2cc(NC(=O)C3CC3)ncc2c1', 'O=S(=O)(Nc1ccccc1)c1ccc(Cl)cc1', 'NCc1ccc(O)cc1', 'CCC(c1ccc(OC)cc1)n1ccnc1', 'CCc1ccc(CN)cc1']
  3010    0.2565   -0.154 -0.071   0.067  0.206   2.423  0.292    98.4  100.0     0.770    7.8    100.0   0.968  103  1000    745  0.000   0.70
  3020   -0.1286   -0.189 -0.071   0.068  0.226   2.310  0.130    96.9  100.0     0.879    1.6    100.0   0.985  103  1000    746  0.000   0.74
  3030   -0.3154   -0.173 -0.071   0.067  0.232   1.901  0.011    99.2  100.0     0.850    0.8    100.0   0.954  104  1000    746  0.000   0.68
  3040   -0.2056   -0.160 -0.071   0.055  0.207   2.194  0.003    99.2  100.0     0.780    1.6    100.0   0.959  104  1000    747  0.000   0.71
  3050   -0.1352   -0.147 -0.078   0.052  0.199   2.800  0.003   100.0   99.2     0.787    8.6     91.7   0.999  105  1000    747  0.000   0.75
  3060   -0.0832   -0.142 -0.078   0.053  0.195   3.011  0.003   100.0   98.4     0.786    9.4     91.7   0.998  105  1000    747  0.000   0.71
  3070   -0.0562   -0.131 -0.078   0.044  0.175   3.400  0.003   100.0   98.4     0.762   11.7     91.7   0.961  105  1000    747  0.000   0.64
  3080   -0.0362   -0.118 -0.078   0.060  0.178   3.828  0.003   100.0   99.2     0.638   18.8     83.3   0.944  105  1000    747  0.000   0.66
  3090   -0.0348   -0.108 -0.078   0.046  0.154   4.257  0.003   100.0   93.8     0.658   23.4    100.0   0.971  105  1000    748  0.000   0.63
  3100   -0.0109   -0.094 -0.079   0.057  0.151   4.278  0.008   100.0   95.3     0.566   25.8    100.0   0.960  105  1000    748  0.000   0.64
  3110    0.1996   -0.106 -0.079   0.046  0.152   3.777  0.086   100.0   97.7     0.656   22.7     91.7   0.958  105  1000    752  0.000   0.68
  3120    0.0316   -0.153 -0.079   0.053  0.206   2.117  0.086   100.0  100.0     0.805    4.7     91.7   0.992  106  1000    753  0.000   0.68
  3130   -0.0048   -0.140 -0.079   0.073  0.212   2.061  0.086   100.0  100.0     0.797    8.6     75.0   0.967  106  1000    756  0.000   0.71
  3140   -0.1211   -0.146 -0.079   0.057  0.203   1.925  0.011   100.0  100.0     0.805    7.0     75.0   0.959  106  1000    757  0.000   0.74
  3150   -0.0781   -0.159 -0.085   0.055  0.199   2.267  0.002    98.4  100.0     0.770   10.9     91.7   0.976  106  1000    759  0.000   0.71
  3160   -0.0501   -0.150 -0.085   0.041  0.184   2.228  0.002    99.2  100.0     0.717   10.9    100.0   0.999  106  1000    760  0.000   0.65
  3170   -0.0416   -0.116 -0.085   0.063  0.179   3.094  0.002   100.0  100.0     0.586   17.2    100.0   0.923  106  1000    760  0.000   0.73
  3180   -0.0500   -0.096 -0.085   0.074  0.170   3.626  0.002   100.0   98.4     0.690   25.8     91.7   0.940  107  1000    763  0.000   0.65
  3190   -0.0418   -0.058 -0.085   0.101  0.160   4.207  0.002   100.0   99.2     0.606   27.3    100.0   0.922  107  1000    765  0.000   0.66
  3200    0.0713   -0.030 -0.081   0.113  0.144   5.085  0.026   100.0   96.1     0.585   35.9    100.0   0.895  109  1000    773  0.000   0.68
      saved checkpoint @ step 3200 | examples: ['CCCn1cncc1-c1ccncc1', 'O=C(COc1ccccc1Oc1ccccc1)c1ccccc1', 'Cc1ccc(C(=O)NCc2ccc(C(=O)O)cc2)cc1-c1ccc2cc(NC(=O)C3CC3)ncc2c1', 'COc1cc(N2CCCCC2)ccc1Nc1nccc(-c2cccnc2)n1', 'Cc1ccc(S(=O)(=O)N/N=C\\c2ccccc2)cc1']
  3210    0.2572   -0.108 -0.081   0.089  0.197   2.897  0.195   100.0  100.0     0.797   10.9     91.7   0.946  111  1000    790  0.000   0.73
  3220   -0.0302   -0.166 -0.081   0.072  0.222   2.125  0.130    98.4  100.0     0.905    7.0     83.3   0.974  112  1000    796  0.000   0.67
  3230   -0.2073   -0.162 -0.081   0.081  0.235   2.013  0.017    99.2  100.0     0.906    3.9     91.7   0.997  112  1000    800  0.000   0.71
  3240   -0.1421   -0.161 -0.081   0.062  0.207   2.134  0.001    98.4  100.0     0.857    7.8    100.0   0.982  112  1000    800  0.000   0.70
  3250   -0.0956   -0.149 -0.087   0.066  0.208   2.437  0.001    99.2  100.0     0.795   10.2    100.0   0.966  112  1000    801  0.000   0.66
  3260   -0.0685   -0.136 -0.087   0.044  0.179   2.879  0.001   100.0   99.2     0.740   15.6     91.7   0.974  112  1000    801  0.000   0.71
  3270   -0.0487   -0.123 -0.087   0.040  0.163   3.233  0.001   100.0  100.0     0.672   18.8     83.3   0.967  112  1000    801  0.000   0.71
  3280   -0.0471   -0.108 -0.087   0.045  0.152   3.825  0.001   100.0   99.2     0.583   28.1    100.0   0.967  112  1000    802  0.000   0.73
  3290   -0.0170   -0.105 -0.087   0.034  0.138   4.902  0.003   100.0   95.3     0.598   33.6     91.7   0.960  112  1000    803  0.000   0.72
  3300    0.2634   -0.078 -0.081   0.059  0.137   4.581  0.086   100.0   96.9     0.597   30.5     91.7   0.967  112  1000    805  0.000   0.71
  3310    0.0486   -0.124 -0.081   0.077  0.201   2.360  0.086   100.0  100.0     0.797   10.2     91.7   0.972  112  1000    807  0.000   0.69
  3320   -0.0636   -0.159 -0.081   0.062  0.221   1.804  0.038   100.0  100.0     0.867    6.2     91.7   0.997  112  1000    810  0.000   0.69
  3330   -0.0749   -0.156 -0.081   0.062  0.210   1.875  0.017    99.2  100.0     0.850    6.2    100.0   0.974  112  1000    812  0.000   0.68
  3340   -0.0611   -0.097 -0.081   0.102  0.199   2.715  0.017   100.0  100.0     0.797   14.8    100.0   0.944  112  1000    814  0.000   0.76
  3350   -0.0265   -0.124 -0.086   0.087  0.203   2.791  0.017    99.2  100.0     0.787   10.9    100.0   0.937  113  1000    825  0.000   0.73
  3360   -0.0229   -0.122 -0.086   0.067  0.189   2.793  0.017   100.0   99.2     0.756   14.1     91.7   0.976  113  1000    835  0.000   0.68
  3370   -0.0385   -0.050 -0.086   0.150  0.200   3.739  0.017   100.0  100.0     0.742   26.6    100.0   0.936  114  1000    862  0.000   0.70
  3380    0.3867    0.031 -0.086   0.250  0.219   5.285  0.130   100.0   99.2     0.819   35.9    100.0   0.912  114  1000    907  0.000   0.75
  3390    0.0653   -0.150 -0.086   0.068  0.210   2.101  0.130    99.2   99.2     0.810    7.0     91.7   0.991  114  1000    938  0.000   0.72
  3400   -0.1247   -0.144 -0.091   0.071  0.214   2.224  0.026   100.0  100.0     0.820    8.6    100.0   0.969  114  1000    940  0.000   0.75
      saved checkpoint @ step 3400 | examples: ['Cc1ccc(CNC(=O)c2cccc(-c3ccc(Cl)cc3)n2)cc1', 'CCNCCS(=O)(=O)N1CCOCCC1c1cc(C)ccn1', 'C=CCNc1ccccc1', 'COc1cc(OC)cc(C(C)O)c1', 'O=C(Cc1ccccc1F)Nc1ccc(OC(F)F)cc1']
  3410   -0.1103   -0.157 -0.091   0.057  0.214   1.915  0.001   100.0  100.0     0.844    6.2    100.0   0.982  114  1000    941  0.000   0.67
  3420   -0.0741   -0.136 -0.091   0.063  0.200   2.491  0.001   100.0  100.0     0.781   14.1    100.0   0.961  114  1000    944  0.000   0.68
  3430   -0.0494   -0.128 -0.091   0.061  0.182   2.716  0.001    99.2  100.0     0.764   17.2     91.7   0.929  114  1000    944  0.000   0.63
  3440   -0.0653   -0.062 -0.091   0.125  0.187   3.777  0.001   100.0   99.2     0.685   29.7    100.0   0.914  115  1000    955  0.000   0.67
  3450   -0.0673   -0.036 -0.092   0.139  0.175   4.757  0.002   100.0   99.2     0.709   34.4    100.0   0.937  116  1000    979  0.000   0.72
  3460    0.4939    0.025 -0.092   0.218  0.193   6.050  0.130   100.0   99.2     0.693   43.8    100.0   0.901  118  1000   1000  0.000   0.75
  3470    0.1722   -0.140 -0.092   0.061  0.200   2.360  0.292   100.0  100.0     0.797   12.5     83.3   0.968  119  1000   1000  0.000   0.73
  3480   -0.2317   -0.164 -0.092   0.063  0.226   2.048  0.086   100.0  100.0     0.859    7.8    100.0   0.997  119  1000   1000  0.000   0.68
  3490   -0.2409   -0.146 -0.092   0.069  0.215   2.291  0.026   100.0   99.2     0.850    7.8    100.0   0.984  119  1000   1000  0.000   0.66
      TL @ step 3500: 500 mols, 2/2 epochs, nll 0.353, kl_after 2.44
  3500   -0.1318   -0.159 -0.097   0.046  0.189   2.590  0.026    98.4  100.0     0.817   11.7     91.7   0.992  119  1000   1000  0.000   0.67
  3510   -0.0870   -0.136 -0.097   0.056  0.192   2.670  0.026   100.0  100.0     0.781   16.4     83.3   0.969  119  1000   1000  0.000   0.66
  3520   -0.0774   -0.130 -0.097   0.068  0.197   2.731  0.017   100.0   99.2     0.685   17.2     91.7   0.960  119  1000   1000  0.000   0.71
  3530   -0.0456   -0.132 -0.097   0.067  0.191   2.618  0.017    99.2  100.0     0.764   18.0     91.7   0.980  119  1000   1000  0.000   0.68
  3540   -0.0257   -0.111 -0.097   0.079  0.190   2.820  0.017   100.0  100.0     0.727   19.5    100.0   0.953  119  1000   1000  0.000   0.75
  3550   -0.0297   -0.100 -0.099   0.087  0.187   3.397  0.017   100.0  100.0     0.680   28.1     75.0   0.943  119  1000   1000  0.000   0.87
  3560   -0.0137   -0.096 -0.099   0.091  0.187   3.493  0.017   100.0  100.0     0.742   26.6    100.0   0.921  119  1000   1000  0.000   0.84
  3570   -0.0150   -0.107 -0.099   0.084  0.191   2.878  0.017   100.0  100.0     0.711   18.8    100.0   0.933  119  1000   1000  0.000   0.76
  3580   -0.0206   -0.054 -0.099   0.140  0.194   3.837  0.017   100.0  100.0     0.734   28.1    100.0   0.903  120  1000   1000  0.000   0.79
  3590    0.1197   -0.118 -0.099   0.100  0.202   3.094  0.086    98.4   99.2     0.784   20.3    100.0   0.975  123  1000   1000  0.000   0.86
  3600    0.0271   -0.166 -0.101   0.060  0.210   2.028  0.086    98.4  100.0     0.802    9.4     83.3   0.983  124  1000   1000  0.000   0.77
      saved checkpoint @ step 3600 | examples: ['CCCCCCCCCCCCCCC(=O)O', 'COc1cc(/C=C/C(=O)N2CCOCC2)ccc1O', 'CC(NC(=O)c1ccc(Cl)cc1)c1nnc(SCC(=O)Nc2ccc(F)cc2)n1C', 'COc1ccc(/C=N/NC(=O)c2cccs2)cc1OCC#N', 'OC(c1ccccc1)c1nnc(NCc2ccc(-c3ccccc3)cc2)o1']
  3610   -0.0732   -0.132 -0.101   0.085  0.217   2.074  0.038   100.0  100.0     0.883   12.5    100.0   0.970  124  1000   1000  0.000   0.80
  3620   -0.0771   -0.108 -0.101   0.103  0.211   2.593  0.026   100.0  100.0     0.844   17.2    100.0   0.961  124  1000   1000  0.000   0.79
  3630   -0.0525   -0.123 -0.101   0.091  0.214   2.423  0.026   100.0  100.0     0.789   17.2     91.7   0.972  124  1000   1000  0.000   0.77
  3640   -0.0548   -0.099 -0.101   0.117  0.216   2.708  0.017   100.0  100.0     0.812   18.8     91.7   0.954  125  1000   1000  0.000   0.80
  3650   -0.0488   -0.089 -0.104   0.127  0.217   3.111  0.017   100.0  100.0     0.789   25.0    100.0   0.961  126  1000   1000  0.000   0.79
  3660   -0.0086    0.009 -0.104   0.225  0.208   4.719  0.026    99.2   99.2     0.754   40.6    100.0   0.872  129  1000   1000  0.000   0.76
  3670    0.1982   -0.015 -0.104   0.206  0.214   4.571  0.086    99.2   99.2     0.810   30.5    100.0   0.915  132  1000   1000  0.000   0.81
  3680    0.1123   -0.091 -0.104   0.147  0.238   3.035  0.130   100.0  100.0     0.930   18.0    100.0   0.965  133  1000   1000  0.000   0.86
  3690   -0.1389   -0.163 -0.104   0.075  0.230   1.805  0.038    99.2  100.0     0.921    6.2     83.3   0.978  133  1000   1000  0.000   0.77
  3700   -0.1527   -0.137 -0.108   0.088  0.217   1.962  0.005    99.2  100.0     0.858   13.3     91.7   0.962  133  1000   1000  0.000   0.78
  3710   -0.1177   -0.098 -0.108   0.119  0.209   3.116  0.005    99.2   99.2     0.857   22.7     91.7   0.963  133  1000   1000  0.000   0.84
  3720   -0.0878   -0.047 -0.108   0.153  0.201   3.785  0.005   100.0  100.0     0.766   28.9    100.0   0.921  134  1000   1000  0.000   0.84
  3730   -0.0179   -0.036 -0.108   0.184  0.204   5.214  0.017    98.4  100.0     0.794   36.7    100.0   0.911  138  1000   1000  0.000   0.77
  3740    0.9014   -0.020 -0.108   0.225  0.229   4.969  0.292    98.4   99.2     0.888   35.9    100.0   0.922  138  1000   1000  0.000   0.78
  3750   -0.1624   -0.169 -0.110   0.071  0.241   1.854  0.130   100.0  100.0     0.867    7.0     83.3   0.988  138  1000   1000  0.000   0.77
  3760   -0.2928   -0.165 -0.110   0.055  0.212   1.774  0.017    99.2  100.0     0.874   13.3     75.0   0.999  138  1000   1000  0.000   0.69
  3770   -0.1876   -0.153 -0.110   0.053  0.206   2.368  0.008   100.0  100.0     0.797   14.1     83.3   0.964  138  1000   1000  0.000   0.74
  3780   -0.1144   -0.149 -0.110   0.048  0.197   2.238  0.008   100.0  100.0     0.750   15.6    100.0   0.991  138  1000   1000  0.000   0.86
  3790   -0.0637   -0.150 -0.110   0.049  0.191   2.815  0.008    99.2  100.0     0.795   21.1     91.7   0.980  138  1000   1000  0.000   0.74
  3800   -0.0469   -0.136 -0.112   0.057  0.185   3.085  0.008    99.2  100.0     0.732   28.9     75.0   0.941  138  1000   1000  0.000   0.75
      saved checkpoint @ step 3800 | examples: ['CC(=O)NCC(=O)NCC(=O)Nc1ccc(OC(F)(F)F)cc1', 'NCCNc1ccnc2cc(Cl)ccc12', 'O=C(O)CCc1cccc(Cl)c1', 'CN(Cc1ccc(Cl)cc1)C(=O)c1ccc(COc2ccc(Cl)cc2)cc1', 'CCCCCCc1ccc(-c2ccc(-c3ccccc3)cc2O)cc1']
  3810   -0.0256   -0.128 -0.112   0.053  0.173   2.937  0.008    99.2  100.0     0.685   25.0    100.0   0.976  138  1000   1000  0.000   0.78
  3820   -0.0083   -0.139 -0.112   0.058  0.189   3.147  0.008    99.2  100.0     0.764   28.9    100.0   0.972  138  1000   1000  0.000   0.82
  3830   -0.0094   -0.133 -0.112   0.038  0.171   3.166  0.008   100.0   98.4     0.667   25.8    100.0   0.992  138  1000   1000  0.000   0.69
  3840   -0.0125   -0.116 -0.112   0.031  0.147   3.987  0.008   100.0   94.5     0.636   39.1    100.0   0.975  138  1000   1000  0.000   0.66
  3850    0.0254   -0.105 -0.089   0.025  0.130   4.650  0.011   100.0   94.5     0.488   35.2    100.0   0.992  138  1000   1000  0.000   0.75
  3860    0.1694   -0.088 -0.089   0.043  0.131   4.449  0.058   100.0   94.5     0.455   36.7    100.0   0.968  138  1000   1000  0.000   0.73
  3870    0.0617   -0.128 -0.089   0.042  0.162   3.059  0.058    99.2   98.4     0.664   23.4    100.0   0.968  138  1000   1000  0.000   0.77
  3880    0.0285   -0.138 -0.089   0.058  0.188   2.680  0.058    99.2  100.0     0.717   15.6    100.0   0.951  139  1000   1000  0.000   0.77
  3890   -0.0064   -0.133 -0.089   0.060  0.193   2.089  0.058   100.0  100.0     0.789   10.2     83.3   0.975  139  1000   1000  0.000   0.75
  3900   -0.0012   -0.148 -0.094   0.059  0.208   2.236  0.058   100.0  100.0     0.773   11.7     75.0   0.996  139  1000   1000  0.000   0.70
  3910   -0.0805   -0.139 -0.094   0.078  0.217   1.982  0.017   100.0  100.0     0.852    8.6     91.7   0.956  139  1000   1000  0.000   0.69
  3920   -0.0603   -0.134 -0.094   0.080  0.214   2.217  0.011   100.0  100.0     0.750   10.9    100.0   0.962  139  1000   1000  0.000   0.69
  3930   -0.0384   -0.126 -0.094   0.074  0.193   2.496  0.011    99.2  100.0     0.732   21.1    100.0   0.970  139  1000   1000  0.000   0.70
  3940   -0.0318   -0.108 -0.094   0.081  0.188   2.406  0.011   100.0   99.2     0.709   20.3    100.0   0.961  139  1000   1000  0.000   0.71
  3950   -0.0297   -0.098 -0.096   0.096  0.186   3.336  0.011    99.2  100.0     0.693   23.4    100.0   0.948  140  1000   1000  0.000   0.69
  3960   -0.0317   -0.059 -0.096   0.123  0.181   3.576  0.011   100.0  100.0     0.734   32.0    100.0   0.915  141  1000   1000  0.000   0.65
  3970    0.1559   -0.011 -0.096   0.169  0.180   5.071  0.058   100.0   99.2     0.661   43.8    100.0   0.923  141  1000   1000  0.000   0.71
  3980    0.2059   -0.110 -0.096   0.112  0.214   2.702  0.195    99.2  100.0     0.843   14.8    100.0   0.962  141  1000   1000  0.000   0.70
  3990   -0.1009   -0.160 -0.096   0.061  0.220   2.083  0.086   100.0  100.0     0.836   10.2     91.7   0.980  141  1000   1000  0.000   0.73
      TL @ step 4000: 500 mols, 2/2 epochs, nll 0.320, kl_after 1.75
  4000   -0.2103   -0.151 -0.101   0.064  0.215   1.859  0.005   100.0  100.0     0.844   10.9     75.0   0.991  141  1000   1000  0.000   0.74
      saved checkpoint @ step 4000 | examples: ['C/C(=N\\Nc1nncc2ccccc12)c1ccncc1', 'CCOC(=O)CCc1ccccc1C(F)(F)F', 'C[C@@H](C(=O)N(C)C)n1ccc2cc(Br)ccc21', 'COc1ccccc1/C=C1\\C(=O)Nc2ccc(F)cc21', 'O=C(CSc1nnnn1-c1ccccc1)c1ccccc1']
  4010   -0.1263   -0.141 -0.101   0.068  0.209   2.279  0.002   100.0  100.0     0.820   14.8    100.0   0.949  141  1000   1000  0.000   0.70
  4020   -0.0797   -0.131 -0.101   0.073  0.204   2.691  0.002   100.0  100.0     0.734   18.8    100.0   0.967  142  1000   1000  0.000   0.73
  4030   -0.0597   -0.095 -0.101   0.095  0.190   3.326  0.002   100.0  100.0     0.766   26.6     91.7   0.941  142  1000   1000  0.000   0.66
  4040   -0.0536   -0.062 -0.101   0.126  0.180   4.119  0.002    99.2   99.2     0.746   33.6    100.0   0.928  142  1000   1000  0.000   0.69
  4050   -0.0024   -0.024 -0.097   0.152  0.176   4.732  0.011   100.0   98.4     0.730   39.8    100.0   0.883  143  1000   1000  0.000   0.74
  4060    0.8910   -0.007 -0.097   0.204  0.203   4.751  0.292    99.2   99.2     0.802   31.2    100.0   0.936  145  1000   1000  0.000   0.83
  4070    0.2179   -0.123 -0.097   0.100  0.222   2.499  0.292   100.0  100.0     0.852   13.3     91.7   0.967  145  1000   1000  0.000   0.80
  4080   -0.2238   -0.157 -0.097   0.070  0.220   2.058  0.086    99.2  100.0     0.921    7.8     83.3   0.978  145  1000   1000  0.000   0.91
  4090   -0.2470   -0.153 -0.097   0.063  0.217   1.917  0.026   100.0  100.0     0.844    6.2    100.0   0.973  145  1000   1000  0.000   0.93
  4100   -0.1426   -0.157 -0.101   0.065  0.206   2.540  0.017    98.4  100.0     0.802   11.7    100.0   0.963  145  1000   1000  0.000   0.82
  4110   -0.0891   -0.140 -0.101   0.059  0.191   2.545  0.017    99.2  100.0     0.732   18.0     83.3   0.960  145  1000   1000  0.000   0.61
  4120   -0.0556   -0.129 -0.101   0.071  0.193   2.621  0.017    99.2  100.0     0.835   21.1    100.0   0.952  145  1000   1000  0.000   0.74
  4130   -0.0401   -0.126 -0.101   0.061  0.187   2.739  0.017   100.0   99.2     0.709   19.5    100.0   0.973  145  1000   1000  0.000   0.81
  4140   -0.0206   -0.125 -0.101   0.073  0.190   2.632  0.017    99.2   99.2     0.786   18.8     91.7   0.951  146  1000   1000  0.000   0.75
  4150   -0.0231   -0.111 -0.103   0.077  0.188   2.797  0.017   100.0  100.0     0.781   20.3     91.7   0.964  146  1000   1000  0.000   0.69
  4160   -0.0237   -0.088 -0.103   0.104  0.192   3.320  0.017   100.0  100.0     0.805   20.3    100.0   0.950  146  1000   1000  0.000   0.79
  4170   -0.0422   -0.053 -0.103   0.145  0.198   3.875  0.017   100.0  100.0     0.703   29.7    100.0   0.946  148  1000   1000  0.000   0.74
  4180   -0.0046   -0.037 -0.103   0.174  0.204   4.113  0.017    99.2  100.0     0.764   32.8    100.0   0.890  148  1000   1000  0.000   0.76
  4190    0.1732   -0.038 -0.103   0.175  0.213   3.925  0.086   100.0   99.2     0.764   27.3    100.0   0.901  149  1000   1000  0.000   0.77
  4200    0.1371   -0.107 -0.104   0.122  0.229   3.139  0.130   100.0  100.0     0.867   14.8     91.7   0.976  149  1000   1000  0.000   0.95
      saved checkpoint @ step 4200 | examples: ['CCCCOc1ncccc1-c1cc(C)nc2nc(SC)nn12', 'COc1ccc(-c2c[nH]c(C(F)(F)F)n2)cc1C(F)(F)F', 'O=C(NCc1nnc(-c2ccccc2)o1)c1cnccn1', 'CCCCCCCCNc1ccc(C(=O)OC)cc1', 'N=C(N)N/N=C/c1ccccn1']
  4210   -0.0484   -0.162 -0.104   0.074  0.228   2.051  0.086    99.2  100.0     0.890    9.4     91.7   0.970  149  1000   1000  0.000   0.86
  4220   -0.1531   -0.159 -0.104   0.058  0.217   1.658  0.011   100.0  100.0     0.852   12.5     83.3   0.989  149  1000   1000  0.000   0.79
  4230   -0.1264   -0.129 -0.104   0.072  0.200   2.247  0.001   100.0  100.0     0.812   18.0    100.0   0.990  149  1000   1000  0.000   0.81
  4240   -0.0779   -0.118 -0.104   0.082  0.200   2.429  0.001   100.0  100.0     0.781   21.1    100.0   0.956  149  1000   1000  0.000   0.64
  4250   -0.0499   -0.116 -0.106   0.072  0.180   2.982  0.001    99.2  100.0     0.732   29.7    100.0   0.968  150  1000   1000  0.000   0.69
  4260   -0.0676   -0.038 -0.106   0.135  0.172   4.321  0.001   100.0   99.2     0.669   41.4    100.0   0.920  150  1000   1000  0.000   0.78
  4270   -0.0228   -0.035 -0.106   0.143  0.170   4.801  0.008    99.2   96.9     0.699   46.9    100.0   0.914  152  1000   1000  0.000   0.75
  4280    0.9534   -0.024 -0.106   0.175  0.191   5.002  0.292    99.2   99.2     0.746   43.8    100.0   0.904  154  1000   1000  0.000   0.80
  4290    0.0660   -0.145 -0.106   0.087  0.232   2.347  0.292   100.0   99.2     0.898   10.2     91.7   0.982  154  1000   1000  0.000   0.74
  4300   -0.4514   -0.152 -0.109   0.067  0.219   1.963  0.058   100.0  100.0     0.883   14.1    100.0   0.990  154  1000   1000  0.000   0.73
  4310   -0.3095   -0.157 -0.109   0.052  0.209   2.023  0.026   100.0  100.0     0.828    7.8     91.7   0.961  154  1000   1000  0.000   0.74
  4320   -0.1676   -0.159 -0.109   0.049  0.200   2.569  0.026    99.2  100.0     0.764   11.7    100.0   0.976  154  1000   1000  0.000   0.71
  4330   -0.1053   -0.133 -0.109   0.073  0.198   2.787  0.026    99.2  100.0     0.748   23.4    100.0   0.942  154  1000   1000  0.000   0.64
  4340   -0.0790   -0.137 -0.109   0.055  0.192   2.277  0.026   100.0  100.0     0.844   18.8    100.0   0.959  154  1000   1000  0.000   0.65
  4350   -0.0355   -0.157 -0.111   0.058  0.207   2.336  0.026    99.2  100.0     0.795   16.4     91.7   0.951  154  1000   1000  0.000   0.73
  4360   -0.0383   -0.121 -0.111   0.071  0.193   2.512  0.026   100.0  100.0     0.742   25.0    100.0   0.952  154  1000   1000  0.000   0.72
  4370   -0.0174   -0.131 -0.111   0.072  0.203   2.542  0.026   100.0  100.0     0.758   17.2    100.0   0.923  154  1000   1000  0.000   0.72
  4380   -0.0151   -0.127 -0.111   0.055  0.182   2.613  0.026   100.0  100.0     0.719   26.6     91.7   0.975  154  1000   1000  0.000   0.69
  4390   -0.0180   -0.119 -0.111   0.073  0.192   2.519  0.026   100.0  100.0     0.727   28.9    100.0   0.957  154  1000   1000  0.000   0.71
  4400   -0.0199   -0.123 -0.113   0.075  0.198   2.461  0.026   100.0  100.0     0.766   24.2    100.0   0.952  154  1000   1000  0.000   0.71
      saved checkpoint @ step 4400 | examples: ['O=C(O)CCNCCCCNCc1ccc(Br)cc1', 'NCCCC1c2ccccc2Oc2ccccc21', 'O=C(Nc1ccccc1Br)c1ccc(C(=O)N2CCCC3(CCC3)C2)cc1', 'c1ccc(-c2ccncc2)cc1', 'Cc1ncccc1OCC1CNC1']
  4410    0.0040   -0.124 -0.113   0.086  0.202   2.735  0.026    99.2  100.0     0.717   22.7    100.0   0.944  155  1000   1000  0.000   0.74
  4420   -0.0084   -0.117 -0.113   0.075  0.192   2.429  0.026   100.0   99.2     0.780   21.9     91.7   0.957  155  1000   1000  0.000   0.74
  4430   -0.0093   -0.104 -0.113   0.099  0.203   2.668  0.026   100.0  100.0     0.805   24.2    100.0   0.917  155  1000   1000  0.000   0.69
  4440   -0.0117   -0.086 -0.113   0.110  0.196   2.928  0.026   100.0  100.0     0.789   25.8    100.0   0.947  156  1000   1000  0.000   0.75
  4450    0.0052   -0.110 -0.113   0.098  0.200   3.099  0.026    99.2  100.0     0.835   29.7    100.0   0.942  156  1000   1000  0.000   0.77
  4460   -0.0100   -0.075 -0.113   0.128  0.202   3.234  0.026   100.0  100.0     0.781   33.6    100.0   0.912  158  1000   1000  0.000   0.79
  4470    0.0108   -0.088 -0.113   0.150  0.215   3.416  0.026    97.7  100.0     0.760   37.5    100.0   0.867  159  1000   1000  0.000   0.78
  4480   -0.0154   -0.036 -0.113   0.184  0.220   4.170  0.026   100.0  100.0     0.836   38.3    100.0   0.910  159  1000   1000  0.000   0.74
  4490    0.0979   -0.048 -0.113   0.182  0.230   4.112  0.058   100.0  100.0     0.805   38.3    100.0   0.894  161  1000   1000  0.000   0.73
      TL @ step 4500: 500 mols, 2/2 epochs, nll 0.252, kl_after 3.14
  4500    0.0456   -0.066 -0.103   0.164  0.229   3.291  0.058   100.0  100.0     0.820   19.5    100.0   0.918  162  1000   1000  0.000   1.06
  4510    0.0311   -0.075 -0.103   0.157  0.224   3.349  0.058    99.2  100.0     0.858   18.8    100.0   0.938  165  1000   1000  0.000   1.03
  4520    0.0144   -0.154 -0.103   0.088  0.211   2.345  0.058    96.9  100.0     0.855   13.3    100.0   0.958  165  1000   1000  0.000   0.99
  4530   -0.0131   -0.121 -0.103   0.118  0.232   2.366  0.058    99.2  100.0     0.858   17.2    100.0   0.957  166  1000   1000  0.000   1.07
  4540   -0.0385   -0.131 -0.103   0.092  0.224   2.011  0.038   100.0  100.0     0.812   10.2     83.3   0.951  166  1000   1000  0.000   1.16
  4550   -0.0335   -0.094 -0.107   0.145  0.239   2.769  0.038   100.0  100.0     0.859   18.8    100.0   0.950  166  1000   1000  0.000   1.12
  4560   -0.0220   -0.106 -0.107   0.122  0.220   2.722  0.038    99.2  100.0     0.850   24.2    100.0   0.966  166  1000   1000  0.000   1.08
  4570   -0.0079   -0.066 -0.107   0.167  0.225   3.460  0.038    99.2  100.0     0.827   24.2    100.0   0.935  167  1000   1000  0.000   1.10
  4580   -0.0098   -0.082 -0.107   0.143  0.226   2.922  0.038   100.0  100.0     0.812   22.7    100.0   0.932  168  1000   1000  0.000   1.08
  4590   -0.0153   -0.066 -0.107   0.163  0.229   3.372  0.038   100.0  100.0     0.781   25.0    100.0   0.949  169  1000   1000  0.000   1.38
  4600   -0.0106   -0.041 -0.108   0.184  0.225   3.681  0.038   100.0  100.0     0.781   28.1    100.0   0.944  170  1000   1000  0.000   1.40
      saved checkpoint @ step 4600 | examples: ['Cc1ccc(NC(=O)C2CC(=O)N(C3CCCC3)C2)cc1-c1ccc2cc(NC(=O)C3CC3)ncc2c1', 'COc1ccc(S(=O)(=O)NC2CCS(=O)(=O)C2)cc1F', 'CC(C)(C)NS(=O)(=O)c1ccc2c(c1)C(=O)C1CC2C1Cc1ccccc1', 'O=C(O)c1cccc(CCCc2ccccc2)c1', 'c1ccc2cc(CCOCC3CCCO3)ccc2c1']
  4610    0.0732   -0.032 -0.108   0.198  0.230   3.380  0.086   100.0  100.0     0.914   25.8    100.0   0.939  171  1000   1000  0.000   0.81
  4620   -0.0086   -0.110 -0.108   0.131  0.234   2.715  0.058    99.2  100.0     0.906   18.0    100.0   0.942  171  1000   1000  0.000   0.78
  4630   -0.0641   -0.134 -0.108   0.093  0.227   1.950  0.038   100.0  100.0     0.875   16.4    100.0   0.963  171  1000   1000  0.000   0.85
  4640   -0.0815   -0.135 -0.108   0.091  0.226   1.982  0.011   100.0  100.0     0.844   10.9     91.7   0.965  171  1000   1000  0.000   0.78
  4650   -0.0680   -0.071 -0.111   0.149  0.220   3.179  0.011   100.0  100.0     0.805   29.7    100.0   0.913  171  1000   1000  0.000   0.74
  4660   -0.0261    0.034 -0.111   0.244  0.210   5.167  0.026   100.0   98.4     0.722   45.3    100.0   0.887  171  1000   1000  0.000   0.72
  4670    0.4024   -0.013 -0.111   0.213  0.226   3.894  0.195   100.0  100.0     0.875   30.5    100.0   0.901  172  1000   1000  0.000   0.80
  4680   -0.1212   -0.164 -0.111   0.084  0.241   2.044  0.058    99.2  100.0     0.906    8.6     83.3   0.981  173  1000   1000  0.000   0.69
  4690   -0.1621   -0.138 -0.111   0.080  0.210   2.058  0.011    99.2  100.0     0.811   18.8    100.0   0.964  173  1000   1000  0.000   0.74
  4700   -0.1243   -0.109 -0.114   0.114  0.222   2.511  0.003   100.0  100.0     0.781   23.4    100.0   0.913  173  1000   1000  0.000   0.73
  4710   -0.1069   -0.049 -0.114   0.160  0.209   3.544  0.003   100.0  100.0     0.758   32.8    100.0   0.851  174  1000   1000  0.000   0.79
  4720   -0.0931   -0.029 -0.114   0.172  0.201   4.455  0.003   100.0   98.4     0.754   35.2    100.0   0.915  174  1000   1000  0.000   0.72
  4730    0.1681    0.000 -0.114   0.223  0.207   5.421  0.058    98.4   96.8     0.721   49.2    100.0   0.894  176  1000   1000  0.000   0.87
  4740    0.2559   -0.149 -0.114   0.081  0.222   2.293  0.292    99.2  100.0     0.858   12.5     91.7   0.960  177  1000   1000  0.000   0.79
  4750   -0.3016   -0.161 -0.116   0.076  0.237   1.721  0.058   100.0  100.0     0.930    7.8    100.0   0.960  177  1000   1000  0.000   0.84
  4760   -0.2337   -0.157 -0.116   0.054  0.212   2.144  0.011   100.0  100.0     0.906   14.1     91.7   0.983  177  1000   1000  0.000   0.79
  4770   -0.1387   -0.148 -0.116   0.062  0.210   2.220  0.008   100.0  100.0     0.836   20.3     91.7   0.952  177  1000   1000  0.000   0.76
  4780   -0.0998   -0.121 -0.116   0.068  0.189   2.555  0.008   100.0  100.0     0.797   28.9     91.7   0.949  177  1000   1000  0.000   0.74
  4790   -0.0669   -0.105 -0.116   0.106  0.195   3.278  0.008    98.4   99.2     0.816   32.0    100.0   0.950  177  1000   1000  0.000   0.74
  4800   -0.0393   -0.113 -0.116   0.076  0.189   3.274  0.008   100.0   99.2     0.740   37.5    100.0   0.939  177  1000   1000  0.000   0.81
      saved checkpoint @ step 4800 | examples: ['CCCCCCCCCCCCCCCCCNC(=O)OC(C)(C)C', 'O=c1c2ccccc2nc(-c2ccccc2)n1-c1ccccc1', 'CC#CC(CC(=O)O)c1ccccc1', 'O=C(CCN1C(=O)c2ccccc2C1=O)c1ccccc1', 'O=C(Nc1ccncc1)OCc1ccccc1']
  4810   -0.0369   -0.084 -0.116   0.134  0.218   3.785  0.008   100.0   99.2     0.764   37.5    100.0   0.890  178  1000   1000  0.000   0.80
  4820   -0.0473   -0.024 -0.116   0.194  0.218   4.464  0.008   100.0   96.1     0.642   54.7    100.0   0.785  178  1000   1000  0.000   0.82
  4830    0.0291   -0.031 -0.116   0.192  0.223   4.445  0.026   100.0   98.4     0.651   50.0    100.0   0.795  178  1000   1000  0.000   0.81
  4840    0.2138   -0.045 -0.116   0.153  0.199   3.731  0.130   100.0  100.0     0.734   35.9    100.0   0.899  180  1000   1000  0.000   0.74
  4850    0.0730   -0.145 -0.106   0.077  0.214   2.481  0.130    99.2  100.0     0.843   10.2    100.0   0.952  181  1000   1000  0.000   0.78
  4860   -0.1211   -0.166 -0.106   0.068  0.234   1.871  0.058   100.0  100.0     0.844    5.5     91.7   0.975  181  1000   1000  0.000   0.74
  4870   -0.1454   -0.157 -0.106   0.062  0.211   2.158  0.005    99.2  100.0     0.803   13.3     91.7   0.947  181  1000   1000  0.000   0.77
  4880   -0.0905   -0.151 -0.106   0.054  0.205   2.071  0.005   100.0  100.0     0.844   10.9     66.7   0.978  181  1000   1000  0.000   0.87
  4890   -0.0762   -0.123 -0.106   0.077  0.192   2.658  0.005    99.2  100.0     0.732   24.2     91.7   0.965  181  1000   1000  0.000   0.71
  4900   -0.0357   -0.137 -0.109   0.064  0.202   2.527  0.005   100.0  100.0     0.734   20.3     91.7   0.941  181  1000   1000  0.000   0.79
  4910   -0.0374   -0.118 -0.109   0.080  0.198   2.765  0.005   100.0  100.0     0.758   28.1    100.0   0.945  181  1000   1000  0.000   0.77
  4920   -0.0448   -0.061 -0.109   0.144  0.197   3.621  0.005    99.2   98.4     0.736   35.2    100.0   0.855  182  1000   1000  0.000   0.75
  4930   -0.0268   -0.074 -0.109   0.112  0.186   4.256  0.005   100.0   96.9     0.597   49.2    100.0   0.899  183  1000   1000  0.000   0.74
  4940    0.0372    0.002 -0.109   0.199  0.198   4.690  0.026   100.0   96.9     0.702   46.9    100.0   0.832  184  1000   1000  0.000   0.81
  4950    0.1777   -0.058 -0.071   0.152  0.210   4.064  0.086   100.0  100.0     0.781   22.7    100.0   0.918  187  1000   1000  0.000   0.77
  4960    0.0746   -0.123 -0.071   0.097  0.211   2.734  0.086    99.2  100.0     0.756   10.9    100.0   0.951  189  1000   1000  0.000   0.77
  4970   -0.0137   -0.132 -0.071   0.089  0.222   2.311  0.058   100.0  100.0     0.906   10.2     91.7   0.972  189  1000   1000  0.000   0.76
  4980   -0.0221   -0.135 -0.071   0.088  0.223   2.315  0.058   100.0  100.0     0.852    8.6     91.7   0.974  190  1000   1000  0.000   0.74
  4990   -0.0806   -0.147 -0.071   0.063  0.210   2.037  0.017   100.0  100.0     0.844    9.4     83.3   0.978  191  1000   1000  0.000   0.71
      TL @ step 5000: 500 mols, 2/2 epochs, nll 0.289, kl_after 2.11
  5000   -0.0804   -0.123 -0.078   0.082  0.205   2.330  0.008   100.0  100.0     0.844   10.2     83.3   0.970  191  1000   1000  0.000   0.81
      saved checkpoint @ step 5000 | examples: ['CC(NC(=O)c1nn(C)c2ccccc12)c1ccccc1', 'O=S(=O)(c1cccc(NC(=S)Nc2ccc(Cl)cc2)c1)N1CCOCC1', 'COc1cccc(N2CCN(c3ccccc3)CC2)c1', 'CCOC(=O)Cn1c(SC)nc2ccccc21', 'O=C(NO)c1ccc(CCc2ccc(Cl)cc2)c(F)c1']

RL_BASELINE_DONE in 69.9 min
