loading policy + frozen prior...
config: {'steps': 5000, 'batch': 128, 'lr': 0.0001, 'max_len': 100, 'temp': 1.0, 'beta_kl': 0.02, 'target_kl': 3.0, 'beta_kl_min': 0.001, 'beta_kl_max': 20.0, 'kl_adapt_factor': 1.5, 'ppo_epochs': 4, 'clip_eps': 0.2, 'lambda_unc': 1.0, 'baseline_momentum': 0.95, 'threshold_window_batches': 20, 'threshold_percentile': 70.0, 'threshold_update_every': 50, 'threshold_init': 0.0, 'threshold_decay': 0.0, 'diversity_filter': False, 'df_bucket_size': 25, 'df_mode': 'generic', 'df_record_threshold': 0.5, 'replay': True, 'replay_capacity': 1000, 'replay_max_per_scaffold': 10, 'replay_min_reward': 0.4, 'replay_k': 24, 'replay_coef': 0.05, 'replay_start': 200, 'log_every': 10, 'save_every': 200, 'out': 'checkpoints/rl_v4b', 'seed': 42}
reward model scheme=A_primary threshold=8.0 lambda_unc=1.0 invalid_reward=-1.0

  step      loss   reward    tau   p_act    unc      kl   beta  valid%  uniq% scaf/uniq  >tau% AD%(top)   buf  bscaf   rnll    sec
     1    0.1453   -0.193  0.000   0.107  0.284   0.000  0.013    98.4  100.0     0.960    1.6     66.7     0      0  0.000   2.09
    10    0.1014   -0.206  0.000   0.099  0.281   0.154  0.001    97.7  100.0     0.952    0.0     83.3     0      0  0.000   1.43
    20    0.0757   -0.225  0.000   0.093  0.271   0.228  0.001    95.3  100.0     0.975    0.0     75.0     0      0  0.000   1.44
    30    0.0261   -0.195  0.000   0.087  0.266   0.450  0.001    98.4  100.0     0.960    0.0     83.3     0      0  0.000   1.37
    40    0.0402   -0.232  0.000   0.085  0.255   0.282  0.001    93.8  100.0     0.925    0.0     83.3     0      0  0.000   1.36
    50   -0.0007   -0.188  0.000   0.095  0.275   0.284  0.001    99.2  100.0     0.969    0.0     75.0     0      0  0.000   1.39
    60   -0.0023   -0.189  0.000   0.080  0.254   0.509  0.001    98.4  100.0     0.921    0.0     91.7     1      1  0.000   1.26
    70   -0.0069   -0.185  0.000   0.073  0.243   0.936  0.001    98.4  100.0     0.873    0.0     83.3     2      2  0.000   1.24
    80   -0.0082   -0.177  0.000   0.065  0.234   1.156  0.001    99.2  100.0     0.898    0.0    100.0     3      3  0.000   1.40
    90   -0.0201   -0.160  0.000   0.059  0.219   1.878  0.001   100.0  100.0     0.797    0.0     91.7     3      3  0.000   1.34
   100   -0.0109   -0.166  0.000   0.053  0.203   2.621  0.001    98.4  100.0     0.762    0.0    100.0     3      3  0.000   1.37
   110   -0.0329   -0.133  0.000   0.042  0.174   3.972  0.001   100.0   98.4     0.635    0.0    100.0     6      5  0.000   1.25
   120    0.0150   -0.104  0.000   0.026  0.123   6.314  0.011    99.2   74.8     0.547    0.0    100.0     6      5  0.000   1.18
   130    0.1702   -0.145  0.000   0.051  0.196   2.900  0.130   100.0   97.7     0.744    0.0    100.0     6      5  0.000   1.36
   140   -0.1019   -0.181  0.000   0.067  0.232   0.968  0.003    98.4  100.0     0.905    0.0     66.7     6      5  0.000   1.26
   150   -0.0677   -0.168  0.000   0.067  0.235   1.161  0.001   100.0  100.0     0.781    0.0     83.3     7      6  0.000   1.35
   160   -0.0334   -0.179  0.000   0.057  0.212   1.819  0.001    97.7  100.0     0.792    0.0    100.0     7      6  0.000   1.21
   170   -0.0385   -0.149  0.000   0.052  0.201   2.415  0.001   100.0  100.0     0.766    0.8    100.0     7      6  0.000   1.14
   180   -0.0310   -0.138  0.000   0.045  0.183   3.534  0.001   100.0   97.7     0.616    0.0     91.7     7      6  0.000   1.17
   190   -0.0087   -0.107  0.000   0.028  0.135   5.297  0.008   100.0   85.9     0.500    0.0     91.7     7      6  0.000   1.14
   200    0.2282   -0.132  0.000   0.049  0.180   3.234  0.130   100.0   99.2     0.598    0.8     91.7     7      6  0.338   1.33
      saved checkpoint @ step 200 | examples: ['O=C(O)CCCCCCCCCCCCCCCCCCCc1cccnc1', 'CCc1ccc(S(=O)(=O)n2ccc3ccccc32)cc1', 'CCCCCCCCCCCCCCCCCC', 'NCc1ccc(C(=O)O)cc1', 'Cc1cc(C)c(CNC2CCOCC2)s1']
   210   -0.0982   -0.173  0.000   0.063  0.227   1.175  0.005    99.2  100.0     0.843    0.0     75.0     7      6  0.298   1.24
   220   -0.0630   -0.164  0.000   0.056  0.212   1.796  0.001    99.2  100.0     0.748    0.0    100.0     8      7  0.241   1.20
   230   -0.0450   -0.148  0.000   0.048  0.196   2.355  0.001   100.0  100.0     0.727    0.0     91.7     8      7  0.230   1.34
   240   -0.0268   -0.143  0.000   0.046  0.180   3.487  0.001    99.2   97.6     0.669    0.0     83.3     8      7  0.235   1.31
   250   -0.0262   -0.119  0.000   0.031  0.151   3.919  0.002   100.0   93.8     0.575    0.0    100.0     9      7  0.222   1.24
   260    0.1392   -0.097  0.000   0.024  0.121   5.347  0.038   100.0   81.2     0.510    0.0     91.7    11      8  0.205   1.15
   270    0.0074   -0.161  0.000   0.056  0.217   1.699  0.130   100.0  100.0     0.805    0.0    100.0    11      8  0.199   1.28
   280   -0.1422   -0.161  0.000   0.073  0.235   1.709  0.002   100.0  100.0     0.867    0.8    100.0    11      8  0.208   1.23
   290   -0.0744   -0.167  0.000   0.061  0.220   1.751  0.001    99.2  100.0     0.835    0.0    100.0    11      8  0.201   1.28
   300   -0.0531   -0.148  0.000   0.062  0.195   2.808  0.001    98.4  100.0     0.706    1.6     91.7    12      8  0.149   1.27
   310   -0.0858   -0.081  0.000   0.100  0.181   3.782  0.001   100.0   95.3     0.648    6.2    100.0    19      9  0.200   1.18
   320   -0.0034    0.267  0.000   0.481  0.214  10.334  0.038   100.0   51.6     0.652   50.8    100.0    19      9  0.246   1.25
   330   32.1854   -0.221  0.000   0.193  0.241  19.030  2.217    82.8   93.4     0.828   25.8     41.7    39     21  0.669   1.24
   340  111.6228   -0.362  0.000   0.045  0.165  13.622 20.000    75.8   99.0     0.844    0.0     75.0    39     21  0.826   1.07
   350  -48.0080   -0.196  0.000   0.054  0.203   4.830 20.000    95.3  100.0     0.836    0.0     91.7    39     21  0.981   1.18
   360  -43.3211   -0.152  0.000   0.048  0.200   3.518 20.000   100.0  100.0     0.703    0.0     91.7    39     21  0.913   1.24
   370  -38.8591   -0.160  0.000   0.050  0.203   2.872 20.000    99.2  100.0     0.803    0.0     91.7    39     21  0.845   1.32
   380  -23.7845   -0.171  0.000   0.053  0.208   2.899 20.000    98.4  100.0     0.786    0.0     75.0    39     21  0.692   1.20
   390  -23.2447   -0.167  0.000   0.060  0.228   2.434 20.000   100.0  100.0     0.844    0.0     91.7    39     21  0.650   1.24
   400  -34.6904   -0.174  0.000   0.064  0.231   2.072 13.333    99.2  100.0     0.827    0.0     91.7    39     21  0.643   1.29
      saved checkpoint @ step 400 | examples: ['CC(=O)Nc1ccc(SCCc2ccccc2)c(O)c1', 'N#Cc1cccc(CN2CCC(Nc3ncnc4[nH]ccc34)CC2)c1', 'O=C(O)CNC(=O)CSC(=S)N1CCCCC1', 'CCN(CC)CCNC(=O)c1ccc(Br)cc1', 'CCC(C)c1nnc(NC(=O)c2cccs2)s1']
   410  -19.0092   -0.172  0.000   0.056  0.212   3.153  8.889    98.4  100.0     0.817    0.0    100.0    39     21  0.616   1.23
   420  -15.6959   -0.163  0.000   0.063  0.226   2.492  8.889   100.0  100.0     0.852    0.0     83.3    39     21  0.555   1.31
   430   -9.5168   -0.164  0.000   0.065  0.229   2.535  8.889   100.0  100.0     0.812    0.0     91.7    39     21  0.572   1.25
   440   -5.6804   -0.170  0.000   0.066  0.236   2.502  8.889   100.0  100.0     0.875    0.0    100.0    39     21  0.434   1.30
   450   -9.4896   -0.169  0.000   0.065  0.234   2.186  5.926   100.0  100.0     0.875    0.0    100.0    39     21  0.514   1.26
   460   -8.4743   -0.172  0.000   0.062  0.227   2.297  3.951    99.2  100.0     0.835    0.0    100.0    39     21  0.440   1.23
   470   -5.6978   -0.165  0.000   0.066  0.231   2.170  3.951   100.0  100.0     0.750    0.0    100.0    39     21  0.440   1.20
   480   -3.9067   -0.167  0.000   0.066  0.233   2.143  3.951   100.0  100.0     0.883    0.0    100.0    39     21  0.386   1.23
   490   -3.5835   -0.175  0.000   0.071  0.246   2.374  2.634   100.0  100.0     0.875    0.0    100.0    39     21  0.353   1.28
   500   -2.2723   -0.172  0.000   0.067  0.231   2.275  2.634    99.2  100.0     0.850    0.0     91.7    39     21  0.454   1.21
   510   -5.9259   -0.166  0.000   0.062  0.228   1.892  0.347   100.0  100.0     0.852    0.0     91.7    39     21  0.345   1.17
   520   -3.3454   -0.167  0.000   0.065  0.232   2.444  0.347   100.0  100.0     0.891    0.0    100.0    39     21  0.466   1.17
   530   -1.7625   -0.166  0.000   0.064  0.230   3.138  0.347   100.0  100.0     0.805    0.0     91.7    39     21  0.389   1.19
   540   -1.0094   -0.157  0.000   0.068  0.225   3.191  0.347   100.0  100.0     0.867    0.8     75.0    39     21  0.357   1.23
   550   -0.7390   -0.158  0.000   0.066  0.224   2.665  0.347   100.0  100.0     0.852    0.8     91.7    41     21  0.391   1.24
   560   -0.5421   -0.175  0.000   0.069  0.236   2.320  0.347    99.2  100.0     0.874    0.0     91.7    41     21  0.384   1.22
   570   -0.3396   -0.167  0.000   0.069  0.236   2.281  0.347   100.0  100.0     0.883    0.0     91.7    41     21  0.351   1.28
   580   -0.5907   -0.171  0.000   0.068  0.240   2.048  0.154   100.0  100.0     0.875    0.0     91.7    41     21  0.331   1.21
   590   -0.4877   -0.172  0.000   0.064  0.228   1.953  0.069    99.2  100.0     0.843    0.0     91.7    41     21  0.335   1.27
   600   -0.3806   -0.169  0.000   0.063  0.232   1.781  0.014   100.0  100.0     0.898    0.0     83.3    42     22  0.343   1.31
      saved checkpoint @ step 600 | examples: ['CN(CCCCCCNC(=O)N/N=C/c1ccco1)CCc1ccccc1', 'COC(=O)c1ccc(CCNC(=O)Cc2ccc3c(c2)OCO3)cc1', 'Nc1ccc(/N=N/c2ccccc2)cc1', 'CCc1ccc(C(=O)NCCNCc2ccc3c(c2)OCO3)cc1', 'Cc1ccc(CNCCc2ccccn2)cc1']
   610   -0.2219   -0.172  0.000   0.072  0.243   2.070  0.006   100.0  100.0     0.875    0.0     91.7    42     22  0.333   1.30
   620   -0.1302   -0.176  0.000   0.069  0.229   2.039  0.002    98.4  100.0     0.937    0.8     91.7    42     22  0.338   1.24
   630   -0.0708   -0.173  0.000   0.063  0.229   2.291  0.001    99.2  100.0     0.803    0.0     91.7    43     23  0.320   1.26
   640   -0.0360   -0.173  0.000   0.060  0.225   2.192  0.001    99.2  100.0     0.819    0.0     83.3    43     23  0.312   1.22
   650   -0.0102   -0.176  0.000   0.065  0.233   2.285  0.001    99.2  100.0     0.795    0.0     91.7    44     23  0.303   1.24
   660   -0.0023   -0.170  0.000   0.069  0.239   2.013  0.001   100.0  100.0     0.828    0.0     91.7    45     24  0.312   1.25
   670   -0.0024   -0.162  0.000   0.061  0.223   2.214  0.001   100.0  100.0     0.805    0.0     66.7    45     24  0.310   1.21
   680   -0.0152   -0.145  0.000   0.079  0.224   2.274  0.001   100.0  100.0     0.852    1.6    100.0    47     25  0.287   1.18
   690    0.0028   -0.158  0.000   0.068  0.226   2.124  0.001   100.0  100.0     0.852    0.8     83.3    47     25  0.277   1.20
   700   -0.0046   -0.147  0.000   0.073  0.220   2.432  0.001   100.0   99.2     0.906    1.6     91.7    48     26  0.269   1.22
   710   -0.0054   -0.147  0.000   0.072  0.211   2.294  0.001    99.2   99.2     0.873    1.6    100.0    48     26  0.253   1.21
   720    0.0169   -0.161  0.000   0.060  0.221   2.476  0.001   100.0  100.0     0.812    0.0     83.3    49     26  0.311   1.22
   730   -0.0117   -0.135  0.000   0.079  0.214   2.559  0.001   100.0   99.2     0.811    2.3    100.0    51     28  0.284   1.28
   740   -0.0181   -0.115  0.000   0.095  0.210   2.597  0.001   100.0   96.9     0.831    4.7     91.7    51     28  0.274   1.26
   750   -0.1082    0.001  0.000   0.189  0.188   3.991  0.001   100.0   86.7     0.811   14.1    100.0    52     28  0.280   1.21
   760   -0.1468    0.123  0.000   0.290  0.167   4.848  0.005   100.0   76.6     0.765   25.0    100.0    53     29  0.260   1.19
   770    1.5494    0.485  0.000   0.594  0.109   7.733  0.292   100.0   45.3     0.776   57.8    100.0    54     29  0.243   1.15
   780  421.2416   -0.402  0.000   0.043  0.156  36.001 16.834    71.1  100.0     0.835    0.0    100.0    55     30  0.756   1.02
   790  -86.8520   -0.245  0.000   0.065  0.208  19.810 20.000    89.8  100.0     0.870    0.8    100.0    56     30  0.752   1.14
   800 -236.7207   -0.161  0.000   0.067  0.228   2.809 20.000   100.0  100.0     0.797    0.0    100.0    56     30  0.543   1.21
      saved checkpoint @ step 800 | examples: ['O=C(Nc1ccc(Br)cc1)Nc1nc(-c2ccccc2)cs1', 'COC(=O)c1cc2ccccc2[nH]1', 'O=C(NCCCCN1CCOCC1)c1cccc(Br)c1', 'CSc1nccc(-c2ccc(F)cc2)n1', 'Cc1ccsc1-c1ccc(F)cc1O']
   810 -123.1093   -0.150  0.000   0.050  0.201   3.787 20.000   100.0  100.0     0.648    0.0    100.0    56     30  0.384   1.19
   820  -62.9082   -0.157  0.000   0.047  0.196   4.347 20.000    99.2  100.0     0.669    0.0     91.7    56     30  0.872   1.18
   830  -44.6527   -0.154  0.000   0.045  0.191   3.899 20.000    99.2  100.0     0.701    0.0    100.0    56     30  0.491   1.16
   840  -37.8345   -0.161  0.000   0.058  0.220   3.368 20.000   100.0  100.0     0.789    0.0    100.0    56     30  0.539   1.14
   850  -25.9132   -0.161  0.000   0.059  0.220   3.285 20.000   100.0  100.0     0.766    0.0     91.7    56     30  0.574   1.22
   860  -24.3190   -0.168  0.000   0.059  0.220   2.799 20.000    99.2  100.0     0.764    0.0    100.0    56     30  0.707   1.22
   870  -15.0066   -0.166  0.000   0.064  0.230   2.849 20.000   100.0  100.0     0.867    0.0    100.0    56     30  0.432   1.22
   880  -19.8991   -0.175  0.000   0.065  0.232   2.228 20.000    99.2  100.0     0.882    0.0    100.0    56     30  0.445   1.37
   890  -15.5611   -0.176  0.000   0.067  0.235   2.119 20.000    99.2  100.0     0.882    0.0    100.0    56     30  0.432   1.21
   900  -38.4533   -0.165  0.000   0.074  0.239   1.933  5.926   100.0  100.0     0.898    0.8    100.0    56     30  0.405   1.22
   910  -20.1035   -0.163  0.000   0.062  0.225   2.437  5.926   100.0  100.0     0.836    0.0     91.7    56     30  0.425   1.26
   920  -12.5442   -0.163  0.000   0.059  0.222   2.411  5.926   100.0  100.0     0.875    0.0    100.0    56     30  0.409   1.21
   930   -6.9881   -0.167  0.000   0.063  0.230   2.564  5.926   100.0  100.0     0.836    0.0    100.0    56     30  0.403   1.23
   940   -5.4796   -0.169  0.000   0.071  0.240   2.326  5.926   100.0  100.0     0.828    0.0     91.7    56     30  0.371   1.20
   950   -3.7220   -0.179  0.000   0.070  0.241   2.268  5.926    99.2  100.0     0.882    0.0    100.0    56     30  0.410   1.22
   960   -8.9252   -0.163  0.000   0.065  0.228   2.056  2.634   100.0  100.0     0.844    0.0    100.0    56     30  0.355   1.25
   970   -7.0647   -0.167  0.000   0.067  0.233   2.468  1.171   100.0  100.0     0.805    0.0    100.0    56     30  0.374   1.22
   980   -3.8308   -0.166  0.000   0.062  0.227   2.770  1.171   100.0  100.0     0.852    0.0    100.0    56     30  0.345   1.21
   990   -2.2152   -0.170  0.000   0.060  0.222   2.809  1.171    99.2  100.0     0.858    0.0     83.3    56     30  0.337   1.20
  1000   -1.5669   -0.165  0.000   0.062  0.228   2.529  1.171   100.0  100.0     0.875    0.0     83.3    56     30  0.380   1.25
      saved checkpoint @ step 1000 | examples: ['O=C(c1cccc(Nc2ccc(Oc3ccccc3)cc2)n1)N1CCN(Cc2ccccc2)CC1', 'Nc1ccc(OCc2cn(CCc3ccccc3)nn2)cc1', 'COc1ccc(CNc2ccnc(-c3ccccc3OC)n2)cc1', 'NS(=O)(=O)c1cccc(NC(=O)CCCN2C(=O)c3ccccc3C2=O)c1', 'CC(CO)NC(=O)c1cccs1']
  1010   -1.0421   -0.174  0.000   0.072  0.245   2.417  1.171   100.0  100.0     0.906    0.0    100.0    56     30  0.356   1.23
  1020   -2.4750   -0.168  0.000   0.066  0.234   1.857  0.520   100.0  100.0     0.844    0.0    100.0    57     30  0.361   1.21
  1030   -1.6185   -0.169  0.000   0.073  0.242   2.246  0.347   100.0  100.0     0.812    0.0    100.0    57     30  0.356   1.30
  1040   -0.8879   -0.174  0.000   0.072  0.245   2.417  0.347   100.0  100.0     0.859    0.0    100.0    57     30  0.324   1.23
  1050   -0.5632   -0.170  0.000   0.067  0.237   2.319  0.347   100.0  100.0     0.844    0.0     83.3    57     30  0.331   1.21
  1060   -0.4220   -0.179  0.000   0.061  0.224   2.041  0.347    98.4  100.0     0.865    0.0     91.7    57     30  0.285   1.21
  1070   -0.4387   -0.172  0.000   0.069  0.240   2.166  0.231   100.0  100.0     0.883    0.0    100.0    57     30  0.337   1.25
  1080   -0.4530   -0.171  0.000   0.067  0.238   2.075  0.103   100.0  100.0     0.812    0.0     83.3    57     30  0.297   1.21
  1090   -0.3868   -0.178  0.000   0.070  0.240   2.103  0.020    99.2  100.0     0.843    0.0     91.7    57     30  0.298   1.22
  1100   -0.2457   -0.168  0.000   0.067  0.235   2.105  0.006   100.0  100.0     0.844    0.0    100.0    57     30  0.336   1.22
  1110   -0.1419   -0.174  0.000   0.064  0.231   2.234  0.003    99.2  100.0     0.843    0.0    100.0    58     31  0.282   1.24
  1120   -0.0859   -0.164  0.000   0.061  0.225   2.264  0.003   100.0   99.2     0.866    0.0     91.7    58     31  0.283   1.26
  1130   -0.0473   -0.165  0.000   0.060  0.225   2.363  0.002   100.0  100.0     0.820    0.0     91.7    58     31  0.290   1.28
  1140   -0.0173   -0.172  0.000   0.072  0.244   1.786  0.001   100.0  100.0     0.828    0.0    100.0    58     31  0.293   1.32
  1150   -0.0101   -0.167  0.000   0.056  0.215   2.332  0.001    99.2  100.0     0.843    0.0     91.7    58     31  0.269   1.26
  1160   -0.0009   -0.164  0.000   0.067  0.231   2.468  0.001   100.0  100.0     0.898    0.0    100.0    60     31  0.265   1.23
  1170   -0.0036   -0.156  0.000   0.069  0.224   2.557  0.001   100.0  100.0     0.812    1.6    100.0    62     32  0.259   1.21
  1180   -0.0005   -0.154  0.000   0.063  0.217   2.186  0.001   100.0  100.0     0.852    0.8     91.7    63     33  0.253   1.23
  1190    0.0084   -0.161  0.000   0.059  0.221   2.037  0.001   100.0  100.0     0.766    0.0    100.0    64     33  0.256   1.36
  1200    0.0081   -0.158  0.000   0.058  0.216   2.389  0.001   100.0  100.0     0.812    0.0     83.3    66     34  0.259   1.30
      saved checkpoint @ step 1200 | examples: ['Cc1ccc(S(N)(=O)=O)cc1', 'O=C(Nc1ccc(Cl)cc1)Nc1ccnc(Cl)c1', 'O=C(O)Cc1c[nH]c2ccccc12', 'Cc1ccc(CNC(=O)CNS(=O)(=O)c2ccc(Cl)cc2)cc1', 'O=C(O)CCC(=O)N1CCCN(C(=O)c2ccccc2)CC1']
  1210    0.0166   -0.169  0.000   0.061  0.222   2.644  0.001    99.2  100.0     0.811    0.0    100.0    67     35  0.245   1.30
  1220    0.0007   -0.149  0.000   0.055  0.205   2.584  0.001   100.0  100.0     0.766    0.8     91.7    69     35  0.251   1.40
  1230   -0.0042   -0.144  0.000   0.071  0.215   2.451  0.001   100.0  100.0     0.781    1.6     75.0    72     35  0.247   1.28
  1240    0.0121   -0.155  0.000   0.057  0.212   2.726  0.001   100.0  100.0     0.711    0.8     75.0    74     35  0.260   1.28
  1250    0.0109   -0.154  0.000   0.062  0.209   2.511  0.001    99.2  100.0     0.787    0.8     91.7    74     35  0.256   1.31
  1260   -0.0179   -0.123  0.000   0.081  0.203   3.132  0.001   100.0   98.4     0.762    3.1    100.0    76     35  0.236   1.27
  1270   -0.0268   -0.111  0.000   0.102  0.205   3.054  0.001    99.2   96.9     0.805    5.5     91.7    76     35  0.239   1.30
  1280   -0.0068   -0.117  0.000   0.091  0.208   2.874  0.001   100.0   99.2     0.772    3.9    100.0    80     38  0.255   1.27
  1290   -0.0943    0.003  0.000   0.201  0.183   3.924  0.001    98.4   85.7     0.769   15.6    100.0    82     39  0.240   1.27
  1300   -0.2175    0.297  0.000   0.441  0.144   6.389  0.017   100.0   64.1     0.744   41.4    100.0    84     39  0.251   1.26
  1310    4.4945    0.363  0.000   0.503  0.132   6.789  0.985    99.2   55.1     0.800   47.7    100.0    85     40  0.234   1.29
  1320  755.4068   -0.270  0.000   0.050  0.187  67.868 20.000    86.7  100.0     0.775    0.8     75.0    89     41  0.549   1.31
  1330 -297.4598   -0.165  0.000   0.058  0.215   3.217 20.000    99.2   99.2     0.746    0.0     83.3    91     42  0.549   1.29
  1340 -160.9972   -0.156  0.000   0.051  0.200   4.145 20.000    99.2   99.2     0.762    0.0     91.7    91     42  0.300   1.29
  1350  -93.2888   -0.143  0.000   0.044  0.187   4.298 20.000   100.0   96.9     0.677    0.0     91.7    92     42  0.812   1.29
  1360  -52.9147   -0.145  0.000   0.048  0.193   4.490 20.000   100.0   99.2     0.724    0.0     91.7    92     42  0.609   1.23
  1370  -38.3706   -0.159  0.000   0.050  0.201   4.088 20.000    99.2  100.0     0.669    0.0     83.3    92     42  0.559   1.23
  1380  -32.4435   -0.166  0.000   0.055  0.213   3.575 20.000    99.2  100.0     0.724    0.0     91.7    93     42  0.745   1.22
  1390  -16.9277   -0.157  0.000   0.055  0.212   3.671 20.000   100.0  100.0     0.758    0.0     75.0    93     42  0.338   1.23
  1400  -19.4261   -0.160  0.000   0.057  0.217   3.095 20.000   100.0  100.0     0.820    0.0    100.0    94     42  0.580   1.21
      saved checkpoint @ step 1400 | examples: ['O=C(O)Cc1ccc(CCc2ccccc2)cc1', 'O=C(NCc1ccc2c(c1)OCO2)c1cc(-c2ccccc2)no1', 'CC(C)NC(=O)Nc1ccc(F)cc1', 'Cc1cc(NC(=O)Nc2ccc(C(C)C)cc2)no1', 'Cc1ccc(NS(=O)(=O)c2ccc(C(=O)O)cc2)cc1']
  1410  -20.2864   -0.167  0.000   0.060  0.227   2.613 20.000   100.0  100.0     0.820    0.0     91.7    95     43  0.345   1.24
  1420  -21.3876   -0.173  0.000   0.071  0.244   2.218 20.000   100.0  100.0     0.930    0.0     91.7    95     43  0.500   1.28
  1430  -16.0112   -0.175  0.000   0.077  0.251   2.159 20.000   100.0  100.0     0.891    0.0    100.0    95     43  0.419   1.25
  1440   -9.5519   -0.174  0.000   0.076  0.250   2.257 20.000   100.0  100.0     0.898    0.0     91.7    95     43  0.406   1.34
  1450  -20.4774   -0.190  0.000   0.067  0.234   2.580  8.889    97.7  100.0     0.840    0.0    100.0    95     43  0.309   1.22
  1460  -13.9364   -0.185  0.000   0.072  0.241   2.275  8.889    98.4  100.0     0.849    0.0    100.0    95     43  0.344   1.23
  1470   -8.6088   -0.170  0.000   0.068  0.237   2.308  8.889   100.0  100.0     0.859    0.0     75.0    95     43  0.391   1.33
  1480  -10.8219   -0.175  0.000   0.073  0.248   2.396  5.926   100.0  100.0     0.867    0.0    100.0    95     43  0.419   1.33
  1490   -7.9206   -0.176  0.000   0.068  0.236   2.124  5.926    99.2  100.0     0.850    0.0     83.3    96     43  0.354   1.23
  1500   -4.5154   -0.175  0.000   0.063  0.230   2.269  5.926    99.2  100.0     0.874    0.0     83.3    96     43  0.332   1.23
  1510   -3.8479   -0.173  0.000   0.073  0.246   2.054  5.926   100.0  100.0     0.859    0.0     91.7    96     43  0.299   1.31
  1520  -11.1427   -0.172  0.000   0.062  0.227   2.234  0.347    99.2  100.0     0.858    0.0     83.3    96     43  0.324   1.24
  1530   -6.4671   -0.168  0.000   0.058  0.218   2.716  0.347    99.2  100.0     0.795    0.0    100.0    96     43  0.331   1.20
  1540   -3.7236   -0.160  0.000   0.054  0.215   3.148  0.347   100.0   99.2     0.811    0.0     91.7    96     43  0.326   1.18
  1550   -2.0593   -0.157  0.000   0.055  0.212   3.693  0.347   100.0   99.2     0.787    0.0    100.0    96     43  0.399   1.18
  1560   -1.2361   -0.162  0.000   0.059  0.220   3.561  0.347   100.0  100.0     0.766    0.0    100.0    96     43  0.340   1.21
  1570   -0.8190   -0.161  0.000   0.059  0.220   3.247  0.347   100.0  100.0     0.828    0.0     91.7    96     43  0.279   1.21
  1580   -0.5999   -0.159  0.000   0.055  0.214   2.912  0.347   100.0  100.0     0.820    0.0     91.7    96     43  0.299   1.19
  1590   -0.3830   -0.166  0.000   0.068  0.234   2.750  0.347   100.0  100.0     0.828    0.8    100.0    96     43  0.315   1.20
  1600   -0.2903   -0.170  0.000   0.062  0.232   2.514  0.347   100.0  100.0     0.906    0.0    100.0    96     43  0.277   1.23
      saved checkpoint @ step 1600 | examples: ['Nc1nc(-c2ccc(F)cc2)cs1', 'COC(=O)c1ccc(NC(S)=NNC(=O)c2ccco2)c(OC)c1', 'O=C(O)c1cccc([N+](=O)[O-])c1', 'COc1ccc(OCC(=O)NNC(=O)Cc2ccccc2)cc1', 'O=C(NC1CC1)c1cccs1']
  1610   -0.3039   -0.172  0.000   0.073  0.245   2.136  0.347   100.0  100.0     0.891    0.0     91.7    96     43  0.300   1.23
  1620   -0.1733   -0.173  0.000   0.070  0.243   2.219  0.347   100.0  100.0     0.875    0.0    100.0    96     43  0.260   1.26
  1630   -0.5321   -0.178  0.000   0.069  0.239   1.937  0.103    99.2  100.0     0.890    0.0    100.0    96     43  0.315   1.33
  1640   -0.4254   -0.172  0.000   0.070  0.242   1.842  0.046   100.0  100.0     0.891    0.0    100.0    96     43  0.292   1.24
  1650   -0.2424   -0.165  0.000   0.059  0.225   2.160  0.046   100.0  100.0     0.898    0.0    100.0    96     43  0.271   1.22
  1660   -0.1352   -0.168  0.000   0.067  0.227   2.298  0.046    99.2  100.0     0.874    0.8    100.0    97     43  0.289   1.21
  1670   -0.0998   -0.169  0.000   0.064  0.234   2.131  0.030   100.0  100.0     0.891    0.0     83.3    97     43  0.303   1.23
  1680   -0.0711   -0.168  0.000   0.067  0.234   2.094  0.020   100.0  100.0     0.836    0.0    100.0    97     43  0.307   1.22
  1690   -0.0609   -0.169  0.000   0.066  0.235   1.914  0.009   100.0  100.0     0.812    0.0     91.7    97     43  0.301   1.24
  1700   -0.0253   -0.180  0.000   0.073  0.245   2.001  0.006    99.2  100.0     0.850    0.0     91.7    97     43  0.294   1.25
  1710   -0.0126   -0.176  0.000   0.065  0.234   2.108  0.004    99.2  100.0     0.843    0.0    100.0    97     43  0.291   1.29
  1720   -0.0108   -0.165  0.000   0.059  0.224   2.029  0.004   100.0  100.0     0.836    0.0     83.3    97     43  0.273   1.21
  1730    0.0015   -0.174  0.000   0.060  0.226   2.001  0.002    99.2  100.0     0.913    0.0     91.7    97     43  0.300   1.24
  1740    0.0037   -0.172  0.000   0.067  0.231   2.123  0.001    99.2  100.0     0.858    0.0     91.7    98     44  0.251   1.27
  1750    0.0091   -0.172  0.000   0.064  0.227   2.039  0.001    99.2  100.0     0.913    0.0    100.0    98     44  0.287   1.27
  1760    0.0119   -0.171  0.000   0.061  0.224   2.274  0.001    99.2  100.0     0.858    0.0    100.0    98     44  0.273   1.19
  1770    0.0116   -0.166  0.000   0.061  0.227   2.159  0.001   100.0  100.0     0.852    0.0    100.0    99     44  0.280   1.29
  1780    0.0137   -0.166  0.000   0.064  0.229   2.211  0.001   100.0  100.0     0.836    0.0    100.0    99     44  0.297   1.41
  1790    0.0106   -0.160  0.000   0.068  0.228   2.444  0.001   100.0  100.0     0.797    0.8    100.0    99     44  0.282   1.32
  1800    0.0110   -0.160  0.000   0.060  0.220   2.362  0.001   100.0  100.0     0.789    0.8     91.7    99     44  0.275   1.34
      saved checkpoint @ step 1800 | examples: ['CCCCNc1ccnc2cc(Cl)ccc12', 'CCN(CC)CCNc1ccc2ccccc2n1', 'CC(C)N(C)C(=O)c1ccccn1', 'CC(=O)Nc1ccc(S(=O)(=O)NCc2cccnc2)cc1', 'O=C(N/N=C/c1cccnc1)c1cc(O)cc(O)c1']
  1810    0.0116   -0.162  0.000   0.058  0.212   2.400  0.001    99.2  100.0     0.827    0.8     91.7   100     44  0.263   1.34
  1820    0.0112   -0.162  0.000   0.069  0.223   2.505  0.001    99.2  100.0     0.819    0.8     83.3   100     44  0.254   1.33
  1830   -0.0107   -0.140  0.000   0.068  0.200   2.793  0.001    99.2  100.0     0.740    2.3    100.0   102     45  0.255   1.29
  1840    0.0094   -0.155  0.000   0.073  0.220   2.596  0.001    99.2  100.0     0.882    1.6    100.0   102     45  0.261   1.25
  1850    0.0143   -0.156  0.000   0.053  0.209   2.817  0.001   100.0  100.0     0.781    0.0     83.3   103     45  0.253   1.21
  1860   -0.0663   -0.068  0.000   0.134  0.194   3.208  0.001    99.2   92.1     0.812    8.6    100.0   104     45  0.265   1.31
  1870   -0.0633   -0.022  0.000   0.171  0.192   3.787  0.001   100.0   89.8     0.748   12.5    100.0   104     45  0.299   1.24
  1880   -0.1371    0.408  0.000   0.530  0.122   7.195  0.038   100.0   50.8     0.877   50.8    100.0   105     46  0.253   1.21
  1890   33.2295   -0.251  0.000   0.179  0.180  20.747  2.217    75.0   94.8     0.835   18.0     91.7   156     81  0.376   1.13
  1900  303.0589   -0.444  0.000   0.040  0.148  28.885 20.000    66.4  100.0     0.906    0.0     91.7   171     86  0.841   0.99
  1910 -152.4682   -0.164  0.000   0.063  0.227   2.559 20.000   100.0  100.0     0.812    0.0    100.0   171     86  0.957   1.24
  1920  -79.7791   -0.160  0.000   0.055  0.215   3.168 20.000   100.0  100.0     0.867    0.0    100.0   172     86  0.978   1.17
  1930  -47.9310   -0.153  0.000   0.052  0.205   3.238 20.000   100.0   99.2     0.756    0.0    100.0   172     86  0.952   1.27
  1940  -31.3834   -0.163  0.000   0.064  0.227   3.138 20.000   100.0  100.0     0.805    0.0    100.0   172     86  0.859   1.24
  1950  -16.1301   -0.154  0.000   0.066  0.220   3.294 20.000   100.0  100.0     0.828    0.8     83.3   173     86  0.697   1.26
  1960  -16.9442   -0.171  0.000   0.069  0.240   2.769 20.000   100.0  100.0     0.867    0.0    100.0   174     86  0.824   1.29
  1970  -20.4150   -0.168  0.000   0.070  0.238   2.289 20.000   100.0  100.0     0.945    0.0     75.0   174     86  0.721   1.30
  1980  -12.5068   -0.168  0.000   0.067  0.235   2.322 20.000   100.0   99.2     0.890    0.0    100.0   174     86  0.691   1.30
  1990  -16.0383   -0.175  0.000   0.064  0.232   2.417 13.333    99.2  100.0     0.803    0.0     83.3   174     86  0.658   1.24
  2000   -9.7856   -0.174  0.000   0.075  0.248   2.387 13.333   100.0  100.0     0.859    0.0     91.7   175     86  0.703   1.29
      saved checkpoint @ step 2000 | examples: ['O=C(Cc1ccc2c(c1)OCO2)c1ccc2c(c1)OCO2', 'O=C(NCc1ccco1)c1ccc(NC(=O)c2ccco2)cc1', 'Cc1ccc(S(=O)(=O)NCCN2CCCCC2)cc1', 'CN(C(=O)CNC1CCCCC1)c1ccccc1', 'CCCCN1CCC(O)(c2ccccc2)CC1']
  2010   -9.5869   -0.180  0.000   0.079  0.252   2.112 13.333    99.2  100.0     0.882    0.0     91.7   175     86  0.660   1.29
  2020  -11.6522   -0.185  0.000   0.071  0.240   2.480  8.889    98.4  100.0     0.841    0.0     91.7   175     86  0.587   1.27
  2030  -11.8751   -0.179  0.000   0.073  0.244   2.360  5.926    99.2  100.0     0.921    0.0     91.7   175     86  0.630   1.23
  2040   -4.9527   -0.171  0.000   0.070  0.241   2.716  5.926   100.0  100.0     0.883    0.0     91.7   175     86  0.504   1.26
  2050   -5.1866   -0.165  0.000   0.063  0.228   2.236  5.926   100.0  100.0     0.836    0.0     75.0   175     86  0.567   1.26
  2060   -9.6070   -0.171  0.000   0.069  0.240   2.113  2.634   100.0  100.0     0.891    0.0    100.0   175     86  0.486   1.25
  2070   -5.0924   -0.172  0.000   0.071  0.236   2.425  2.634    99.2  100.0     0.858    0.8     91.7   175     86  0.523   1.19
  2080   -3.0050   -0.163  0.000   0.062  0.225   2.422  2.634   100.0  100.0     0.828    0.0     91.7   175     86  0.465   1.22
  2090   -2.9013   -0.170  0.000   0.068  0.238   2.020  2.634   100.0  100.0     0.852    0.0    100.0   175     86  0.501   1.22
  2100   -3.2782   -0.169  0.000   0.073  0.242   2.157  1.756   100.0  100.0     0.852    0.0     75.0   175     86  0.465   1.22
  2110   -1.9956   -0.168  0.000   0.065  0.234   2.164  1.756   100.0  100.0     0.820    0.0    100.0   175     86  0.433   1.25
  2120   -2.3709   -0.168  0.000   0.071  0.239   2.167  1.171   100.0  100.0     0.859    0.8     91.7   175     86  0.406   1.26
  2130   -2.8041   -0.172  0.000   0.076  0.248   2.174  0.347   100.0  100.0     0.875    0.8     83.3   175     86  0.382   1.26
  2140   -1.6404   -0.166  0.000   0.068  0.234   2.277  0.347   100.0  100.0     0.836    0.8    100.0   175     86  0.430   1.22
  2150   -0.9551   -0.174  0.000   0.061  0.228   2.343  0.347    99.2  100.0     0.882    0.0     91.7   175     86  0.374   1.23
  2160   -0.5386   -0.169  0.000   0.066  0.234   2.448  0.347   100.0  100.0     0.898    0.0     91.7   175     86  0.412   1.22
  2170   -0.3751   -0.173  0.000   0.071  0.244   2.200  0.347   100.0  100.0     0.859    0.0    100.0   175     86  0.361   1.25
  2180   -0.2579   -0.174  0.000   0.068  0.234   2.084  0.347    99.2  100.0     0.906    0.0     91.7   177     87  0.441   1.24
  2190   -0.4979   -0.173  0.000   0.072  0.245   2.065  0.103   100.0  100.0     0.938    0.0    100.0   177     87  0.553   1.25
  2200   -0.2913   -0.172  0.000   0.069  0.241   2.104  0.103   100.0  100.0     0.859    0.0     91.7   179     89  0.392   1.25
      saved checkpoint @ step 2200 | examples: ['COc1ccc(Cl)cc1NC(=O)CN1CCN(C(=O)c2cccc(F)c2)CC1', 'CCCCCCCCCCCOc1ccc(C(=O)NCc2cccnc2)cc1', 'COc1ccc(N(C)c2nc(C(=O)N3CCCC3)co2)cc1', 'O=C(COC(=O)c1csc(-c2cccc(F)c2)n1)Nc1cccc2ccccc12', 'CC(C)(C)NC1CCCN(C(=O)Nc2ccc(F)cc2)C1']
  2210   -0.2575   -0.168  0.000   0.073  0.241   1.898  0.069   100.0   99.2     0.937    0.0    100.0   179     89  0.348   1.26
  2220   -0.1659   -0.176  0.000   0.076  0.244   2.080  0.046    99.2  100.0     0.913    0.8    100.0   180     90  0.383   1.28
  2230   -0.1591   -0.173  0.000   0.070  0.242   1.786  0.006   100.0  100.0     0.852    0.0     75.0   180     90  0.336   1.23
  2240   -0.0891   -0.182  0.000   0.077  0.244   1.950  0.001    98.4  100.0     0.952    0.8    100.0   182     90  0.309   1.27
  2250   -0.0459   -0.174  0.000   0.069  0.243   2.026  0.001   100.0  100.0     0.883    0.0     91.7   183     90  0.352   1.24
  2260   -0.0272   -0.167  0.000   0.062  0.229   2.214  0.001   100.0  100.0     0.852    0.0     83.3   184     90  0.319   1.22
  2270   -0.0050   -0.175  0.000   0.067  0.234   2.058  0.001    99.2  100.0     0.866    0.0     83.3   186     91  0.332   1.23
  2280   -0.0028   -0.168  0.000   0.065  0.233   2.115  0.001   100.0  100.0     0.812    0.0     83.3   187     92  0.307   1.24
  2290   -0.0093   -0.153  0.000   0.074  0.227   2.400  0.001   100.0  100.0     0.859    1.6     91.7   190     93  0.383   1.19
  2300    0.0122   -0.170  0.000   0.066  0.236   1.936  0.001   100.0  100.0     0.844    0.0     91.7   192     93  0.332   1.27
  2310    0.0112   -0.167  0.000   0.063  0.230   2.185  0.001   100.0  100.0     0.852    0.0     91.7   192     93  0.328   1.24
  2320   -0.0034   -0.152  0.000   0.073  0.225   2.432  0.001   100.0  100.0     0.812    1.6    100.0   195     96  0.300   1.24
  2330    0.0102   -0.162  0.000   0.072  0.233   2.105  0.001   100.0  100.0     0.836    0.8     83.3   196     96  0.347   1.25
  2340    0.0224   -0.171  0.000   0.063  0.226   2.119  0.001    99.2  100.0     0.827    0.0    100.0   198     97  0.379   1.23
  2350    0.0070   -0.157  0.000   0.067  0.224   2.299  0.001   100.0  100.0     0.820    0.8     91.7   202     99  0.313   1.24
  2360    0.0078   -0.157  0.000   0.069  0.227   2.451  0.001   100.0  100.0     0.836    0.8     91.7   205     99  0.290   1.23
  2370    0.0006   -0.153  0.000   0.069  0.214   2.535  0.001    99.2  100.0     0.850    1.6     83.3   206    100  0.261   1.18
  2380   -0.0010   -0.146  0.000   0.071  0.217   2.520  0.001   100.0  100.0     0.773    1.6     83.3   210    101  0.283   1.20
  2390    0.0000   -0.144  0.000   0.078  0.222   2.654  0.001   100.0  100.0     0.820    2.3     91.7   212    102  0.274   1.21
  2400    0.0025   -0.139  0.000   0.068  0.208   2.607  0.001   100.0   99.2     0.787    1.6    100.0   212    102  0.316   1.19
      saved checkpoint @ step 2400 | examples: ['Cc1cnn(CC2CCCN2C(=O)Cc2ccccc2)c1', 'O=C(CCCCc1ccccc1)Nc1ccccc1C(=O)Nc1ccc2[nH]ncc2c1', 'COc1cc2ccccc2cc1C(=O)O', 'COc1cccc(C(=O)Nc2cnccn2)c1', 'CCC(O)CN(C)Cc1ccccc1O']
  2410   -0.0998   -0.028  0.000   0.176  0.197   3.369  0.001    99.2   89.0     0.814   12.5    100.0   213    102  0.360   1.19
  2420   -0.2273    0.160  0.000   0.325  0.165   4.824  0.002   100.0   74.2     0.884   29.7    100.0   214    102  0.310   1.21
  2430    0.2018    0.445  0.000   0.567  0.122   7.488  0.086   100.0   49.2     0.889   54.7    100.0   217    102  0.240   1.23
  2440   67.8481   -0.381  0.000   0.080  0.157  19.379  4.988    69.5  100.0     0.809    4.7     58.3   295    145  0.361   1.00
  2450  112.1257   -0.396  0.000   0.051  0.173  17.430 20.000    72.7  100.0     0.892    0.0     91.7   302    151  0.472   1.09
  2460 -132.3901   -0.168  0.000   0.065  0.217   2.984 20.000    98.4  100.0     0.857    0.8     91.7   304    153  0.646   1.22
  2470  -81.1442   -0.153  0.000   0.067  0.220   2.765 20.000   100.0  100.0     0.828    1.6    100.0   304    153  0.643   1.25
  2480  -37.7517   -0.165  0.000   0.059  0.216   3.399 20.000    99.2   99.2     0.794    0.0    100.0   304    153  0.748   1.19
  2490  -30.0122   -0.170  0.000   0.062  0.225   2.978 20.000    99.2  100.0     0.803    0.0    100.0   304    153  0.640   1.17
  2500  -19.3270   -0.162  0.000   0.061  0.223   2.959 20.000   100.0  100.0     0.750    0.0    100.0   304    153  0.603   1.25
  2510  -22.9826   -0.175  0.000   0.065  0.232   2.411 20.000    99.2  100.0     0.843    0.0    100.0   304    153  0.720   1.25
  2520  -14.3555   -0.169  0.000   0.070  0.239   2.448 20.000   100.0  100.0     0.836    0.0     91.7   304    153  0.552   1.28
  2530  -14.2590   -0.183  0.000   0.066  0.233   2.153 20.000    98.4  100.0     0.817    0.0    100.0   304    153  0.537   1.21
  2540  -22.7211   -0.172  0.000   0.072  0.245   2.161 13.333   100.0  100.0     0.883    0.0    100.0   304    153  0.634   1.35
  2550  -23.7472   -0.170  0.000   0.073  0.243   2.140  8.889   100.0  100.0     0.836    0.0    100.0   304    153  0.595   1.21
  2560  -12.6476   -0.170  0.000   0.071  0.241   2.451  8.889   100.0  100.0     0.789    0.0    100.0   304    153  0.557   1.20
  2570   -5.9518   -0.179  0.000   0.069  0.240   2.673  8.889    99.2  100.0     0.874    0.0    100.0   304    153  0.644   1.24
  2580   -7.4107   -0.170  0.000   0.077  0.246   2.140  8.889   100.0  100.0     0.891    0.8    100.0   305    154  0.513   1.23
  2590   -9.7507   -0.170  0.000   0.083  0.253   2.269  5.926   100.0  100.0     0.906    0.8    100.0   305    154  0.550   1.27
  2600   -9.5289   -0.190  0.000   0.067  0.233   2.279  3.951    97.7  100.0     0.880    0.0    100.0   305    154  0.606   1.21
      saved checkpoint @ step 2600 | examples: ['COc1ccc(N2CCN(C(=O)Cc3ccc(NS(=O)(=O)c4ccc(Cl)cc4)cc3)CC2)cc1', 'O=C(N/N=C/c1ccc(F)cc1)c1ccco1', 'CC1CN(S(=O)(=O)CC2CC2)CC(C)O1', 'CCN(CC)CCOC(=O)c1ccc(Cl)cc1', 'Cc1ccc(C(=O)N/N=C/c2ccco2)cc1']
  2610   -6.3858   -0.181  0.000   0.073  0.245   2.178  3.951    99.2  100.0     0.835    0.0     91.7   305    154  0.681   1.25
  2620   -3.9434   -0.174  0.000   0.065  0.231   2.261  3.951    99.2  100.0     0.835    0.0     91.7   305    154  0.475   1.22
  2630   -4.3845   -0.182  0.000   0.068  0.234   2.349  2.634    98.4  100.0     0.865    0.0     75.0   305    154  0.635   1.23
  2640   -2.6104   -0.169  0.000   0.073  0.242   2.331  2.634   100.0  100.0     0.883    0.8     83.3   305    154  0.512   1.22
  2650   -1.8077   -0.174  0.000   0.066  0.233   2.233  2.634    99.2  100.0     0.913    0.0    100.0   305    154  0.469   1.23
  2660   -2.6615   -0.169  0.000   0.077  0.246   2.134  1.756   100.0  100.0     0.859    0.8     91.7   305    154  0.407   1.24
  2670   -3.1900   -0.170  0.000   0.066  0.236   2.155  0.780   100.0  100.0     0.859    0.0    100.0   305    154  0.463   1.25
  2680   -1.8064   -0.165  0.000   0.066  0.231   2.357  0.780   100.0  100.0     0.836    0.0    100.0   305    154  0.441   1.23
  2690   -1.0757   -0.169  0.000   0.067  0.236   2.381  0.780   100.0  100.0     0.812    0.0     83.3   305    154  0.447   1.22
  2700   -1.1782   -0.173  0.000   0.066  0.231   2.404  0.520    99.2  100.0     0.819    0.0     91.7   306    155  0.412   1.22
  2710   -1.1404   -0.167  0.000   0.067  0.234   2.268  0.347   100.0  100.0     0.852    0.0     83.3   307    156  0.425   1.21
  2720   -0.6731   -0.169  0.000   0.078  0.246   2.245  0.347   100.0  100.0     0.867    0.0    100.0   307    156  0.388   1.28
  2730   -0.6615   -0.173  0.000   0.073  0.246   2.001  0.231   100.0  100.0     0.906    0.0     91.7   307    156  0.394   1.23
  2740   -0.5496   -0.179  0.000   0.064  0.228   2.218  0.103    98.4  100.0     0.841    0.0     91.7   307    156  0.411   1.23
  2750   -0.4096   -0.184  0.000   0.065  0.233   1.844  0.069    98.4  100.0     0.897    0.0     75.0   307    156  0.383   1.22
  2760   -0.2758   -0.175  0.000   0.065  0.232   2.216  0.030    99.2  100.0     0.850    0.0    100.0   307    156  0.408   1.30
  2770   -0.1767   -0.177  0.000   0.071  0.240   2.325  0.014    99.2  100.0     0.874    0.0     91.7   307    156  0.395   1.27
  2780   -0.1170   -0.172  0.000   0.068  0.233   2.278  0.004    99.2  100.0     0.850    0.0    100.0   307    156  0.366   1.22
  2790   -0.0691   -0.162  0.000   0.064  0.226   2.215  0.001   100.0   99.2     0.843    0.0    100.0   307    156  0.481   1.26
  2800   -0.0390   -0.164  0.000   0.073  0.237   2.170  0.001   100.0  100.0     0.852    0.8    100.0   310    158  0.383   1.31
      saved checkpoint @ step 2800 | examples: ['COc1ccc(S(=O)(=O)N2CCN(Cc3ccccc3)CC2)cc1', 'CNC(=O)c1ccc(C)c(CNC(=O)c2ccccc2Br)c1', 'Cc1ccc(S(=O)(=O)NCC(O)CN(C)Cc2ccccc2)cc1', 'COC(=O)/C=C/C(=O)NCc1ccco1', 'O=C(NC1CCCCCC1)N1CCC(c2cccc(F)c2)CC1']
  2810   -0.0037   -0.181  0.000   0.067  0.233   2.318  0.001    98.4  100.0     0.810    0.0    100.0   312    158  0.355   1.22
  2820   -0.0018   -0.170  0.000   0.064  0.234   2.193  0.001   100.0  100.0     0.859    0.0     91.7   315    159  0.319   1.28
  2830    0.0031   -0.162  0.000   0.065  0.227   2.284  0.001   100.0  100.0     0.812    0.0     91.7   315    159  0.434   1.23
  2840    0.0086   -0.167  0.000   0.068  0.235   2.153  0.001   100.0  100.0     0.781    0.0     91.7   316    159  0.326   1.32
  2850    0.0128   -0.167  0.000   0.067  0.234   2.176  0.001   100.0  100.0     0.805    0.0    100.0   318    160  0.349   1.27
  2860    0.0147   -0.163  0.000   0.063  0.226   1.935  0.001   100.0  100.0     0.789    0.0    100.0   321    161  0.414   1.33
  2870    0.0150   -0.166  0.000   0.066  0.232   2.255  0.001   100.0  100.0     0.773    0.0    100.0   324    164  0.317   1.26
  2880    0.0223   -0.162  0.000   0.064  0.218   2.682  0.001    99.2  100.0     0.803    0.8     75.0   327    165  0.541   1.36
  2890   -0.0141   -0.132  0.000   0.081  0.213   2.608  0.001   100.0   98.4     0.746    2.3     91.7   329    166  0.387   1.31
  2900    0.0200   -0.158  0.000   0.073  0.231   2.229  0.001   100.0  100.0     0.852    1.6    100.0   333    167  0.392   1.34
  2910   -0.0325   -0.102  0.000   0.109  0.211   2.634  0.001   100.0   96.1     0.780    5.5    100.0   333    167  0.339   1.29
  2920   -0.0391   -0.080  0.000   0.138  0.203   2.953  0.001    98.4   92.9     0.803    8.6    100.0   334    168  0.349   1.29
  2930   -0.2129    0.167  0.000   0.344  0.161   5.181  0.002    98.4   69.8     0.852   30.5    100.0   335    168  0.352   1.30
  2940    0.5200    0.526  0.000   0.637  0.111   8.140  0.130   100.0   40.6     0.788   61.7    100.0   335    168  0.395   1.24
  2950  107.5982   -0.463  0.953   0.048  0.160  20.511  7.482    64.8  100.0     0.867    0.0     91.7   335    168  0.588   1.04
  2960  105.5275   -0.295  0.953   0.052  0.191  14.725 20.000    84.4  100.0     0.843    0.0     75.0   335    168  0.837   1.17
  2970  -91.0856   -0.165  0.953   0.070  0.236   2.509 13.333   100.0  100.0     0.844    0.0     91.7   335    168  1.216   1.28
  2980  -47.0410   -0.156  0.953   0.053  0.209   3.039 13.333   100.0   99.2     0.748    0.0    100.0   335    168  1.047   1.24
  2990  -32.8605   -0.172  0.953   0.068  0.232   2.711 13.333    99.2  100.0     0.819    0.0    100.0   335    168  0.951   1.32
  3000  -20.7513   -0.165  0.953   0.062  0.227   2.725 13.333   100.0  100.0     0.836    0.0     91.7   335    168  0.722   1.29
      saved checkpoint @ step 3000 | examples: ['CCCCN1CCCC12CCN(C(=O)Nc1ccccc1C)CC2', 'Fc1ccc(C(c2cccnc2)N2CCN(c3ccccc3F)CC2)cc1', 'O=C(CC1CCCO1)Nc1ccc(S(=O)(=O)N2CCCCC2)cc1', 'CCCCNC(=O)CN1CCN(c2ncccn2)CC1', 'COc1cccc(NC(=O)CCCOc2ccccc2C)c1']
  3010  -14.9562   -0.163  0.953   0.065  0.220   2.575 13.333    99.2  100.0     0.756    0.0     91.7   336    168  0.701   1.29
  3020   -7.5541   -0.168  0.953   0.063  0.231   2.706 13.333   100.0  100.0     0.828    0.0     83.3   337    168  0.625   1.36
  3030  -12.5838   -0.167  0.953   0.072  0.239   2.036 13.333   100.0  100.0     0.906    0.0     91.7   339    170  0.528   1.36
  3040  -22.4254   -0.168  0.953   0.069  0.237   2.090  5.926   100.0  100.0     0.859    0.0     83.3   339    170  0.475   1.39
  3050  -12.0814   -0.170  0.953   0.071  0.241   2.387  5.926   100.0  100.0     0.828    0.0     91.7   339    170  0.477   1.30
  3060   -6.9917   -0.175  0.953   0.069  0.236   2.460  5.926    99.2  100.0     0.780    0.0     83.3   339    170  0.564   1.30
  3070   -4.3716   -0.168  0.953   0.071  0.240   2.461  5.926   100.0  100.0     0.898    0.0     83.3   339    170  0.432   1.35
  3080   -4.6390   -0.174  0.953   0.072  0.245   2.075  5.926   100.0  100.0     0.859    0.0     83.3   339    170  0.493   1.31
  3090   -7.5681   -0.170  0.953   0.071  0.241   1.989  3.951   100.0  100.0     0.891    0.0    100.0   339    170  0.479   1.32
  3100   -5.2986   -0.172  0.953   0.074  0.246   2.424  2.634   100.0  100.0     0.836    0.0    100.0   339    170  0.445   1.30
  3110   -3.5508   -0.168  0.953   0.066  0.234   2.257  2.634   100.0  100.0     0.828    0.0     75.0   339    170  0.437   1.29
  3120   -2.0725   -0.161  0.953   0.064  0.225   2.305  2.634   100.0  100.0     0.852    0.0    100.0   339    170  0.392   1.32
  3130   -1.1736   -0.186  0.953   0.075  0.246   2.363  2.634    98.4  100.0     0.929    0.0    100.0   339    170  0.388   1.30
  3140   -3.9130   -0.172  0.953   0.071  0.243   2.098  1.171   100.0  100.0     0.836    0.0     83.3   339    170  0.406   1.24
  3150   -2.7894   -0.171  0.953   0.072  0.243   2.375  0.780   100.0  100.0     0.875    0.0     83.3   339    170  0.407   1.20
  3160   -1.5665   -0.170  0.953   0.069  0.239   2.472  0.780   100.0  100.0     0.836    0.0    100.0   339    170  0.395   1.19
  3170   -0.9581   -0.166  0.953   0.069  0.235   2.427  0.780   100.0  100.0     0.820    0.0     91.7   339    170  0.360   1.41
  3180   -0.6858   -0.173  0.953   0.073  0.246   2.236  0.780   100.0  100.0     0.898    0.0     91.7   339    170  0.352   1.36
  3190   -0.9377   -0.175  0.953   0.074  0.249   2.155  0.520   100.0  100.0     0.891    0.0     91.7   340    170  0.366   1.29
  3200   -1.1655   -0.169  0.953   0.075  0.243   2.177  0.154   100.0  100.0     0.898    0.0     75.0   340    170  0.364   1.37
      saved checkpoint @ step 3200 | examples: ['O=C(CC(Cc1ccccc1)c1ccccc1)Nc1nnc(Cc2ccccc2)s1', 'NCCCCc1ccc(-c2ccccc2)cc1', 'Cc1ccc(-c2cccc(CC(=O)N3CCCN(C)CC3)c2)cc1', 'C#CCCCOc1ccc(C(=O)Nc2ncnc3cc(Cl)ccc23)cc1', 'O=C(c1ccco1)N1CCN(c2ccccc2F)CC1']
  3210   -0.6773   -0.164  0.953   0.063  0.227   2.204  0.154   100.0  100.0     0.812    0.0     91.7   340    170  0.359   1.21
  3220   -0.4890   -0.172  0.953   0.071  0.243   2.154  0.103   100.0  100.0     0.898    0.0     83.3   340    170  0.372   1.32
  3230   -0.2578   -0.179  0.953   0.069  0.240   2.388  0.103    99.2  100.0     0.874    0.0     91.7   340    170  0.337   1.32
  3240   -0.1290   -0.176  0.953   0.072  0.240   2.555  0.103    99.2  100.0     0.882    0.0    100.0   340    170  0.313   1.23
  3250   -0.1450   -0.167  0.953   0.081  0.248   2.146  0.069   100.0  100.0     0.867    0.0    100.0   340    170  0.389   1.32
  3260   -0.1451   -0.168  0.953   0.065  0.232   2.076  0.030   100.0  100.0     0.828    0.0     91.7   340    170  0.370   1.22
  3270   -0.0940   -0.172  0.953   0.068  0.232   2.246  0.020    99.2  100.0     0.843    0.0     91.7   340    170  0.340   1.31
  3280   -0.0571   -0.176  0.953   0.073  0.240   2.033  0.014    99.2  100.0     0.866    0.0    100.0   343    170  0.379   1.20
  3290   -0.0362   -0.163  0.953   0.072  0.235   2.509  0.009   100.0  100.0     0.867    0.0     83.3   343    170  0.395   1.35
  3300   -0.0311   -0.159  0.953   0.080  0.239   2.283  0.006   100.0  100.0     0.852    0.0     83.3   346    172  0.333   1.23
  3310   -0.0098   -0.173  0.953   0.069  0.234   2.212  0.002    99.2  100.0     0.882    0.0     91.7   346    172  0.325   1.26
  3320   -0.0009   -0.166  0.953   0.072  0.238   2.255  0.001   100.0  100.0     0.852    0.0    100.0   348    173  0.334   1.27
  3330    0.0172   -0.168  0.953   0.078  0.238   2.247  0.001    99.2  100.0     0.843    0.0    100.0   348    173  0.445   1.21
  3340   -0.0130   -0.138  0.953   0.108  0.238   2.742  0.001    99.2   97.6     0.806    0.0     83.3   353    175  0.323   1.30
  3350   -0.0616   -0.064  0.953   0.161  0.209   3.356  0.001    98.4   92.9     0.812    0.0    100.0   356    178  0.303   1.30
  3360   -0.2083    0.141  0.953   0.323  0.182   4.528  0.002   100.0   75.0     0.844    0.0    100.0   360    181  0.301   1.25
  3370   -0.1123    0.248  0.953   0.414  0.159   5.568  0.020    99.2   63.8     0.852    0.0    100.0   361    181  0.365   1.25
  3380    5.4213    0.163  0.953   0.378  0.176   6.605  1.171    96.1   71.5     0.875    0.0    100.0   374    188  0.326   1.33
  3390  230.0013   -0.401  0.953   0.056  0.176  19.819 20.000    71.9  100.0     0.880    0.0     91.7   381    194  0.604   1.12
  3400  -85.8015   -0.167  0.953   0.078  0.245   2.574 20.000   100.0  100.0     0.875    0.0    100.0   383    196  0.838   1.24
      saved checkpoint @ step 3400 | examples: ['CCCCS/C(=N\\Cc1ccc(OC)cc1)N1CCNCC1', 'COc1cc(/C=C/C(=O)NCCCCC(=O)NO)ccc1O', 'CN1CCCCC1C(=O)Nc1cccc2ccccc12', 'CC(C)CCCCNC1CC1', 'O=C(Cn1ccnc1C(=O)N1CCc2ccccc21)Nc1ccccc1']
  3410  -51.5097   -0.174  0.953   0.070  0.236   2.500 20.000    99.2  100.0     0.858    0.0    100.0   383    196  0.998   1.24
  3420  -30.2531   -0.160  0.953   0.061  0.221   2.590 20.000   100.0  100.0     0.789    0.0    100.0   383    196  0.963   1.25
  3430  -24.8530   -0.170  0.953   0.064  0.234   2.294 20.000   100.0  100.0     0.891    0.0     91.7   383    196  1.048   1.23
  3440  -14.3931   -0.177  0.953   0.068  0.237   2.399 20.000    99.2  100.0     0.898    0.0     91.7   383    196  0.851   1.25
  3450  -15.5574   -0.173  0.953   0.073  0.246   2.069 20.000   100.0  100.0     0.922    0.0     83.3   383    196  0.926   1.27
  3460  -31.9620   -0.168  0.953   0.070  0.239   2.026  8.889   100.0  100.0     0.891    0.0     91.7   383    196  0.754   1.21
  3470  -18.8375   -0.166  0.953   0.063  0.229   2.152  8.889   100.0  100.0     0.828    0.0    100.0   383    196  0.855   1.20
  3480   -9.8450   -0.176  0.953   0.077  0.253   2.419  8.889   100.0  100.0     0.852    0.0     83.3   383    196  0.931   1.24
  3490   -6.6558   -0.169  0.953   0.069  0.239   2.279  8.889   100.0  100.0     0.883    0.0     91.7   383    196  0.930   1.20
  3500   -5.1351   -0.164  0.953   0.077  0.241   2.162  8.889   100.0  100.0     0.852    0.0     91.7   383    196  0.765   1.25
  3510   -7.5103   -0.168  0.953   0.071  0.239   2.223  5.926   100.0  100.0     0.867    0.0    100.0   383    196  0.763   1.23
  3520   -5.2657   -0.177  0.953   0.067  0.236   2.140  5.926    99.2  100.0     0.874    0.0     91.7   383    196  0.671   1.24
  3530   -4.1445   -0.170  0.953   0.069  0.239   2.020  5.926   100.0  100.0     0.914    0.0     91.7   383    196  0.659   1.28
  3540  -10.0377   -0.171  0.953   0.072  0.243   1.873  1.756   100.0   99.2     0.866    0.0     83.3   383    196  0.629   1.23
  3550   -5.2946   -0.177  0.953   0.071  0.240   2.370  1.756    99.2  100.0     0.850    0.0    100.0   383    196  0.642   1.22
  3560   -3.1640   -0.172  0.953   0.072  0.244   2.421  1.756   100.0  100.0     0.922    0.0     83.3   383    196  0.573   1.22
  3570   -2.0679   -0.180  0.953   0.074  0.247   2.296  1.756    99.2  100.0     0.890    0.0    100.0   383    196  0.496   1.26
  3580   -2.1501   -0.168  0.953   0.065  0.233   2.300  1.171   100.0  100.0     0.867    0.0    100.0   383    196  0.589   1.29
  3590   -1.2801   -0.171  0.953   0.060  0.223   2.348  1.171    99.2  100.0     0.787    0.0    100.0   383    196  0.497   1.23
  3600   -1.0146   -0.163  0.953   0.090  0.254   2.130  1.171   100.0  100.0     0.836    0.0    100.0   383    196  0.438   1.26
      saved checkpoint @ step 3600 | examples: ['O=C(OCCc1cccs1)c1ccc2ccccc2c1', 'O=C(CN1CCCCC1)Nc1ccccc1C1CC1', 'O=C(COc1ccc(F)cc1)Nc1ccc(NC(=O)c2cccs2)cc1', 'COc1ccc(S(=O)(=O)N2CCN(Cc3nc(O)c4ccccc4n3)CC2)cc1', 'CNC(=O)c1ccccc1Sc1ccc2c(/C=C/c3ccccn3)n[nH]c2c1']
  3610   -1.2650   -0.174  0.953   0.078  0.251   2.039  0.780   100.0  100.0     0.914    0.0     75.0   383    196  0.419   1.26
  3620   -1.0807   -0.174  0.953   0.076  0.250   2.101  0.520   100.0  100.0     0.859    0.0     91.7   383    196  0.445   1.21
  3630   -0.4887   -0.180  0.953   0.069  0.241   2.398  0.520    99.2  100.0     0.850    0.0     91.7   383    196  0.457   1.23
  3640   -0.8298   -0.172  0.953   0.071  0.243   2.062  0.231   100.0  100.0     0.883    0.0     91.7   384    197  0.420   1.38
  3650   -0.5812   -0.171  0.953   0.069  0.241   2.173  0.154   100.0  100.0     0.875    0.0    100.0   384    197  0.434   1.26
  3660   -0.3600   -0.168  0.953   0.069  0.237   2.070  0.154   100.0  100.0     0.867    0.0     91.7   384    197  0.375   1.22
  3670   -0.3373   -0.175  0.953   0.064  0.231   2.291  0.069    99.2  100.0     0.890    0.0     83.3   386    197  0.377   1.21
  3680   -0.2912   -0.170  0.953   0.072  0.242   1.899  0.020   100.0  100.0     0.898    0.0     91.7   386    197  0.364   1.35
  3690   -0.1633   -0.175  0.953   0.073  0.248   2.319  0.014   100.0  100.0     0.891    0.0     83.3   388    199  0.399   1.30
  3700   -0.1084   -0.170  0.953   0.076  0.238   2.494  0.006    99.2  100.0     0.843    0.0     91.7   388    199  0.391   1.26
  3710   -0.0559   -0.171  0.953   0.074  0.245   2.130  0.006   100.0  100.0     0.883    0.0    100.0   390    200  0.413   1.28
  3720   -0.0261   -0.183  0.953   0.068  0.235   2.020  0.002    98.4  100.0     0.897    0.0    100.0   390    200  0.355   1.22
  3730   -0.0233   -0.164  0.953   0.072  0.237   2.074  0.001   100.0  100.0     0.820    0.0     83.3   390    200  0.360   1.24
  3740   -0.0162   -0.159  0.953   0.056  0.215   2.116  0.001   100.0  100.0     0.828    0.0     75.0   392    201  0.321   1.30
  3750    0.0094   -0.175  0.953   0.068  0.236   2.044  0.001    99.2  100.0     0.835    0.0     83.3   392    201  0.353   1.33
  3760    0.0171   -0.175  0.953   0.067  0.234   2.577  0.001    99.2  100.0     0.882    0.0     91.7   398    204  0.375   1.34
  3770    0.0121   -0.168  0.953   0.066  0.234   1.897  0.001   100.0  100.0     0.844    0.0    100.0   402    204  0.329   1.28
  3780    0.0126   -0.169  0.953   0.071  0.232   2.130  0.001    99.2   99.2     0.889    0.0     91.7   403    204  0.322   1.22
  3790    0.0083   -0.158  0.953   0.064  0.223   2.417  0.001   100.0  100.0     0.836    0.0     91.7   408    207  0.328   1.27
  3800   -0.0172   -0.127  0.953   0.102  0.221   2.497  0.001    99.2   97.6     0.871    0.0     91.7   412    209  0.364   1.24
      saved checkpoint @ step 3800 | examples: ['COC(=O)CCC(=O)Nc1ccccc1C(C)C', 'CN(C)C(=S)SCc1cccnc1', 'Cc1ccc(C(=O)COC(=O)c2cccc(OC(F)F)c2)cc1', 'O=C(O)c1ccccn1', 'COc1ccc(N(C)c2ccc(C(=O)Nc3ccccc3)cc2)nc1']
  3810   -0.0310   -0.092  0.953   0.129  0.221   2.626  0.001   100.0   94.5     0.826    0.0    100.0   414    209  0.372   1.26
  3820   -0.1540    0.068  0.953   0.265  0.197   4.200  0.001   100.0   82.0     0.781    0.8    100.0   419    212  0.351   1.26
  3830   -0.1903    0.247  0.953   0.407  0.160   5.634  0.011   100.0   64.8     0.783    0.0    100.0   420    212  0.356   1.21
  3840    3.3576    0.373  0.953   0.516  0.143   6.724  0.657   100.0   53.1     0.897    0.0    100.0   422    213  0.375   1.20
  3850  162.7366   -0.245  0.953   0.097  0.232  11.922 20.000    89.1  100.0     0.842    0.0     66.7   467    231  0.471   1.27
  3860   32.4453   -0.230  0.953   0.086  0.246   9.240 20.000    93.0  100.0     0.882    0.0     91.7   474    236  0.510   1.38
  3870  -48.7578   -0.188  0.953   0.060  0.217   3.244 20.000    96.9   99.2     0.854    0.0    100.0   474    236  0.751   1.31
  3880  -41.6428   -0.178  0.953   0.069  0.239   2.289 20.000    99.2  100.0     0.890    0.0    100.0   474    236  0.905   1.22
  3890   -5.0032   -0.180  0.953   0.066  0.230   3.622 20.000    98.4  100.0     0.833    0.0    100.0   474    236  1.002   1.32
  3900  -18.5949   -0.173  0.953   0.070  0.243   2.360 20.000   100.0  100.0     0.883    0.0     66.7   474    236  0.839   1.24
  3910   -8.5668   -0.175  0.953   0.068  0.235   2.721 20.000    99.2  100.0     0.811    0.0     91.7   474    236  0.904   1.37
  3920  -38.5889   -0.171  0.953   0.067  0.237   1.994  8.889   100.0  100.0     0.883    0.0    100.0   474    236  0.913   1.24
  3930  -21.8493   -0.169  0.953   0.060  0.230   2.308  8.889   100.0  100.0     0.875    0.0    100.0   474    236  0.940   1.25
  3940  -12.8415   -0.176  0.953   0.073  0.242   2.487  8.889    99.2  100.0     0.874    0.0    100.0   474    236  0.705   1.25
  3950  -10.1992   -0.174  0.953   0.075  0.241   2.225  8.889    99.2  100.0     0.906    0.0     83.3   474    236  0.797   1.24
  3960   -6.6816   -0.179  0.953   0.068  0.239   2.286  8.889    99.2  100.0     0.921    0.0     91.7   474    236  0.773   1.26
  3970   -4.4582   -0.173  0.953   0.073  0.245   2.253  8.889   100.0  100.0     0.922    0.0     83.3   474    236  0.699   1.34
  3980  -10.1722   -0.177  0.953   0.080  0.256   2.025  5.926   100.0  100.0     0.867    0.0     91.7   474    236  0.621   1.30
  3990   -7.6563   -0.169  0.953   0.072  0.240   2.377  3.951   100.0   99.2     0.866    0.0     91.7   474    236  0.636   1.32
  4000   -5.3414   -0.170  0.953   0.069  0.239   2.194  3.951   100.0  100.0     0.844    0.0     91.7   474    236  0.640   1.31
      saved checkpoint @ step 4000 | examples: ['COC(=O)CNC(=O)c1cc2cc(O)ccc2o1', 'C=CCCCC(=O)NCc1ccc(C(=N)N)cc1', 'Cc1ccc([C@H](C)CNC(=O)c2ccncc2)o1', 'CCCNC(=O)c1ccc(Cl)c(NC(=O)c2ccccc2)c1', 'Cc1cccc(C(=O)Nc2nc(C)cs2)c1']
  4010   -3.3630   -0.172  0.953   0.075  0.247   2.195  3.951   100.0  100.0     0.883    0.0     91.7   474    236  0.583   1.27
  4020   -4.7496   -0.176  0.953   0.082  0.258   2.122  2.634   100.0  100.0     0.938    0.0    100.0   474    236  0.477   1.32
  4030   -2.8902   -0.174  0.953   0.077  0.251   2.166  2.634   100.0  100.0     0.898    0.0     91.7   474    236  0.442   1.26
  4040   -2.9351   -0.170  0.953   0.069  0.240   2.219  1.756   100.0  100.0     0.859    0.0     83.3   474    236  0.527   1.24
  4050   -1.8717   -0.172  0.953   0.077  0.249   2.227  1.756   100.0  100.0     0.914    0.0    100.0   474    236  0.408   1.25
  4060   -3.2289   -0.172  0.953   0.071  0.243   2.130  0.780   100.0  100.0     0.859    0.0     75.0   475    236  0.512   1.30
  4070   -1.8834   -0.167  0.953   0.079  0.246   2.279  0.780   100.0  100.0     0.883    0.0     91.7   476    236  0.439   1.33
  4080   -1.0542   -0.171  0.953   0.069  0.240   2.299  0.780   100.0  100.0     0.891    0.0    100.0   476    236  0.403   1.26
  4090   -0.7845   -0.182  0.953   0.076  0.250   2.057  0.780    99.2  100.0     0.929    0.0     91.7   476    236  0.462   1.31
  4100   -0.4500   -0.173  0.953   0.072  0.245   2.178  0.780   100.0  100.0     0.867    0.0     91.7   476    236  0.394   1.35
  4110   -1.4187   -0.178  0.953   0.078  0.256   1.936  0.103   100.0  100.0     0.922    0.0     91.7   476    236  0.404   1.33
  4120   -0.9744   -0.167  0.953   0.065  0.232   1.959  0.014   100.0  100.0     0.898    0.0     83.3   476    236  0.363   1.36
  4130   -0.5502   -0.167  0.953   0.065  0.232   2.248  0.014   100.0  100.0     0.867    0.0     91.7   476    236  0.403   1.19
  4140   -0.3095   -0.173  0.953   0.079  0.252   2.325  0.014   100.0  100.0     0.867    0.0     91.7   476    236  0.422   1.29
  4150   -0.1816   -0.168  0.953   0.063  0.230   2.186  0.014   100.0  100.0     0.906    0.0     91.7   476    236  0.372   1.27
  4160   -0.0905   -0.178  0.953   0.074  0.243   2.316  0.014    99.2  100.0     0.882    0.0     91.7   478    237  0.351   1.27
  4170   -0.0547   -0.157  0.953   0.079  0.228   3.011  0.014    99.2  100.0     0.866    0.0    100.0   478    237  0.380   1.24
  4180   -0.0426   -0.147  0.953   0.083  0.230   2.321  0.014   100.0   99.2     0.898    0.0     83.3   478    237  0.369   1.23
  4190   -0.0394   -0.128  0.953   0.090  0.218   2.552  0.014   100.0   97.7     0.864    0.0    100.0   478    237  0.370   1.28
  4200    0.0079   -0.163  0.953   0.075  0.238   2.225  0.014   100.0  100.0     0.852    0.0     91.7   478    237  0.329   1.28
      saved checkpoint @ step 4200 | examples: ['Cc1cccc(C)c1NC(=O)c1cccc(-c2nc3ccccc3s2)c1', 'O=C(CCN1CCN(c2ccccc2)CC1)c1cccc(O)c1', 'CCCCCCCCn1cc(CO)nn1', 'CC(=O)c1ccccc1Sc1ccc(Cl)cc1', 'CCc1ccccc1SCC(=O)NCCC(c1ccccc1)c1ccccc1']
  4210   -0.0749   -0.054  0.953   0.163  0.217   2.928  0.014   100.0   90.6     0.922    0.0    100.0   480    238  0.346   1.25
  4220   -0.1583    0.092  0.953   0.284  0.192   4.247  0.014   100.0   78.9     0.861    0.0    100.0   481    238  0.362   1.23
  4230   -0.0363    0.113  0.953   0.308  0.187   4.610  0.030    99.2   75.6     0.844    0.0    100.0   483    238  0.294   1.25
  4240    2.3283    0.083  0.953   0.290  0.184   4.377  0.780    97.7   76.8     0.896    0.0    100.0   486    240  0.319   1.16
  4250  156.6063   -0.269  0.953   0.063  0.215  11.362 20.000    88.3  100.0     0.938    0.0    100.0   490    243  0.457   1.31
  4260    4.0670   -0.197  0.953   0.082  0.240   5.968 20.000    96.1  100.0     0.870    0.0     91.7   491    244  0.555   1.46
  4270  -56.8448   -0.170  0.953   0.069  0.240   2.114 20.000   100.0  100.0     0.859    0.0    100.0   491    244  0.714   1.27
  4280  -12.0201   -0.187  0.953   0.074  0.238   3.638 20.000    97.7  100.0     0.904    0.0    100.0   491    244  0.658   1.31
  4290  -23.9482   -0.169  0.953   0.074  0.243   2.385 20.000   100.0  100.0     0.891    0.0     83.3   491    244  0.600   1.32
  4300   -1.1721   -0.174  0.953   0.072  0.238   3.414 20.000    99.2  100.0     0.866    0.0     83.3   491    244  0.779   1.38
  4310  -19.7804   -0.181  0.953   0.072  0.246   3.275 13.333    99.2  100.0     0.906    0.0    100.0   492    245  0.764   1.32
  4320   -9.7453   -0.171  0.953   0.071  0.241   2.319 20.000   100.0  100.0     0.891    0.0    100.0   492    245  0.711   1.24
  4330  -24.2474   -0.179  0.953   0.070  0.241   2.140 13.333    99.2  100.0     0.898    0.0    100.0   492    245  0.689   1.30
  4340  -26.1102   -0.173  0.953   0.064  0.229   2.201  5.926    99.2  100.0     0.882    0.0     83.3   492    245  0.544   1.28
  4350  -15.2735   -0.168  0.953   0.069  0.237   2.447  5.926   100.0  100.0     0.852    0.0    100.0   492    245  0.558   1.31
  4360   -5.4729   -0.174  0.953   0.067  0.233   3.370  5.926    99.2   99.2     0.849    0.0     75.0   492    245  0.644   1.37
  4370   -6.3205   -0.169  0.953   0.067  0.236   2.540  5.926   100.0  100.0     0.820    0.0    100.0   492    245  0.774   1.28
  4380   -5.8120   -0.167  0.953   0.070  0.237   2.339  5.926   100.0  100.0     0.828    0.0     91.7   492    245  0.652   1.19
  4390   -5.4314   -0.175  0.953   0.078  0.253   2.079  5.926   100.0  100.0     0.883    0.0    100.0   492    245  0.541   1.25
  4400   -7.8898   -0.178  0.953   0.071  0.241   2.155  3.951    99.2  100.0     0.945    0.0     91.7   492    245  0.514   1.30
      saved checkpoint @ step 4400 | examples: ['Clc1ccc(-c2nc(CNCC3CCCO3)co2)cc1', 'Cc1cccc(C#Cc2ccncc2)c1', 'NC(=O)CSc1nc(-c2ccc(Cl)cc2)cs1', 'CCOC(=O)C1CCN(Cc2cccnc2SC)CC1', 'Cc1ccc(-n2c(C(=O)O)c(C(=O)O)c3ccccc32)cc1']
  4410   -8.9114   -0.181  0.953   0.075  0.248   2.150  1.756    99.2  100.0     0.921    0.0    100.0   492    245  0.487   1.23
  4420   -4.7512   -0.167  0.953   0.069  0.236   2.572  1.756   100.0  100.0     0.891    0.0     91.7   492    245  0.506   1.26
  4430   -3.3840   -0.173  0.953   0.072  0.245   2.326  1.756   100.0  100.0     0.883    0.0     83.3   492    245  0.453   1.22
  4440   -1.6569   -0.170  0.953   0.067  0.238   2.616  1.756   100.0  100.0     0.922    0.0     83.3   492    245  0.440   1.21
  4450   -1.6569   -0.175  0.953   0.069  0.236   2.259  1.756    99.2  100.0     0.882    0.0    100.0   492    245  0.426   1.32
  4460   -1.6325   -0.174  0.953   0.067  0.234   2.426  1.171    99.2  100.0     0.874    0.0     75.0   492    245  0.458   1.23
  4470   -1.3107   -0.181  0.953   0.078  0.251   2.161  1.171    99.2  100.0     0.906    0.0     75.0   494    246  0.472   1.26
  4480   -1.2623   -0.165  0.953   0.064  0.229   2.243  0.780   100.0  100.0     0.898    0.0     91.7   494    246  0.532   1.21
  4490   -0.8780   -0.176  0.953   0.075  0.244   2.089  0.780    99.2  100.0     0.921    0.0     83.3   494    246  0.489   1.23
  4500   -0.7956   -0.169  0.953   0.069  0.238   2.256  0.520   100.0  100.0     0.875    0.0    100.0   494    246  0.395   1.27
  4510   -1.1792   -0.180  0.953   0.071  0.243   1.985  0.154    99.2  100.0     0.921    0.0     91.7   494    246  0.434   1.27
  4520   -0.6930   -0.170  0.953   0.077  0.247   2.057  0.154   100.0  100.0     0.867    0.0    100.0   494    246  0.411   1.26
  4530   -0.4940   -0.174  0.953   0.074  0.248   2.140  0.103   100.0  100.0     0.891    0.0    100.0   494    246  0.407   1.30
  4540   -0.3268   -0.174  0.953   0.075  0.248   2.293  0.069   100.0  100.0     0.867    0.0     83.3   494    246  0.387   1.26
  4550   -0.2059   -0.171  0.953   0.063  0.226   2.127  0.069    99.2  100.0     0.866    0.0     91.7   494    246  0.400   1.23
  4560   -0.1158   -0.172  0.953   0.070  0.242   2.121  0.069   100.0  100.0     0.891    0.0    100.0   494    246  0.405   1.29
  4570   -0.0632   -0.176  0.953   0.074  0.250   2.076  0.069   100.0  100.0     0.867    0.0     91.7   494    246  0.411   1.24
  4580   -0.0645   -0.173  0.953   0.066  0.239   2.159  0.046   100.0  100.0     0.922    0.0     91.7   494    246  0.445   1.23
  4590   -0.0700   -0.172  0.953   0.067  0.239   1.868  0.030   100.0  100.0     0.875    0.0     91.7   494    246  0.468   1.23
  4600   -0.0569   -0.177  0.953   0.070  0.240   2.021  0.009    99.2  100.0     0.906    0.0     83.3   494    246  0.384   1.24
      saved checkpoint @ step 4600 | examples: ['CNc1ccc(C)cc1', 'O=C(CNc1ccc(Cl)c(Cl)c1)NCCCNCCCc1ccccc1', 'O=C(O)c1cccc(CNc2ncccc2F)c1', 'COc1ccccc1C(=O)NCC1(CO)CCN(C(=O)c2ccc(-c3ccccc3)cc2)CC1', 'COc1ccc(OC)c(NC(=O)CCNC(=O)c2cccs2)c1']
  4610   -0.0480   -0.164  0.953   0.076  0.240   2.170  0.003   100.0  100.0     0.859    0.0    100.0   495    247  0.356   1.28
  4620   -0.0130   -0.174  0.953   0.065  0.232   2.048  0.003    99.2  100.0     0.921    0.0     91.7   496    248  0.387   1.30
  4630   -0.0052   -0.167  0.953   0.070  0.237   2.167  0.003   100.0  100.0     0.914    0.0    100.0   499    251  0.399   1.30
  4640    0.0023   -0.170  0.953   0.068  0.231   2.065  0.001    99.2  100.0     0.890    0.0    100.0   499    251  0.371   1.33
  4650    0.0190   -0.178  0.953   0.073  0.243   2.178  0.001    99.2  100.0     0.913    0.0    100.0   499    251  0.418   1.34
  4660    0.0171   -0.174  0.953   0.067  0.233   2.340  0.001    99.2  100.0     0.890    0.0    100.0   499    251  0.399   1.27
  4670    0.0163   -0.172  0.953   0.072  0.229   2.407  0.001    98.4  100.0     0.833    0.0     91.7   499    251  0.406   1.27
  4680    0.0137   -0.167  0.953   0.076  0.244   2.254  0.001   100.0  100.0     0.859    0.0     91.7   502    253  0.357   1.22
  4690    0.0269   -0.175  0.953   0.066  0.233   2.479  0.001    99.2  100.0     0.929    0.0    100.0   503    253  0.415   1.25
  4700    0.0219   -0.171  0.953   0.064  0.235   2.306  0.001   100.0  100.0     0.898    0.0     83.3   505    253  0.352   1.22
  4710    0.0160   -0.164  0.953   0.063  0.227   2.305  0.001   100.0  100.0     0.828    0.0     91.7   505    253  0.357   1.22
  4720    0.0161   -0.162  0.953   0.066  0.228   2.443  0.001   100.0  100.0     0.836    0.0    100.0   507    253  0.376   1.27
  4730    0.0147   -0.161  0.953   0.069  0.230   2.255  0.001   100.0  100.0     0.797    0.0     91.7   510    254  0.370   1.26
  4740    0.0119   -0.156  0.953   0.068  0.224   2.244  0.001   100.0  100.0     0.844    0.0    100.0   510    254  0.350   1.21
  4750    0.0121   -0.154  0.953   0.065  0.219   2.396  0.001   100.0  100.0     0.859    0.0    100.0   510    254  0.375   1.20
  4760    0.0102   -0.150  0.953   0.069  0.219   2.642  0.001   100.0  100.0     0.852    0.0    100.0   512    255  0.366   1.28
  4770    0.0157   -0.153  0.953   0.067  0.219   2.355  0.001   100.0  100.0     0.828    0.0    100.0   515    257  0.343   1.20
  4780   -0.0812   -0.043  0.953   0.161  0.204   3.194  0.001   100.0   91.4     0.829    0.0    100.0   520    261  0.394   1.26
  4790   -0.0700   -0.006  0.953   0.190  0.196   3.772  0.001   100.0   87.5     0.804    0.0    100.0   521    261  0.321   1.20
  4800   -0.0407    0.256  0.953   0.411  0.155   5.772  0.038   100.0   64.1     0.817    0.0    100.0   521    261  0.362   1.23
      saved checkpoint @ step 4800 | examples: ['Cc1ccncc1-c1ccc2cc(NC(=O)C3CC3)ncc2c1', 'COc1ccc(N=C(S)NCCc2cccnc2)cc1', 'Nc1cccc(-c2ccc(NC(=O)C(Cl)Cl)cc2)c1', 'CC(C)NC(=O)Nc1ccn2cccc2c1', 'CC(=O)NC(Cc1ccccc1)C(=O)O']
  4810   26.7491   -0.215  0.953   0.085  0.245  15.994  2.217    94.5   98.3     0.824    0.0    100.0   522    261  0.867   1.21
  4820  152.7139   -0.333  0.953   0.047  0.177  16.843 20.000    79.7  100.0     0.873    0.0     91.7   522    261  0.798   1.07
  4830  -16.3693   -0.231  0.953   0.062  0.214   9.645 20.000    92.2  100.0     0.873    0.0     91.7   522    261  0.899   1.28
  4840  -83.3944   -0.167  0.953   0.060  0.219   3.002 20.000    99.2  100.0     0.850    0.0    100.0   522    261  1.199   1.22
  4850  -49.7891   -0.166  0.953   0.070  0.228   3.031 20.000    99.2  100.0     0.835    0.0    100.0   522    261  1.027   1.23
  4860  -32.8446   -0.167  0.953   0.063  0.230   2.861 20.000   100.0  100.0     0.852    0.0    100.0   523    261  1.016   1.19
  4870  -19.1583   -0.174  0.953   0.074  0.248   2.878 20.000   100.0  100.0     0.883    0.0     91.7   523    261  1.239   1.16
  4880  -19.9781   -0.171  0.953   0.065  0.236   2.483 20.000   100.0  100.0     0.805    0.0     91.7   524    262  1.108   1.24
  4890  -17.2885   -0.174  0.953   0.072  0.246   2.226 20.000   100.0  100.0     0.898    0.0     91.7   524    262  0.919   1.19
  4900   -8.2764   -0.176  0.953   0.068  0.236   2.435 20.000    99.2  100.0     0.906    0.0     75.0   524    262  0.859   1.18
  4910   -8.6729   -0.173  0.953   0.080  0.253   2.225 20.000   100.0  100.0     0.930    0.0     83.3   524    262  0.950   1.22
  4920  -19.2988   -0.169  0.953   0.065  0.234   2.042 13.333   100.0  100.0     0.836    0.0     83.3   524    262  0.815   1.26
  4930  -13.0053   -0.175  0.953   0.074  0.249   2.016 13.333   100.0  100.0     0.875    0.0     91.7   524    262  0.665   1.22
  4940  -14.8763   -0.179  0.953   0.077  0.249   2.161  8.889    99.2  100.0     0.890    0.0    100.0   524    262  0.770   1.18
  4950  -10.4206   -0.183  0.953   0.078  0.253   2.051  8.889    99.2   99.2     0.897    0.0    100.0   524    262  0.722   1.18
  4960   -7.3470   -0.169  0.953   0.065  0.233   2.035  8.889   100.0  100.0     0.867    0.0     91.7   524    262  0.565   1.24
  4970  -16.2573   -0.173  0.953   0.074  0.246   1.987  2.634   100.0  100.0     0.914    0.0     91.7   524    262  0.540   1.24
  4980   -7.2609   -0.175  0.953   0.066  0.233   3.069  2.634    99.2  100.0     0.858    0.0    100.0   524    262  0.585   1.32
  4990   -4.2027   -0.179  0.953   0.070  0.242   2.991  2.634    99.2  100.0     0.858    0.0     91.7   524    262  0.495   1.38
  5000   -3.8698   -0.174  0.953   0.073  0.247   2.283  2.634   100.0  100.0     0.867    0.0     91.7   524    262  0.493   1.25
      saved checkpoint @ step 5000 | examples: ['Nc1nc(-c2ccc(C(F)(F)F)cc2)cs1', 'O=C(CCNc1nc(-c2cccc(Cl)c2)cs1)NC1CCCCC1', 'COc1ccc(NCC(=O)NCc2ccco2)cc1', 'O=C(CCNC(=O)c1ccco1)N/N=C/c1cccc([N+](=O)[O-])c1', 'CCOC(=O)CSc1nnc(N)s1']

RL_BASELINE_DONE in 104.8 min
