loading policy + frozen prior...
config: {'steps': 5000, 'batch': 128, 'lr': 0.0001, 'max_len': 100, 'temp': 1.0, 'beta_kl': 0.02, 'target_kl': 3.0, 'beta_kl_min': 0.001, 'beta_kl_max': 20.0, 'kl_adapt_factor': 1.5, 'ppo_epochs': 4, 'clip_eps': 0.2, 'lambda_unc': 1.0, 'baseline_momentum': 0.95, 'threshold_window_batches': 20, 'threshold_percentile': 70.0, 'threshold_update_every': 50, 'threshold_init': 0.0, 'threshold_decay': 0.1, 'diversity_filter': True, 'df_bucket_size': 25, 'df_mode': 'generic', 'df_record_threshold': 0.5, 'replay': True, 'replay_capacity': 1000, 'replay_max_per_scaffold': 10, 'replay_min_reward': 0.4, 'replay_k': 24, 'replay_coef': 0.05, 'replay_start': 200, 'log_every': 10, 'save_every': 200, 'out': 'checkpoints/rl_v4c', 'seed': 42}
reward model scheme=A_primary threshold=8.0 lambda_unc=1.0 invalid_reward=-1.0

  step      loss   reward    tau   p_act    unc      kl   beta  valid%  uniq% scaf/uniq  >tau% AD%(top)  dfmult  sat   buf  bscaf   rnll    sec
     1    0.1453   -0.193  0.000   0.107  0.284   0.000  0.013    98.4  100.0     0.960    1.6     66.7   1.000    0     0      0  0.000   2.16
    10    0.1014   -0.206  0.000   0.099  0.281   0.154  0.001    97.7  100.0     0.952    0.0     83.3   1.000    0     0      0  0.000   1.43
    20    0.0757   -0.225  0.000   0.093  0.271   0.228  0.001    95.3  100.0     0.975    0.0     75.0   1.000    0     0      0  0.000   1.42
    30    0.0261   -0.195  0.000   0.087  0.266   0.450  0.001    98.4  100.0     0.960    0.0     83.3   1.000    0     0      0  0.000   1.39
    40    0.0402   -0.232  0.000   0.085  0.255   0.282  0.001    93.8  100.0     0.925    0.0     83.3   1.000    0     0      0  0.000   1.31
    50   -0.0183   -0.188 -0.018   0.095  0.275   0.284  0.001    99.2  100.0     0.969    0.0     75.0   1.000    0     0      0  0.000   1.41
    60   -0.0037   -0.204 -0.018   0.076  0.249   0.685  0.001    96.9  100.0     0.960    0.0    100.0   1.000    0     0      0  0.000   1.25
    70   -0.0136   -0.183 -0.018   0.066  0.233   0.780  0.001    98.4  100.0     0.913    0.8    100.0   1.000    0     0      0  0.000   1.23
    80   -0.0081   -0.185 -0.018   0.065  0.227   1.504  0.001    97.7   99.2     0.823    0.0     91.7   1.000    0     1      1  0.000   1.36
    90   -0.0151   -0.168 -0.018   0.060  0.220   1.993  0.001    99.2   99.2     0.833    1.6    100.0   1.000    0     1      1  0.000   1.42
   100   -0.0316   -0.156 -0.030   0.044  0.184   3.247  0.001    98.4   98.4     0.677    2.3    100.0   1.000    0     2      2  0.000   1.29
   110   -0.0494   -0.115 -0.030   0.034  0.141   5.435  0.002    99.2   85.8     0.615   17.2    100.0   0.999    0     2      2  0.000   1.18
   120    0.3818   -0.093 -0.030   0.027  0.120   6.593  0.086   100.0   68.8     0.557   32.0    100.0   1.000    0     2      2  0.000   1.15
   130   -0.1168   -0.164 -0.030   0.066  0.230   1.125  0.017   100.0  100.0     0.844    0.0     91.7   1.000    0     2      2  0.000   1.43
   140   -0.0815   -0.174 -0.030   0.070  0.220   1.292  0.001    97.7  100.0     0.808    1.6    100.0   0.999    0     3      3  0.000   1.27
   150   -0.0633   -0.165 -0.042   0.053  0.210   2.109  0.001    99.2  100.0     0.787    0.8     83.3   0.999    0     4      4  0.000   1.36
   160   -0.0513   -0.144 -0.042   0.046  0.190   3.003  0.001   100.0  100.0     0.742    3.1    100.0   0.999    0     4      4  0.000   1.17
   170   -0.0469   -0.123 -0.042   0.032  0.147   4.344  0.001    99.2   92.1     0.496   10.2    100.0   0.999    0     4      4  0.000   1.13
   180    0.1284   -0.091 -0.042   0.022  0.112   5.692  0.038   100.0   79.7     0.500   22.7    100.0   0.999    0     4      4  0.000   1.09
   190   -0.1082   -0.165 -0.042   0.065  0.230   1.221  0.058   100.0  100.0     0.852    1.6     91.7   1.000    0     4      4  0.000   1.29
   200   -0.1173   -0.161 -0.052   0.064  0.225   1.328  0.001   100.0  100.0     0.789    0.0    100.0   0.998    0     4      4  0.365   1.34
      saved checkpoint @ step 200 | examples: ['O=C(O)CC1=C/C(=C\\c2ccccc2)c2ccccc21', 'O=C(O)c1ccccc1Oc1ccccc1', 'N[C@@H](Cc1c[nH]cn1)C(=O)CCS', 'O=c1[nH]c(CSC2CCOCC2)nc2cc(NCc3ccccc3)ccc12', 'N#CCN(CC#N)Cc1ccccc1']
   210   -0.0670   -0.165 -0.052   0.056  0.213   2.219  0.001    99.2  100.0     0.819    3.1    100.0   0.999    0     4      4  0.232   1.26
   220   -0.0452   -0.150 -0.052   0.044  0.186   2.862  0.001    99.2  100.0     0.646    3.9    100.0   0.999    0     4      4  0.201   1.19
   230   -0.0399   -0.129 -0.052   0.033  0.154   4.038  0.001    99.2   98.4     0.592   12.5    100.0   0.998    0     5      5  0.154   1.30
   240    0.0038   -0.123 -0.052   0.031  0.147   4.804  0.008    99.2   94.5     0.517   14.8     91.7   0.997    0     5      5  0.133   1.23
   250    0.1109   -0.133 -0.055   0.042  0.175   2.943  0.086   100.0   96.1     0.707   14.8     83.3   0.991    1     5      5  0.146   1.32
   260   -0.0863   -0.157 -0.055   0.079  0.229   1.532  0.011    99.2  100.0     0.843    1.6     83.3   0.998    1     7      5  0.199   1.33
   270   -0.0703   -0.144 -0.055   0.056  0.200   2.164  0.001   100.0  100.0     0.711    3.1    100.0   0.993    1     9      5  0.181   1.21
   280   -0.0611   -0.095 -0.055   0.094  0.189   2.782  0.001   100.0   96.1     0.683    9.4    100.0   0.955    2    11      5  0.142   1.28
   290   -0.0465   -0.028 -0.055   0.135  0.156   4.438  0.001    99.2   90.6     0.522   19.5    100.0   0.891    2    14      5  0.151   1.18
   300    0.0869    0.036 -0.058   0.199  0.155   5.620  0.026    99.2   85.8     0.486   26.6    100.0   0.810    2    16      6  0.166   1.19
   310    0.1267   -0.151 -0.058   0.066  0.209   2.451  0.130    99.2  100.0     0.835    2.3     91.7   0.981    2    29     10  0.272   1.22
   320   -0.0925   -0.183 -0.058   0.067  0.234   1.190  0.002    98.4  100.0     0.897    0.0     83.3   0.989    2    31     11  0.221   1.29
   330   -0.0754   -0.133 -0.058   0.095  0.227   2.083  0.001   100.0  100.0     0.789    6.2     91.7   0.965    2    34     14  0.210   1.31
   340   -0.0405   -0.141 -0.058   0.061  0.194   2.890  0.001    99.2   99.2     0.770    7.8     91.7   0.976    2    44     18  0.222   1.32
   350   -0.0545   -0.043 -0.064   0.173  0.208   5.503  0.003    99.2   93.7     0.605   25.0    100.0   0.896    4    63     20  0.247   1.30
   360    0.7112   -0.051 -0.064   0.144  0.179   5.396  0.195    98.4   95.2     0.575   32.8     83.3   0.889    9    88     26  0.257   1.25
   370   -0.1708   -0.160 -0.064   0.059  0.219   1.817  0.026   100.0  100.0     0.789    3.1     91.7   0.993    9    89     26  0.465   1.41
   380   -0.1335   -0.162 -0.064   0.056  0.210   2.129  0.001    99.2  100.0     0.803    7.8     83.3   0.997    9    91     27  0.364   1.41
   390   -0.0836   -0.145 -0.064   0.048  0.193   2.386  0.001   100.0  100.0     0.703    6.2    100.0   0.982    9    93     29  0.324   1.28
   400   -0.0543   -0.146 -0.071   0.041  0.179   2.843  0.001    99.2   98.4     0.712    8.6    100.0   0.987    9    94     29  0.249   1.18
      saved checkpoint @ step 400 | examples: ['O=c1cc(-c2ccc(O)cc2)oc2ccccc12', 'O=C(CNCc1ccc(Cl)cc1)NCc1ccco1', 'CCCCNc1nc(N)nc2ccccc12', 'N#Cc1ccc(NC(c2ccc(Cl)cc2)c2cccnc2)cc1', 'O=C(Cc1ccccc1Cl)c1ccco1']
   410   -0.0402   -0.121 -0.071   0.057  0.177   3.956  0.001   100.0   99.2     0.638   13.3    100.0   0.961    9    96     29  0.237   1.25
   420   -0.0156   -0.079 -0.071   0.081  0.159   4.839  0.008   100.0   97.7     0.584   25.8    100.0   0.928    9   100     31  0.240   1.22
   430    0.1890   -0.109 -0.071   0.053  0.162   3.671  0.086   100.0  100.0     0.617   15.6    100.0   0.947   10   106     32  0.270   1.31
   440   -0.0181   -0.155 -0.071   0.068  0.223   1.882  0.058   100.0  100.0     0.805    3.9    100.0   0.991   10   108     33  0.292   1.25
   450   -0.1051   -0.137 -0.077   0.078  0.215   1.921  0.001   100.0   99.2     0.811    9.4     91.7   0.965   10   109     34  0.278   1.35
   460   -0.0513   -0.144 -0.077   0.060  0.203   2.028  0.001   100.0  100.0     0.766    5.5     91.7   0.957   10   112     36  0.250   1.24
   470   -0.0482   -0.121 -0.077   0.062  0.182   2.742  0.001   100.0  100.0     0.672   11.7    100.0   0.973   10   116     39  0.249   1.29
   480   -0.0395   -0.078 -0.077   0.119  0.198   3.654  0.001   100.0   99.2     0.661   19.5    100.0   0.913   10   125     43  0.219   1.22
   490   -0.0304   -0.070 -0.077   0.090  0.153   4.820  0.002    99.2   94.5     0.583   33.6     91.7   0.933   10   138     51  0.209   1.24
   500    0.4559   -0.061 -0.078   0.122  0.168   5.047  0.130    98.4   95.2     0.617   26.6    100.0   0.913   10   166     58  0.258   1.19
   510   -0.0444   -0.160 -0.078   0.066  0.226   1.656  0.130   100.0  100.0     0.852    4.7     91.7   0.996   11   179     64  0.309   1.30
   520   -0.1801   -0.172 -0.078   0.063  0.227   1.477  0.005    99.2  100.0     0.921    3.1     91.7   0.985   11   179     64  0.326   1.28
   530   -0.1095   -0.153 -0.078   0.070  0.215   2.637  0.001    99.2  100.0     0.819    7.0     91.7   0.963   12   183     66  0.305   1.26
   540   -0.0704   -0.133 -0.078   0.064  0.189   2.849  0.001    99.2  100.0     0.693   12.5    100.0   0.965   12   189     69  0.346   1.22
   550   -0.0610   -0.118 -0.082   0.074  0.192   3.608  0.001   100.0   99.2     0.709   18.8    100.0   0.960   12   196     72  0.292   1.26
   560   -0.0475   -0.091 -0.082   0.082  0.174   4.257  0.001   100.0  100.0     0.672   24.2    100.0   0.951   12   202     75  0.312   1.22
   570    0.0235   -0.092 -0.082   0.087  0.171   4.580  0.011    99.2   99.2     0.603   33.6     91.7   0.930   12   207     76  0.264   1.17
   580    0.2587   -0.136 -0.082   0.060  0.179   3.628  0.130    98.4  100.0     0.635   19.5     91.7   0.977   12   230     89  0.318   1.19
   590   -0.0962   -0.150 -0.082   0.079  0.229   1.775  0.058   100.0  100.0     0.820    5.5     75.0   0.988   12   236     94  0.375   1.28
   600   -0.1338   -0.149 -0.088   0.075  0.224   1.691  0.002   100.0  100.0     0.797    4.7    100.0   0.981   12   241     96  0.349   1.26
      saved checkpoint @ step 600 | examples: ['Clc1ccc(OCc2ccccc2)cc1', 'C[C@H](O)CN(C)S(=O)(=O)CCc1ncc[nH]1', 'O=C(NC1CCCCCCC1)NC1CC(=O)N(c2cccc(Cl)c2)C1', 'Cn1c(=O)c(=O)[nH]c2cc(C(=O)Nc3ccc(Cl)cc3)cnc21', 'COc1ccc(/C=N/NC(=O)c2ccccc2O)cc1']
   610   -0.0780   -0.121 -0.088   0.093  0.214   2.336  0.001   100.0  100.0     0.742   12.5     91.7   0.921   12   247    100  0.358   1.20
   620   -0.0548   -0.102 -0.088   0.095  0.189   3.632  0.001    99.2   98.4     0.728   21.1     91.7   0.926   13   253    101  0.327   1.33
   630   -0.0279   -0.101 -0.088   0.072  0.173   3.818  0.001   100.0   99.2     0.606   21.1    100.0   0.903   13   265    103  0.311   1.19
   640    0.1380   -0.069 -0.088   0.114  0.168   5.911  0.038    98.4   94.4     0.613   39.8     91.7   0.924   14   306    120  0.281   1.20
   650    0.1591   -0.125 -0.081   0.113  0.222   2.707  0.130    98.4  100.0     0.778   11.7     83.3   0.919   14   334    129  0.363   1.25
   660   -0.1302   -0.147 -0.081   0.088  0.227   1.888  0.017    99.2  100.0     0.843    4.7     91.7   0.970   14   341    130  0.353   1.22
   670   -0.1110   -0.129 -0.081   0.086  0.215   2.207  0.001   100.0  100.0     0.828    8.6    100.0   0.954   14   351    137  0.301   1.26
   680   -0.0671   -0.121 -0.081   0.121  0.227   3.021  0.001    98.4  100.0     0.833   14.1    100.0   0.923   14   367    145  0.266   1.19
   690   -0.0812   -0.042 -0.081   0.154  0.196   4.334  0.001   100.0   99.2     0.748   21.1    100.0   0.883   16   391    154  0.290   1.28
   700    0.0827    0.017 -0.083   0.218  0.201   7.223  0.026   100.0   96.9     0.677   34.4    100.0   0.870   19   478    189  0.248   1.27
   710    0.2950   -0.117 -0.083   0.094  0.210   2.529  0.292   100.0  100.0     0.836   11.7     83.3   0.971   21   543    233  0.345   1.25
   720   -0.2854   -0.172 -0.083   0.069  0.226   1.952  0.038    98.4  100.0     0.921    6.2     75.0   0.968   21   551    239  0.360   1.26
   730   -0.2199   -0.158 -0.083   0.067  0.224   1.771  0.002   100.0  100.0     0.875    3.9     83.3   0.965   21   555    241  0.449   1.25
   740   -0.1434   -0.138 -0.083   0.081  0.218   2.505  0.001   100.0  100.0     0.836   11.7    100.0   0.973   21   560    243  0.304   1.25
   750   -0.0922   -0.120 -0.089   0.075  0.194   2.759  0.001   100.0  100.0     0.734   15.6    100.0   0.917   21   571    246  0.321   1.21
   760   -0.0639   -0.113 -0.089   0.074  0.186   3.860  0.001   100.0   98.4     0.659   21.9     91.7   0.934   21   586    253  0.317   1.19
   770   -0.0243   -0.074 -0.089   0.094  0.168   4.543  0.008   100.0   97.7     0.712   32.0    100.0   0.891   22   623    269  0.292   1.26
   780    0.2905   -0.079 -0.089   0.126  0.205   3.862  0.130   100.0   99.2     0.661   20.3     91.7   0.880   22   665    282  0.333   1.25
   790    0.0292   -0.149 -0.089   0.072  0.221   2.054  0.130   100.0  100.0     0.844    7.8    100.0   0.956   22   682    291  0.360   1.26
   800   -0.1750   -0.142 -0.094   0.100  0.242   1.972  0.008   100.0  100.0     0.797    7.0    100.0   0.949   22   690    295  0.388   1.31
      saved checkpoint @ step 800 | examples: ['CC(C)(O)CNC(=O)NC(=O)COc1ccc(F)cc1Cl', 'CCc1ccc(F)cc1-c1ccc2cc(NC(=O)C3CC3CC3CCN(C)C3)ncc2c1', 'CN1CC2(c3ccccc3)C=CCN2C1=S', 'N#CCC(C#N)Cc1ccc(Br)cc1', 'CCCCCCCN(C)C(=O)Cc1nc(-c2ccc(Cl)cc2)oc1C']
   810   -0.1079   -0.145 -0.094   0.086  0.231   2.136  0.001   100.0  100.0     0.820    5.5     91.7   0.934   22   706    302  0.329   1.29
   820   -0.0673   -0.132 -0.094   0.086  0.218   2.818  0.001   100.0  100.0     0.805   10.9     91.7   0.951   22   720    308  0.353   1.26
   830   -0.0348   -0.118 -0.094   0.091  0.201   2.955  0.001    99.2  100.0     0.787   15.6     91.7   0.927   22   738    309  0.338   1.25
   840   -0.0663   -0.064 -0.094   0.138  0.202   4.204  0.001   100.0  100.0     0.758   27.3    100.0   0.917   23   767    315  0.337   1.24
   850    0.0280   -0.025 -0.096   0.174  0.199   5.552  0.017   100.0   96.9     0.718   33.6    100.0   0.850   24   832    338  0.246   1.24
   860    0.4904   -0.083 -0.096   0.155  0.238   4.401  0.195   100.0  100.0     0.789   24.2    100.0   0.886   25   886    353  0.364   1.35
   870   -0.0060   -0.150 -0.096   0.083  0.233   2.333  0.130   100.0  100.0     0.875    9.4     91.7   0.960   26   892    355  0.415   1.35
   880   -0.1953   -0.162 -0.096   0.062  0.224   1.687  0.011   100.0  100.0     0.867    5.5    100.0   0.951   26   893    355  0.436   1.30
   890   -0.1246   -0.155 -0.096   0.067  0.222   2.048  0.001   100.0  100.0     0.773    7.8     91.7   0.951   27   897    356  0.329   1.22
   900   -0.0759   -0.150 -0.101   0.064  0.213   2.345  0.001   100.0  100.0     0.852   10.2     83.3   0.948   27   901    357  0.352   1.32
   910   -0.0481   -0.139 -0.101   0.072  0.211   2.860  0.001   100.0  100.0     0.773   14.8     83.3   0.945   28   907    360  0.343   1.21
   920   -0.0194   -0.137 -0.101   0.061  0.191   3.221  0.001    99.2  100.0     0.772   14.8    100.0   0.939   29   916    364  0.348   1.29
   930   -0.0281   -0.111 -0.101   0.080  0.190   3.961  0.001   100.0   98.4     0.714   21.1    100.0   0.903   29   922    365  0.336   1.21
   940   -0.0208   -0.081 -0.101   0.105  0.178   5.092  0.002    99.2   94.5     0.708   37.5    100.0   0.854   30   940    372  0.306   1.19
   950    0.3028   -0.090 -0.089   0.097  0.187   4.588  0.086   100.0   97.7     0.736   25.0     91.7   0.914   31   965    382  0.291   1.22
   960    0.3804   -0.186 -0.089   0.079  0.227   3.659  0.195    96.1  100.0     0.886    5.5     83.3   0.968   33   992    395  0.522   1.25
   970   -0.1773   -0.171 -0.089   0.067  0.230   1.427  0.130    99.2  100.0     0.874    4.7     75.0   0.940   33   999    399  0.494   1.31
   980   -0.2541   -0.143 -0.089   0.083  0.226   1.967  0.005   100.0  100.0     0.867    7.8     83.3   0.938   33  1000    399  0.432   1.30
   990   -0.1422   -0.155 -0.089   0.065  0.220   2.595  0.002   100.0  100.0     0.859    3.9     91.7   0.939   33  1000    401  0.399   1.28
  1000   -0.0758   -0.154 -0.095   0.061  0.208   2.450  0.002    99.2  100.0     0.764   10.2    100.0   0.900   33  1000    401  0.423   1.23
      saved checkpoint @ step 1000 | examples: ['Cc1c(NC(=S)NC(=O)c2ccco2)c(=O)n(-c2ccccc2)n1C', 'O=C(O)c1cc(Br)cc(Cl)c1O', 'COc1cncc(-c2ccccc2)c1', 'O=S(=O)(Cc1cc(Cl)c(O)cc1O)c1ccc(Cl)cc1', 'C=CCNC(=O)C1CCN(C(=O)c2ccccc2)CC1']
  1010   -0.0551   -0.135 -0.095   0.074  0.209   2.672  0.002   100.0  100.0     0.766   11.7    100.0   0.911   33  1000    402  0.403   1.28
  1020   -0.0242   -0.136 -0.095   0.081  0.209   2.969  0.002    99.2   97.6     0.726   17.2    100.0   0.887   33  1000    403  0.386   1.21
  1030   -0.0241   -0.119 -0.095   0.059  0.170   3.890  0.002    99.2   94.5     0.675   25.0    100.0   0.909   33  1000    405  0.326   1.24
  1040    0.0740   -0.090 -0.095   0.065  0.155   4.560  0.026   100.0   86.7     0.757   39.1    100.0   0.870   33  1000    406  0.360   1.25
  1050    0.1118   -0.118 -0.089   0.083  0.201   3.473  0.058   100.0   99.2     0.740   18.8     91.7   0.898   33  1000    410  0.334   1.26
  1060    0.0417   -0.132 -0.089   0.084  0.209   2.573  0.058    99.2   99.2     0.802   16.4    100.0   0.930   36  1000    412  0.352   1.22
  1070   -0.0115   -0.145 -0.089   0.081  0.226   2.341  0.038   100.0  100.0     0.852   10.2    100.0   0.937   36  1000    419  0.351   1.31
  1080   -0.0193   -0.133 -0.089   0.110  0.227   2.513  0.026    98.4  100.0     0.810   16.4     91.7   0.893   36  1000    423  0.345   1.31
  1090   -0.0326   -0.138 -0.089   0.087  0.226   2.045  0.017   100.0  100.0     0.789    9.4    100.0   0.943   36  1000    429  0.308   1.29
  1100   -0.0215   -0.143 -0.094   0.081  0.216   2.168  0.017    99.2  100.0     0.843   10.9     91.7   0.932   36  1000    434  0.316   1.29
  1110   -0.0211   -0.121 -0.094   0.094  0.215   2.564  0.017   100.0  100.0     0.805   10.9     91.7   0.927   36  1000    437  0.336   1.34
  1120   -0.0020   -0.109 -0.094   0.110  0.211   2.986  0.017    99.2   99.2     0.810   28.1    100.0   0.894   36  1000    441  0.384   1.31
  1130    0.0126   -0.123 -0.094   0.115  0.230   3.078  0.017    99.2   97.6     0.766   24.2    100.0   0.871   36  1000    448  0.351   1.21
  1140    0.0005   -0.079 -0.094   0.171  0.242   3.430  0.017    99.2  100.0     0.811   24.2    100.0   0.870   37  1000    452  0.300   1.30
  1150    0.0417   -0.069 -0.095   0.181  0.242   4.567  0.026    99.2  100.0     0.787   30.5    100.0   0.827   39  1000    459  0.292   1.28
  1160    0.0214   -0.085 -0.095   0.163  0.240   3.505  0.026    99.2  100.0     0.795   27.3    100.0   0.813   40  1000    467  0.288   1.42
  1170    0.0091   -0.051 -0.095   0.193  0.244   4.088  0.026   100.0   99.2     0.780   28.1    100.0   0.850   40  1000    474  0.294   1.41
  1180    0.0309   -0.070 -0.095   0.177  0.247   3.680  0.038   100.0   99.2     0.819   32.0    100.0   0.857   41  1000    485  0.300   1.49
  1190    0.0270   -0.060 -0.095   0.177  0.237   3.554  0.038   100.0   99.2     0.811   32.0    100.0   0.866   41  1000    497  0.283   1.43
  1200    0.0089   -0.110 -0.097   0.134  0.243   2.643  0.038   100.0  100.0     0.805   25.8    100.0   0.880   43  1000    511  0.306   1.41
      saved checkpoint @ step 1200 | examples: ['CN(C)CCN(C)C(=O)c1ccccc1Sc1ccc2c(/C=C/c3ccccn3)n[nH]c2c1', 'O=C(NCCCc1c[nH]cn1)NC(c1ccccc1)c1ccccc1', 'O=C(NCC1CCCO1)c1ccccc1Sc1ccc2c(/C=C/c3ccccn3)n[nH]c2c1', 'O=C(NCCCCc1ccccc1)/C(Cc1ccc2c(c1)OCO2)=N\\O', 'O=C(c1ccccc1)c1ccccc1']
  1210    0.0069   -0.096 -0.097   0.143  0.239   2.652  0.038   100.0  100.0     0.836   20.3    100.0   0.868   43  1000    526  0.337   1.45
  1220    0.0170   -0.121 -0.097   0.132  0.245   2.889  0.038    99.2  100.0     0.772   19.5     91.7   0.929   44  1000    536  0.338   1.43
  1230    0.0015   -0.156 -0.097   0.085  0.226   2.073  0.026    98.4  100.0     0.833   12.5     91.7   0.930   46  1000    541  0.323   1.38
  1240   -0.0206   -0.140 -0.097   0.096  0.236   1.862  0.017   100.0  100.0     0.859   14.1     91.7   0.926   47  1000    553  0.285   1.41
  1250    0.0017   -0.136 -0.100   0.105  0.218   2.686  0.017    97.7   99.2     0.823   20.3     91.7   0.920   47  1000    562  0.301   1.36
  1260   -0.0053   -0.092 -0.100   0.153  0.238   3.270  0.017    99.2  100.0     0.866   25.8    100.0   0.854   48  1000    577  0.286   1.39
  1270    0.0335   -0.015 -0.100   0.256  0.263   5.319  0.026    99.2  100.0     0.874   36.7    100.0   0.801   49  1000    602  0.326   1.37
  1280    0.0889   -0.101 -0.100   0.137  0.237   2.622  0.086   100.0  100.0     0.859   21.9    100.0   0.909   51  1000    635  0.310   1.41
  1290   -0.0555   -0.116 -0.100   0.129  0.245   1.923  0.017   100.0  100.0     0.867   18.0    100.0   0.910   51  1000    646  0.348   1.47
  1300   -0.0534   -0.070 -0.104   0.180  0.250   2.942  0.017   100.0  100.0     0.844   27.3    100.0   0.873   52  1000    663  0.274   1.47
  1310   -0.0297   -0.069 -0.104   0.185  0.254   3.283  0.017   100.0  100.0     0.891   23.4     91.7   0.891   54  1000    703  0.303   1.40
  1320    0.3920    0.044 -0.104   0.297  0.253   5.466  0.130   100.0  100.0     0.867   43.8    100.0   0.864   56  1000    775  0.292   1.47
  1330   -0.0465   -0.170 -0.104   0.113  0.252   1.883  0.026    96.9  100.0     0.871    8.6    100.0   0.912   57  1000    792  0.306   1.37
  1340   -0.0428   -0.167 -0.104   0.106  0.233   2.015  0.003    96.1  100.0     0.902    9.4     91.7   0.950   58  1000    804  0.323   1.38
  1350   -0.0868   -0.061 -0.107   0.180  0.233   3.559  0.003    99.2  100.0     0.874   23.4    100.0   0.897   59  1000    828  0.301   1.45
  1360    0.3797    0.009 -0.107   0.268  0.259   4.967  0.130   100.0  100.0     0.867   40.6    100.0   0.853   60  1000    911  0.263   1.44
  1370   -0.1525   -0.175 -0.107   0.076  0.244   1.534  0.292    99.2  100.0     0.874    7.8     83.3   0.972   60  1000    932  0.397   1.30
  1380   -0.4147   -0.151 -0.107   0.075  0.226   1.965  0.008   100.0  100.0     0.852   11.7    100.0   0.939   60  1000    933  0.398   1.26
  1390   -0.2275   -0.170 -0.107   0.060  0.215   2.225  0.001    98.4  100.0     0.825   10.9     91.7   0.918   60  1000    934  0.419   1.24
  1400   -0.1465   -0.133 -0.111   0.083  0.208   2.753  0.001    99.2  100.0     0.866   21.9    100.0   0.935   60  1000    937  0.361   1.25
      saved checkpoint @ step 1400 | examples: ['COc1ccccc1S(=O)(=O)n1cc(-c2cccnc2)cc1/C=C\\c1ccccc1', 'O=C(CCS(=O)(=O)Cc1ccccc1)Nc1ccccc1', 'O=C1c2ccccc2OCC1CN1CCCCC1', 'COc1ccc(Nc2c(-c3ccc(F)cc3)nc3ccccn23)cc1', 'O=C(NCc1ccco1)c1ccc(-c2cccs2)cc1']
  1410   -0.1014   -0.104 -0.111   0.105  0.200   4.790  0.002    99.2   99.2     0.778   29.7    100.0   0.880   61  1000    945  0.399   1.29
  1420   -0.0571   -0.101 -0.111   0.093  0.194   3.917  0.002   100.0   97.7     0.728   35.9    100.0   0.865   61  1000    949  0.301   1.22
  1430   -0.0194   -0.088 -0.111   0.117  0.204   4.804  0.005   100.0   99.2     0.654   36.7    100.0   0.828   61  1000    960  0.364   1.34
  1440    0.2336   -0.102 -0.111   0.097  0.191   4.368  0.086    99.2   97.6     0.758   38.3    100.0   0.875   61  1000    972  0.319   1.33
  1450    0.2216   -0.122 -0.103   0.103  0.217   3.736  0.130    99.2  100.0     0.787   16.4     91.7   0.928   62  1000    980  0.400   1.27
  1460   -0.1306   -0.168 -0.103   0.065  0.232   1.681  0.058   100.0  100.0     0.859    2.3     91.7   0.955   63  1000    981  0.377   1.25
  1470   -0.1445   -0.165 -0.103   0.055  0.212   1.787  0.001    99.2  100.0     0.803    7.8     91.7   0.961   63  1000    984  0.357   1.32
  1480   -0.0809   -0.158 -0.103   0.055  0.205   2.046  0.001    99.2  100.0     0.764   11.7     91.7   0.945   63  1000    989  0.347   1.28
  1490   -0.0467   -0.145 -0.103   0.073  0.218   2.376  0.001   100.0   99.2     0.795   14.8     83.3   0.940   63  1000    992  0.362   1.23
  1500   -0.0452   -0.117 -0.106   0.084  0.201   2.931  0.001   100.0   99.2     0.748   23.4    100.0   0.942   64  1000   1000  0.298   1.23
  1510   -0.0235   -0.107 -0.106   0.087  0.194   3.415  0.002   100.0  100.0     0.688   27.3    100.0   0.897   64  1000   1000  0.294   1.20
  1520    0.0786   -0.035 -0.106   0.147  0.181   6.015  0.026   100.0   90.6     0.681   41.4     91.7   0.894   64  1000   1000  0.316   1.20
  1530    0.2200   -0.115 -0.106   0.097  0.212   2.630  0.195   100.0   97.7     0.792   19.5    100.0   0.887   65  1000   1000  0.310   1.29
  1540   -0.1361   -0.163 -0.106   0.086  0.241   2.028  0.038    99.2  100.0     0.906    5.5     83.3   0.939   66  1000   1000  0.355   1.26
  1550   -0.1375   -0.163 -0.111   0.059  0.215   1.868  0.002    99.2  100.0     0.858   12.5    100.0   0.916   66  1000   1000  0.356   1.31
  1560   -0.0884   -0.135 -0.111   0.074  0.209   2.068  0.001   100.0   99.2     0.882   16.4    100.0   0.934   66  1000   1000  0.310   1.28
  1570   -0.0345   -0.147 -0.111   0.088  0.196   2.831  0.001    96.1   99.2     0.820   25.0    100.0   0.914   66  1000   1000  0.331   1.26
  1580   -0.0363   -0.116 -0.111   0.081  0.197   2.942  0.001   100.0  100.0     0.719   33.6     83.3   0.871   66  1000   1000  0.350   1.25
  1590   -0.0574   -0.044 -0.111   0.142  0.186   4.374  0.002   100.0   99.2     0.654   37.5    100.0   0.878   67  1000   1000  0.326   1.26
  1600    0.2386    0.057 -0.081   0.289  0.224   6.281  0.058    99.2  100.0     0.748   38.3    100.0   0.812   69  1000   1000  0.291   1.29
      saved checkpoint @ step 1600 | examples: ['Cc1ccc(S(=O)(=O)NCCCSCc2ccccc2)cc1-c1ccc2cc(NC(=O)C3CC3)ncc2c1', 'C=C(C)CNC(=O)N1CC(=O)Nc2ccccc21', 'NC1CCc2ccccc21', 'O=C(NO)c1cc(C(F)(F)F)ccc1-c1ccc2[nH]c(=O)[nH]c2c1', 'COc1ccc([C@@H](C)NC(P(=O)(O)O)P(=O)(O)O)cc1']
  1610    1.4383   -0.135 -0.081   0.099  0.234   2.906  0.985   100.0  100.0     0.828   11.7     91.7   0.923   71  1000   1000  0.343   1.29
  1620   -1.0047   -0.182 -0.081   0.065  0.231   1.588  0.195    98.4  100.0     0.952    1.6     83.3   0.966   71  1000   1000  0.358   1.31
  1630   -0.8414   -0.146 -0.081   0.086  0.231   1.995  0.011   100.0  100.0     0.883    7.0    100.0   0.957   71  1000   1000  0.356   1.25
  1640   -0.4844   -0.147 -0.081   0.079  0.226   2.739  0.008   100.0  100.0     0.906    5.5     91.7   0.942   71  1000   1000  0.377   1.27
  1650   -0.2783   -0.145 -0.087   0.064  0.208   3.011  0.008   100.0  100.0     0.828    8.6    100.0   0.920   71  1000   1000  0.344   1.28
  1660   -0.1531   -0.148 -0.087   0.049  0.190   3.021  0.008    99.2  100.0     0.780   10.2    100.0   0.928   71  1000   1000  0.384   1.18
  1670   -0.0908   -0.132 -0.087   0.053  0.177   3.914  0.008    99.2   97.6     0.774   14.1    100.0   0.935   71  1000   1000  0.337   1.22
  1680   -0.0469   -0.132 -0.087   0.063  0.195   3.744  0.008   100.0   99.2     0.709   17.2    100.0   0.892   71  1000   1000  0.349   1.27
  1690   -0.0304   -0.117 -0.087   0.052  0.168   3.880  0.008   100.0   97.7     0.704   24.2     91.7   0.921   71  1000   1000  0.375   1.22
  1700   -0.0226   -0.105 -0.089   0.054  0.159   3.972  0.008   100.0   99.2     0.661   24.2    100.0   0.909   71  1000   1000  0.318   1.21
  1710    0.0283   -0.123 -0.089   0.043  0.166   3.936  0.017   100.0   94.5     0.669   25.8    100.0   0.901   71  1000   1000  0.306   1.17
  1720    0.1408   -0.086 -0.089   0.091  0.177   4.468  0.058   100.0   97.7     0.736   27.3    100.0   0.893   72  1000   1000  0.343   1.38
  1730    0.1033   -0.139 -0.089   0.072  0.196   3.911  0.058    98.4  100.0     0.746   14.1    100.0   0.952   72  1000   1000  0.314   1.37
  1740    0.0244   -0.130 -0.089   0.077  0.207   2.891  0.058   100.0   99.2     0.780   10.2     91.7   0.932   72  1000   1000  0.290   1.28
  1750    0.0027   -0.132 -0.093   0.087  0.211   2.555  0.058    99.2  100.0     0.819   14.1    100.0   0.914   72  1000   1000  0.335   1.30
  1760   -0.0024   -0.115 -0.093   0.099  0.215   2.553  0.058   100.0  100.0     0.898   16.4    100.0   0.936   72  1000   1000  0.296   1.34
  1770   -0.0452   -0.136 -0.093   0.096  0.208   2.322  0.026    97.7   99.2     0.831    7.8    100.0   0.934   72  1000   1000  0.307   1.38
  1780   -0.0549   -0.143 -0.093   0.078  0.213   2.110  0.011    99.2  100.0     0.843   10.9     91.7   0.926   72  1000   1000  0.342   1.34
  1790   -0.0506   -0.098 -0.093   0.121  0.219   2.962  0.011   100.0  100.0     0.922   18.0    100.0   0.911   72  1000   1000  0.295   1.32
  1800   -0.0375   -0.049 -0.097   0.200  0.241   3.985  0.011    99.2   99.2     0.857   23.4    100.0   0.881   74  1000   1000  0.284   1.32
      saved checkpoint @ step 1800 | examples: ['N#Cc1cc(S(=O)(=O)Nc2nccs2)ccc1Oc1ccc(Cl)cc1', 'CC(=O)NC(C)Cc1ccc(Cl)c(F)c1', 'Cc1ccc(S(=O)(=O)N(CC(=O)Nc2ccccc2Cl)C(C)C)cc1-c1ccc2cc(NC(=O)C3CC3)ncc2c1', 'O=C(O)c1ccccc1Oc1ccccc1', 'COc1cccc(Cl)c1-c1ccc2cc(NC(=O)C3CC3)ncc2c1']
  1810    0.1159   -0.037 -0.097   0.189  0.218   4.256  0.058    99.2  100.0     0.787   32.0    100.0   0.842   74  1000   1000  0.299   1.39
  1820    0.0442   -0.131 -0.097   0.104  0.212   2.391  0.058    97.7  100.0     0.800   10.2    100.0   0.930   75  1000   1000  0.317   1.40
  1830    0.0158   -0.131 -0.097   0.105  0.220   2.071  0.058    98.4  100.0     0.857   11.7     83.3   0.927   76  1000   1000  0.287   1.26
  1840   -0.0283   -0.143 -0.097   0.087  0.230   1.953  0.038   100.0  100.0     0.859    8.6    100.0   0.947   76  1000   1000  0.295   1.27
  1850   -0.0600   -0.125 -0.101   0.114  0.231   2.386  0.011    99.2  100.0     0.890   13.3     83.3   0.935   76  1000   1000  0.304   1.29
  1860   -0.0393   -0.089 -0.101   0.165  0.238   2.947  0.011    98.4  100.0     0.897   15.6    100.0   0.900   77  1000   1000  0.297   1.32
  1870    0.1298    0.048 -0.101   0.308  0.251   5.486  0.058    99.2  100.0     0.937   33.6    100.0   0.847   77  1000   1000  0.268   1.43
  1880    0.1163   -0.017 -0.101   0.224  0.233   3.867  0.086    99.2   98.4     0.864   23.4    100.0   0.900   78  1000   1000  0.287   1.37
  1890   -0.0253   -0.133 -0.101   0.118  0.244   2.124  0.058    99.2  100.0     0.913    7.8    100.0   0.971   78  1000   1000  0.287   1.39
  1900   -0.0934   -0.139 -0.106   0.090  0.229   1.877  0.005   100.0  100.0     0.883   11.7    100.0   0.941   79  1000   1000  0.250   1.35
  1910   -0.0658   -0.115 -0.106   0.121  0.228   2.269  0.003    99.2  100.0     0.858   14.8    100.0   0.941   79  1000   1000  0.269   1.31
  1920   -0.0631   -0.057 -0.106   0.189  0.246   3.956  0.005   100.0  100.0     0.852   25.0     91.7   0.913   81  1000   1000  0.257   1.32
  1930    0.8336    0.021 -0.106   0.250  0.229   4.537  0.292   100.0  100.0     0.891   34.4    100.0   0.873   85  1000   1000  0.301   1.29
  1940   -0.1735   -0.173 -0.106   0.075  0.225   1.781  0.086    97.7  100.0     0.880    9.4     91.7   0.942   85  1000   1000  0.362   1.25
  1950   -0.2332   -0.131 -0.111   0.095  0.226   2.057  0.008   100.0  100.0     0.836   10.9     75.0   0.945   85  1000   1000  0.336   1.37
  1960   -0.1283   -0.134 -0.111   0.085  0.219   2.057  0.003   100.0  100.0     0.836   16.4    100.0   0.929   85  1000   1000  0.319   1.29
  1970   -0.0901   -0.105 -0.111   0.107  0.212   2.856  0.003   100.0  100.0     0.781   23.4    100.0   0.920   86  1000   1000  0.243   1.48
  1980   -0.0759   -0.050 -0.111   0.173  0.223   4.133  0.003   100.0  100.0     0.820   29.7    100.0   0.902   88  1000   1000  0.274   1.37
  1990    0.0333    0.061 -0.111   0.295  0.226   6.342  0.026    99.2   99.2     0.841   46.1    100.0   0.818   88  1000   1000  0.313   1.28
  2000    0.9501   -0.075 -0.081   0.170  0.245   3.870  0.438   100.0  100.0     0.867   16.4    100.0   0.927   88  1000   1000  0.325   1.36
      saved checkpoint @ step 2000 | examples: ['Cc1cccc2[nH]cc(C(=O)N3CCCCC34CCNC4)c12', 'Fc1ccc(CCc2ccccn2)cc1', 'CN(C)C(=O)CN1CCN(C(=O)Cc2ccc(Br)cc2)CC1', 'CCCCCCCCCCCCCCCCCNCCC(CS)CCO', 'CCN(CC)S(=O)(=O)c1ccccc1[N+](=O)[O-]']
  2010   -0.3615   -0.195 -0.081   0.068  0.232   2.248  0.086    96.9  100.0     0.855    0.8     91.7   0.944   89  1000   1000  0.409   1.22
  2020   -0.3626   -0.158 -0.081   0.067  0.225   2.008  0.011   100.0  100.0     0.805    2.3     91.7   0.974   89  1000   1000  0.377   1.26
  2030   -0.2210   -0.153 -0.081   0.054  0.208   2.464  0.003   100.0  100.0     0.828    6.2    100.0   0.938   89  1000   1000  0.343   1.22
  2040   -0.1215   -0.151 -0.081   0.056  0.207   2.515  0.003   100.0  100.0     0.812    4.7     91.7   0.921   89  1000   1000  0.369   1.26
  2050   -0.0829   -0.132 -0.087   0.063  0.187   2.979  0.003    99.2  100.0     0.748   11.7     91.7   0.924   89  1000   1000  0.306   1.24
  2060   -0.0394   -0.140 -0.087   0.054  0.194   2.895  0.003   100.0  100.0     0.758   11.7     91.7   0.926   89  1000   1000  0.357   1.21
  2070   -0.0248   -0.111 -0.087   0.087  0.198   3.179  0.003   100.0   99.2     0.748   13.3     83.3   0.886   90  1000   1000  0.334   1.28
  2080   -0.0465   -0.076 -0.087   0.109  0.184   4.260  0.003   100.0   99.2     0.724   26.6    100.0   0.898   91  1000   1000  0.316   1.28
  2090   -0.0353   -0.034 -0.087   0.142  0.176   4.422  0.005   100.0   99.2     0.669   31.2    100.0   0.880   92  1000   1000  0.316   1.30
  2100    0.0354   -0.082 -0.088   0.100  0.173   4.237  0.017    99.2   99.2     0.690   25.8    100.0   0.900   92  1000   1000  0.277   1.27
  2110    0.4312   -0.068 -0.088   0.116  0.184   3.831  0.195   100.0  100.0     0.664   28.1    100.0   0.903   93  1000   1000  0.279   1.34
  2120    0.0665   -0.144 -0.088   0.084  0.228   2.049  0.195   100.0  100.0     0.867    5.5     91.7   0.952   93  1000   1000  0.298   1.25
  2130   -0.1941   -0.165 -0.088   0.086  0.244   2.068  0.017    99.2  100.0     0.890    3.9     91.7   0.944   93  1000   1000  0.336   1.28
  2140   -0.1426   -0.143 -0.088   0.081  0.216   2.280  0.001    99.2  100.0     0.850    5.5    100.0   0.900   93  1000   1000  0.301   1.22
  2150   -0.0755   -0.146 -0.094   0.074  0.221   2.231  0.001   100.0  100.0     0.836    9.4     83.3   0.930   93  1000   1000  0.320   1.22
  2160   -0.0501   -0.140 -0.094   0.065  0.205   2.463  0.001   100.0  100.0     0.789   14.1    100.0   0.934   93  1000   1000  0.281   1.25
  2170   -0.0358   -0.098 -0.094   0.133  0.216   3.678  0.001    98.4  100.0     0.825   18.8    100.0   0.904   94  1000   1000  0.285   1.26
  2180   -0.0355   -0.053 -0.094   0.156  0.209   3.931  0.001   100.0  100.0     0.719   25.0    100.0   0.847   96  1000   1000  0.306   1.29
  2190    0.1244    0.001 -0.094   0.215  0.214   5.492  0.038   100.0   99.2     0.835   32.8    100.0   0.853   96  1000   1000  0.291   1.44
  2200    0.2503   -0.109 -0.094   0.103  0.212   2.899  0.195   100.0  100.0     0.812   14.8    100.0   0.915   96  1000   1000  0.284   1.32
      saved checkpoint @ step 2200 | examples: ['CCCCCCC(F)CCCCCCc1ccc(F)cc1', 'Cc1cc(C(=O)NCc2ncnn2C)c(C2CC2)cc1C1CC1', 'Cc1ccc(CNc2cnccn2)cc1-c1ccc2cc(NC(=O)C3CC3)ncc2c1', 'COC(=O)c1c(-c2cc(O)ccc2O)oc2cc(OC)ccc12', 'CC(C)Cc1cccc2ccccc12']
  2210    0.0603   -0.145 -0.094   0.091  0.235   2.123  0.195   100.0  100.0     0.883    7.8     91.7   0.956   96  1000   1000  0.308   1.37
  2220   -0.2362   -0.141 -0.094   0.091  0.232   1.956  0.005   100.0  100.0     0.898    7.0     83.3   0.930   96  1000   1000  0.384   1.31
  2230   -0.1490   -0.135 -0.094   0.084  0.218   2.193  0.001   100.0  100.0     0.836   10.2     83.3   0.926   96  1000   1000  0.299   1.31
  2240   -0.0865   -0.133 -0.094   0.088  0.221   2.305  0.001   100.0  100.0     0.820   10.9     91.7   0.908   97  1000   1000  0.280   1.27
  2250   -0.0751   -0.085 -0.098   0.117  0.202   3.233  0.001   100.0  100.0     0.812   22.7    100.0   0.881   97  1000   1000  0.302   1.28
  2260   -0.0546   -0.053 -0.098   0.175  0.220   3.942  0.001    99.2  100.0     0.827   24.2    100.0   0.860   97  1000   1000  0.267   1.32
  2270    0.0447    0.020 -0.098   0.249  0.221   6.105  0.026    99.2   99.2     0.849   40.6    100.0   0.851  102  1000   1000  0.243   1.35
  2280    0.2491   -0.096 -0.098   0.146  0.241   3.074  0.195   100.0  100.0     0.883   15.6    100.0   0.878  104  1000   1000  0.273   1.35
  2290    0.0649   -0.122 -0.098   0.108  0.230   2.492  0.195   100.0  100.0     0.875   11.7     91.7   0.943  105  1000   1000  0.291   1.28
  2300   -0.2186   -0.156 -0.103   0.091  0.247   1.867  0.058   100.0  100.0     0.914    7.8     83.3   0.930  105  1000   1000  0.340   1.28
  2310   -0.2043   -0.163 -0.103   0.061  0.224   1.711  0.001   100.0  100.0     0.805    6.2     91.7   0.952  105  1000   1000  0.308   1.29
  2320   -0.1177   -0.144 -0.103   0.069  0.213   2.020  0.001   100.0  100.0     0.820    9.4     75.0   0.930  105  1000   1000  0.332   1.28
  2330   -0.0788   -0.132 -0.103   0.080  0.205   2.954  0.001    99.2  100.0     0.795   20.3     91.7   0.908  105  1000   1000  0.312   1.26
  2340   -0.0505   -0.124 -0.103   0.088  0.212   2.739  0.001   100.0  100.0     0.820   14.1    100.0   0.921  105  1000   1000  0.315   1.27
  2350   -0.0328   -0.119 -0.105   0.077  0.188   3.827  0.001    99.2  100.0     0.669   26.6     91.7   0.903  107  1000   1000  0.278   1.25
  2360   -0.0408   -0.054 -0.105   0.131  0.186   4.325  0.001   100.0   99.2     0.701   35.9    100.0   0.853  108  1000   1000  0.301   1.33
  2370    0.0147   -0.046 -0.105   0.132  0.178   4.708  0.011   100.0   96.1     0.699   41.4    100.0   0.861  108  1000   1000  0.248   1.25
  2380    0.4478   -0.062 -0.105   0.138  0.201   3.715  0.195   100.0   99.2     0.740   31.2    100.0   0.860  110  1000   1000  0.255   1.32
  2390    0.2555   -0.150 -0.105   0.112  0.246   2.584  0.292    98.4  100.0     0.865    5.5     91.7   0.937  111  1000   1000  0.338   1.31
  2400   -0.3439   -0.149 -0.109   0.075  0.224   1.785  0.026   100.0  100.0     0.781   10.2     91.7   0.942  111  1000   1000  0.329   1.26
      saved checkpoint @ step 2400 | examples: ['CC(NC(c1ccccc1)c1ccccc1)C(=O)OCc1ccccc1', 'COc1ccc(C(=N)NOC(=O)/C=C/c2ccccc2Cl)cc1', 'COc1ccc(CCNc2cc(-c3cccnc3)ncn2)cc1', 'O=C(NCCCN1CCCC1=O)c1ccoc1', 'CCN(CC)C(=O)COc1cnn(Cc2ccccc2)c(=O)c1Cl']
  2410   -0.2169   -0.169 -0.109   0.070  0.231   1.992  0.001    99.2  100.0     0.819    6.2     91.7   0.919  111  1000   1000  0.322   1.40
  2420   -0.1425   -0.133 -0.109   0.065  0.198   2.683  0.001   100.0   99.2     0.803   18.0    100.0   0.957  111  1000   1000  0.352   1.25
  2430   -0.0757   -0.130 -0.109   0.087  0.217   2.803  0.001   100.0  100.0     0.867   18.8     91.7   0.946  111  1000   1000  0.369   1.29
  2440   -0.0418   -0.117 -0.109   0.101  0.210   3.256  0.001    99.2   99.2     0.810   18.0    100.0   0.913  111  1000   1000  0.312   1.33
  2450   -0.0385   -0.098 -0.110   0.100  0.190   3.558  0.001    99.2   99.2     0.698   37.5    100.0   0.902  112  1000   1000  0.285   1.27
  2460   -0.0235   -0.079 -0.110   0.132  0.212   3.966  0.002   100.0   98.4     0.794   35.9    100.0   0.880  114  1000   1000  0.277   1.27
  2470    0.3125   -0.044 -0.110   0.162  0.198   5.140  0.086    99.2  100.0     0.693   45.3    100.0   0.878  116  1000   1000  0.288   1.26
  2480    0.2319   -0.111 -0.110   0.115  0.227   2.992  0.195   100.0  100.0     0.852   22.7    100.0   0.934  118  1000   1000  0.278   1.33
  2490   -0.0894   -0.133 -0.110   0.112  0.245   2.035  0.130   100.0  100.0     0.906   10.9    100.0   0.906  118  1000   1000  0.309   1.29
  2500   -0.1853   -0.149 -0.114   0.090  0.232   2.175  0.038    99.2  100.0     0.874   14.1     91.7   0.929  118  1000   1000  0.311   1.29
  2510   -0.1042   -0.131 -0.114   0.092  0.223   2.382  0.038   100.0  100.0     0.875   17.2    100.0   0.936  119  1000   1000  0.317   1.25
  2520   -0.0801   -0.155 -0.114   0.063  0.211   2.150  0.026    99.2  100.0     0.827   15.6     91.7   0.944  119  1000   1000  0.269   1.26
  2530   -0.0769   -0.116 -0.114   0.110  0.218   2.764  0.017    99.2  100.0     0.803   22.7    100.0   0.904  119  1000   1000  0.292   1.27
  2540   -0.0349   -0.126 -0.114   0.086  0.212   2.614  0.017   100.0   99.2     0.780   22.7    100.0   0.893  119  1000   1000  0.300   1.37
  2550   -0.0133   -0.110 -0.116   0.117  0.226   2.614  0.017   100.0  100.0     0.883   18.0    100.0   0.889  120  1000   1000  0.268   1.30
  2560   -0.0034   -0.102 -0.116   0.113  0.215   2.968  0.017   100.0  100.0     0.836   24.2    100.0   0.894  122  1000   1000  0.287   1.29
  2570   -0.0006   -0.078 -0.116   0.135  0.212   4.095  0.017   100.0  100.0     0.812   35.2    100.0   0.890  124  1000   1000  0.269   1.36
  2580    0.0709   -0.069 -0.116   0.174  0.235   4.026  0.038    99.2  100.0     0.850   28.1    100.0   0.838  125  1000   1000  0.247   1.42
  2590    0.0987   -0.057 -0.116   0.177  0.226   3.840  0.058    99.2  100.0     0.874   29.7    100.0   0.873  125  1000   1000  0.240   1.36
  2600    0.0331   -0.105 -0.115   0.132  0.237   2.670  0.058   100.0  100.0     0.867   21.9    100.0   0.914  125  1000   1000  0.282   1.40
      saved checkpoint @ step 2600 | examples: ['NCCc1cccc(-c2ccccc2)c1', 'O=C(NC1CCCC(O)C1)c1ccccc1SCC1CCC1', 'O=C(NCCc1c[nH]c2ccccc12)Nc1ccc(F)cc1', 'NC(=O)CCCCc1ccc(NC(=O)N2CCN(C(=O)c3ccsc3)CC2)cc1', 'O=[N+]([O-])c1ccc(Cl)cc1']
  2610    0.0233   -0.144 -0.115   0.090  0.227   2.209  0.058    99.2  100.0     0.827   15.6    100.0   0.916  126  1000   1000  0.262   1.30
  2620   -0.0230   -0.159 -0.115   0.068  0.227   1.876  0.038   100.0  100.0     0.883    9.4     91.7   0.935  127  1000   1000  0.287   1.28
  2630   -0.0520   -0.133 -0.115   0.093  0.226   2.329  0.017   100.0  100.0     0.859   14.1     91.7   0.916  128  1000   1000  0.254   1.31
  2640   -0.0694   -0.073 -0.115   0.146  0.219   3.162  0.017   100.0   99.2     0.843   25.0    100.0   0.951  128  1000   1000  0.266   1.33
  2650   -0.0332   -0.066 -0.117   0.156  0.222   3.316  0.017   100.0  100.0     0.844   30.5    100.0   0.901  129  1000   1000  0.317   1.38
  2660    0.1343    0.013 -0.117   0.258  0.245   5.211  0.058   100.0  100.0     0.883   36.7    100.0   0.842  130  1000   1000  0.263   1.38
  2670    0.1216   -0.135 -0.117   0.120  0.231   2.548  0.130    97.7  100.0     0.872   13.3    100.0   0.913  131  1000   1000  0.289   1.32
  2680   -0.1452   -0.160 -0.117   0.076  0.228   1.829  0.017    99.2  100.0     0.874   11.7     91.7   0.966  131  1000   1000  0.323   1.32
  2690   -0.1024   -0.141 -0.117   0.102  0.227   2.413  0.001    98.4  100.0     0.889   19.5    100.0   0.914  131  1000   1000  0.269   1.27
  2700   -0.0807   -0.112 -0.119   0.128  0.240   2.380  0.001   100.0  100.0     0.852   18.8    100.0   0.868  132  1000   1000  0.269   1.26
  2710   -0.1040   -0.047 -0.119   0.173  0.211   3.979  0.001    99.2   97.6     0.823   39.8    100.0   0.866  132  1000   1000  0.290   1.27
  2720   -0.0312    0.006 -0.119   0.229  0.224   4.790  0.008   100.0   99.2     0.795   38.3    100.0   0.816  134  1000   1000  0.275   1.27
  2730    1.3923   -0.011 -0.119   0.240  0.243   4.808  0.438    99.2  100.0     0.858   35.9    100.0   0.851  136  1000   1000  0.234   1.42
  2740   -0.0576   -0.151 -0.119   0.104  0.247   2.592  0.195    99.2  100.0     0.929   13.3    100.0   0.950  136  1000   1000  0.306   1.41
  2750   -0.3340   -0.152 -0.123   0.088  0.232   2.168  0.017    99.2  100.0     0.835   13.3     91.7   0.914  136  1000   1000  0.284   1.39
  2760   -0.1937   -0.141 -0.123   0.081  0.222   2.417  0.017   100.0  100.0     0.875   18.0     75.0   0.924  136  1000   1000  0.322   1.33
  2770   -0.1061   -0.152 -0.123   0.080  0.209   2.838  0.011    97.7  100.0     0.824   23.4     91.7   0.905  136  1000   1000  0.311   1.37
  2780   -0.0660   -0.132 -0.123   0.082  0.214   2.621  0.011   100.0  100.0     0.844   24.2    100.0   0.892  136  1000   1000  0.307   1.38
  2790   -0.0627   -0.087 -0.123   0.127  0.214   3.057  0.011   100.0  100.0     0.750   33.6    100.0   0.876  136  1000   1000  0.282   1.35
  2800   -0.0423   -0.085 -0.123   0.126  0.211   3.518  0.011   100.0   98.4     0.817   32.0    100.0   0.892  138  1000   1000  0.277   1.40
      saved checkpoint @ step 2800 | examples: ['c1ccc(Nc2ncnc3[nH]cnc23)cc1', 'O=C1NC(=O)C(=CNC2CCCCC2)C(=O)N1', 'Nc1ccc(S(=O)(=O)NO)cc1', 'Cc1ccn(CCCCCCC(=O)O)n1', 'CCNc1nnc(SCc2ccc([N+](=O)[O-])cc2)s1']
  2810   -0.0302   -0.022 -0.123   0.190  0.212   4.804  0.017   100.0   97.7     0.792   48.4    100.0   0.835  139  1000   1000  0.290   1.35
  2820    0.0795   -0.051 -0.123   0.209  0.245   4.142  0.038    98.4  100.0     0.849   37.5    100.0   0.822  141  1000   1000  0.258   1.39
  2830    0.2513   -0.053 -0.123   0.190  0.243   4.014  0.130   100.0   99.2     0.843   29.7    100.0   0.868  142  1000   1000  0.253   1.41
  2840   -0.0484   -0.162 -0.123   0.078  0.232   1.800  0.086    99.2  100.0     0.827   13.3     75.0   0.937  142  1000   1000  0.333   1.37
  2850   -0.1229   -0.152 -0.125   0.084  0.220   2.402  0.011    98.4  100.0     0.802   24.2     83.3   0.948  142  1000   1000  0.323   1.34
  2860   -0.1152   -0.104 -0.125   0.148  0.229   2.891  0.002    97.7  100.0     0.848   25.8    100.0   0.875  143  1000   1000  0.261   1.31
  2870   -0.0938   -0.077 -0.125   0.143  0.221   3.415  0.001   100.0  100.0     0.750   35.2    100.0   0.900  144  1000   1000  0.266   1.35
  2880   -0.0774   -0.042 -0.125   0.168  0.211   4.612  0.002   100.0   98.4     0.802   39.1    100.0   0.884  146  1000   1000  0.254   1.39
  2890   -0.0087   -0.004 -0.125   0.238  0.234   5.445  0.011    99.2   96.1     0.885   45.3    100.0   0.833  150  1000   1000  0.247   1.44
  2900    2.3021   -0.059 -0.081   0.200  0.243   5.017  0.657    98.4  100.0     0.881   26.6    100.0   0.896  152  1000   1000  0.268   1.38
  2910   -0.6529   -0.177 -0.081   0.083  0.237   1.965  0.292    97.7  100.0     0.856    3.1    100.0   0.938  152  1000   1000  0.318   1.40
  2920   -0.7704   -0.160 -0.081   0.075  0.227   2.075  0.058    99.2  100.0     0.874    6.2     83.3   0.961  152  1000   1000  0.359   1.44
  2930   -0.4806   -0.155 -0.081   0.067  0.221   2.214  0.038   100.0  100.0     0.844    6.2    100.0   0.923  153  1000   1000  0.350   1.37
  2940   -0.2651   -0.141 -0.081   0.063  0.204   2.730  0.038   100.0  100.0     0.812    7.0     83.3   0.849  154  1000   1000  0.376   1.33
  2950   -0.1689   -0.137 -0.087   0.075  0.204   2.494  0.038    99.2   99.2     0.770   14.1     91.7   0.895  154  1000   1000  0.330   1.29
  2960   -0.0894   -0.149 -0.087   0.069  0.218   2.578  0.038   100.0  100.0     0.781   10.2     83.3   0.909  154  1000   1000  0.284   1.33
  2970   -0.0552   -0.133 -0.087   0.081  0.214   2.720  0.038   100.0  100.0     0.844    7.8    100.0   0.916  155  1000   1000  0.322   1.34
  2980   -0.0299   -0.143 -0.087   0.087  0.230   2.392  0.038   100.0  100.0     0.883    9.4    100.0   0.896  156  1000   1000  0.274   1.37
  2990   -0.0207   -0.133 -0.087   0.095  0.228   2.445  0.038   100.0  100.0     0.859    8.6    100.0   0.917  156  1000   1000  0.290   1.31
  3000   -0.0108   -0.104 -0.092   0.112  0.216   3.034  0.038   100.0  100.0     0.898   15.6    100.0   0.927  156  1000   1000  0.286   1.37
      saved checkpoint @ step 3000 | examples: ['Cc1ccc(NC(=O)c2nc(Sc3ccccc3Br)cs2)cc1C', 'Cc1ccc(C(=O)NCc2ccccc2NCc2ccccc2Cl)cc1-c1ccc2cc(NC(=O)C3CC3)ncc2c1', 'O=C(Nc1ccccc1)Nc1ccccc1C(=O)O', 'Cc1ccc(CNCCc2ccccn2)cc1-c1ccc2cc(NC(=O)C3CCOCC3)ncc2c1', 'C=CCN1C(=O)c2cccc3cccc(c23)C1=O']
  3010   -0.0030   -0.144 -0.092   0.081  0.226   2.322  0.038   100.0  100.0     0.805    9.4     91.7   0.923  156  1000   1000  0.270   1.24
  3020   -0.0019   -0.136 -0.092   0.075  0.211   2.325  0.038   100.0  100.0     0.828    9.4    100.0   0.946  156  1000   1000  0.319   1.26
  3030   -0.0087   -0.118 -0.092   0.095  0.214   2.167  0.038   100.0  100.0     0.758   17.2    100.0   0.886  156  1000   1000  0.292   1.27
  3040   -0.0022   -0.124 -0.092   0.095  0.219   2.360  0.038   100.0   99.2     0.827   15.6    100.0   0.938  156  1000   1000  0.295   1.33
  3050   -0.0025   -0.123 -0.096   0.112  0.234   2.112  0.038   100.0  100.0     0.898   10.9     91.7   0.893  156  1000   1000  0.318   1.27
  3060   -0.0206   -0.139 -0.096   0.086  0.224   2.073  0.026   100.0   99.2     0.866   10.9    100.0   0.927  158  1000   1000  0.306   1.42
  3070   -0.0174   -0.103 -0.096   0.112  0.215   3.051  0.026   100.0  100.0     0.773   18.0    100.0   0.884  158  1000   1000  0.256   1.35
  3080   -0.0046   -0.105 -0.096   0.127  0.232   2.984  0.026   100.0  100.0     0.828   15.6    100.0   0.938  160  1000   1000  0.256   1.30
  3090   -0.0049   -0.112 -0.096   0.115  0.220   2.590  0.026    99.2  100.0     0.795   20.3    100.0   0.893  161  1000   1000  0.259   1.37
  3100    0.0057   -0.054 -0.099   0.194  0.225   3.902  0.026    97.7   99.2     0.790   28.1    100.0   0.837  163  1000   1000  0.290   1.43
  3110    0.0037   -0.063 -0.099   0.196  0.243   3.792  0.026    98.4  100.0     0.841   25.8    100.0   0.845  164  1000   1000  0.245   1.36
  3120    0.0252   -0.078 -0.099   0.158  0.237   2.837  0.038   100.0  100.0     0.875   17.2    100.0   0.867  166  1000   1000  0.220   1.41
  3130    0.0376   -0.057 -0.099   0.205  0.246   3.835  0.038    98.4   99.2     0.896   25.8    100.0   0.833  167  1000   1000  0.282   1.34
  3140    0.0150   -0.079 -0.099   0.162  0.241   3.342  0.038   100.0  100.0     0.820   23.4    100.0   0.904  168  1000   1000  0.246   1.33
  3150   -0.0014   -0.036 -0.102   0.198  0.234   3.509  0.038   100.0  100.0     0.852   23.4    100.0   0.873  169  1000   1000  0.243   1.32
  3160    0.0249   -0.074 -0.102   0.178  0.237   3.542  0.038    98.4  100.0     0.889   21.9    100.0   0.905  169  1000   1000  0.288   1.28
  3170   -0.0135   -0.076 -0.102   0.171  0.247   3.039  0.038   100.0  100.0     0.922   17.2    100.0   0.930  169  1000   1000  0.247   1.30
  3180    0.0012   -0.090 -0.102   0.145  0.227   3.032  0.038    99.2  100.0     0.780   22.7    100.0   0.915  170  1000   1000  0.267   1.33
  3190    0.0061   -0.084 -0.102   0.154  0.230   3.305  0.038    99.2  100.0     0.835   20.3    100.0   0.941  170  1000   1000  0.205   1.38
  3200    0.0013   -0.055 -0.104   0.199  0.247   3.447  0.038    99.2  100.0     0.913   24.2    100.0   0.892  170  1000   1000  0.245   1.40
      saved checkpoint @ step 3200 | examples: ['Nc1ccc(F)c(Cl)c1', 'Cc1cc(CN(C)C(=O)N2CC(C(=O)NCCN3CCCCC3)C2)sc1C', 'Cc1ccc(C(=O)NCCCN2CCN(CC3CC3)CC2)cc1-c1ccc2cc(NC(=O)C3CC3)ncc2c1', 'Cc1ccc(NC(=O)CN2CCN(c3cccc(Cl)c3)CC2)cc1-c1ccc2cc(NC(=O)C3CC3)ncc2c1', 'Cc1ccc(C(=O)NC2CCC(=O)NC2=O)cc1-c1ccc2cc(NC(=O)C3CC3)ncc2c1']
  3210    0.0457   -0.089 -0.104   0.152  0.241   2.887  0.058   100.0  100.0     0.859   18.8    100.0   0.918  170  1000   1000  0.255   1.43
  3220    0.0353   -0.068 -0.104   0.173  0.241   3.030  0.058   100.0  100.0     0.875   20.3    100.0   0.913  171  1000   1000  0.275   1.51
  3230   -0.0529   -0.041 -0.104   0.182  0.223   3.052  0.026   100.0  100.0     0.906   22.7    100.0   0.885  172  1000   1000  0.270   1.35
  3240   -0.0291   -0.044 -0.104   0.189  0.225   3.706  0.026    99.2  100.0     0.850   22.7    100.0   0.926  172  1000   1000  0.258   1.39
  3250    0.1629   -0.027 -0.105   0.214  0.241   4.111  0.086   100.0  100.0     0.805   28.1    100.0   0.895  174  1000   1000  0.261   1.35
  3260    0.0020   -0.157 -0.105   0.090  0.239   1.951  0.130    99.2  100.0     0.937    7.0    100.0   0.938  174  1000   1000  0.277   1.28
  3270   -0.1610   -0.164 -0.105   0.079  0.220   2.111  0.008    97.7  100.0     0.808   13.3     83.3   0.898  174  1000   1000  0.291   1.30
  3280   -0.1292   -0.126 -0.105   0.100  0.218   2.362  0.001    99.2  100.0     0.850   18.8     91.7   0.943  174  1000   1000  0.254   1.29
  3290   -0.0775   -0.088 -0.105   0.139  0.228   2.772  0.001   100.0  100.0     0.820   18.8    100.0   0.914  174  1000   1000  0.267   1.25
  3300   -0.1009    0.014 -0.107   0.239  0.226   4.708  0.003   100.0  100.0     0.781   35.2    100.0   0.824  174  1000   1000  0.284   1.30
  3310    0.4958    0.083 -0.107   0.309  0.226   6.149  0.130   100.0  100.0     0.805   45.3    100.0   0.814  176  1000   1000  0.199   1.36
  3320    0.3703   -0.156 -0.107   0.099  0.248   2.212  0.657    99.2  100.0     0.937   14.1     91.7   0.973  176  1000   1000  0.288   1.35
  3330   -0.6783   -0.169 -0.107   0.060  0.221   1.764  0.058    99.2  100.0     0.874    8.6     91.7   0.959  176  1000   1000  0.366   1.32
  3340   -0.4281   -0.155 -0.107   0.076  0.223   2.570  0.026    99.2  100.0     0.827   10.2     91.7   0.957  176  1000   1000  0.350   1.24
  3350   -0.2434   -0.153 -0.111   0.057  0.210   2.447  0.026   100.0  100.0     0.820   14.1     83.3   0.917  176  1000   1000  0.293   1.26
  3360   -0.1429   -0.138 -0.111   0.067  0.205   2.782  0.026   100.0  100.0     0.789   16.4     75.0   0.890  176  1000   1000  0.321   1.27
  3370   -0.0703   -0.149 -0.111   0.069  0.210   2.623  0.026    99.2  100.0     0.835   14.8     83.3   0.913  176  1000   1000  0.267   1.26
  3380   -0.0523   -0.124 -0.111   0.079  0.202   2.614  0.026   100.0  100.0     0.766   23.4    100.0   0.897  176  1000   1000  0.301   1.30
  3390   -0.0372   -0.103 -0.111   0.124  0.227   3.052  0.026   100.0  100.0     0.797   26.6    100.0   0.896  176  1000   1000  0.264   1.38
  3400   -0.0187   -0.114 -0.112   0.110  0.223   2.617  0.026   100.0   98.4     0.794   18.8    100.0   0.887  176  1000   1000  0.262   1.26
      saved checkpoint @ step 3400 | examples: ['NCCOc1ccc(Oc2ccccc2)cc1F', 'Nc1nc2cc(F)ccc2n1Cc1ccc2c(c1)OCO2', 'O=C(COc1ccc(-c2nc3ccccc3[nH]2)cc1)NCc1ccc2c(c1)OCO2', 'COc1ccc(CCC(=O)c2ccc(O)c(OC)c2)cc1', 'Cc1ccc(C)c(-c2c[nH]nn2)c1']
  3410    0.0051   -0.118 -0.112   0.101  0.211   3.046  0.026    99.2   99.2     0.762   17.2    100.0   0.927  176  1000   1000  0.275   1.25
  3420   -0.0136   -0.092 -0.112   0.121  0.213   2.909  0.026   100.0  100.0     0.836   17.2    100.0   0.910  178  1000   1000  0.315   1.30
  3430   -0.0071   -0.080 -0.112   0.137  0.217   2.759  0.026   100.0   99.2     0.827   29.7    100.0   0.866  181  1000   1000  0.265   1.31
  3440    0.0014   -0.097 -0.112   0.124  0.214   2.912  0.026    99.2  100.0     0.811   25.8    100.0   0.916  182  1000   1000  0.277   1.27
  3450   -0.0017   -0.060 -0.113   0.173  0.233   3.717  0.026   100.0  100.0     0.812   24.2    100.0   0.865  182  1000   1000  0.242   1.41
  3460    0.0619   -0.012 -0.113   0.242  0.246   4.566  0.038    99.2   98.4     0.888   34.4    100.0   0.820  184  1000   1000  0.301   1.32
  3470    0.0734   -0.048 -0.113   0.195  0.227   3.915  0.058    98.4  100.0     0.802   32.0    100.0   0.858  185  1000   1000  0.238   1.34
  3480    0.0377   -0.074 -0.113   0.163  0.230   3.137  0.058    99.2  100.0     0.890   23.4    100.0   0.848  186  1000   1000  0.266   1.30
  3490    0.0042   -0.067 -0.113   0.171  0.238   2.988  0.058   100.0  100.0     0.852   25.0    100.0   0.881  186  1000   1000  0.263   1.36
  3500    0.0019   -0.123 -0.116   0.112  0.235   2.262  0.058   100.0  100.0     0.859   20.3    100.0   0.893  186  1000   1000  0.251   1.33
  3510   -0.0107   -0.109 -0.116   0.124  0.233   2.367  0.058   100.0  100.0     0.859   18.8    100.0   0.915  186  1000   1000  0.283   1.33
  3520   -0.0199   -0.141 -0.116   0.084  0.216   2.033  0.038    99.2  100.0     0.803   14.8     91.7   0.925  186  1000   1000  0.295   1.34
  3530   -0.0084   -0.134 -0.116   0.091  0.225   2.185  0.038   100.0  100.0     0.820   20.3     91.7   0.902  186  1000   1000  0.244   1.42
  3540   -0.0070   -0.086 -0.116   0.159  0.245   2.687  0.038   100.0  100.0     0.891   20.3    100.0   0.900  187  1000   1000  0.293   1.41
  3550   -0.0034   -0.113 -0.118   0.143  0.248   2.475  0.038    99.2  100.0     0.906   20.3    100.0   0.925  189  1000   1000  0.250   1.37
  3560   -0.0112   -0.026 -0.118   0.210  0.236   3.528  0.038   100.0  100.0     0.875   31.2    100.0   0.862  190  1000   1000  0.260   1.34
  3570   -0.0120   -0.103 -0.118   0.124  0.228   2.399  0.038   100.0  100.0     0.867   21.9    100.0   0.947  191  1000   1000  0.266   1.30
  3580    0.0046   -0.115 -0.118   0.115  0.229   2.579  0.038   100.0  100.0     0.875   21.1    100.0   0.937  191  1000   1000  0.263   1.32
  3590    0.0125   -0.045 -0.118   0.207  0.245   3.722  0.038    99.2  100.0     0.898   32.0     91.7   0.857  191  1000   1000  0.248   1.43
  3600   -0.0102   -0.056 -0.119   0.194  0.250   3.266  0.038   100.0  100.0     0.875   23.4    100.0   0.912  192  1000   1000  0.226   1.40
      saved checkpoint @ step 3600 | examples: ['COc1ccc(C2NC(=O)CCC2C)cc1', 'Cc1cccc(C(=O)NCC2COc3ccccc3O2)c1-c1ccc2cc(NC(=O)C3CC3)ncc2c1', 'COC(=O)[C@H](Cc1ccccc1)NC(=O)C1(NC(=O)c2ccc(Cl)cc2)CCCC1', 'O=C1/C(=C/c2ccccc2)CCc2cc(OCc3cc(Br)ccc3O)ccc21', 'Cc1ccc(C(=O)NCC(=O)NC2CCS(=O)(=O)C2)cc1-c1ccc2cc(NC(=O)C3CC3)ncc2c1']
  3610   -0.0012   -0.025 -0.119   0.223  0.248   3.711  0.038   100.0  100.0     0.867   30.5    100.0   0.857  192  1000   1000  0.267   1.34
  3620    0.0030   -0.031 -0.119   0.210  0.241   3.696  0.038   100.0  100.0     0.820   28.9    100.0   0.895  192  1000   1000  0.274   1.41
  3630    0.0126   -0.044 -0.119   0.212  0.241   4.128  0.038    98.4   99.2     0.872   26.6    100.0   0.934  193  1000   1000  0.253   1.38
  3640    0.0556   -0.128 -0.119   0.107  0.227   2.292  0.086    99.2  100.0     0.882   23.4     91.7   0.935  194  1000   1000  0.237   1.34
  3650    0.0374   -0.140 -0.121   0.111  0.251   2.141  0.086   100.0  100.0     0.883   12.5    100.0   0.928  194  1000   1000  0.269   1.32
  3660   -0.0974   -0.153 -0.121   0.081  0.226   2.263  0.008    99.2  100.0     0.858   15.6     83.3   0.904  195  1000   1000  0.254   1.40
  3670   -0.0759   -0.114 -0.121   0.118  0.232   2.530  0.003   100.0  100.0     0.906   21.1    100.0   0.922  196  1000   1000  0.248   1.31
  3680   -0.0797   -0.038 -0.121   0.197  0.235   3.410  0.003   100.0  100.0     0.828   31.2    100.0   0.842  196  1000   1000  0.239   1.37
  3690   -0.0413    0.054 -0.121   0.292  0.238   5.653  0.017   100.0  100.0     0.891   40.6    100.0   0.841  197  1000   1000  0.248   1.30
  3700    1.0827   -0.048 -0.081   0.199  0.247   4.044  0.438   100.0  100.0     0.883   19.5    100.0   0.916  200  1000   1000  0.251   1.34
  3710   -0.2262   -0.156 -0.081   0.094  0.250   1.687  0.292   100.0  100.0     0.930    3.9     91.7   0.961  200  1000   1000  0.331   1.35
  3720   -0.4865   -0.173 -0.081   0.063  0.229   1.833  0.008    99.2  100.0     0.921    2.3     83.3   0.921  200  1000   1000  0.294   1.33
  3730   -0.2842   -0.158 -0.081   0.058  0.216   2.367  0.003   100.0  100.0     0.875    3.9     91.7   0.933  200  1000   1000  0.353   1.25
  3740   -0.1735   -0.138 -0.081   0.072  0.210   2.722  0.003   100.0  100.0     0.867    4.7     91.7   0.937  200  1000   1000  0.291   1.27
  3750   -0.0995   -0.137 -0.086   0.064  0.193   3.155  0.003    99.2   99.2     0.738   10.9    100.0   0.885  201  1000   1000  0.306   1.23
  3760   -0.0678   -0.125 -0.086   0.072  0.189   3.454  0.003    99.2   98.4     0.728   17.2    100.0   0.882  201  1000   1000  0.275   1.29
  3770   -0.0377   -0.107 -0.086   0.082  0.189   3.564  0.003   100.0   96.9     0.661   24.2    100.0   0.832  202  1000   1000  0.278   1.29
  3780   -0.0427   -0.050 -0.086   0.183  0.225   5.309  0.005    99.2   93.7     0.731   43.8    100.0   0.772  202  1000   1000  0.258   1.32
  3790    0.2142   -0.067 -0.086   0.162  0.230   4.202  0.086   100.0   99.2     0.701   28.9     91.7   0.798  203  1000   1000  0.284   1.29
  3800    0.0409   -0.122 -0.087   0.092  0.214   2.572  0.086   100.0  100.0     0.836   14.8    100.0   0.912  203  1000   1000  0.252   1.30
      saved checkpoint @ step 3800 | examples: ['CC(C)(C)NC(=O)/C=C/c1ccccc1Cl', 'CCc1ccc(-c2oncc2C(=O)Nc2ccc(OC(F)(F)Cl)cc2)cc1-c1ccc2cc(NC(=O)C3CC3)ncc2c1', 'CCCCCCCCCCCCCC(=O)NCCCCC', 'CN(C)CCNC(=O)c1ccc2occc2c1', 'O=C(CN1CCCC1)NCC12CC3CC(CC(C3)C1)C2']
  3810   -0.0864   -0.139 -0.087   0.086  0.225   1.722  0.038   100.0  100.0     0.859    9.4     91.7   0.935  203  1000   1000  0.275   1.31
  3820   -0.0827   -0.131 -0.087   0.100  0.231   2.256  0.017   100.0  100.0     0.828    8.6     91.7   0.903  203  1000   1000  0.238   1.28
  3830   -0.0286   -0.139 -0.087   0.101  0.224   2.401  0.017    98.4  100.0     0.873   10.2     91.7   0.928  203  1000   1000  0.255   1.20
  3840   -0.0194   -0.119 -0.087   0.110  0.221   2.455  0.017    99.2  100.0     0.850   11.7     91.7   0.889  204  1000   1000  0.255   1.28
  3850   -0.0134   -0.096 -0.091   0.128  0.225   2.997  0.017   100.0   99.2     0.787   21.1    100.0   0.844  205  1000   1000  0.253   1.22
  3860   -0.0353   -0.043 -0.091   0.200  0.242   4.312  0.017   100.0  100.0     0.797   28.1    100.0   0.870  206  1000   1000  0.245   1.24
  3870    0.0690   -0.004 -0.091   0.245  0.241   4.651  0.038    99.2   99.2     0.817   34.4    100.0   0.808  208  1000   1000  0.233   1.25
  3880    0.3079   -0.102 -0.091   0.136  0.230   3.222  0.195    99.2  100.0     0.843   21.1    100.0   0.938  209  1000   1000  0.251   1.35
  3890   -0.0800   -0.151 -0.091   0.083  0.233   1.850  0.130   100.0  100.0     0.859    8.6     83.3   0.943  209  1000   1000  0.269   1.28
  3900   -0.1991   -0.163 -0.097   0.084  0.239   1.850  0.011    99.2  100.0     0.882    6.2     91.7   0.952  210  1000   1000  0.276   1.35
  3910   -0.1316   -0.149 -0.097   0.071  0.220   2.086  0.003   100.0  100.0     0.844    7.8    100.0   0.941  210  1000   1000  0.291   1.34
  3920   -0.0648   -0.144 -0.097   0.098  0.234   2.315  0.003    99.2   99.2     0.810   13.3    100.0   0.914  211  1000   1000  0.261   1.28
  3930   -0.0491   -0.108 -0.097   0.113  0.221   2.721  0.003   100.0  100.0     0.781   20.3    100.0   0.840  211  1000   1000  0.273   1.22
  3940   -0.0403   -0.059 -0.097   0.155  0.215   3.841  0.003   100.0  100.0     0.797   27.3     91.7   0.856  212  1000   1000  0.231   1.32
  3950   -0.0201   -0.007 -0.097   0.230  0.229   5.863  0.011    99.2   99.2     0.802   36.7    100.0   0.846  213  1000   1000  0.232   1.31
  3960    0.4310    0.020 -0.097   0.271  0.251   5.246  0.130   100.0  100.0     0.812   39.1    100.0   0.785  214  1000   1000  0.240   1.32
  3970    0.1656   -0.128 -0.097   0.087  0.215   2.165  0.292   100.0  100.0     0.828   12.5    100.0   0.938  215  1000   1000  0.255   1.38
  3980   -0.2826   -0.164 -0.097   0.084  0.240   1.887  0.058    99.2  100.0     0.890    8.6     75.0   0.943  215  1000   1000  0.258   1.26
  3990   -0.2476   -0.137 -0.097   0.091  0.228   2.299  0.011   100.0  100.0     0.883   13.3    100.0   0.940  216  1000   1000  0.300   1.28
  4000   -0.1538   -0.103 -0.102   0.114  0.217   2.789  0.011   100.0  100.0     0.883   18.0    100.0   0.882  217  1000   1000  0.258   1.31
      saved checkpoint @ step 4000 | examples: ['Cc1ccc(NC(=O)C2CCC2)cc1-c1ccc2cc(NC(=O)C3CC3)ncc2c1', 'Nc1ccc(C(=O)c2ccc(O)cc2)cc1', 'NCc1ccc(Cn2cc(-c3ccc(Br)cc3)nn2)cc1', 'O=C(Nc1ccccc1C(=O)O)c1ccccn1', 'CN(C)c1ccc(C(=O)Nc2ccc(Cl)cn2)cc1']
  4010   -0.0784   -0.096 -0.102   0.124  0.220   2.766  0.011   100.0  100.0     0.789   23.4    100.0   0.869  217  1000   1000  0.264   1.26
  4020   -0.0278   -0.137 -0.102   0.070  0.207   2.316  0.011   100.0   99.2     0.780   14.8     91.7   0.908  218  1000   1000  0.254   1.24
  4030   -0.0349   -0.055 -0.102   0.175  0.231   3.693  0.011   100.0  100.0     0.734   28.9    100.0   0.800  219  1000   1000  0.279   1.35
  4040    0.0621    0.017 -0.102   0.250  0.233   4.992  0.038   100.0   97.7     0.824   42.2    100.0   0.796  222  1000   1000  0.243   1.34
  4050    0.1169   -0.065 -0.097   0.163  0.228   3.527  0.086   100.0   99.2     0.819   23.4    100.0   0.913  223  1000   1000  0.247   1.29
  4060    0.0314   -0.126 -0.097   0.113  0.231   2.220  0.086    99.2  100.0     0.898    9.4    100.0   0.913  225  1000   1000  0.264   1.27
  4070   -0.0227   -0.152 -0.097   0.085  0.221   2.060  0.058    98.4  100.0     0.825    7.0     91.7   0.944  225  1000   1000  0.268   1.21
  4080   -0.0961   -0.137 -0.097   0.083  0.219   1.990  0.011   100.0  100.0     0.828   14.1     91.7   0.917  225  1000   1000  0.266   1.34
  4090   -0.0560   -0.116 -0.097   0.113  0.229   2.162  0.008   100.0  100.0     0.852    9.4    100.0   0.906  225  1000   1000  0.273   1.34
  4100   -0.0576   -0.052 -0.101   0.193  0.237   3.633  0.008    99.2  100.0     0.898   22.7    100.0   0.822  225  1000   1000  0.254   1.30
  4110   -0.0467   -0.030 -0.101   0.206  0.236   4.075  0.011   100.0  100.0     0.797   32.0    100.0   0.839  226  1000   1000  0.243   1.32
  4120    0.2130   -0.015 -0.101   0.234  0.249   4.375  0.086   100.0   98.4     0.873   32.8    100.0   0.812  229  1000   1000  0.244   1.33
  4130    0.0856   -0.114 -0.101   0.137  0.236   3.014  0.130    98.4  100.0     0.905   15.6    100.0   0.900  232  1000   1000  0.262   1.34
  4140   -0.0901   -0.163 -0.101   0.087  0.235   2.211  0.058    98.4  100.0     0.865    7.0     91.7   0.920  232  1000   1000  0.253   1.26
  4150   -0.1663   -0.123 -0.105   0.114  0.237   2.181  0.008   100.0  100.0     0.867   10.2    100.0   0.931  232  1000   1000  0.297   1.32
  4160   -0.0741   -0.153 -0.105   0.086  0.224   2.489  0.005    98.4  100.0     0.786   10.9    100.0   0.942  232  1000   1000  0.309   1.34
  4170   -0.0730   -0.090 -0.105   0.145  0.235   2.884  0.005   100.0  100.0     0.891   17.2    100.0   0.898  233  1000   1000  0.244   1.33
  4180   -0.0560   -0.059 -0.105   0.176  0.235   3.524  0.005   100.0  100.0     0.719   28.9    100.0   0.849  234  1000   1000  0.239   1.33
  4190    0.2389    0.027 -0.105   0.274  0.246   5.061  0.086   100.0  100.0     0.844   38.3    100.0   0.830  235  1000   1000  0.258   1.38
  4200    0.0757   -0.106 -0.103   0.126  0.232   2.813  0.086   100.0  100.0     0.875   14.8    100.0   0.919  237  1000   1000  0.228   1.30
      saved checkpoint @ step 4200 | examples: ['CC(C)(C)c1ccc(C(C)(C)C)cc1', 'COc1ccc(-c2nc(N)c3nc[nH]c3n2)cc1', 'CC(C)(C)n1ncc(NC(=O)c2ccccc2OCc2ccccn2)n1', 'Cc1csc(-c2c[nH]c3nccnc23)n1', 'CN1CCN(c2ccc(Cl)cc2)CC1C1CCCCC1']
  4210   -0.0190   -0.159 -0.103   0.085  0.228   1.996  0.058    98.4  100.0     0.849   12.5     91.7   0.915  237  1000   1000  0.299   1.24
  4220   -0.0402   -0.111 -0.103   0.126  0.237   2.423  0.038   100.0  100.0     0.867   14.8    100.0   0.898  238  1000   1000  0.255   1.26
  4230   -0.0018   -0.138 -0.103   0.117  0.239   2.500  0.038    98.4  100.0     0.905   10.9    100.0   0.916  238  1000   1000  0.232   1.27
  4240   -0.0153   -0.114 -0.103   0.124  0.230   2.450  0.038    99.2  100.0     0.866   14.1    100.0   0.904  238  1000   1000  0.263   1.30
  4250   -0.0324   -0.072 -0.107   0.169  0.241   2.954  0.038   100.0  100.0     0.930   24.2    100.0   0.882  239  1000   1000  0.252   1.40
  4260    0.0082   -0.117 -0.107   0.118  0.227   2.507  0.038    99.2  100.0     0.803   18.8    100.0   0.861  240  1000   1000  0.278   1.33
  4270   -0.0023   -0.085 -0.107   0.154  0.239   2.917  0.038   100.0  100.0     0.922   18.8    100.0   0.905  241  1000   1000  0.250   1.30
  4280    0.0240   -0.096 -0.107   0.163  0.243   3.219  0.038    98.4  100.0     0.905   18.0    100.0   0.892  242  1000   1000  0.260   1.31
  4290    0.0088   -0.073 -0.107   0.177  0.242   3.109  0.038    99.2  100.0     0.882   21.1    100.0   0.888  243  1000   1000  0.256   1.36
  4300    0.0052   -0.075 -0.109   0.181  0.241   2.937  0.038    98.4  100.0     0.865   21.1    100.0   0.891  244  1000   1000  0.247   1.38
  4310   -0.0098   -0.048 -0.109   0.198  0.246   3.303  0.038   100.0  100.0     0.836   24.2    100.0   0.878  247  1000   1000  0.245   1.36
  4320    0.0739    0.036 -0.109   0.287  0.243   5.044  0.058    99.2  100.0     0.906   34.4    100.0   0.878  249  1000   1000  0.260   1.37
  4330    0.0389   -0.083 -0.109   0.136  0.219   3.030  0.058   100.0  100.0     0.844   21.1    100.0   0.918  250  1000   1000  0.251   1.33
  4340    0.0040   -0.096 -0.109   0.135  0.232   2.359  0.058   100.0   99.2     0.827   18.0    100.0   0.882  250  1000   1000  0.282   1.29
  4350   -0.0123   -0.103 -0.112   0.128  0.231   2.062  0.058   100.0  100.0     0.867   12.5    100.0   0.913  250  1000   1000  0.249   1.35
  4360   -0.0579   -0.117 -0.112   0.120  0.229   2.247  0.026    99.2  100.0     0.890   16.4    100.0   0.947  250  1000   1000  0.232   1.35
  4370   -0.0364   -0.089 -0.112   0.152  0.241   2.564  0.026   100.0  100.0     0.789   15.6    100.0   0.886  250  1000   1000  0.269   1.37
  4380    0.0086   -0.027 -0.112   0.203  0.230   3.936  0.038   100.0   99.2     0.882   29.7    100.0   0.909  251  1000   1000  0.272   1.30
  4390    0.0205   -0.060 -0.112   0.181  0.233   3.350  0.038    99.2  100.0     0.850   27.3    100.0   0.862  251  1000   1000  0.235   1.31
  4400    0.2315   -0.071 -0.113   0.189  0.245   3.667  0.130    98.4  100.0     0.921   26.6    100.0   0.872  251  1000   1000  0.213   1.33
      saved checkpoint @ step 4400 | examples: ['Clc1ccc(C(CN2CCN(CCCc3c[nH]c4ccccc34)CC2)c2ccccn2)cc1', 'Cc1ccc(NC(=O)CCC(=O)N2CC(=O)N3CCCCC3C2)cc1-c1ccc2cc(NC(=O)C3CC3)ncc2c1', 'Cc1nn(C)c(C)c1NC(=O)Cc1ccc(N(C)C)cc1', 'O=C(NC1CC1)c1ccccc1Sc1ccc2c(/C=C/c3ccccn3)n[nH]c2c1', 'O=C(O)c1ccc(CN2CCN(Cc3ccccc3)CC2)cc1']
  4410   -0.0063   -0.123 -0.113   0.121  0.245   2.113  0.086   100.0  100.0     0.852   13.3    100.0   0.941  252  1000   1000  0.247   1.27
  4420   -0.1108   -0.137 -0.113   0.094  0.224   2.027  0.011    99.2  100.0     0.795   15.6     91.7   0.892  252  1000   1000  0.237   1.33
  4430   -0.0844   -0.108 -0.113   0.134  0.226   2.833  0.008    98.4  100.0     0.833   17.2    100.0   0.923  252  1000   1000  0.235   1.33
  4440   -0.0532   -0.071 -0.113   0.183  0.246   3.112  0.008    99.2  100.0     0.858   27.3    100.0   0.822  254  1000   1000  0.239   1.31
  4450   -0.0059    0.034 -0.113   0.266  0.225   4.811  0.026    99.2  100.0     0.827   42.2    100.0   0.817  257  1000   1000  0.222   1.25
  4460    0.1665   -0.041 -0.113   0.202  0.242   3.602  0.130   100.0  100.0     0.875   25.8    100.0   0.906  258  1000   1000  0.278   1.34
  4470    0.0554   -0.134 -0.113   0.115  0.241   2.421  0.130    99.2  100.0     0.850   15.6    100.0   0.925  258  1000   1000  0.257   1.34
  4480   -0.1752   -0.138 -0.113   0.090  0.228   1.854  0.011   100.0   99.2     0.835   14.1    100.0   0.925  258  1000   1000  0.265   1.34
  4490   -0.1084   -0.126 -0.113   0.100  0.226   2.437  0.005   100.0  100.0     0.781   17.2    100.0   0.873  258  1000   1000  0.244   1.30
  4500   -0.1027   -0.065 -0.115   0.173  0.238   3.165  0.005   100.0  100.0     0.852   32.0     91.7   0.821  258  1000   1000  0.257   1.29
  4510   -0.0742   -0.039 -0.115   0.215  0.253   4.174  0.005   100.0  100.0     0.789   37.5    100.0   0.787  260  1000   1000  0.225   1.32
  4520    0.4120    0.028 -0.115   0.292  0.263   5.387  0.130   100.0   99.2     0.843   48.4    100.0   0.782  261  1000   1000  0.252   1.37
  4530    0.2115   -0.135 -0.115   0.122  0.257   2.322  0.292   100.0  100.0     0.867   18.0    100.0   0.889  262  1000   1000  0.281   1.37
  4540   -0.2391   -0.158 -0.115   0.083  0.240   2.028  0.086   100.0  100.0     0.914    9.4     83.3   0.951  262  1000   1000  0.320   1.33
  4550   -0.2250   -0.145 -0.119   0.088  0.224   2.121  0.026    99.2  100.0     0.795   16.4    100.0   0.870  262  1000   1000  0.285   1.28
  4560   -0.1432   -0.150 -0.119   0.074  0.216   2.352  0.011    99.2  100.0     0.819   18.8    100.0   0.906  262  1000   1000  0.282   1.24
  4570   -0.0860   -0.136 -0.119   0.080  0.216   2.255  0.011   100.0  100.0     0.812   20.3     91.7   0.893  262  1000   1000  0.274   1.24
  4580   -0.0536   -0.114 -0.119   0.108  0.222   2.823  0.011   100.0   99.2     0.835   21.9     91.7   0.885  263  1000   1000  0.260   1.29
  4590   -0.0421   -0.078 -0.119   0.133  0.210   3.416  0.011   100.0   99.2     0.795   35.9    100.0   0.858  264  1000   1000  0.269   1.29
  4600   -0.0154   -0.064 -0.115   0.148  0.212   3.624  0.011   100.0   99.2     0.732   36.7    100.0   0.817  266  1000   1000  0.263   1.31
      saved checkpoint @ step 4600 | examples: ['CCC(=O)c1ccc(OCCCCN2CCN(c3ccccc3)CC2)cc1', 'CCOC(=O)c1ccccc1N', 'O=C(O)c1cnc(N2CCOCC2)cc1Nc1ccccc1Cl', 'c1ccc(-c2ccc3c(CN4CCCCC4)cccc3c2)cc1', 'CC(=O)NCC(=O)NCc1ccccc1']
  4610    0.0697   -0.018 -0.115   0.187  0.206   4.199  0.038   100.0   99.2     0.843   33.6    100.0   0.853  267  1000   1000  0.220   1.37
  4620    0.1135   -0.053 -0.115   0.174  0.220   3.316  0.086    99.2  100.0     0.819   32.8    100.0   0.872  269  1000   1000  0.280   1.33
  4630    0.0042   -0.104 -0.115   0.131  0.219   2.886  0.058    98.4  100.0     0.849   19.5    100.0   0.917  271  1000   1000  0.247   1.29
  4640   -0.0192   -0.135 -0.115   0.114  0.233   2.263  0.058    98.4  100.0     0.865   15.6    100.0   0.932  271  1000   1000  0.259   1.26
  4650   -0.0416   -0.097 -0.118   0.128  0.225   2.711  0.038   100.0  100.0     0.875   19.5    100.0   0.907  272  1000   1000  0.271   1.30
  4660   -0.0219   -0.126 -0.118   0.106  0.224   2.331  0.038    99.2  100.0     0.874   18.0    100.0   0.912  272  1000   1000  0.256   1.24
  4670   -0.0402   -0.118 -0.118   0.135  0.245   2.410  0.026    99.2  100.0     0.921   15.6     91.7   0.924  274  1000   1000  0.252   1.33
  4680   -0.0387   -0.028 -0.118   0.206  0.234   4.017  0.026   100.0  100.0     0.852   28.9    100.0   0.862  276  1000   1000  0.255   1.30
  4690   -0.0130   -0.081 -0.118   0.163  0.236   3.280  0.026    99.2  100.0     0.874   21.9    100.0   0.886  278  1000   1000  0.228   1.38
  4700   -0.0120   -0.036 -0.119   0.203  0.239   4.021  0.026   100.0   99.2     0.890   29.7    100.0   0.882  280  1000   1000  0.219   1.31
  4710    0.2983   -0.046 -0.119   0.205  0.236   4.400  0.130    98.4  100.0     0.873   29.7    100.0   0.889  282  1000   1000  0.257   1.27
  4720    0.0023   -0.108 -0.119   0.137  0.245   2.902  0.086   100.0  100.0     0.906   17.2     91.7   0.936  282  1000   1000  0.253   1.35
  4730   -0.0739   -0.140 -0.119   0.097  0.229   2.023  0.058    99.2  100.0     0.858   19.5     91.7   0.923  282  1000   1000  0.235   1.28
  4740   -0.1198   -0.142 -0.119   0.085  0.218   1.940  0.017    99.2  100.0     0.882   14.8    100.0   0.930  282  1000   1000  0.258   1.30
  4750   -0.0877   -0.128 -0.121   0.105  0.217   2.584  0.008    98.4  100.0     0.881   20.3    100.0   0.932  282  1000   1000  0.262   1.23
  4760   -0.0606   -0.116 -0.121   0.106  0.214   2.544  0.003    99.2  100.0     0.874   25.8    100.0   0.912  282  1000   1000  0.274   1.42
  4770   -0.0685   -0.075 -0.121   0.137  0.212   3.461  0.003   100.0  100.0     0.789   37.5    100.0   0.865  285  1000   1000  0.228   1.39
  4780   -0.0515    0.009 -0.121   0.235  0.226   4.936  0.008   100.0  100.0     0.867   46.1    100.0   0.806  286  1000   1000  0.298   1.37
  4790    1.0607    0.021 -0.121   0.244  0.223   5.429  0.292   100.0  100.0     0.820   37.5    100.0   0.828  286  1000   1000  0.257   1.41
  4800    0.4555   -0.164 -0.120   0.093  0.233   2.299  0.657    97.7  100.0     0.832   10.2     91.7   0.965  286  1000   1000  0.362   1.31
      saved checkpoint @ step 4800 | examples: ['COC(=O)C1(/C=N/Nc2ccc([N+](=O)[O-])cc2)CCCC1', 'Cc1cc(OCc2cc(C(=O)Nc3ccc(Cl)cc3)no2)ncn1', 'N=C(N)NCCCC(N)C(=O)O', 'CCCCCNc1nc(Cl)nc(NC(C)C)n1', 'COc1ccc(C2N/C(=N\\N=C/c3ccccc3)C2c2ccccc2)cc1']
  4810   -0.2681   -0.159 -0.120   0.096  0.247   2.209  0.438    99.2  100.0     0.882   10.2     91.7   0.909  286  1000   1000  0.358   1.27
  4820   -0.7464   -0.153 -0.120   0.074  0.228   2.073  0.086   100.0  100.0     0.820   13.3    100.0   0.936  286  1000   1000  0.373   1.22
  4830   -0.4511   -0.154 -0.120   0.056  0.210   2.387  0.058   100.0  100.0     0.828   14.8    100.0   0.934  286  1000   1000  0.381   1.20
  4840   -0.2549   -0.155 -0.120   0.060  0.215   2.500  0.058   100.0  100.0     0.758    9.4     91.7   0.896  286  1000   1000  0.304   1.25
  4850   -0.1660   -0.149 -0.122   0.067  0.216   2.261  0.058   100.0  100.0     0.773   17.2     91.7   0.921  286  1000   1000  0.289   1.21
  4860   -0.0906   -0.151 -0.122   0.053  0.205   2.367  0.058   100.0  100.0     0.797   22.7    100.0   0.884  287  1000   1000  0.319   1.33
  4870   -0.0656   -0.153 -0.122   0.062  0.214   2.025  0.058   100.0  100.0     0.812   15.6    100.0   0.946  287  1000   1000  0.327   1.24
  4880   -0.1007   -0.145 -0.122   0.072  0.218   2.115  0.026   100.0  100.0     0.867   21.9    100.0   0.934  287  1000   1000  0.295   1.28
  4890   -0.0538   -0.148 -0.122   0.071  0.219   2.156  0.026   100.0  100.0     0.836   21.1    100.0   0.898  287  1000   1000  0.300   1.25
  4900   -0.0611   -0.147 -0.124   0.075  0.222   2.215  0.008   100.0  100.0     0.844   17.2    100.0   0.885  288  1000   1000  0.330   1.27
  4910   -0.0315   -0.146 -0.124   0.066  0.204   2.483  0.005    99.2  100.0     0.780   20.3    100.0   0.914  288  1000   1000  0.258   1.21
  4920   -0.0239   -0.136 -0.124   0.071  0.208   2.536  0.003   100.0  100.0     0.773   21.9    100.0   0.866  288  1000   1000  0.259   1.24
  4930   -0.0191   -0.113 -0.124   0.101  0.206   2.823  0.003    99.2  100.0     0.764   32.0    100.0   0.883  288  1000   1000  0.270   1.29
  4940   -0.0206   -0.092 -0.124   0.113  0.205   3.350  0.003   100.0  100.0     0.703   35.2    100.0   0.870  289  1000   1000  0.248   1.34
  4950    0.0018   -0.075 -0.109   0.164  0.239   3.738  0.003   100.0  100.0     0.734   34.4    100.0   0.808  290  1000   1000  0.259   1.25
  4960    0.2010    0.018 -0.109   0.258  0.240   5.436  0.058   100.0   97.7     0.760   51.6    100.0   0.762  292  1000   1000  0.283   1.33
  4970    0.1988   -0.113 -0.109   0.107  0.220   2.615  0.195   100.0  100.0     0.836   15.6    100.0   0.933  294  1000   1000  0.276   1.30
  4980   -0.0954   -0.155 -0.109   0.087  0.235   1.921  0.130    99.2  100.0     0.866    9.4     83.3   0.956  294  1000   1000  0.279   1.32
  4990   -0.2143   -0.159 -0.109   0.079  0.231   1.769  0.011    99.2  100.0     0.835    9.4    100.0   0.929  294  1000   1000  0.291   1.41
  5000   -0.1351   -0.154 -0.114   0.076  0.222   2.279  0.002    99.2  100.0     0.874   14.1    100.0   0.919  294  1000   1000  0.265   1.27
      saved checkpoint @ step 5000 | examples: ['CN(C)CCCNc1nccc2cc([N+](=O)[O-])ccc12', 'O=C(Cc1ccc(-c2ccc3c(c2)CCO3)s1)N1CCCCC1', 'O=C(NCCO)c1ccccc1Sc1ccc2c(/C=C/c3ccccn3)n[nH]c2c1', 'O=C(COc1ccc(-c2ccccc2)cc1)N1CCCC1CO', 'Cc1cc(=O)oc2cc(OCc3ccccc3)ccc12']

RL_BASELINE_DONE in 109.2 min
