loading policy + frozen prior...
config: {'steps': 5000, 'batch': 128, 'lr': 0.0001, 'max_len': 100, 'temp': 1.0, 'beta_kl': 0.02, 'target_kl': 3.0, 'beta_kl_min': 0.001, 'beta_kl_max': 20.0, 'kl_adapt_factor': 1.5, 'ppo_epochs': 4, 'clip_eps': 0.2, 'lambda_unc': 1.0, 'baseline_momentum': 0.95, 'threshold_window_batches': 20, 'threshold_percentile': 70.0, 'threshold_update_every': 50, 'threshold_init': 0.0, 'threshold_decay': 0.1, 'diversity_filter': False, 'df_bucket_size': 25, 'df_mode': 'generic', 'df_record_threshold': 0.5, 'replay': False, 'replay_capacity': 1000, 'replay_max_per_scaffold': 10, 'replay_min_reward': 0.4, 'replay_k': 24, 'replay_coef': 0.05, 'replay_start': 200, 'transfer_learning': True, 'tl_every': 500, 'tl_start': 1000, 'tl_epochs': 2, 'tl_batch': 128, 'tl_max_mols': 500, 'tl_min_mols': 50, 'tl_lr': 1e-05, 'tl_max_kl': 8.0, 'log_every': 10, 'save_every': 200, 'out': 'checkpoints/rl_v5a', 'seed': 42}
reward model scheme=A_primary threshold=8.0 lambda_unc=1.0 invalid_reward=-1.0

  step      loss   reward    tau   p_act    unc      kl   beta  valid%  uniq% scaf/uniq  >tau% AD%(top)   buf  bscaf   rnll    sec
     1    0.1453   -0.193  0.000   0.107  0.284   0.000  0.013    98.4  100.0     0.960    1.6     66.7     0      0  0.000   1.68
    10    0.1014   -0.206  0.000   0.099  0.281   0.154  0.001    97.7  100.0     0.952    0.0     83.3     0      0  0.000   0.99
    20    0.0757   -0.225  0.000   0.093  0.271   0.228  0.001    95.3  100.0     0.975    0.0     75.0     0      0  0.000   0.94
    30    0.0261   -0.195  0.000   0.087  0.266   0.450  0.001    98.4  100.0     0.960    0.0     83.3     0      0  0.000   0.83
    40    0.0402   -0.232  0.000   0.085  0.255   0.282  0.001    93.8  100.0     0.925    0.0     83.3     0      0  0.000   0.84
    50   -0.0183   -0.188 -0.018   0.095  0.275   0.284  0.001    99.2  100.0     0.969    0.0     75.0     0      0  0.000   0.84
    60   -0.0037   -0.204 -0.018   0.076  0.249   0.685  0.001    96.9  100.0     0.960    0.0    100.0     0      0  0.000   0.82
    70   -0.0136   -0.183 -0.018   0.066  0.233   0.780  0.001    98.4  100.0     0.913    0.8    100.0     0      0  0.000   0.86
    80   -0.0082   -0.185 -0.018   0.064  0.226   1.508  0.001    97.7   99.2     0.823    0.0     91.7     1      1  0.000   0.99
    90   -0.0152   -0.168 -0.018   0.060  0.220   1.993  0.001    99.2   99.2     0.833    1.6    100.0     1      1  0.000   1.06
   100   -0.0408   -0.143 -0.030   0.042  0.185   3.296  0.001   100.0   99.2     0.709    0.8    100.0     2      2  0.000   1.01
   110   -0.0288   -0.140 -0.030   0.038  0.171   4.499  0.001    99.2   93.7     0.655    5.5    100.0     2      2  0.000   0.87
   120    0.1505   -0.096 -0.030   0.028  0.124   6.373  0.038   100.0   68.8     0.659   31.2    100.0     2      2  0.000   0.92
   130   -0.0745   -0.161 -0.030   0.062  0.223   1.415  0.038   100.0   99.2     0.850    1.6     83.3     2      2  0.000   1.08
   140   -0.0754   -0.177 -0.030   0.064  0.225   1.124  0.001    98.4  100.0     0.897    0.0    100.0     2      2  0.000   0.99
   150   -0.0682   -0.158 -0.043   0.058  0.216   1.714  0.001   100.0  100.0     0.797    0.0     83.3     2      2  0.000   1.03
   160   -0.0469   -0.147 -0.043   0.045  0.192   2.432  0.001   100.0  100.0     0.727    1.6     91.7     2      2  0.000   1.01
   170   -0.0435   -0.129 -0.043   0.036  0.165   3.858  0.001   100.0   95.3     0.549    6.2    100.0     2      2  0.000   0.94
   180    0.0286   -0.097 -0.043   0.023  0.120   5.597  0.017   100.0   84.4     0.454   19.5     91.7     2      2  0.000   0.87
   190    0.0064   -0.158 -0.043   0.052  0.210   1.703  0.086   100.0  100.0     0.828    0.0    100.0     2      2  0.000   1.04
   200   -0.0852   -0.179 -0.051   0.063  0.227   1.178  0.001    98.4  100.0     0.857    0.0     75.0     2      2  0.000   1.05
      saved checkpoint @ step 200 | examples: ['O=c1[nH]ccc2ccc(OCC3CCCCC3)cc12', 'Cc1ccc(NCc2nnc(SCC(=O)Nc3ccccc3C(F)(F)F)n2C)cc1', 'N#Cc1cccc(Nc2ccccc2Oc2ccccc2)c1', 'N#CCC1(n2cc(-c3ccncc3)nn2)CN(C(=O)c2ccc(F)cc2)C1', 'Clc1ccc(CNCCCN2CCCC2)cc1']
   210   -0.0630   -0.159 -0.051   0.049  0.200   1.932  0.001    99.2  100.0     0.669    1.6    100.0     2      2  0.000   1.10
   220   -0.0509   -0.141 -0.051   0.043  0.184   2.615  0.001   100.0  100.0     0.531    5.5    100.0     2      2  0.000   0.92
   230   -0.0498   -0.110 -0.051   0.027  0.129   5.243  0.002    99.2   86.6     0.555   25.0     58.3     2      2  0.000   0.77
   240    0.3031   -0.108 -0.051   0.027  0.127   5.207  0.086    99.2   83.5     0.491   25.8     50.0     2      2  0.000   0.79
   250   -0.1069   -0.172 -0.055   0.064  0.229   1.207  0.026    99.2  100.0     0.882    2.3     75.0     2      2  0.000   0.87
   260   -0.0989   -0.158 -0.055   0.061  0.211   1.778  0.001    99.2  100.0     0.748    3.1     83.3     2      2  0.000   0.81
   270   -0.0563   -0.159 -0.055   0.051  0.203   2.055  0.001    99.2  100.0     0.756    1.6     83.3     2      2  0.000   0.87
   280   -0.0399   -0.147 -0.055   0.046  0.193   2.549  0.001   100.0  100.0     0.727    1.6    100.0     2      2  0.000   0.80
   290   -0.0290   -0.138 -0.055   0.039  0.169   3.426  0.001    99.2   99.2     0.635    3.9    100.0     2      2  0.000   0.99
   300   -0.0138   -0.106 -0.059   0.025  0.131   4.771  0.008   100.0   95.3     0.467   17.2    100.0     3      2  0.000   1.02
   310    0.3830   -0.129 -0.059   0.036  0.165   3.356  0.195   100.0   98.4     0.635    7.0     66.7     3      2  0.000   1.01
   320   -0.1646   -0.167 -0.059   0.059  0.218   1.414  0.011    99.2  100.0     0.843    0.8     83.3     3      2  0.000   1.07
   330   -0.1176   -0.155 -0.059   0.048  0.196   2.138  0.001    99.2  100.0     0.748    3.9    100.0     3      2  0.000   1.04
   340   -0.0794   -0.139 -0.059   0.045  0.183   2.419  0.001   100.0   99.2     0.748    5.5     91.7     3      2  0.000   1.27
   350   -0.0549   -0.138 -0.065   0.034  0.156   3.537  0.001    98.4   99.2     0.600   17.2    100.0     3      2  0.000   0.87
   360   -0.0363   -0.113 -0.065   0.029  0.142   4.844  0.003   100.0   93.0     0.513   25.0    100.0     3      2  0.000   0.81
   370    0.4338   -0.106 -0.065   0.027  0.133   4.921  0.130   100.0   94.5     0.521   28.1    100.0     4      2  0.000   1.05
   380   -0.1430   -0.177 -0.065   0.065  0.226   1.555  0.026    98.4  100.0     0.786    3.1    100.0     4      2  0.000   0.93
   390   -0.1307   -0.156 -0.065   0.063  0.212   1.773  0.001    99.2   99.2     0.794    3.9     83.3     4      2  0.000   0.94
   400   -0.0871   -0.153 -0.073   0.054  0.192   2.606  0.001    98.4   99.2     0.688    8.6     91.7     4      2  0.000   0.92
      saved checkpoint @ step 400 | examples: ['O=C(CCCc1ccccc1)c1ccc(F)cc1', 'CCCCCCCCCCCCCC(=O)O', 'O=c1c2cccc[n+]2ccn1CCCO', 'Nc1nc(Cl)cc(NCCc2ccccc2)n1', 'Cc1ccc(/C=N/NC(=O)c2cccnc2)o1']
   410   -0.0545   -0.145 -0.073   0.049  0.186   2.825  0.001    99.2   98.4     0.720    9.4    100.0     4      2  0.000   0.98
   420   -0.0546   -0.115 -0.073   0.062  0.169   4.236  0.001    99.2   93.7     0.622   23.4     91.7     4      2  0.000   0.73
   430    0.0217    0.021 -0.073   0.303  0.274   7.592  0.026    99.2   58.3     0.703   53.1    100.0     4      2  0.000   0.80
   440    1.0894   -0.150 -0.073   0.057  0.192   3.402  0.657    98.4   98.4     0.677   14.1    100.0     8      5  0.000   0.67
   450   -0.7599   -0.202 -0.076   0.068  0.231   1.948  0.086    96.1  100.0     0.911    2.3     66.7     8      5  0.000   0.82
   460   -0.5938   -0.170 -0.076   0.054  0.208   2.297  0.005    98.4  100.0     0.802    3.9    100.0     8      5  0.000   1.08
   470   -0.3613   -0.145 -0.076   0.047  0.192   3.256  0.005   100.0   99.2     0.764   10.9    100.0     8      5  0.000   1.03
   480   -0.2166   -0.136 -0.076   0.045  0.181   3.617  0.005   100.0   99.2     0.740   10.9     83.3     8      5  0.000   1.01
   490   -0.1252   -0.136 -0.076   0.037  0.173   4.114  0.005   100.0   98.4     0.651   13.3     91.7     8      5  0.000   0.99
   500   -0.0520   -0.129 -0.080   0.031  0.152   4.855  0.011    99.2   96.9     0.634   23.4    100.0     8      5  0.000   0.98
   510    0.2172   -0.126 -0.080   0.035  0.161   4.532  0.086   100.0   96.9     0.629   19.5    100.0     8      5  0.000   0.92
   520    0.0248   -0.147 -0.080   0.047  0.194   2.635  0.086   100.0  100.0     0.727    8.6     91.7     8      5  0.000   0.88
   530   -0.0739   -0.158 -0.080   0.065  0.215   2.045  0.058    99.2  100.0     0.795    3.9    100.0     8      5  0.000   1.05
   540   -0.1118   -0.164 -0.080   0.067  0.231   1.887  0.008   100.0  100.0     0.773    3.1     91.7     8      5  0.000   1.01
   550   -0.0876   -0.153 -0.087   0.051  0.204   2.272  0.003   100.0  100.0     0.852    7.0     83.3     8      5  0.000   0.97
   560   -0.0515   -0.153 -0.087   0.045  0.190   2.863  0.003    99.2  100.0     0.724   10.2     91.7     8      5  0.000   0.93
   570   -0.0303   -0.152 -0.087   0.044  0.188   2.850  0.003    99.2  100.0     0.732    8.6     83.3     9      5  0.000   0.97
   580   -0.0268   -0.139 -0.087   0.038  0.177   3.065  0.003   100.0  100.0     0.617   14.1    100.0     9      5  0.000   1.12
   590   -0.0249   -0.129 -0.087   0.032  0.153   3.849  0.003    99.2   98.4     0.560   28.1    100.0     9      5  0.000   0.93
   600   -0.0207   -0.123 -0.088   0.034  0.157   3.948  0.003   100.0  100.0     0.555   27.3     91.7     9      5  0.000   1.08
      saved checkpoint @ step 600 | examples: ['Nc1nc(O)cc(Nc2ccc(F)cc2)n1', 'CC(N)c1ccccc1', 'COc1ccc(-c2cccs2)cc1', 'O=C(CCCCc1cccc(F)c1)NO', 'CCN(CC)CCCCNC(=O)NC(C)c1ccccc1[N+](=O)[O-]']
   610    0.0124   -0.112 -0.088   0.029  0.141   4.516  0.011   100.0   98.4     0.571   31.2    100.0     9      5  0.000   0.88
   620    0.1181   -0.115 -0.088   0.030  0.146   4.042  0.058   100.0   98.4     0.563   30.5    100.0     9      5  0.000   1.09
   630    0.0432   -0.151 -0.088   0.045  0.188   2.817  0.058    99.2  100.0     0.677   13.3    100.0     9      5  0.000   0.97
   640   -0.0627   -0.159 -0.088   0.055  0.213   1.768  0.026   100.0  100.0     0.883    7.0     83.3     9      5  0.000   1.07
   650   -0.0662   -0.163 -0.093   0.057  0.213   2.109  0.005    99.2  100.0     0.724    8.6     83.3     9      5  0.000   1.07
   660   -0.0516   -0.146 -0.093   0.048  0.194   2.228  0.005   100.0  100.0     0.734   14.1     91.7     9      5  0.000   1.05
   670   -0.0335   -0.145 -0.093   0.040  0.178   2.816  0.003    99.2  100.0     0.677   16.4    100.0     9      5  0.000   0.89
   680   -0.0499   -0.110 -0.093   0.059  0.169   3.313  0.003   100.0   96.1     0.618   25.0    100.0     9      5  0.000   0.95
   690   -0.0207   -0.122 -0.093   0.028  0.142   4.436  0.003    99.2   94.5     0.550   32.8     91.7     9      5  0.000   0.95
   700   -0.0111   -0.111 -0.089   0.028  0.139   4.299  0.005   100.0   94.5     0.421   33.6     83.3    10      5  0.000   0.88
   710    0.2258   -0.090 -0.089   0.040  0.129   4.473  0.086   100.0   93.8     0.517   42.2     83.3    10      5  0.000   0.96
   720    0.0383   -0.002 -0.089   0.202  0.181   3.889  0.086    97.7   87.2     0.679   29.7    100.0    13      5  0.000   0.97
   730    0.0971    0.038 -0.089   0.240  0.201   3.553  0.130   100.0   85.9     0.791   25.0    100.0    19      8  0.000   0.98
   740   -0.1162   -0.092 -0.089   0.145  0.214   2.106  0.058    97.7   95.2     0.849   13.3    100.0    21      9  0.000   0.99
   750    0.1939    0.090 -0.093   0.298  0.208   3.590  0.195   100.0   79.7     0.882   28.9    100.0    25     11  0.000   1.00
   760   -0.2113   -0.111 -0.093   0.113  0.224   1.770  0.011   100.0   96.9     0.935   11.7     91.7    26     11  0.000   1.09
   770   -0.2873    0.293 -0.093   0.470  0.177   6.007  0.038   100.0   62.5     0.787   47.7    100.0    26     11  0.000   0.96
   780   13.0445   -0.180 -0.093   0.082  0.262   8.466  2.217   100.0  100.0     0.852    0.8     91.7    26     11  0.000   1.01
   790   30.2364   -0.198 -0.093   0.087  0.262   3.569 20.000    97.7  100.0     0.960    1.6     83.3    26     11  0.000   1.08
   800  -26.5683   -0.177 -0.100   0.071  0.241   1.571  2.634    99.2  100.0     0.890    1.6     91.7    26     11  0.000   1.04
      saved checkpoint @ step 800 | examples: ['Cc1c[nH]c2ccc(N/C=C3\\C(=O)NC(=O)c4ccc(CN5CCOCC5)cc43)cc12', 'Cc1c(N2C(=O)C3CC=CCC3C2=O)cccc1S(N)(=O)=O', 'O=C(NO)c1nc2ccc(Cl)cc2s1', 'O=C(NCCC1CCN(Cc2ccccc2)CC1)c1ccc(NC(=O)c2cccc3ccccc23)cc1', 'Cc1nnc(-c2cccc(NC(=O)Nc3ccc(F)c(Cl)c3)c2)o1']
   810  -16.6374   -0.157 -0.100   0.054  0.211   3.389  0.780   100.0  100.0     0.781    4.7    100.0    26     11  0.000   0.99
   820    4.3148   -0.142 -0.100   0.044  0.187   4.764  3.951   100.0   97.7     0.664   19.5     91.7    26     11  0.000   0.95
   830   -3.6064   -0.158 -0.100   0.057  0.215   2.535  3.951   100.0  100.0     0.867    5.5     83.3    26     11  0.000   0.94
   840   -6.9168   -0.171 -0.100   0.068  0.240   2.401  1.756   100.0  100.0     0.859    3.1    100.0    26     11  0.000   0.97
   850   -3.8738   -0.163 -0.106   0.060  0.223   2.659  1.756   100.0  100.0     0.812    4.7     83.3    26     11  0.000   0.99
   860   -2.5383   -0.164 -0.106   0.059  0.223   2.537  1.756   100.0  100.0     0.844    5.5     91.7    26     11  0.000   1.06
   870   -2.9926   -0.162 -0.106   0.059  0.221   2.397  1.171   100.0  100.0     0.867    9.4     91.7    26     11  0.000   1.00
   880   -2.4322   -0.166 -0.106   0.062  0.228   2.456  0.780   100.0  100.0     0.797    7.0     75.0    26     11  0.000   0.95
   890   -1.2044   -0.167 -0.106   0.067  0.235   2.790  0.780   100.0  100.0     0.820    6.2    100.0    26     11  0.000   1.00
   900   -1.0557   -0.169 -0.111   0.067  0.237   2.278  0.780   100.0  100.0     0.852    7.0     91.7    26     11  0.000   0.97
   910   -1.6010   -0.180 -0.111   0.068  0.233   2.069  0.347    98.4  100.0     0.865    4.7     91.7    26     11  0.000   1.02
   920   -1.0551   -0.163 -0.111   0.057  0.220   2.381  0.231   100.0  100.0     0.852    7.0     91.7    26     11  0.000   1.08
   930   -0.6200   -0.167 -0.111   0.064  0.231   2.427  0.231   100.0  100.0     0.844    6.2     91.7    26     11  0.000   1.12
   940   -0.4147   -0.169 -0.111   0.065  0.234   2.163  0.231   100.0   99.2     0.850    5.5     83.3    26     11  0.000   1.12
   950   -0.4117   -0.166 -0.115   0.065  0.232   2.134  0.154   100.0  100.0     0.875    7.8     83.3    26     11  0.000   1.07
   960   -0.4061   -0.170 -0.115   0.066  0.236   2.091  0.046   100.0  100.0     0.891   10.2     83.3    26     11  0.000   1.09
   970   -0.2560   -0.169 -0.115   0.059  0.221   2.319  0.030    99.2  100.0     0.835    8.6    100.0    26     11  0.000   0.99
   980   -0.1614   -0.165 -0.115   0.063  0.228   2.049  0.030   100.0  100.0     0.828    7.0    100.0    26     11  0.000   1.01
   990   -0.1246   -0.166 -0.115   0.065  0.231   2.207  0.009   100.0  100.0     0.867    9.4     83.3    26     11  0.000   1.05
  1000   -0.0886   -0.166 -0.119   0.061  0.227   2.184  0.003   100.0  100.0     0.812    3.9    100.0    26     11  0.000   0.76
      saved checkpoint @ step 1000 | examples: ['Cc1ccc(OCCC(=O)Nc2ccc(N(C)C)nn2)cc1', 'Cn1c(CNc2ccc(C(=O)NO)cc2)nc2ccccc21', 'CCCCCCOc1cc(-c2ccc3c(c2)OCO3)nc2ccccc12', 'O=NN(CCF)C(=S)NCc1ccc(-c2ccccc2)cc1', 'Cc1ccc(CC(=O)N(CCN(C)C)C(C)C)cn1']
  1010   -0.0538   -0.165 -0.119   0.062  0.228   2.125  0.003   100.0  100.0     0.789    9.4     83.3    26     11  0.000   0.79
  1020   -0.0318   -0.166 -0.119   0.063  0.229   2.168  0.003   100.0  100.0     0.773    9.4     83.3    26     11  0.000   0.80
  1030   -0.0196   -0.165 -0.119   0.062  0.226   2.356  0.003   100.0  100.0     0.828    8.6     91.7    26     11  0.000   1.06
  1040   -0.0149   -0.160 -0.119   0.057  0.217   2.421  0.003   100.0  100.0     0.828   12.5     83.3    26     11  0.000   0.89
  1050   -0.0142   -0.157 -0.122   0.055  0.212   2.336  0.003   100.0  100.0     0.781   18.0    100.0    26     11  0.000   0.75
  1060   -0.0165   -0.150 -0.122   0.047  0.197   2.642  0.003   100.0  100.0     0.750   23.4     91.7    26     11  0.000   0.67
  1070   -0.0125   -0.151 -0.122   0.048  0.199   2.386  0.003   100.0  100.0     0.727   20.3     91.7    26     11  0.000   1.04
  1080   -0.0045   -0.156 -0.122   0.056  0.212   2.598  0.003   100.0  100.0     0.797   16.4    100.0    26     11  0.000   1.07
  1090    0.0010   -0.162 -0.122   0.050  0.204   2.429  0.003    99.2  100.0     0.780   14.1     83.3    26     11  0.000   1.01
  1100   -0.0036   -0.156 -0.123   0.053  0.209   2.627  0.003   100.0  100.0     0.727   13.3     75.0    26     11  0.000   0.96
  1110   -0.0050   -0.153 -0.123   0.050  0.203   2.801  0.003   100.0  100.0     0.750   20.3    100.0    26     11  0.000   0.98
  1120   -0.0126   -0.143 -0.123   0.043  0.186   2.916  0.003   100.0  100.0     0.680   28.1    100.0    26     11  0.000   0.90
  1130   -0.0042   -0.150 -0.123   0.047  0.197   2.764  0.003   100.0  100.0     0.773   21.1    100.0    26     11  0.000   0.91
  1140    0.0048   -0.159 -0.123   0.050  0.202   2.681  0.003    99.2   99.2     0.690   21.1    100.0    26     11  0.000   0.94
  1150   -0.0039   -0.148 -0.124   0.046  0.194   2.998  0.003   100.0  100.0     0.688   22.7    100.0    26     11  0.000   0.92
  1160   -0.0010   -0.152 -0.124   0.043  0.187   3.015  0.003    99.2  100.0     0.677   22.7    100.0    26     11  0.000   0.98
  1170   -0.0063   -0.144 -0.124   0.044  0.188   3.150  0.003   100.0   99.2     0.693   27.3     91.7    26     11  0.000   1.01
  1180   -0.0066   -0.140 -0.124   0.041  0.181   3.561  0.003   100.0  100.0     0.680   32.8    100.0    26     11  0.000   0.99
  1190   -0.0028   -0.143 -0.124   0.043  0.185   3.333  0.003   100.0   99.2     0.732   31.2    100.0    26     11  0.000   0.91
  1200   -0.0046   -0.139 -0.124   0.040  0.179   3.481  0.003   100.0  100.0     0.656   29.7     91.7    26     11  0.000   0.99
      saved checkpoint @ step 1200 | examples: ['O=C(N=Cc1ccc(Br)cc1)c1ccccc1', 'N=C(N)N1CCc2ccccc2C1', 'O=C(O)CN1CCCCCC1', 'FC(F)c1ccccc1', 'O=C(O)CCCCCCCCO']
  1210   -0.0087   -0.132 -0.124   0.036  0.168   3.728  0.003   100.0   97.7     0.608   42.2     91.7    26     11  0.000   1.03
  1220   -0.0111   -0.126 -0.124   0.034  0.160   3.958  0.003   100.0   96.1     0.610   42.2    100.0    26     11  0.000   1.02
  1230   -0.0049   -0.129 -0.124   0.036  0.165   3.993  0.003   100.0   96.9     0.556   41.4    100.0    26     11  0.000   0.74
  1240   -0.0110   -0.114 -0.124   0.029  0.143   4.426  0.004   100.0   97.7     0.608   53.1    100.0    26     11  0.000   0.78
  1250    0.1144   -0.119 -0.100   0.030  0.149   4.544  0.030   100.0   93.8     0.500   30.5    100.0    26     11  0.000   0.89
  1260    0.1638   -0.134 -0.100   0.034  0.160   3.882  0.069    99.2   99.2     0.619   32.0     91.7    26     11  0.000   0.93
  1270    0.0636   -0.146 -0.100   0.042  0.179   3.080  0.069    99.2   98.4     0.696   20.3    100.0    26     11  0.000   0.90
  1280    0.0177   -0.148 -0.100   0.048  0.196   2.708  0.069   100.0  100.0     0.742   10.9    100.0    26     11  0.000   1.06
  1290    0.0050   -0.158 -0.100   0.048  0.198   2.470  0.069    99.2  100.0     0.756    7.8     83.3    26     11  0.000   1.02
  1300   -0.0745   -0.159 -0.104   0.053  0.212   1.892  0.046   100.0  100.0     0.789   10.9    100.0    26     11  0.000   1.02
  1310   -0.0437   -0.157 -0.104   0.056  0.213   2.059  0.046   100.0  100.0     0.781   11.7     91.7    26     11  0.000   0.99
  1320   -0.0513   -0.160 -0.104   0.056  0.216   2.042  0.030   100.0  100.0     0.781    8.6     91.7    26     11  0.000   0.98
  1330   -0.0744   -0.159 -0.104   0.057  0.216   1.950  0.004   100.0  100.0     0.750    7.0     83.3    26     11  0.000   1.04
  1340   -0.0442   -0.165 -0.104   0.053  0.210   2.024  0.001    99.2  100.0     0.811    5.5    100.0    26     11  0.000   1.05
  1350   -0.0413   -0.151 -0.107   0.052  0.202   2.240  0.001   100.0  100.0     0.781   14.8     83.3    26     11  0.000   1.00
  1360   -0.0205   -0.157 -0.107   0.047  0.197   2.201  0.001    99.2  100.0     0.780   14.1    100.0    26     11  0.000   0.96
  1370   -0.0213   -0.145 -0.107   0.042  0.187   2.763  0.001   100.0  100.0     0.695   16.4     91.7    26     11  0.000   0.98
  1380   -0.0123   -0.146 -0.107   0.050  0.196   2.590  0.001   100.0  100.0     0.789   18.8    100.0    26     11  0.000   0.75
  1390   -0.0067   -0.147 -0.107   0.044  0.191   2.713  0.001   100.0  100.0     0.766   14.8    100.0    26     11  0.000   0.80
  1400   -0.0120   -0.136 -0.109   0.040  0.175   3.368  0.001   100.0  100.0     0.648   25.8     83.3    26     11  0.000   0.86
      saved checkpoint @ step 1400 | examples: ['CCOC(=O)c1ccc(N)cc1', 'Cc1ccc(NC(=O)CCCOc2ccccc2)cc1', 'CCCCCCCCCCCCCCCCCCCCCC(=O)O', 'CN(C)S(=O)(=O)c1ccc(Br)cc1', 'O=C(O)c1ccccc1C(=O)c1ccccc1']
  1410   -0.0107   -0.130 -0.109   0.034  0.164   3.591  0.001   100.0   99.2     0.543   30.5    100.0    26     11  0.000   0.60
  1420   -0.0113   -0.124 -0.109   0.033  0.158   3.944  0.001   100.0   97.7     0.544   30.5     91.7    26     11  0.000   0.95
  1430   -0.0158   -0.111 -0.109   0.025  0.137   4.524  0.002   100.0   94.5     0.430   42.2    100.0    26     11  0.000   0.93
  1440    0.0619   -0.124 -0.109   0.027  0.135   4.699  0.017    98.4   90.5     0.544   43.0    100.0    26     11  0.000   0.84
  1450    0.2815   -0.122 -0.081   0.031  0.153   3.698  0.130   100.0   98.4     0.611   21.9    100.0    26     11  0.000   0.98
  1460    0.0582   -0.162 -0.081   0.054  0.207   2.201  0.130    99.2  100.0     0.701    6.2     83.3    26     11  0.000   0.98
  1470   -0.1242   -0.158 -0.081   0.053  0.211   2.213  0.026   100.0  100.0     0.781    4.7     83.3    26     11  0.000   1.01
  1480   -0.1133   -0.156 -0.081   0.056  0.212   1.991  0.008   100.0  100.0     0.734    3.9     91.7    26     11  0.000   1.04
  1490   -0.0755   -0.154 -0.081   0.053  0.208   2.029  0.003   100.0  100.0     0.773    5.5    100.0    26     11  0.000   1.06
  1500   -0.0494   -0.159 -0.087   0.046  0.189   2.190  0.003    98.4  100.0     0.730    8.6    100.0    26     11  0.000   0.92
  1510   -0.0320   -0.152 -0.087   0.045  0.189   2.476  0.003    99.2  100.0     0.693    7.8    100.0    26     11  0.000   0.94
  1520   -0.0295   -0.139 -0.087   0.042  0.181   2.539  0.003   100.0  100.0     0.680   15.6    100.0    26     11  0.000   1.06
  1530   -0.0200   -0.134 -0.087   0.041  0.176   3.359  0.003   100.0   99.2     0.591   17.2    100.0    26     11  0.000   1.03
  1540   -0.0164   -0.128 -0.087   0.037  0.165   3.468  0.003   100.0   98.4     0.659   18.8    100.0    26     11  0.000   0.97
  1550    0.0283   -0.105 -0.088   0.028  0.133   4.596  0.017   100.0   93.8     0.550   32.8    100.0    26     11  0.000   0.98
  1560    0.0685   -0.122 -0.088   0.035  0.157   3.675  0.038   100.0   97.7     0.544   25.0    100.0    26     11  0.000   0.98
  1570    0.0190   -0.135 -0.088   0.038  0.173   2.730  0.038   100.0  100.0     0.664   14.8    100.0    26     11  0.000   1.04
  1580    0.0070   -0.141 -0.088   0.042  0.183   2.478  0.038   100.0  100.0     0.680   10.2    100.0    26     11  0.000   0.96
  1590    0.0037   -0.154 -0.088   0.050  0.204   2.206  0.038   100.0  100.0     0.766    5.5     91.7    26     11  0.000   0.99
  1600   -0.0133   -0.147 -0.092   0.043  0.190   2.081  0.038   100.0   99.2     0.772    8.6    100.0    26     11  0.000   1.04
      saved checkpoint @ step 1600 | examples: ['CCCCCCCCCCCCCCCCCC(=O)NCCc1ccccc1', 'CN(C)c1ccc(-c2cccc(/C=N/Nc3ccnc4cc(Cl)ccc34)c2)cc1', 'CCc1ccnc(NCCN2CCOCC2)n1', 'O=c1c(CCl)cn(Cc2ccccc2)c(=O)n1Cc1ccccc1', 'COc1ccc(NC(=O)N2CCSCC2)cc1']
  1610   -0.0577   -0.155 -0.092   0.053  0.209   1.862  0.005   100.0  100.0     0.820    9.4     91.7    26     11  0.000   1.00
  1620   -0.0464   -0.147 -0.092   0.041  0.179   2.427  0.002    99.2  100.0     0.646   16.4    100.0    26     11  0.000   0.97
  1630   -0.0337   -0.135 -0.092   0.042  0.178   3.180  0.002   100.0   97.7     0.680   19.5    100.0    26     11  0.000   1.00
  1640   -0.0265   -0.127 -0.092   0.040  0.167   3.315  0.002   100.0   95.3     0.680   26.6    100.0    26     11  0.000   0.96
  1650   -0.0101   -0.122 -0.093   0.032  0.147   3.988  0.005    99.2   91.3     0.664   28.1    100.0    26     11  0.000   1.03
  1660    0.2201   -0.091 -0.093   0.022  0.113   5.488  0.058   100.0   82.8     0.557   47.7    100.0    26     11  0.000   0.97
  1670    0.1400   -0.163 -0.093   0.047  0.194   2.168  0.195    98.4  100.0     0.810   11.7     83.3    26     11  0.000   1.01
  1680   -0.1646   -0.161 -0.093   0.060  0.221   2.012  0.011   100.0  100.0     0.836    5.5     91.7    26     11  0.000   1.00
  1690   -0.1170   -0.154 -0.093   0.056  0.210   2.247  0.001   100.0  100.0     0.750    7.8     83.3    26     11  0.000   1.05
  1700   -0.0768   -0.154 -0.098   0.047  0.193   2.302  0.001    99.2  100.0     0.772   17.2     91.7    26     11  0.000   1.07
  1710   -0.0469   -0.151 -0.098   0.050  0.201   2.362  0.001   100.0  100.0     0.812   13.3    100.0    26     11  0.000   0.72
  1720   -0.0344   -0.143 -0.098   0.044  0.186   2.517  0.001   100.0  100.0     0.750   18.8    100.0    26     11  0.000   0.83
  1730   -0.0328   -0.128 -0.098   0.035  0.163   3.224  0.001   100.0  100.0     0.680   28.1    100.0    26     11  0.000   0.69
  1740   -0.0243   -0.124 -0.098   0.033  0.157   3.496  0.001   100.0   99.2     0.654   28.1    100.0    26     11  0.000   0.73
  1750   -0.0199   -0.115 -0.097   0.030  0.145   4.164  0.001   100.0   99.2     0.559   31.2     83.3    26     11  0.000   0.70
  1760    0.0257   -0.106 -0.097   0.022  0.120   4.858  0.011    99.2   94.5     0.442   48.4     91.7    26     11  0.000   0.94
  1770    0.1964   -0.131 -0.097   0.038  0.170   2.983  0.130   100.0   98.4     0.698   20.3     91.7    26     11  0.000   1.10
  1780   -0.0497   -0.152 -0.097   0.050  0.202   1.892  0.086   100.0  100.0     0.781    8.6     91.7    26     11  0.000   1.13
  1790   -0.1266   -0.168 -0.097   0.056  0.208   2.193  0.026    98.4  100.0     0.865    5.5     91.7    26     11  0.000   1.03
  1800   -0.1177   -0.160 -0.101   0.051  0.204   2.106  0.005    99.2  100.0     0.850    7.8     91.7    26     11  0.000   1.03
      saved checkpoint @ step 1800 | examples: ['O=C1CCC(=O)N1c1ccc(F)cc1', 'O=C(/C=C(\\O)c1ccc2c(c1)OCO2)c1cccnc1', 'O=C(O)CN1C(=O)C(=O)N(CCc2ccccc2)C1=O', 'Cc1nnc(NC(=O)N2CCS(=O)(=O)CC2)s1', 'C[C@H](Nc1nc2cc(C(=O)N3CCCC3F)ccc2n1-c1ccc(F)cc1)c1ccccc1']
  1810   -0.0812   -0.146 -0.101   0.043  0.189   2.322  0.003   100.0   99.2     0.732   10.9    100.0    26     11  0.000   0.86
  1820   -0.0533   -0.142 -0.101   0.046  0.188   2.532  0.003   100.0  100.0     0.766   16.4     91.7    26     11  0.000   1.02
  1830   -0.0400   -0.134 -0.101   0.038  0.172   2.874  0.003   100.0  100.0     0.727   21.9    100.0    26     11  0.000   0.69
  1840   -0.0274   -0.130 -0.101   0.039  0.169   3.293  0.003   100.0   99.2     0.677   21.9     83.3    26     11  0.000   0.79
  1850   -0.0256   -0.119 -0.102   0.032  0.151   3.808  0.003   100.0   96.1     0.618   32.8     83.3    26     11  0.000   0.67
  1860   -0.0217   -0.112 -0.102   0.026  0.138   3.950  0.003   100.0   96.1     0.626   34.4     83.3    26     11  0.000   0.68
  1870    0.0686   -0.112 -0.102   0.026  0.138   4.465  0.026   100.0   97.7     0.648   35.9    100.0    26     11  0.000   0.79
  1880    0.0842   -0.114 -0.102   0.030  0.144   3.643  0.058   100.0   96.9     0.589   42.2     83.3    26     11  0.000   0.64
  1890    0.0169   -0.141 -0.102   0.045  0.186   2.438  0.058   100.0  100.0     0.797   18.8     91.7    26     11  0.000   0.76
  1900    0.0134   -0.159 -0.104   0.051  0.202   2.281  0.058    99.2  100.0     0.811   14.1     91.7    26     11  0.000   0.81
  1910   -0.0865   -0.146 -0.104   0.049  0.196   2.280  0.005   100.0  100.0     0.773   18.0     91.7    26     11  0.000   0.76
  1920   -0.0563   -0.144 -0.104   0.043  0.187   2.445  0.003   100.0  100.0     0.680   15.6     91.7    26     11  0.000   0.83
  1930   -0.0390   -0.137 -0.104   0.041  0.178   2.763  0.003   100.0  100.0     0.672   21.1    100.0    26     11  0.000   0.82
  1940   -0.0249   -0.132 -0.104   0.032  0.156   3.456  0.003    99.2   99.2     0.587   28.1    100.0    26     11  0.000   0.79
  1950   -0.0278   -0.103 -0.097   0.025  0.128   4.290  0.003   100.0   94.5     0.529   43.8    100.0    26     11  0.000   0.75
  1960    0.0342   -0.093 -0.097   0.022  0.115   4.890  0.017   100.0   92.2     0.500   47.7    100.0    26     11  0.000   0.83
  1970    0.1719   -0.130 -0.097   0.040  0.170   2.962  0.130   100.0   99.2     0.598   25.8     91.7    26     11  0.000   0.71
  1980   -0.0324   -0.164 -0.097   0.056  0.212   2.351  0.058    99.2  100.0     0.795   10.2    100.0    26     11  0.000   0.77
  1990   -0.0613   -0.154 -0.097   0.054  0.208   2.074  0.038   100.0  100.0     0.805   12.5     91.7    26     11  0.000   0.80
  2000   -0.0957   -0.149 -0.101   0.046  0.195   2.128  0.008   100.0  100.0     0.750   12.5     91.7    26     11  0.000   0.79
      saved checkpoint @ step 2000 | examples: ['N[C@@H](Cc1ccccc1)C(=O)N1CCN(c2cccc(Cl)c2)CC1', 'CCCCCCCCCCCCCCCC(=O)NCCCCC', 'Cc1ccc(C(=O)NCc2cccnc2)cc1', 'COc1ccc(CNc2ccc(OC)cc2)cc1', 'O=C(O)CCCc1ccc(C(=O)Nc2ccccc2C2CCC2)cc1']
  2010   -0.0561   -0.147 -0.101   0.042  0.182   2.633  0.008    99.2   99.2     0.746   17.2    100.0    26     11  0.000   0.84
  2020   -0.0374   -0.134 -0.101   0.041  0.176   3.166  0.008   100.0   97.7     0.712   22.7    100.0    26     11  0.000   0.75
  2030   -0.0301   -0.126 -0.101   0.035  0.161   3.171  0.008   100.0   99.2     0.661   30.5     91.7    26     11  0.000   0.77
  2040   -0.0327   -0.106 -0.101   0.026  0.132   3.927  0.008   100.0   93.8     0.642   40.6     58.3    26     11  0.000   0.74
  2050    0.0563   -0.109 -0.089   0.027  0.129   4.455  0.026    99.2   88.2     0.679   31.2     75.0    26     11  0.000   0.75
  2060    0.0229   -0.113 -0.089   0.033  0.146   3.655  0.026   100.0   95.3     0.656   29.7     91.7    26     11  0.000   0.78
  2070    0.0217   -0.143 -0.089   0.037  0.164   3.028  0.026    98.4   99.2     0.728   20.3    100.0    26     11  0.000   0.73
  2080    0.0092   -0.128 -0.089   0.036  0.156   3.233  0.026    99.2   98.4     0.632   24.2     83.3    26     11  0.000   0.74
  2090    0.0012   -0.126 -0.089   0.036  0.162   3.039  0.026   100.0   99.2     0.606   24.2     91.7    26     11  0.000   0.68
  2100    0.0022   -0.146 -0.092   0.039  0.170   2.641  0.026    98.4  100.0     0.778   19.5    100.0    26     11  0.000   0.75
  2110   -0.0027   -0.138 -0.092   0.044  0.181   2.693  0.026   100.0  100.0     0.688   18.8     83.3    26     11  0.000   0.79
  2120    0.0038   -0.140 -0.092   0.037  0.170   2.839  0.026    99.2  100.0     0.756   18.8    100.0    26     11  0.000   0.74
  2130   -0.0052   -0.132 -0.092   0.042  0.174   2.722  0.026   100.0   98.4     0.706   21.1     91.7    26     11  0.000   0.78
  2140    0.0012   -0.137 -0.092   0.037  0.166   2.833  0.026    99.2  100.0     0.685   22.7     91.7    26     11  0.000   0.68
  2150   -0.0050   -0.133 -0.094   0.040  0.173   2.805  0.026   100.0   99.2     0.606   21.1     83.3    26     11  0.000   0.68
  2160   -0.0090   -0.141 -0.094   0.045  0.186   2.198  0.026   100.0  100.0     0.695   17.2     91.7    26     11  0.000   0.76
  2170   -0.0080   -0.146 -0.094   0.048  0.193   2.054  0.026   100.0  100.0     0.758   14.8    100.0    26     11  0.000   0.70
  2180   -0.0109   -0.132 -0.094   0.039  0.171   2.476  0.026   100.0   98.4     0.754   23.4    100.0    26     11  0.000   0.73
  2190   -0.0042   -0.139 -0.094   0.046  0.185   2.435  0.026   100.0   99.2     0.693   18.8    100.0    26     11  0.000   0.73
  2200   -0.0120   -0.139 -0.097   0.043  0.183   2.244  0.026   100.0  100.0     0.672   18.0     91.7    26     11  0.000   0.75
      saved checkpoint @ step 2200 | examples: ['Cc1ccc(S(=O)(=O)NNC(=O)CCCc2ccccc2)cc1', 'O=C(O)CCCCS(=O)(=O)Cc1ccncc1', 'COc1ccc(C(c2ccc(O)cc2)(c2ccc(O)cc2)C(C)(C)C)cc1', 'Cc1nc(N2CCNCC2)c2ccccc2n1', 'O=C(O)c1cc(F)cc(C(=O)O)c1']
  2210    0.0022   -0.145 -0.097   0.043  0.180   2.562  0.026    99.2   99.2     0.675   20.3     91.7    26     11  0.000   0.77
  2220   -0.0055   -0.137 -0.097   0.042  0.171   2.583  0.026    99.2   97.6     0.702   24.2    100.0    26     11  0.000   0.78
  2230   -0.0104   -0.142 -0.097   0.045  0.187   2.074  0.026   100.0  100.0     0.688   17.2     91.7    26     11  0.000   0.76
  2240   -0.0189   -0.157 -0.097   0.051  0.199   1.753  0.017    99.2  100.0     0.685   10.9     91.7    26     11  0.000   0.77
  2250   -0.0181   -0.133 -0.099   0.042  0.175   2.719  0.017   100.0   98.4     0.683   25.0    100.0    26     11  0.000   0.81
  2260   -0.0096   -0.140 -0.099   0.043  0.176   2.534  0.017    99.2  100.0     0.685   27.3     91.7    26     11  0.000   0.69
  2270   -0.0051   -0.127 -0.099   0.039  0.166   3.179  0.017   100.0  100.0     0.570   27.3    100.0    26     11  0.000   0.75
  2280   -0.0079   -0.116 -0.099   0.033  0.149   3.419  0.017   100.0   96.1     0.667   35.2    100.0    26     11  0.000   0.77
  2290   -0.0087   -0.102 -0.099   0.028  0.130   3.992  0.017   100.0   93.0     0.563   41.4    100.0    26     11  0.000   0.72
  2300    0.0090   -0.100 -0.081   0.027  0.127   4.062  0.017   100.0   92.2     0.576   35.9     83.3    26     11  0.000   0.71
  2310    0.0096   -0.110 -0.081   0.026  0.127   3.955  0.017    99.2   93.7     0.521   32.8     91.7    26     11  0.000   0.68
  2320    0.0519   -0.114 -0.081   0.030  0.144   3.500  0.038   100.0   99.2     0.614   27.3     91.7    26     11  0.000   0.74
  2330    0.0289   -0.146 -0.081   0.046  0.184   2.642  0.038    99.2  100.0     0.693   14.1    100.0    26     11  0.000   0.77
  2340   -0.0254   -0.153 -0.081   0.055  0.207   1.694  0.026   100.0  100.0     0.805    9.4    100.0    26     11  0.000   0.79
  2350   -0.0460   -0.131 -0.085   0.041  0.172   2.588  0.011   100.0   99.2     0.614   17.2    100.0    26     11  0.000   0.70
  2360   -0.0275   -0.126 -0.085   0.034  0.152   3.193  0.011    99.2   96.9     0.642   26.6     83.3    26     11  0.000   0.73
  2370   -0.0324   -0.095 -0.085   0.028  0.123   4.262  0.011   100.0   94.5     0.471   42.2    100.0    26     11  0.000   0.69
  2380    0.1159   -0.100 -0.085   0.026  0.126   4.091  0.058   100.0   91.4     0.504   39.8     91.7    26     11  0.000   0.67
  2390    0.0197   -0.138 -0.085   0.047  0.185   2.265  0.058   100.0  100.0     0.734   19.5    100.0    26     11  0.000   0.73
  2400   -0.0668   -0.149 -0.089   0.052  0.201   1.863  0.003   100.0   99.2     0.866   11.7    100.0    26     11  0.000   0.73
      saved checkpoint @ step 2400 | examples: ['NC(NC(c1ccccc1)c1ccccc1)C(=O)O', 'CCCCCCCC', 'CCC(C)OC(=O)c1cccc(N)c1', 'CS(=O)(=O)NC(=O)c1cc(Oc2ccc(NC(=O)Nc3ccc(F)cc3)cc2)ccn1', 'NCc1ccnc(N2CCCSCC2)n1']
  2410   -0.0534   -0.129 -0.089   0.033  0.155   2.775  0.003    99.2   99.2     0.587   24.2     91.7    26     11  0.000   0.66
  2420   -0.0509   -0.102 -0.089   0.024  0.127   4.208  0.003   100.0   98.4     0.508   37.5     83.3    26     11  0.000   0.71
  2430    0.1781   -0.088 -0.089   0.019  0.106   4.984  0.058   100.0   93.8     0.450   45.3    100.0    26     11  0.000   0.59
  2440    0.1012   -0.147 -0.089   0.047  0.186   2.397  0.130    99.2  100.0     0.701   14.1    100.0    26     11  0.000   0.72
  2450   -0.1266   -0.167 -0.092   0.052  0.204   1.849  0.005    98.4  100.0     0.841   10.2     91.7    26     11  0.000   0.72
  2460   -0.0988   -0.139 -0.092   0.043  0.182   2.721  0.001   100.0  100.0     0.734   18.0     91.7    26     11  0.000   0.72
  2470   -0.0775   -0.117 -0.092   0.030  0.147   3.741  0.001   100.0   96.1     0.634   32.0     91.7    26     11  0.000   0.70
  2480   -0.0373   -0.122 -0.092   0.028  0.142   4.177  0.002    99.2   97.6     0.556   33.6     83.3    26     11  0.000   0.64
  2490    0.2949   -0.103 -0.092   0.021  0.116   4.994  0.086    99.2   93.7     0.403   47.7    100.0    26     11  0.000   0.67
  2500    0.0677   -0.169 -0.081   0.051  0.204   2.402  0.130    98.4  100.0     0.833    3.1    100.0    26     11  0.000   0.69
  2510   -0.1647   -0.156 -0.081   0.056  0.212   2.155  0.017   100.0  100.0     0.836    5.5     83.3    26     11  0.000   0.69
  2520   -0.1278   -0.145 -0.081   0.045  0.190   2.396  0.003   100.0  100.0     0.789    6.2     91.7    26     11  0.000   0.71
  2530   -0.0822   -0.134 -0.081   0.035  0.170   2.942  0.003   100.0  100.0     0.688    8.6     91.7    26     11  0.000   0.70
  2540   -0.0574   -0.121 -0.081   0.031  0.152   3.918  0.003   100.0   96.1     0.683   25.0     91.7    26     11  0.000   0.72
  2550   -0.0370   -0.113 -0.083   0.027  0.140   4.234  0.005   100.0   97.7     0.608   32.0     91.7    26     11  0.000   0.70
  2560    0.1394   -0.109 -0.083   0.025  0.133   4.190  0.058   100.0   97.7     0.560   34.4    100.0    26     11  0.000   0.72
  2570    0.0359   -0.140 -0.083   0.040  0.180   2.680  0.058   100.0  100.0     0.680   11.7    100.0    26     11  0.000   0.70
  2580   -0.0017   -0.153 -0.083   0.054  0.207   2.080  0.058   100.0  100.0     0.758    9.4     91.7    26     11  0.000   0.75
  2590   -0.0710   -0.159 -0.083   0.059  0.217   1.926  0.017   100.0  100.0     0.852    3.1     75.0    26     11  0.000   0.75
  2600   -0.0731   -0.154 -0.089   0.048  0.194   2.324  0.003    99.2  100.0     0.787    8.6     91.7    26     11  0.000   0.66
      saved checkpoint @ step 2600 | examples: ['Nc1cccc(CNCCc2ccccc2)c1', 'OCCN1CCN(c2ncccc2CN2CCC(NCCc3ccccc3)CC2)CC1', 'CC(C)S/C(=N/C(=O)Nc1ccccc1F)Nc1cccc([N+](=O)[O-])c1', 'O=C(CC(Cc1ccccc1)C(=O)Nc1cccc(Br)c1)c1ccccc1', 'O=C(O)C1CCN(S(=O)(=O)c2ccc3c(c2)CCC3)CC1']
  2610   -0.0556   -0.135 -0.089   0.037  0.172   2.574  0.003   100.0  100.0     0.664   15.6     75.0    26     11  0.000   0.73
  2620   -0.0403   -0.124 -0.089   0.032  0.156   3.310  0.003   100.0   97.7     0.640   22.7    100.0    26     11  0.000   0.69
  2630   -0.0425   -0.099 -0.089   0.025  0.124   4.434  0.003   100.0   91.4     0.564   43.0    100.0    26     11  0.000   0.67
  2640    0.1805   -0.094 -0.089   0.020  0.114   4.833  0.058   100.0   89.1     0.535   40.6    100.0    26     11  0.000   0.64
  2650    0.0751   -0.151 -0.081   0.044  0.187   2.400  0.086    99.2  100.0     0.772    7.8    100.0    26     11  0.000   0.66
  2660   -0.0627   -0.150 -0.081   0.047  0.190   2.350  0.026    99.2  100.0     0.787   15.6     83.3    26     11  0.000   0.71
  2670   -0.0534   -0.161 -0.081   0.044  0.189   2.225  0.011    98.4  100.0     0.722    5.5     83.3    26     11  0.000   0.65
  2680   -0.0535   -0.126 -0.081   0.033  0.159   2.798  0.011   100.0  100.0     0.672   16.4    100.0    26     11  0.000   0.60
  2690   -0.0303   -0.127 -0.081   0.036  0.155   3.269  0.011    99.2  100.0     0.630   22.7     91.7    26     11  0.000   0.65
  2700   -0.0351   -0.101 -0.083   0.027  0.127   4.053  0.011   100.0   96.9     0.548   36.7     91.7    26     11  0.000   0.70
  2710   -0.0229   -0.101 -0.083   0.024  0.125   4.120  0.011   100.0   97.7     0.488   37.5     91.7    26     11  0.000   0.63
  2720    0.1067   -0.101 -0.083   0.021  0.115   4.981  0.038    99.2   93.7     0.479   43.0     91.7    26     11  0.000   0.61
  2730    0.0244   -0.118 -0.083   0.033  0.151   3.127  0.038   100.0   98.4     0.619   28.1    100.0    26     11  0.000   0.69
  2740    0.0110   -0.134 -0.083   0.040  0.175   2.643  0.038   100.0   99.2     0.724   17.2     83.3    26     11  0.000   0.72
  2750   -0.0150   -0.148 -0.086   0.040  0.173   2.579  0.026    98.4  100.0     0.730   17.2    100.0    26     11  0.000   0.69
  2760   -0.0198   -0.128 -0.086   0.034  0.162   2.682  0.026   100.0  100.0     0.617   21.9     83.3    26     11  0.000   0.71
  2770   -0.0077   -0.144 -0.086   0.045  0.189   2.404  0.026   100.0  100.0     0.695   11.7    100.0    26     11  0.000   0.72
  2780   -0.0035   -0.144 -0.086   0.048  0.191   2.423  0.026   100.0  100.0     0.711   13.3    100.0    26     11  0.000   0.76
  2790   -0.0075   -0.132 -0.086   0.037  0.169   2.659  0.026   100.0  100.0     0.695   14.1    100.0    26     11  0.000   0.69
  2800   -0.0014   -0.137 -0.089   0.040  0.169   2.837  0.026    99.2   99.2     0.643   21.9     83.3    26     11  0.000   0.67
      saved checkpoint @ step 2800 | examples: ['CC(O)(CC(F)(F)F)C(=O)Nc1cc(C(F)(F)F)cc(C(F)(F)F)c1', 'CC(N)Cc1ccc(F)cc1', 'COc1ccccc1CCc1ccncc1', 'CC(=O)OCCCCCCCCCCCCCC=O', 'O=S(=O)(O)c1ccc(O)cc1']
  2810   -0.0046   -0.128 -0.089   0.038  0.166   2.907  0.026   100.0   99.2     0.654   24.2    100.0    26     11  0.000   0.70
  2820   -0.0100   -0.123 -0.089   0.035  0.158   2.874  0.026   100.0   98.4     0.722   22.7     91.7    26     11  0.000   0.74
  2830    0.0020   -0.138 -0.089   0.038  0.168   2.712  0.026    99.2   99.2     0.714   15.6     91.7    26     11  0.000   0.73
  2840   -0.0118   -0.126 -0.089   0.038  0.164   2.643  0.026   100.0   99.2     0.622   25.0     83.3    26     11  0.000   0.70
  2850   -0.0059   -0.132 -0.091   0.039  0.171   2.604  0.026   100.0  100.0     0.680   22.7    100.0    26     11  0.000   0.64
  2860   -0.0041   -0.138 -0.091   0.044  0.182   2.461  0.026   100.0  100.0     0.609   19.5     75.0    26     11  0.000   0.65
  2870   -0.0072   -0.131 -0.091   0.035  0.159   2.574  0.026    99.2   99.2     0.722   25.0     91.7    26     11  0.000   0.62
  2880   -0.0095   -0.122 -0.091   0.048  0.170   2.765  0.026   100.0  100.0     0.664   22.7    100.0    26     11  0.000   0.69
  2890   -0.1070   -0.014 -0.091   0.161  0.167   3.429  0.026    99.2   89.0     0.717   31.2    100.0    26     11  0.000   0.73
  2900    1.2137   -0.075 -0.081   0.160  0.228   4.452  0.438    99.2  100.0     0.740   25.0    100.0    46     16  0.000   0.74
  2910   -0.0260   -0.179 -0.081   0.063  0.226   2.200  0.438    98.4  100.0     0.913    2.3     75.0    46     16  0.000   0.72
  2920   -0.5779   -0.147 -0.081   0.052  0.199   2.279  0.058   100.0  100.0     0.875    6.2     91.7    46     16  0.000   0.69
  2930   -0.3139   -0.146 -0.081   0.042  0.188   2.734  0.058   100.0  100.0     0.773    3.1    100.0    46     16  0.000   0.70
  2940   -0.2064   -0.148 -0.081   0.046  0.195   2.427  0.058   100.0  100.0     0.812    6.2    100.0    46     16  0.000   0.73
  2950   -0.1225   -0.164 -0.086   0.057  0.214   2.378  0.058    99.2  100.0     0.740    5.5     75.0    46     16  0.000   0.67
  2960   -0.0842   -0.162 -0.086   0.050  0.205   2.171  0.058    99.2  100.0     0.858    5.5     91.7    46     16  0.000   0.72
  2970   -0.0592   -0.145 -0.086   0.045  0.190   2.279  0.058   100.0  100.0     0.773   14.1    100.0    46     16  0.000   0.72
  2980   -0.0989   -0.157 -0.086   0.049  0.197   2.173  0.017    99.2  100.0     0.803    6.2    100.0    46     16  0.000   0.64
  2990   -0.0569   -0.155 -0.086   0.049  0.196   2.334  0.017    99.2  100.0     0.787   10.9    100.0    46     16  0.000   0.65
  3000   -0.0414   -0.149 -0.091   0.043  0.184   2.394  0.017    99.2  100.0     0.764   17.2    100.0    46     16  0.000   0.72
      saved checkpoint @ step 3000 | examples: ['Oc1ccc(-c2ccc(-c3ccccc3Cl)o2)cc1', 'Cc1ccccc1Nc1ccccc1C(=O)O', 'Cc1cccc(C(=O)Nc2nc(-c3ccccn3)cs2)c1', 'O=C1c2ccccc2C(=O)c2ccccc21', 'Cc1cc(C)cc(Nc2nc(-c3ccc(Cl)cc3)cs2)c1']
  3010   -0.0283   -0.144 -0.091   0.046  0.189   2.400  0.017   100.0  100.0     0.695   16.4     91.7    46     16  0.000   0.70
  3020   -0.0239   -0.135 -0.091   0.039  0.174   2.571  0.017   100.0  100.0     0.828   18.0    100.0    46     16  0.000   0.72
  3030   -0.0110   -0.136 -0.091   0.041  0.177   2.896  0.017   100.0  100.0     0.727   21.1     91.7    46     16  0.000   0.67
  3040   -0.0099   -0.130 -0.091   0.037  0.166   3.001  0.017   100.0  100.0     0.688   21.9     91.7    46     16  0.000   0.74
  3050   -0.0085   -0.132 -0.093   0.037  0.169   2.981  0.017   100.0  100.0     0.570   23.4    100.0    46     16  0.000   0.69
  3060   -0.0089   -0.130 -0.093   0.035  0.165   2.832  0.017   100.0   99.2     0.669   22.7     91.7    46     16  0.000   0.68
  3070    0.0068   -0.141 -0.093   0.036  0.162   3.143  0.017    98.4  100.0     0.659   23.4     91.7    46     16  0.000   0.69
  3080    0.0025   -0.131 -0.093   0.033  0.156   3.335  0.017    99.2  100.0     0.693   24.2     91.7    46     16  0.000   0.63
  3090   -0.0065   -0.115 -0.093   0.029  0.145   3.488  0.017   100.0   96.9     0.629   33.6     91.7    46     16  0.000   0.62
  3100   -0.0029   -0.130 -0.094   0.038  0.168   2.850  0.017   100.0   99.2     0.622   25.0     91.7    46     16  0.000   0.72
  3110   -0.0041   -0.121 -0.094   0.036  0.157   3.234  0.017   100.0   96.1     0.618   28.9    100.0    46     16  0.000   0.74
  3120   -0.0014   -0.128 -0.094   0.037  0.164   2.942  0.017   100.0   99.2     0.630   25.8    100.0    46     16  0.000   0.63
  3130   -0.0002   -0.127 -0.094   0.031  0.149   3.157  0.017    99.2   97.6     0.637   25.8     91.7    46     16  0.000   0.66
  3140   -0.0024   -0.110 -0.094   0.029  0.140   3.832  0.017   100.0   98.4     0.524   32.0    100.0    46     16  0.000   0.64
  3150    0.0020   -0.106 -0.081   0.026  0.132   3.585  0.017   100.0   96.9     0.565   32.0     83.3    46     16  0.000   0.65
  3160    0.0016   -0.107 -0.081   0.027  0.134   3.682  0.017   100.0   98.4     0.587   28.9    100.0    46     16  0.000   0.64
  3170    0.0018   -0.106 -0.081   0.025  0.123   3.953  0.017    99.2   96.9     0.585   35.2     83.3    46     16  0.000   0.73
  3180    0.0339   -0.109 -0.081   0.026  0.127   3.987  0.026    99.2   92.9     0.585   36.7     83.3    46     16  0.000   0.64
  3190    0.0142   -0.105 -0.081   0.027  0.133   3.751  0.026   100.0   99.2     0.512   34.4     91.7    46     16  0.000   0.64
  3200    0.0168   -0.115 -0.071   0.030  0.145   3.441  0.026   100.0   99.2     0.622   21.1    100.0    46     16  0.000   0.63
      saved checkpoint @ step 3200 | examples: ['Cc1ccc(C(=O)NNc2ccccc2F)cc1', 'Cc1ccc(-c2ccc(Cl)c(N)c2)cc1', 'NS(=O)(=O)c1ccc(-c2ccc(C(=O)O)cc2)cc1', 'CCCCc1ccc(C(C)(C)C)cc1', 'Clc1ccc(/C=N/Nc2ccnc3cc(Cl)ccc23)cc1']
  3210    0.0129   -0.122 -0.071   0.034  0.155   3.296  0.026   100.0   99.2     0.630   21.9     83.3    47     16  0.000   0.72
  3220    0.0049   -0.116 -0.071   0.034  0.151   3.327  0.026   100.0   98.4     0.595   25.0     91.7    47     16  0.000   0.68
  3230   -0.0028   -0.120 -0.071   0.037  0.157   2.936  0.026   100.0   99.2     0.661   23.4     75.0    47     16  0.000   0.75
  3240   -0.0019   -0.117 -0.071   0.032  0.149   3.128  0.026   100.0   98.4     0.595   22.7    100.0    47     16  0.000   0.72
  3250   -0.0013   -0.129 -0.074   0.034  0.155   2.898  0.026    99.2   99.2     0.643   21.9     91.7    47     16  0.000   0.61
  3260   -0.0022   -0.113 -0.074   0.032  0.145   3.386  0.026   100.0   99.2     0.638   27.3     91.7    47     16  0.000   0.71
  3270   -0.0031   -0.122 -0.074   0.035  0.158   2.981  0.026   100.0   98.4     0.571   21.9    100.0    47     16  0.000   0.89
  3280   -0.0004   -0.134 -0.074   0.039  0.166   2.624  0.026    99.2   99.2     0.722   16.4    100.0    47     16  0.000   0.71
  3290   -0.0048   -0.131 -0.074   0.039  0.170   2.633  0.026   100.0  100.0     0.727   15.6     91.7    47     16  0.000   0.67
  3300   -0.0073   -0.132 -0.077   0.034  0.158   2.602  0.026    99.2  100.0     0.685   18.0    100.0    47     16  0.000   0.69
  3310   -0.0076   -0.129 -0.077   0.042  0.171   2.584  0.026   100.0   99.2     0.661   18.0     83.3    47     16  0.000   0.66
  3320   -0.0200   -0.126 -0.077   0.038  0.165   2.785  0.017   100.0  100.0     0.641   18.0     91.7    47     16  0.000   0.70
  3330   -0.0146   -0.118 -0.077   0.034  0.152   3.116  0.017   100.0   98.4     0.579   23.4    100.0    47     16  0.000   0.67
  3340   -0.0144   -0.107 -0.077   0.028  0.135   3.435  0.017   100.0   97.7     0.560   30.5     83.3    47     16  0.000   0.66
  3350   -0.0091   -0.106 -0.077   0.039  0.145   3.683  0.017   100.0   95.3     0.623   30.5    100.0    47     16  0.000   0.69
  3360   -0.0069   -0.098 -0.077   0.026  0.125   4.088  0.017   100.0   96.1     0.504   39.1     83.3    47     16  0.000   0.71
  3370    0.0511   -0.102 -0.077   0.027  0.129   3.625  0.038   100.0   97.7     0.648   35.9     91.7    47     16  0.000   0.74
  3380    0.0185   -0.124 -0.077   0.041  0.165   2.782  0.038   100.0   98.4     0.643   24.2    100.0    47     16  0.000   0.73
  3390    0.0125   -0.135 -0.077   0.039  0.166   2.641  0.038    99.2   99.2     0.722   18.0     91.7    47     16  0.000   0.70
  3400   -0.0108   -0.143 -0.081   0.047  0.190   2.010  0.038   100.0   99.2     0.756   14.1     91.7    47     16  0.000   0.69
      saved checkpoint @ step 3400 | examples: ['CSc1nc(-c2ccccc2)cc(-c2ccc(C#N)cc2)n1', 'CCCCc1ccc2nc(N)nc(N)c2c1', 'COc1ccc(Br)cc1S(=O)(=O)Nc1nnc(-c2ccco2)s1', 'COc1cc(CSc2ncccn2)cc(OC)c1OC', 'Cc1nnc(NCc2ccco2)c(C#N)c1C']
  3410   -0.0230   -0.151 -0.081   0.045  0.189   2.006  0.026    99.2  100.0     0.732   10.2    100.0    47     16  0.000   0.67
  3420   -0.0201   -0.141 -0.081   0.044  0.185   2.046  0.026   100.0   99.2     0.709   12.5    100.0    47     16  0.000   0.71
  3430   -0.0231   -0.116 -0.081   0.067  0.175   2.773  0.026    99.2   97.6     0.685   19.5     91.7    48     16  0.000   0.70
  3440    0.0070   -0.066 -0.081   0.116  0.182   3.771  0.038   100.0   93.8     0.717   25.8    100.0    49     16  0.000   0.70
  3450   -0.0017   -0.137 -0.083   0.068  0.204   2.034  0.058   100.0   99.2     0.787   11.7     75.0    51     16  0.000   0.71
  3460   -0.0849   -0.129 -0.083   0.078  0.199   2.310  0.005    99.2   97.6     0.798   18.0     91.7    51     16  0.000   0.74
  3470   -0.1759    0.132 -0.083   0.342  0.203   7.992  0.017    99.2   66.9     0.729   47.7    100.0    52     16  0.000   0.83
  3480    1.2511   -0.168 -0.083   0.056  0.193   3.824  0.657    96.9  100.0     0.742   16.4     83.3    59     18  0.000   0.68
  3490   -0.7405   -0.166 -0.083   0.062  0.221   1.864  0.058    99.2  100.0     0.890    4.7    100.0    59     18  0.000   0.66
      TL @ step 3500: 59 mols, 2/2 epochs, nll 0.608, kl_after 2.40
  3500   -0.4532   -0.145 -0.089   0.048  0.193   2.686  0.038   100.0  100.0     0.797   10.2     91.7    59     18  0.000   0.69
  3510   -0.2408   -0.144 -0.089   0.044  0.180   3.356  0.038    99.2   99.2     0.683   16.4     83.3    59     18  0.000   0.62
  3520   -0.1538   -0.131 -0.089   0.044  0.175   3.163  0.038   100.0  100.0     0.727   15.6    100.0    59     18  0.000   0.70
  3530   -0.1027   -0.138 -0.089   0.041  0.179   2.789  0.038   100.0  100.0     0.727   14.8    100.0    59     18  0.000   0.69
  3540   -0.0479   -0.154 -0.089   0.045  0.191   2.826  0.038    99.2  100.0     0.701    9.4    100.0    59     18  0.000   0.66
  3550   -0.0369   -0.147 -0.093   0.043  0.182   2.696  0.038    99.2  100.0     0.717   15.6    100.0    59     18  0.000   0.67
  3560   -0.0456   -0.158 -0.093   0.045  0.188   2.523  0.026    98.4  100.0     0.762   10.2    100.0    59     18  0.000   0.70
  3570   -0.0406   -0.143 -0.093   0.042  0.185   2.312  0.026   100.0  100.0     0.773   14.8     91.7    59     18  0.000   0.66
  3580   -0.0261   -0.141 -0.093   0.042  0.183   2.367  0.026   100.0  100.0     0.773   11.7     91.7    59     18  0.000   0.69
  3590   -0.0060   -0.149 -0.093   0.042  0.183   2.651  0.026    99.2  100.0     0.669   16.4     91.7    59     18  0.000   0.68
  3600   -0.0172   -0.135 -0.096   0.039  0.174   2.561  0.026   100.0  100.0     0.688   19.5    100.0    59     18  0.000   0.71
      saved checkpoint @ step 3600 | examples: ['CCCCn1c(C)cc(=O)c(O)c1CN(C)C', 'COc1ccc(OC)c(CNc2ccccc2C(=O)O)c1', 'CCCCCCCCCCCSCC#N', 'Cc1ccc(CCNC(=O)CSc2nc(=O)n(CCO)c(=O)n2C)cc1', 'CC(C)Cc1ccc(CNCCCN(C)C)cc1']
  3610   -0.0134   -0.137 -0.096   0.041  0.178   2.489  0.026   100.0  100.0     0.727   14.8     91.7    59     18  0.000   0.71
  3620    0.0013   -0.151 -0.096   0.046  0.189   2.504  0.026    99.2  100.0     0.709   15.6    100.0    59     18  0.000   0.78
  3630   -0.0238   -0.133 -0.096   0.040  0.173   2.839  0.017   100.0   99.2     0.717   19.5    100.0    59     18  0.000   0.91
  3640   -0.0195   -0.130 -0.096   0.036  0.166   2.651  0.017   100.0  100.0     0.672   23.4     91.7    59     18  0.000   0.85
  3650   -0.0133   -0.136 -0.098   0.039  0.175   2.433  0.017   100.0  100.0     0.703   18.0    100.0    59     18  0.000   0.67
  3660    0.0014   -0.140 -0.098   0.034  0.158   2.971  0.017    98.4   99.2     0.656   21.9     91.7    59     18  0.000   0.77
  3670   -0.0020   -0.123 -0.098   0.033  0.157   3.336  0.017   100.0   99.2     0.606   28.1    100.0    59     18  0.000   0.77
  3680   -0.0038   -0.129 -0.098   0.036  0.166   2.780  0.017   100.0   99.2     0.685   27.3     75.0    59     18  0.000   0.75
  3690   -0.0034   -0.121 -0.098   0.030  0.144   3.301  0.017    99.2   98.4     0.616   37.5     91.7    59     18  0.000   0.72
  3700   -0.0043   -0.099 -0.089   0.026  0.125   3.919  0.017   100.0   94.5     0.554   39.1     83.3    59     18  0.000   0.75
  3710   -0.0014   -0.104 -0.089   0.027  0.132   3.873  0.017   100.0   93.8     0.542   34.4    100.0    59     18  0.000   0.75
  3720    0.0054   -0.123 -0.089   0.031  0.146   3.332  0.017    99.2   97.6     0.581   27.3     75.0    59     18  0.000   0.71
  3730    0.0225   -0.099 -0.089   0.025  0.124   3.995  0.026   100.0   96.1     0.504   39.8     91.7    59     18  0.000   0.76
  3740    0.0178   -0.117 -0.089   0.034  0.143   3.587  0.026    99.2   96.9     0.618   35.9    100.0    59     18  0.000   0.79
  3750    0.0147   -0.116 -0.081   0.033  0.149   3.303  0.026   100.0   97.7     0.608   26.6    100.0    59     18  0.000   0.74
  3760    0.0072   -0.118 -0.081   0.030  0.148   3.178  0.026   100.0   99.2     0.638   22.7    100.0    59     18  0.000   0.74
  3770    0.0048   -0.111 -0.081   0.026  0.138   3.474  0.026   100.0   97.7     0.552   26.6     91.7    59     18  0.000   0.70
  3780   -0.0000   -0.136 -0.081   0.042  0.177   2.379  0.026   100.0  100.0     0.766   11.7    100.0    59     18  0.000   0.75
  3790    0.0034   -0.128 -0.081   0.037  0.165   2.896  0.026   100.0  100.0     0.656   17.2     91.7    59     18  0.000   0.75
  3800   -0.0106   -0.127 -0.083   0.036  0.163   2.522  0.026   100.0  100.0     0.719   18.8    100.0    59     18  0.000   0.77
      saved checkpoint @ step 3800 | examples: ['Cc1ccc(S(=O)(=O)NC(C)C(=O)Nc2nnc(-c3ccccc3)s2)cc1', 'COc1ccc(OC(CCN2CCOCC2)c2ccccc2)cc1', 'CC(=O)Cn1cc(C)c(SCc2cc(F)ccc2Cl)n1', 'Cc1ccc(CC(O)c2ccc(C)cc2)cc1', 'CN(C)C1CCN(CCc2ccccc2)CC1']
  3810   -0.0048   -0.130 -0.083   0.037  0.167   2.608  0.026   100.0   98.4     0.714   23.4    100.0    59     18  0.000   0.68
  3820   -0.0068   -0.131 -0.083   0.037  0.168   2.503  0.026   100.0  100.0     0.703   20.3    100.0    59     18  0.000   0.77
  3830    0.0018   -0.141 -0.083   0.042  0.175   2.517  0.026    99.2   99.2     0.706   17.2     91.7    59     18  0.000   0.75
  3840    0.0079   -0.140 -0.083   0.036  0.160   2.838  0.026    98.4   98.4     0.702   25.0    100.0    59     18  0.000   0.72
  3850   -0.0085   -0.134 -0.086   0.042  0.176   2.374  0.026   100.0  100.0     0.742   19.5     83.3    59     18  0.000   0.71
  3860    0.0015   -0.149 -0.086   0.040  0.173   2.266  0.026    98.4   99.2     0.720   18.0     75.0    59     18  0.000   0.86
  3870   -0.0041   -0.128 -0.086   0.039  0.166   2.705  0.026   100.0   99.2     0.709   25.0    100.0    59     18  0.000   0.73
  3880   -0.0102   -0.134 -0.086   0.047  0.181   2.171  0.026   100.0   99.2     0.709   21.9     83.3    59     18  0.000   0.77
  3890    0.0029   -0.135 -0.086   0.040  0.168   2.691  0.026    99.2   98.4     0.672   21.9     83.3    59     18  0.000   0.73
  3900   -0.0051   -0.126 -0.088   0.040  0.167   2.729  0.026   100.0   98.4     0.690   21.1    100.0    59     18  0.000   0.79
  3910   -0.0089   -0.117 -0.088   0.035  0.153   2.919  0.026   100.0   95.3     0.639   27.3    100.0    59     18  0.000   0.73
  3920   -0.0075   -0.130 -0.088   0.041  0.171   2.411  0.026   100.0  100.0     0.664   19.5     91.7    59     18  0.000   0.79
  3930    0.0052   -0.138 -0.088   0.041  0.172   2.581  0.026    99.2   99.2     0.683   21.1     91.7    59     18  0.000   0.70
  3940   -0.0028   -0.133 -0.088   0.042  0.176   2.476  0.026   100.0  100.0     0.711   18.8    100.0    59     18  0.000   0.74
  3950   -0.0094   -0.127 -0.090   0.038  0.165   2.546  0.026   100.0   98.4     0.746   21.9     83.3    59     18  0.000   0.69
  3960   -0.0083   -0.127 -0.090   0.042  0.169   2.515  0.026   100.0   99.2     0.724   28.1     91.7    59     18  0.000   0.69
  3970   -0.0084   -0.133 -0.090   0.038  0.172   2.272  0.026   100.0   99.2     0.693   19.5     91.7    59     18  0.000   0.79
  3980   -0.0096   -0.129 -0.090   0.038  0.167   2.404  0.026   100.0   99.2     0.693   25.0     91.7    59     18  0.000   0.78
  3990   -0.0024   -0.134 -0.090   0.042  0.176   2.477  0.026   100.0   99.2     0.677   24.2     91.7    59     18  0.000   0.67
      TL @ step 4000: 59 mols, 2/2 epochs, nll 0.517, kl_after 2.31
  4000   -0.0235   -0.126 -0.092   0.038  0.164   2.564  0.017   100.0   98.4     0.746   28.9     83.3    59     18  0.000   0.70
      saved checkpoint @ step 4000 | examples: ['Cc1ccc(N)cc1', 'CC(C)CC(N)C(=O)N1CCCC1C(=O)O', 'O=C(Cc1ccc(Br)cc1)c1ccccc1', 'Cc1ccc(S(=O)(=O)N[C@@H](C)C(=O)NCC#N)cc1', 'COc1cc(C2NC(=O)c3cccnc3N2)cc(OC)c1OC']
  4010   -0.0158   -0.118 -0.092   0.034  0.152   3.024  0.017   100.0   99.2     0.567   34.4     83.3    59     18  0.000   0.61
  4020   -0.0019   -0.131 -0.092   0.034  0.150   2.951  0.017    98.4   99.2     0.552   34.4     91.7    59     18  0.000   0.59
  4030   -0.0086   -0.105 -0.092   0.030  0.135   3.633  0.017   100.0   96.9     0.581   38.3     91.7    59     18  0.000   0.61
  4040   -0.0103   -0.095 -0.092   0.023  0.118   3.866  0.017   100.0   95.3     0.475   42.2     91.7    59     18  0.000   0.66
  4050    0.0596   -0.095 -0.059   0.024  0.119   4.294  0.026   100.0   95.3     0.508   28.1     91.7    59     18  0.000   0.62
  4060    0.0410   -0.126 -0.059   0.036  0.163   2.709  0.038   100.0  100.0     0.688   10.9    100.0    59     18  0.000   0.71
  4070    0.0259   -0.147 -0.059   0.043  0.182   2.361  0.038    99.2  100.0     0.740    7.0    100.0    59     18  0.000   0.69
  4080   -0.0325   -0.132 -0.059   0.037  0.169   2.296  0.017   100.0   99.2     0.772    7.8     83.3    59     18  0.000   0.72
  4090   -0.0293   -0.127 -0.059   0.034  0.154   2.938  0.011    99.2   96.9     0.667   16.4     83.3    59     18  0.000   0.68
  4100   -0.0368   -0.098 -0.063   0.022  0.120   3.768  0.011   100.0  100.0     0.508   28.9     91.7    59     18  0.000   0.67
  4110    0.0029   -0.098 -0.063   0.026  0.123   4.209  0.017   100.0   94.5     0.504   36.7    100.0    59     18  0.000   0.62
  4120    0.0191   -0.101 -0.063   0.029  0.130   3.886  0.026   100.0   94.5     0.521   31.2     91.7    59     18  0.000   0.69
  4130    0.0058   -0.106 -0.063   0.027  0.134   3.500  0.026   100.0   98.4     0.563   27.3     91.7    59     18  0.000   0.62
  4140    0.0063   -0.114 -0.063   0.034  0.140   3.395  0.026    99.2   94.5     0.600   31.2     83.3    59     18  0.000   0.70
  4150   -0.0054   -0.112 -0.065   0.032  0.144   3.144  0.026   100.0   95.3     0.607   26.6     66.7    59     18  0.000   0.78
  4160   -0.0033   -0.116 -0.065   0.040  0.156   3.092  0.026   100.0   99.2     0.669   23.4     91.7    59     18  0.000   0.99
  4170    0.0041   -0.137 -0.065   0.037  0.167   2.623  0.026    99.2   99.2     0.667   12.5     91.7    59     18  0.000   0.72
  4180    0.0028   -0.130 -0.065   0.039  0.161   2.881  0.026    99.2   99.2     0.675   17.2     91.7    59     18  0.000   0.78
  4190   -0.0045   -0.120 -0.065   0.034  0.154   2.921  0.026   100.0   99.2     0.685   20.3     91.7    59     18  0.000   0.82
  4200   -0.0066   -0.118 -0.068   0.035  0.153   2.993  0.026   100.0   99.2     0.661   20.3    100.0    59     18  0.000   0.79
      saved checkpoint @ step 4200 | examples: ['O=C(O)CCC(=O)Nc1cccc(Cl)c1', 'O=C(O)CCC(=O)Nc1ccc(S(=O)(=O)c2ccccc2)cc1', 'CC(C)[C@H](NC(=O)[C@@H](N)CCCNC(=N)N)C(=O)O', 'Cc1ccc(Nc2cccc3ccccc23)cc1', 'COc1ccc(CCc2nc3cc(Cl)ccc3s2)cc1']
  4210   -0.0069   -0.124 -0.068   0.037  0.162   2.717  0.026   100.0   99.2     0.693   18.0     66.7    59     18  0.000   0.67
  4220   -0.0066   -0.129 -0.068   0.043  0.172   2.551  0.026   100.0   99.2     0.654   18.8     91.7    59     18  0.000   0.75
  4230   -0.0086   -0.123 -0.068   0.039  0.162   2.629  0.026   100.0  100.0     0.695   18.0     83.3    59     18  0.000   0.76
  4240    0.0010   -0.136 -0.068   0.040  0.168   2.532  0.026    99.2  100.0     0.661   17.2     91.7    59     18  0.000   0.85
  4250   -0.0029   -0.135 -0.071   0.039  0.166   2.556  0.026    99.2   99.2     0.706   14.8    100.0    59     18  0.000   0.65
  4260   -0.0063   -0.125 -0.071   0.039  0.165   2.665  0.026   100.0   98.4     0.690   17.2     91.7    59     18  0.000   0.71
  4270   -0.0014   -0.124 -0.071   0.035  0.151   2.951  0.026    99.2   96.9     0.634   22.7     91.7    59     18  0.000   0.66
  4280    0.0002   -0.127 -0.071   0.037  0.163   2.789  0.026   100.0   99.2     0.646   16.4     91.7    59     18  0.000   0.75
  4290    0.0076   -0.137 -0.071   0.049  0.178   2.762  0.026    99.2   99.2     0.746   18.0    100.0    59     18  0.000   0.69
  4300   -0.0112   -0.125 -0.074   0.037  0.162   2.566  0.026   100.0   98.4     0.571   23.4     75.0    59     18  0.000   1.05
  4310   -0.0058   -0.129 -0.074   0.038  0.167   2.535  0.026   100.0  100.0     0.727   17.2     83.3    59     18  0.000   0.83
  4320   -0.0038   -0.121 -0.074   0.039  0.160   2.881  0.026   100.0   98.4     0.675   21.9     83.3    59     18  0.000   0.71
  4330   -0.0025   -0.123 -0.074   0.037  0.160   2.842  0.026   100.0   97.7     0.720   21.1     91.7    59     18  0.000   0.83
  4340    0.0083   -0.136 -0.074   0.038  0.159   2.884  0.026    98.4   98.4     0.613   22.7     83.3    59     18  0.000   0.87
  4350   -0.0117   -0.130 -0.076   0.047  0.177   2.348  0.026   100.0  100.0     0.773   18.0     91.7    59     18  0.000   0.84
  4360   -0.0048   -0.131 -0.076   0.038  0.161   2.576  0.026    99.2   98.4     0.672   23.4    100.0    59     18  0.000   0.87
  4370    0.0022   -0.133 -0.076   0.040  0.165   2.640  0.026    99.2  100.0     0.732   21.1     83.3    59     18  0.000   0.80
  4380   -0.0011   -0.133 -0.076   0.036  0.161   2.554  0.026    99.2   98.4     0.632   21.9     91.7    59     18  0.000   0.75
  4390   -0.0021   -0.136 -0.076   0.043  0.180   2.318  0.026   100.0   99.2     0.717   11.7     91.7    59     18  0.000   0.76
  4400   -0.0142   -0.126 -0.079   0.037  0.163   2.358  0.026   100.0  100.0     0.711   21.1     91.7    59     18  0.000   0.70
      saved checkpoint @ step 4400 | examples: ['COc1cccc(C(=O)NC2CCCS(=O)(=O)C2)c1', 'COC(=O)[C@@H](N)Cc1c[nH]c2ccccc12', 'CCCCCCCCCCCCCCCCCC', 'Nc1nc(-c2ccccc2)cc(-c2ccc(O)cc2)n1', 'COC(=O)CCc1nc(-c2ccc3c(c2)OCO3)no1']
  4410   -0.0015   -0.140 -0.079   0.045  0.177   2.366  0.026    99.2   99.2     0.738   18.0     91.7    59     18  0.000   0.71
  4420   -0.0040   -0.130 -0.079   0.039  0.169   2.524  0.026   100.0  100.0     0.680   18.0     91.7    59     18  0.000   0.80
  4430   -0.0011   -0.132 -0.079   0.037  0.161   2.595  0.026    99.2   99.2     0.651   21.1     83.3    59     18  0.000   0.72
  4440   -0.0059   -0.128 -0.079   0.044  0.172   2.502  0.026   100.0   98.4     0.730   21.1     91.7    59     18  0.000   0.70
  4450   -0.0063   -0.135 -0.082   0.050  0.186   2.248  0.026   100.0   99.2     0.669   19.5     91.7    60     19  0.000   0.71
  4460   -0.0096   -0.110 -0.082   0.098  0.200   3.117  0.026    99.2   97.6     0.669   28.9    100.0    60     19  0.000   0.75
  4470   -0.0285   -0.068 -0.082   0.165  0.233   3.802  0.026   100.0   97.7     0.712   39.8    100.0    60     19  0.000   0.73
  4480    0.3155   -0.034 -0.082   0.245  0.278   4.532  0.130   100.0   96.9     0.661   46.9    100.0    60     19  0.000   0.80
  4490   -0.1000   -0.160 -0.082   0.061  0.213   1.801  0.017    99.2  100.0     0.803    9.4    100.0    60     19  0.000   0.71
      TL @ step 4500: 60 mols, 2/2 epochs, nll 0.476, kl_after 2.81
  4500   -0.0983   -0.127 -0.087   0.083  0.211   2.485  0.008   100.0  100.0     0.781   17.2    100.0    60     19  0.000   0.72
  4510   -0.0961   -0.074 -0.087   0.148  0.222   3.969  0.008   100.0   96.9     0.677   38.3    100.0    60     19  0.000   0.77
  4520    0.4560   -0.070 -0.087   0.166  0.236   4.139  0.195   100.0   95.3     0.664   39.8    100.0    60     19  0.000   0.76
  4530   -0.1139   -0.158 -0.087   0.081  0.239   2.181  0.058   100.0  100.0     0.859    7.8    100.0    60     19  0.000   0.81
  4540   -0.1781   -0.131 -0.087   0.093  0.224   2.453  0.005   100.0  100.0     0.812   14.8    100.0    60     19  0.000   0.76
  4550   -0.1130   -0.119 -0.092   0.098  0.218   2.908  0.005   100.0   99.2     0.772   24.2    100.0    60     19  0.000   0.68
  4560   -0.0449    0.012 -0.092   0.325  0.305   6.311  0.026    99.2   92.1     0.530   64.1    100.0    60     19  0.000   0.79
  4570    1.3528   -0.167 -0.092   0.067  0.226   3.645  0.657    99.2  100.0     0.850    6.2     91.7    60     19  0.000   0.77
  4580   -0.3408   -0.176 -0.092   0.065  0.233   2.133  0.292    99.2  100.0     0.874    5.5     75.0    60     19  0.000   0.74
  4590   -0.5419   -0.177 -0.092   0.059  0.220   2.028  0.086    98.4  100.0     0.873    2.3     91.7    60     19  0.000   0.72
  4600   -0.2966   -0.169 -0.098   0.057  0.210   2.400  0.086    98.4  100.0     0.810    7.8     83.3    60     19  0.000   1.11
      saved checkpoint @ step 4600 | examples: ['CN(C)c1ccc(/C=C\\c2cccnc2)cc1', 'CC(C)(C)c1ccccc1-c1[nH]n(-c2ccc(Cl)cc2)c(=O)c1Cl', 'Cc1ccc(C=C[N+](C)C)cc1', 'CCCC(=O)c1ccccc1', 'CC(C)c1ccc(CN(C)CC(=O)NCC2CCCO2)cc1']
  4610   -0.2016   -0.156 -0.098   0.052  0.209   2.164  0.086   100.0  100.0     0.812    5.5     91.7    60     19  0.000   1.09
  4620   -0.2180   -0.152 -0.098   0.054  0.206   1.997  0.038   100.0  100.0     0.711   16.4     91.7    60     19  0.000   1.04
  4630   -0.1275   -0.149 -0.098   0.048  0.197   2.283  0.038   100.0  100.0     0.766   12.5     83.3    60     19  0.000   1.02
  4640   -0.0761   -0.158 -0.098   0.053  0.211   2.157  0.038   100.0  100.0     0.789    7.8    100.0    60     19  0.000   1.11
  4650   -0.0859   -0.162 -0.102   0.053  0.207   2.294  0.017    99.2  100.0     0.858   10.2    100.0    60     19  0.000   1.07
  4660   -0.0590   -0.146 -0.102   0.047  0.193   2.477  0.017   100.0  100.0     0.805   16.4     91.7    60     19  0.000   1.05
  4670   -0.0347   -0.152 -0.102   0.052  0.203   2.209  0.017   100.0  100.0     0.812   10.2    100.0    60     19  0.000   1.14
  4680   -0.0211   -0.143 -0.102   0.044  0.187   2.734  0.017   100.0   99.2     0.740   21.9    100.0    60     19  0.000   1.08
  4690   -0.0147   -0.141 -0.102   0.044  0.184   2.730  0.017   100.0  100.0     0.758   18.0    100.0    61     19  0.000   1.40
  4700   -0.0039   -0.156 -0.104   0.044  0.184   2.473  0.017    98.4  100.0     0.698   21.9     91.7    62     19  0.000   1.50
  4710   -0.0111   -0.139 -0.104   0.044  0.184   2.518  0.017   100.0  100.0     0.758   20.3    100.0    62     19  0.000   0.83
  4720   -0.0135   -0.132 -0.104   0.035  0.167   2.617  0.017   100.0   99.2     0.654   25.0    100.0    62     19  0.000   0.78
  4730   -0.0047   -0.139 -0.104   0.042  0.181   2.608  0.017   100.0  100.0     0.734   24.2    100.0    62     19  0.000   0.84
  4740   -0.0025   -0.137 -0.104   0.036  0.165   2.906  0.017    99.2   99.2     0.635   29.7     83.3    62     19  0.000   0.82
  4750   -0.0086   -0.126 -0.105   0.041  0.167   2.983  0.017   100.0  100.0     0.703   25.0     91.7    62     19  0.000   0.75
  4760   -0.0045   -0.127 -0.105   0.038  0.165   3.030  0.017   100.0   97.7     0.624   31.2     83.3    63     19  0.000   0.66
  4770   -0.0129   -0.109 -0.105   0.037  0.146   3.471  0.017   100.0   96.1     0.602   34.4     91.7    64     19  0.000   0.71
  4780    0.0050   -0.135 -0.105   0.043  0.170   3.075  0.017    99.2   98.4     0.680   23.4     91.7    65     19  0.000   0.66
  4790   -0.0011   -0.127 -0.105   0.042  0.161   3.129  0.017    99.2  100.0     0.638   32.8    100.0    66     19  0.000   0.73
  4800   -0.0473   -0.047 -0.097   0.103  0.151   4.151  0.017   100.0   91.4     0.521   38.3    100.0    68     19  0.000   0.76
      saved checkpoint @ step 4800 | examples: ['O=C(NCCc1ccncc1)C1CCC(=O)N(Cc2ccccc2)C1', 'NC(CO)(COP(=O)(O)O)C(=O)O', 'COc1ccc(CNC(=O)CCCc2ccccc2)cc1', 'O=C(O)c1ccc(C(=O)O)cc1', 'Oc1ccc(COc2ccccc2)cc1']
  4810    1.0449    0.257 -0.097   0.431  0.173   6.166  0.292   100.0   64.1     0.671   54.7    100.0    68     19  0.000   0.85
  4820    0.3366   -0.178 -0.097   0.063  0.219   2.337  0.438    97.7  100.0     0.776    8.6     91.7    72     21  0.000   0.72
  4830   -0.4854   -0.168 -0.097   0.059  0.219   1.925  0.026    99.2  100.0     0.835    7.8     91.7    72     21  0.000   0.78
  4840   -0.3068   -0.146 -0.097   0.070  0.216   2.218  0.017   100.0  100.0     0.891   10.2    100.0    72     21  0.000   0.80
  4850   -0.1942   -0.125 -0.101   0.066  0.192   2.795  0.017   100.0   99.2     0.780   12.5     91.7    74     22  0.000   0.75
  4860   -0.1798   -0.034 -0.101   0.156  0.190   3.628  0.017   100.0   91.4     0.752   28.1    100.0    74     22  0.000   0.78
  4870   -0.1615    0.075 -0.101   0.248  0.173   4.477  0.026   100.0   84.4     0.731   38.3    100.0    75     22  0.000   0.77
  4880    0.6551   -0.006 -0.101   0.204  0.210   3.237  0.438   100.0   87.5     0.848   20.3    100.0    77     23  0.000   0.82
  4890    0.2517   -0.172 -0.101   0.084  0.240   2.555  0.438    98.4  100.0     0.881   10.2     83.3    91     29  0.000   0.82
  4900   -0.5498   -0.159 -0.106   0.062  0.221   1.981  0.038   100.0  100.0     0.852   10.9     75.0    92     30  0.000   0.78
  4910   -0.3524   -0.151 -0.106   0.056  0.207   2.678  0.017   100.0   98.4     0.786   12.5    100.0    93     30  0.000   0.81
  4920   -0.2142   -0.149 -0.106   0.053  0.201   2.182  0.017   100.0  100.0     0.820   14.8    100.0    95     31  0.000   0.80
  4930   -0.1191   -0.149 -0.106   0.046  0.195   2.621  0.017   100.0  100.0     0.812   13.3     91.7    98     32  0.000   0.76
  4940   -0.0589   -0.167 -0.106   0.047  0.198   2.533  0.017    98.4  100.0     0.722    8.6    100.0   100     33  0.000   0.78
  4950   -0.0506   -0.141 -0.108   0.053  0.194   2.743  0.017   100.0  100.0     0.750   14.1     83.3   100     33  0.000   0.70
  4960   -0.0267   -0.141 -0.108   0.061  0.194   3.156  0.017    99.2  100.0     0.764   12.5    100.0   102     33  0.000   0.78
  4970   -0.0282   -0.136 -0.108   0.056  0.192   2.492  0.017   100.0  100.0     0.758   16.4     91.7   104     35  0.000   0.73
  4980   -0.0139   -0.137 -0.108   0.046  0.182   2.766  0.017   100.0  100.0     0.695   25.0     91.7   105     36  0.000   0.77
  4990   -0.0097   -0.130 -0.108   0.065  0.187   3.184  0.017    99.2   99.2     0.754   24.2    100.0   106     36  0.000   0.75
      TL @ step 5000: 108 mols, 2/2 epochs, nll 0.428, kl_after 4.24
  5000   -0.0057   -0.129 -0.109   0.063  0.185   3.217  0.017    99.2   99.2     0.698   25.0    100.0   108     37  0.000   0.71
      saved checkpoint @ step 5000 | examples: ['NC(c1cccc(O)c1)P(=O)(O)O', 'N#Cc1cc(S(=O)(=O)Nc2nccs2)ccc1Oc1ccccc1', 'CCOC(=O)CNc1ccccc1', 'CCc1nnc(NC(=O)C(N)c2ccccc2)s1', 'Fc1ccc(C2SCCN2CCOCCN2CCOCC2)cc1']

RL_BASELINE_DONE in 68.5 min
