loading policy + frozen prior...
config: {'steps': 5000, 'batch': 128, 'lr': 0.0001, 'max_len': 100, 'temp': 1.0, 'beta_kl': 0.02, 'target_kl': 3.0, 'beta_kl_min': 0.001, 'beta_kl_max': 20.0, 'kl_adapt_factor': 1.5, 'ppo_epochs': 4, 'clip_eps': 0.2, 'lambda_unc': 1.0, 'baseline_momentum': 0.95, 'threshold_window_batches': 20, 'threshold_percentile': 70.0, 'threshold_update_every': 50, 'threshold_init': 0.0, 'threshold_decay': 0.1, 'diversity_filter': False, 'df_bucket_size': 25, 'df_mode': 'generic', 'df_record_threshold': 0.5, 'replay': True, 'replay_capacity': 1000, 'replay_max_per_scaffold': 10, 'replay_min_reward': 0.4, 'replay_k': 24, 'replay_coef': 0.05, 'replay_start': 200, 'transfer_learning': False, 'tl_every': 500, 'tl_start': 1000, 'tl_epochs': 2, 'tl_batch': 128, 'tl_max_mols': 500, 'tl_min_mols': 50, 'tl_lr': 1e-05, 'tl_max_kl': 8.0, 'log_every': 10, 'save_every': 200, 'out': 'checkpoints/rl_v4b2', 'seed': 42}
reward model scheme=A_primary threshold=8.0 lambda_unc=1.0 invalid_reward=-1.0

  step      loss   reward    tau   p_act    unc      kl   beta  valid%  uniq% scaf/uniq  >tau% AD%(top)   buf  bscaf   rnll    sec
     1    0.1453   -0.193  0.000   0.107  0.284   0.000  0.013    98.4  100.0     0.960    1.6     66.7     0      0  0.000   1.36
    10    0.1014   -0.206  0.000   0.099  0.281   0.154  0.001    97.7  100.0     0.952    0.0     83.3     0      0  0.000   1.14
    20    0.0757   -0.225  0.000   0.093  0.271   0.228  0.001    95.3  100.0     0.975    0.0     75.0     0      0  0.000   0.95
    30    0.0261   -0.195  0.000   0.087  0.266   0.450  0.001    98.4  100.0     0.960    0.0     83.3     0      0  0.000   0.83
    40    0.0402   -0.232  0.000   0.085  0.255   0.282  0.001    93.8  100.0     0.925    0.0     83.3     0      0  0.000   0.79
    50   -0.0183   -0.188 -0.018   0.095  0.275   0.284  0.001    99.2  100.0     0.969    0.0     75.0     0      0  0.000   0.90
    60   -0.0037   -0.204 -0.018   0.076  0.249   0.685  0.001    96.9  100.0     0.960    0.0    100.0     0      0  0.000   0.84
    70   -0.0136   -0.183 -0.018   0.066  0.233   0.780  0.001    98.4  100.0     0.913    0.8    100.0     0      0  0.000   0.90
    80   -0.0082   -0.185 -0.018   0.064  0.226   1.508  0.001    97.7   99.2     0.823    0.0     91.7     1      1  0.000   0.76
    90   -0.0152   -0.168 -0.018   0.060  0.220   1.993  0.001    99.2   99.2     0.833    1.6    100.0     1      1  0.000   1.05
   100   -0.0408   -0.143 -0.030   0.042  0.185   3.296  0.001   100.0   99.2     0.709    0.8    100.0     2      2  0.000   1.00
   110   -0.0288   -0.140 -0.030   0.038  0.171   4.499  0.001    99.2   93.7     0.655    5.5    100.0     2      2  0.000   0.98
   120    0.1505   -0.096 -0.030   0.028  0.124   6.373  0.038   100.0   68.8     0.659   31.2    100.0     2      2  0.000   0.87
   130   -0.0745   -0.161 -0.030   0.062  0.223   1.415  0.038   100.0   99.2     0.850    1.6     83.3     2      2  0.000   0.98
   140   -0.0754   -0.177 -0.030   0.064  0.225   1.124  0.001    98.4  100.0     0.897    0.0    100.0     2      2  0.000   1.00
   150   -0.0682   -0.158 -0.043   0.058  0.216   1.714  0.001   100.0  100.0     0.797    0.0     83.3     2      2  0.000   1.05
   160   -0.0469   -0.147 -0.043   0.045  0.192   2.432  0.001   100.0  100.0     0.727    1.6     91.7     2      2  0.000   0.94
   170   -0.0435   -0.129 -0.043   0.036  0.165   3.858  0.001   100.0   95.3     0.549    6.2    100.0     2      2  0.000   0.93
   180    0.0286   -0.097 -0.043   0.023  0.120   5.597  0.017   100.0   84.4     0.454   19.5     91.7     2      2  0.000   0.90
   190    0.0064   -0.158 -0.043   0.052  0.210   1.703  0.086   100.0  100.0     0.828    0.0    100.0     2      2  0.000   1.01
   200   -0.0690   -0.179 -0.051   0.063  0.227   1.178  0.001    98.4  100.0     0.857    0.0     75.0     2      2  0.324   1.11
      saved checkpoint @ step 200 | examples: ['O=c1[nH]ccc2ccc(OCC3CCCCC3)cc12', 'Cc1ccc(NCc2nnc(SCC(=O)Nc3ccccc3C(F)(F)F)n2C)cc1', 'N#Cc1cccc(Nc2ccccc2Oc2ccccc2)c1', 'N#CCC1(n2cc(-c3ccncc3)nn2)CN(C(=O)c2ccc(F)cc2)C1', 'Clc1ccc(CNCCCN2CCCC2)cc1']
   210   -0.0515   -0.159 -0.051   0.050  0.201   1.934  0.001    99.2  100.0     0.654    2.3    100.0     2      2  0.247   1.11
   220   -0.0396   -0.142 -0.051   0.044  0.186   2.642  0.001   100.0   99.2     0.724    6.2    100.0     2      2  0.209   0.95
   230   -0.0337   -0.124 -0.051   0.040  0.164   3.882  0.001   100.0   93.8     0.608   11.7     83.3     2      2  0.189   0.85
   240    0.0817   -0.094 -0.051   0.032  0.118   5.682  0.026    99.2   79.5     0.535   29.7     66.7     3      3  0.165   0.88
   250    0.0188   -0.155 -0.054   0.055  0.211   1.805  0.130   100.0   99.2     0.764    2.3    100.0     4      3  0.175   0.81
   260   -0.1298   -0.169 -0.054   0.065  0.218   1.584  0.002    98.4  100.0     0.865    3.1     83.3     4      3  0.183   0.85
   270   -0.0925   -0.141 -0.054   0.065  0.207   2.189  0.001   100.0  100.0     0.758    5.5     91.7     6      4  0.185   0.70
   280   -0.1283   -0.064 -0.054   0.136  0.200   4.298  0.001   100.0   92.2     0.678   14.8    100.0     7      4  0.131   0.89
   290    0.3065    0.489 -0.054   0.747  0.258  16.364  0.058   100.0   22.7     0.724   85.2    100.0     8      4  0.076   1.01
   300   96.5921   -0.766  0.435   0.019  0.066  39.912  3.325    28.1   97.2     0.857    0.0     50.0    58     18  0.955   0.50
   310  138.4072   -0.425  0.435   0.037  0.142  16.450 20.000    68.0  100.0     0.874    0.0     83.3    58     18  0.794   0.85
   320  -62.7029   -0.150  0.435   0.047  0.197   3.930 20.000   100.0   99.2     0.835    0.0     91.7    58     18  0.610   1.10
   330  -39.3448   -0.147  0.435   0.044  0.191   3.784 20.000   100.0  100.0     0.742    0.0    100.0    58     18  0.582   1.04
   340  -32.6883   -0.157  0.435   0.053  0.209   3.261 20.000   100.0  100.0     0.828    0.0     66.7    58     18  0.542   1.01
   350  -33.3254   -0.169  0.378   0.055  0.209   2.571 20.000    98.4  100.0     0.786    0.0     91.7    58     18  0.561   0.88
   360  -28.7599   -0.161  0.378   0.059  0.221   2.207 20.000   100.0  100.0     0.891    0.0     75.0    58     18  0.576   0.97
   370  -27.6231   -0.166  0.378   0.061  0.227   2.356 13.333   100.0  100.0     0.891    0.0     91.7    59     19  0.508   1.10
   380  -15.8081   -0.167  0.378   0.056  0.216   2.450 13.333    99.2  100.0     0.811    0.0     83.3    59     19  0.566   0.98
   390  -24.5176   -0.166  0.378   0.062  0.228   2.366  5.926   100.0  100.0     0.875    0.0     91.7    59     19  0.471   0.91
   400  -13.4861   -0.164  0.325   0.059  0.223   2.646  5.926   100.0  100.0     0.859    0.0    100.0    59     19  0.507   1.05
      saved checkpoint @ step 400 | examples: ['O=C(NCCc1cccs1)c1ccccc1Br', 'Fc1ccc(-c2nnc(-c3ccccc3)o2)cc1', 'NCCCCNC(=O)c1cc(-c2ccco2)nc2ccccc12', 'CN(C)CCNC(=O)c1ccc(C#N)cc1', 'c1ccc(CCNc2nc(-c3ccccc3)nc3ccccc23)cc1']
   410   -8.2314   -0.166  0.325   0.062  0.229   2.627  5.926   100.0  100.0     0.852    0.0    100.0    59     19  0.472   1.01
   420   -7.3049   -0.179  0.325   0.068  0.239   2.210  5.926    99.2  100.0     0.866    0.0    100.0    59     19  0.454   1.02
   430   -9.2657   -0.166  0.325   0.061  0.227   2.452  2.634   100.0  100.0     0.852    0.0    100.0    59     19  0.459   1.07
   440   -5.1646   -0.165  0.325   0.058  0.215   2.603  2.634    99.2   99.2     0.817    0.0     83.3    59     19  0.456   0.95
   450   -3.3404   -0.165  0.277   0.060  0.225   2.571  2.634   100.0  100.0     0.914    0.0     91.7    59     19  0.429   0.77
   460   -3.0510   -0.168  0.277   0.067  0.235   2.127  2.634   100.0  100.0     0.859    0.0     75.0    59     19  0.383   1.06
   470   -3.6121   -0.168  0.277   0.069  0.236   2.561  1.171   100.0  100.0     0.875    0.0    100.0    59     19  0.394   1.09
   480   -2.3044   -0.168  0.277   0.068  0.236   2.390  1.171   100.0  100.0     0.859    0.0     91.7    59     19  0.398   1.02
   490   -1.5873   -0.166  0.277   0.066  0.232   2.249  1.171   100.0  100.0     0.875    0.0    100.0    59     19  0.355   0.95
   500   -1.8568   -0.172  0.234   0.067  0.239   2.037  0.780   100.0  100.0     0.906    0.0     91.7    59     19  0.369   1.00
   510   -1.4834   -0.159  0.234   0.076  0.235   2.230  0.520   100.0  100.0     0.836    0.8     91.7    59     19  0.337   1.05
   520   -0.9073   -0.177  0.234   0.067  0.237   2.154  0.520    99.2  100.0     0.921    0.0     91.7    59     19  0.328   1.19
   530   -0.8536   -0.164  0.234   0.061  0.225   2.002  0.347   100.0  100.0     0.820    0.0     83.3    59     19  0.292   1.03
   540   -1.0132   -0.172  0.234   0.074  0.246   1.887  0.103   100.0  100.0     0.891    0.0     91.7    59     19  0.262   1.04
   550   -0.7069   -0.183  0.195   0.068  0.235   1.982  0.046    98.4  100.0     0.817    0.0     91.7    59     19  0.310   1.01
   560   -0.4334   -0.164  0.195   0.063  0.219   2.307  0.030    99.2  100.0     0.866    0.8     91.7    59     19  0.350   1.04
   570   -0.2947   -0.173  0.195   0.070  0.242   1.947  0.009   100.0  100.0     0.859    0.0     91.7    59     19  0.253   1.00
   580   -0.1715   -0.176  0.195   0.074  0.234   2.124  0.006    98.4  100.0     0.857    0.8     83.3    60     20  0.302   0.98
   590   -0.0974   -0.169  0.195   0.072  0.241   2.156  0.004   100.0  100.0     0.859    0.0     83.3    61     21  0.302   0.98
   600   -0.0920   -0.169  0.160   0.059  0.220   2.266  0.003    99.2  100.0     0.858    0.0     83.3    61     21  0.242   0.99
      saved checkpoint @ step 600 | examples: ['Cc1ccc(S(=O)(=O)N2CCN(CCO)CC2)cc1', 'CC(=O)N1CCN(C(=O)c2ccccn2)CC1', 'O=C(NCCN1CCc2ccccc21)c1ccco1', 'CCc1ccc(NC(=O)Cn2cc(CN3CCN(c4ccc(F)cc4)CC3)nn2)cc1', 'COc1ccc(/C=C/C(=O)C(=O)c2ccc(Br)cc2)cc1']
   610   -0.0619   -0.152  0.160   0.066  0.219   2.594  0.003   100.0  100.0     0.867    0.8     91.7    62     21  0.266   1.10
   620   -0.0359   -0.153  0.160   0.068  0.221   2.421  0.003   100.0  100.0     0.852    0.8    100.0    62     21  0.241   1.05
   630   -0.0349   -0.140  0.160   0.077  0.216   2.476  0.003   100.0   98.4     0.841    2.3     83.3    65     21  0.237   0.91
   640   -0.0397   -0.121  0.160   0.097  0.217   2.828  0.003   100.0   98.4     0.841    4.7    100.0    67     22  0.224   1.01
   650   -0.1092   -0.051  0.129   0.176  0.228   3.415  0.003   100.0   89.8     0.757   12.5    100.0    71     22  0.219   1.03
   660   -0.1533    0.049  0.129   0.258  0.201   4.206  0.004    99.2   83.5     0.774   22.7    100.0    71     22  0.252   1.02
   670    0.6882    0.303  0.129   0.497  0.194   7.361  0.154   100.0   59.4     0.724   49.2    100.0    71     22  0.228   1.04
   680   64.0014   -0.345  0.129   0.054  0.188  10.164  8.889    78.9  100.0     0.891    0.0     83.3    71     22  0.413   0.96
   690   67.9466   -0.282  0.129   0.059  0.209   8.697 20.000    86.7  100.0     0.838    0.0     83.3    71     22  0.582   0.91
   700  -56.3983   -0.183  0.100   0.063  0.231   2.725  8.889    98.4  100.0     0.849    0.0     91.7    71     22  0.659   0.99
   710  -40.2693   -0.164  0.100   0.062  0.226   2.426  5.926   100.0  100.0     0.781    0.0     91.7    71     22  0.591   1.06
   720  -23.3931   -0.164  0.100   0.063  0.227   2.651  5.926   100.0  100.0     0.789    0.0     91.7    71     22  0.607   0.96
   730   -9.7919   -0.185  0.100   0.063  0.225   3.631  5.926    97.7  100.0     0.816    0.0    100.0    72     23  0.626   0.98
   740   -7.9316   -0.165  0.100   0.065  0.230   2.893  5.926   100.0  100.0     0.820    0.0     83.3    73     24  0.489   1.00
   750   -7.1500   -0.164  0.075   0.062  0.226   2.457  5.926   100.0  100.0     0.797    0.0     83.3    73     24  0.441   1.02
   760   -5.7553   -0.165  0.075   0.062  0.227   2.292  5.926   100.0  100.0     0.859    0.0     83.3    73     24  0.490   0.98
   770   -8.6662   -0.165  0.075   0.064  0.229   2.477  2.634   100.0  100.0     0.836    0.0     83.3    73     24  0.412   0.94
   780   -4.8657   -0.173  0.075   0.059  0.224   2.600  2.634    99.2  100.0     0.827    0.0    100.0    73     24  0.366   1.02
   790   -3.7416   -0.177  0.075   0.062  0.223   2.329  2.634    98.4  100.0     0.833    0.0     91.7    73     24  0.311   1.02
   800   -2.8311   -0.174  0.052   0.060  0.226   2.175  2.634    99.2  100.0     0.858    0.0     91.7    74     24  0.322   1.05
      saved checkpoint @ step 800 | examples: ['Cc1ccccc1C(=O)COC(=O)c1ccc(N2CCCC2)cc1', 'O=C(CNC(=O)c1ccco1)NCc1ccc(Cl)cc1', 'O=C(Nc1ccc(Cl)cc1)Nc1cccc(O)c1', 'Cc1cccc(CNC(=O)NS(=O)(=O)c2ccc(OCc3ccccc3)cc2)c1', 'O=C(Cn1cc(COc2cccc(Cl)c2)nn1)Nc1ccccc1C(=O)O']
   810   -1.7380   -0.173  0.052   0.075  0.248   2.228  2.634   100.0  100.0     0.891    0.0     66.7    74     24  0.321   0.95
   820   -5.3549   -0.180  0.052   0.079  0.244   1.708  0.780    98.4  100.0     0.857    0.8     91.7    75     25  0.310   1.00
   830   -3.8172   -0.167  0.052   0.066  0.234   2.339  0.231   100.0  100.0     0.844    0.0     83.3    75     25  0.302   1.06
   840   -2.0951   -0.152  0.052   0.063  0.215   3.156  0.231   100.0  100.0     0.773    0.8    100.0    76     25  0.280   1.00
   850   -1.2168   -0.168  0.032   0.055  0.215   3.253  0.231    99.2  100.0     0.803    0.0     75.0    76     25  0.262   0.98
   860   -0.6968   -0.160  0.032   0.062  0.222   3.370  0.231   100.0  100.0     0.758    0.0     91.7    76     25  0.301   1.03
   870   -0.4476   -0.163  0.032   0.063  0.226   3.120  0.231   100.0  100.0     0.805    0.0    100.0    76     25  0.251   0.98
   880   -0.3280   -0.163  0.032   0.062  0.225   2.820  0.231   100.0  100.0     0.805    0.0    100.0    77     25  0.256   0.99
   890   -0.2142   -0.175  0.032   0.072  0.247   2.634  0.231   100.0  100.0     0.906    0.0     83.3    77     25  0.267   0.98
   900   -0.1650   -0.171  0.013   0.074  0.237   2.541  0.231    99.2  100.0     0.898    0.8    100.0    79     26  0.270   0.93
   910   -0.2741   -0.171  0.013   0.068  0.238   2.310  0.154   100.0  100.0     0.906    0.0     75.0    79     26  0.256   0.98
   920   -0.2094   -0.160  0.013   0.074  0.234   2.070  0.154   100.0  100.0     0.820    0.8    100.0    80     26  0.279   1.00
   930   -0.2001   -0.170  0.013   0.069  0.239   2.007  0.103   100.0  100.0     0.914    0.0     83.3    80     26  0.273   1.10
   940   -0.2600   -0.172  0.013   0.076  0.248   1.936  0.014   100.0  100.0     0.859    0.0     83.3    80     26  0.259   1.10
   950   -0.1789   -0.172 -0.004   0.067  0.240   2.092  0.004   100.0  100.0     0.859    0.0    100.0    80     26  0.267   1.07
   960   -0.1065   -0.169 -0.004   0.067  0.237   2.168  0.002   100.0  100.0     0.820    0.0    100.0    80     26  0.252   1.08
   970   -0.0714   -0.155 -0.004   0.084  0.239   2.181  0.002   100.0  100.0     0.844    1.6    100.0    82     27  0.276   1.15
   980   -0.0349   -0.166 -0.004   0.083  0.240   2.206  0.002    99.2  100.0     0.898    1.6    100.0    83     27  0.231   0.86
   990   -0.0157   -0.162 -0.004   0.077  0.239   2.146  0.002   100.0  100.0     0.836    0.8    100.0    83     27  0.224   0.77
  1000   -0.0587   -0.118 -0.019   0.103  0.221   2.424  0.002   100.0   97.7     0.840    4.7    100.0    88     27  0.237   0.93
      saved checkpoint @ step 1000 | examples: ['Cc1ccc(S(=O)(=O)N(CCCCCCN2CCN(c3ccccc3)CC2)CC(=O)O)cc1', 'COC(=O)c1ccc(/C=C/C(=O)NCCCCCCS)cc1', 'O=C(Nc1ccc(OC(F)(F)F)cc1)c1cnc(N2CCCCC2)c(-c2cncnc2)c1', 'Cc1ccc(/C=C/C(=O)c2cccs2)cc1', 'COc1ccccc1CNc1ccc(CN2CCCCC2)cc1']
  1010   -0.1052   -0.036 -0.019   0.184  0.220   3.223  0.002   100.0   90.6     0.802   13.3    100.0    90     27  0.258   0.82
  1020   -0.1835    0.123 -0.019   0.330  0.207   5.180  0.006   100.0   75.0     0.677   29.7    100.0    92     27  0.269   0.98
  1030    1.4325    0.226 -0.019   0.426  0.193   6.239  0.347    99.2   65.4     0.723   40.6    100.0    92     27  0.235   1.04
  1040  110.7192   -0.245 -0.019   0.076  0.227   8.054 20.000    90.6  100.0     0.819    0.8     83.3   141     54  0.496   1.09
  1050   -4.9341   -0.239 -0.033   0.071  0.232   4.575 20.000    92.2  100.0     0.915    0.0    100.0   143     56  0.557   0.82
  1060  -45.0758   -0.189 -0.033   0.068  0.234   2.520 13.333    97.7  100.0     0.856    0.0     91.7   144     57  0.649   1.10
  1070  -29.9325   -0.163 -0.033   0.070  0.233   2.180 13.333   100.0  100.0     0.867    0.8     83.3   145     58  0.666   1.08
  1080  -16.7206   -0.172 -0.033   0.069  0.241   2.390 13.333   100.0  100.0     0.844    0.0    100.0   145     58  0.532   0.99
  1090  -13.8865   -0.173 -0.033   0.070  0.244   2.107 13.333   100.0  100.0     0.922    0.0    100.0   145     58  0.438   1.04
  1100  -24.9044   -0.173 -0.046   0.069  0.242   2.380  3.951   100.0  100.0     0.867    0.0     91.7   145     58  0.512   1.02
  1110  -13.2461   -0.167 -0.046   0.066  0.233   2.789  3.951   100.0  100.0     0.797    0.8    100.0   145     58  0.493   1.09
  1120   -8.3775   -0.168 -0.046   0.064  0.231   2.692  3.951   100.0  100.0     0.812    0.0    100.0   145     58  0.519   0.97
  1130   -6.3044   -0.164 -0.046   0.064  0.228   2.402  3.951   100.0  100.0     0.805    0.8     91.7   145     58  0.461   1.03
  1140   -3.4287   -0.172 -0.046   0.075  0.246   2.551  3.951   100.0  100.0     0.836    0.0     91.7   145     58  0.405   1.08
  1150   -7.0991   -0.167 -0.057   0.072  0.239   1.880  2.634   100.0  100.0     0.914    0.0     83.3   145     58  0.374   0.99
  1160   -3.7746   -0.173 -0.057   0.076  0.249   2.176  2.634   100.0  100.0     0.883    0.0     91.7   146     58  0.438   1.05
  1170   -2.4637   -0.171 -0.057   0.064  0.227   2.168  2.634    99.2  100.0     0.803    0.0     91.7   146     58  0.414   1.02
  1180   -3.7549   -0.178 -0.057   0.068  0.238   2.315  1.171    99.2  100.0     0.898    0.0     91.7   146     58  0.423   1.09
  1190   -2.2963   -0.167 -0.057   0.070  0.237   2.281  1.171   100.0  100.0     0.859    1.6     83.3   146     58  0.405   1.07
  1200   -1.2978   -0.180 -0.067   0.076  0.248   2.343  1.171    99.2  100.0     0.913    1.6     83.3   146     58  0.371   0.95
      saved checkpoint @ step 1200 | examples: ['CCC(C)NCC(O)COc1ccc(N)cc1OC', 'Cc1ccc(S(=O)(=O)N2CCC(C(=O)Nc3cccc4ccccc34)CC2)cc1', 'O=C(O)CCN[C@H](Cc1ccccc1)C(=O)O', 'CCCCc1ccc(S(=O)(=O)N(C)Cc2cccnc2)cc1', 'N#Cc1cccc(S(=O)(=O)NCc2ccc(S(=O)(=O)N3CCOCC3)cc2)c1']
  1210   -1.9091   -0.168 -0.067   0.073  0.241   2.389  0.520   100.0  100.0     0.859    0.8     75.0   146     58  0.397   0.84
  1220   -1.0861   -0.176 -0.067   0.064  0.233   2.477  0.520    99.2  100.0     0.858    0.8    100.0   147     59  0.389   0.78
  1230   -0.7396   -0.178 -0.067   0.071  0.242   2.256  0.520    99.2  100.0     0.850    0.0     91.7   147     59  0.339   1.04
  1240   -0.5214   -0.171 -0.067   0.069  0.240   2.102  0.520   100.0  100.0     0.859    0.8     83.3   147     59  0.368   1.06
  1250   -1.0860   -0.176 -0.077   0.071  0.239   1.909  0.069    99.2  100.0     0.874    1.6     91.7   147     59  0.314   0.97
  1260   -0.7129   -0.168 -0.077   0.069  0.237   1.949  0.014   100.0  100.0     0.891    0.8     91.7   147     59  0.355   0.99
  1270   -0.4112   -0.177 -0.077   0.067  0.235   2.073  0.009    99.2  100.0     0.858    0.8    100.0   147     59  0.334   0.98
  1280   -0.2344   -0.169 -0.077   0.065  0.233   2.296  0.009   100.0  100.0     0.812    1.6    100.0   147     59  0.361   1.00
  1290   -0.1345   -0.170 -0.077   0.067  0.237   2.231  0.009   100.0  100.0     0.867    0.8    100.0   147     59  0.281   0.94
  1300   -0.0901   -0.166 -0.085   0.067  0.233   2.289  0.006   100.0  100.0     0.852    1.6    100.0   149     60  0.305   1.01
  1310   -0.0515   -0.162 -0.085   0.073  0.235   2.447  0.006   100.0  100.0     0.844    3.1     91.7   149     60  0.311   1.00
  1320   -0.0215   -0.165 -0.085   0.064  0.228   2.493  0.006   100.0  100.0     0.844    3.9     91.7   149     60  0.337   1.00
  1330   -0.0091   -0.165 -0.085   0.067  0.232   2.412  0.006   100.0  100.0     0.859    3.1     83.3   150     61  0.291   0.98
  1340    0.0093   -0.176 -0.085   0.067  0.235   2.438  0.006    99.2  100.0     0.921    0.8    100.0   150     61  0.279   0.97
  1350   -0.0063   -0.161 -0.091   0.068  0.229   2.189  0.006   100.0  100.0     0.891    7.0    100.0   151     62  0.296   0.88
  1360   -0.0009   -0.160 -0.091   0.063  0.223   2.471  0.006   100.0  100.0     0.797    2.3     91.7   151     62  0.283   0.74
  1370    0.0078   -0.165 -0.091   0.064  0.229   2.380  0.006   100.0  100.0     0.828    3.1    100.0   153     63  0.285   0.83
  1380    0.0030   -0.157 -0.091   0.054  0.211   2.494  0.006   100.0  100.0     0.844    7.0    100.0   153     63  0.265   1.06
  1390   -0.0010   -0.150 -0.091   0.067  0.216   2.455  0.006   100.0  100.0     0.812    5.5     83.3   154     63  0.285   0.98
  1400    0.0069   -0.160 -0.097   0.057  0.217   2.737  0.006   100.0  100.0     0.781    5.5     91.7   155     63  0.271   0.94
      saved checkpoint @ step 1400 | examples: ['CCCCCCCCC(c1ccccc1)c1ccc(O)cc1', 'CN(C)CCCNC(=O)/C=C/c1ccccc1', 'Cn1cc(Cc2ccccc2)cn1', 'NC(=O)CCn1ccc(CC2CCCCC2)n1', 'Cc1nc(C)c(C(=O)O)nc1C']
  1410    0.0037   -0.152 -0.097   0.064  0.216   2.808  0.006   100.0   99.2     0.756    6.2    100.0   156     63  0.271   0.91
  1420   -0.0144   -0.128 -0.097   0.089  0.210   3.057  0.006    99.2   96.9     0.797   11.7    100.0   158     64  0.277   0.93
  1430   -0.0177   -0.107 -0.097   0.100  0.200   3.206  0.006    99.2   94.5     0.833   18.8     91.7   159     64  0.276   1.01
  1440   -0.1191    0.026 -0.097   0.229  0.203   4.273  0.006   100.0   83.6     0.841   24.2    100.0   162     64  0.280   0.98
  1450    0.8661    0.152 -0.098   0.345  0.192   5.435  0.231   100.0   71.9     0.696   40.6    100.0   162     64  0.262   0.95
  1460  113.0385   -0.303 -0.098   0.067  0.198  12.105 13.333    82.8  100.0     0.858    4.7    100.0   203     91  0.387   0.87
  1470    4.0467   -0.229 -0.098   0.074  0.233   5.425 20.000    93.0  100.0     0.908    4.7    100.0   204     92  0.480   0.93
  1480  -61.0048   -0.184 -0.098   0.078  0.254   1.994 13.333    99.2  100.0     0.850    0.8     83.3   205     93  0.539   1.02
  1490  -29.1047   -0.172 -0.098   0.063  0.228   2.708 13.333    99.2  100.0     0.858    1.6    100.0   205     93  0.595   1.09
  1500  -13.8710   -0.180 -0.104   0.061  0.225   3.004 13.333    98.4  100.0     0.881    4.7     83.3   205     93  0.543   1.09
  1510  -13.2654   -0.177 -0.104   0.069  0.238   2.470 13.333    99.2  100.0     0.835    3.9    100.0   205     93  0.658   0.99
  1520  -20.6191   -0.172 -0.104   0.067  0.239   2.132  8.889   100.0  100.0     0.844    2.3     91.7   205     93  0.577   1.00
  1530   -7.0516   -0.175 -0.104   0.064  0.232   2.891  8.889    99.2  100.0     0.811    3.1    100.0   205     93  0.486   1.07
  1540   -8.3091   -0.174 -0.104   0.071  0.245   2.186  8.889   100.0  100.0     0.859    3.1     83.3   205     93  0.525   1.06
  1550   -7.2861   -0.185 -0.110   0.069  0.238   2.672  5.926    98.4  100.0     0.897    4.7    100.0   205     93  0.495   1.02
  1560   -4.8839   -0.181 -0.110   0.075  0.248   2.403  5.926    99.2  100.0     0.882    5.5    100.0   205     93  0.491   1.02
  1570   -6.0283   -0.178 -0.110   0.077  0.247   2.378  3.951    99.2  100.0     0.882    4.7    100.0   205     93  0.473   1.06
  1580   -4.1598   -0.172 -0.110   0.071  0.244   2.232  3.951   100.0   99.2     0.906    3.9     91.7   205     93  0.492   1.03
  1590   -3.1151   -0.173 -0.110   0.075  0.247   2.120  3.951   100.0  100.0     0.914    5.5    100.0   205     93  0.487   1.00
  1600   -6.0548   -0.172 -0.115   0.071  0.244   2.020  1.756   100.0  100.0     0.891    7.0    100.0   205     93  0.451   0.96
      saved checkpoint @ step 1600 | examples: ['O=C(Nc1nc(-c2ccc(OCC3CC3)cc2)cs1)c1ccccn1', 'COc1ccc(CCNC(=O)COC(=O)c2cc(C(C)C)c(O)cc2O)cc1', 'Cc1ccc(S(=O)(=O)N2CCN(Cc3ccco3)CC2)cc1', 'COc1ccccc1NC(=O)c1cccc(S(=O)(=O)NCCn2cccn2)c1', 'O=C(NCCN1CCCC1)C1CCN(S(=O)(=O)c2ccccc2)CC1']
  1610   -3.9786   -0.166 -0.115   0.067  0.234   2.469  1.171   100.0  100.0     0.773    7.8    100.0   205     93  0.438   0.96
  1620   -2.1337   -0.173 -0.115   0.068  0.241   2.702  1.171   100.0  100.0     0.875    2.3     83.3   205     93  0.412   0.94
  1630   -1.5912   -0.175 -0.115   0.066  0.233   2.358  1.171    99.2  100.0     0.803    5.5    100.0   205     93  0.457   0.96
  1640   -1.9835   -0.172 -0.115   0.071  0.234   2.141  0.780    99.2  100.0     0.850   10.9    100.0   205     93  0.395   1.07
  1650   -1.5699   -0.167 -0.119   0.061  0.228   2.250  0.520   100.0  100.0     0.805    7.8    100.0   205     93  0.363   1.02
  1660   -0.8077   -0.185 -0.119   0.070  0.239   2.483  0.520    98.4  100.0     0.849    8.6    100.0   205     93  0.398   1.13
  1670   -0.8116   -0.183 -0.119   0.074  0.241   2.271  0.347    98.4  100.0     0.873    8.6     91.7   205     93  0.432   0.81
  1680   -0.5395   -0.172 -0.119   0.078  0.250   2.118  0.347   100.0  100.0     0.844    5.5     91.7   205     93  0.406   0.90
  1690   -0.6159   -0.181 -0.119   0.076  0.249   1.905  0.231    99.2  100.0     0.945    7.0    100.0   206     94  0.403   0.81
  1700   -0.6499   -0.175 -0.123   0.067  0.234   1.997  0.046    99.2  100.0     0.866    9.4    100.0   206     94  0.416   0.94
  1710   -0.4052   -0.181 -0.123   0.071  0.236   2.265  0.020    98.4  100.0     0.865    9.4    100.0   206     94  0.389   0.90
  1720   -0.2362   -0.173 -0.123   0.061  0.226   2.074  0.020    99.2  100.0     0.890    6.2     91.7   206     94  0.371   0.82
  1730   -0.1505   -0.173 -0.123   0.073  0.246   2.408  0.004   100.0  100.0     0.805    5.5    100.0   206     94  0.373   1.19
  1740   -0.0862   -0.172 -0.123   0.061  0.226   2.260  0.002    99.2  100.0     0.843   11.7     91.7   206     94  0.375   1.18
  1750   -0.0496   -0.168 -0.127   0.069  0.237   2.399  0.002   100.0  100.0     0.820   12.5     83.3   206     94  0.353   1.07
  1760   -0.0238   -0.168 -0.127   0.070  0.238   2.157  0.001   100.0  100.0     0.844   13.3    100.0   207     94  0.320   1.02
  1770   -0.0021   -0.167 -0.127   0.062  0.229   2.262  0.001   100.0  100.0     0.883   12.5    100.0   207     94  0.422   1.03
  1780   -0.0045   -0.159 -0.127   0.070  0.229   2.315  0.001   100.0  100.0     0.883   14.8     91.7   207     94  0.352   1.12
  1790    0.0162   -0.173 -0.127   0.064  0.229   2.121  0.001    99.2   99.2     0.833   13.3     83.3   207     94  0.366   0.76
  1800    0.0094   -0.166 -0.129   0.065  0.231   2.387  0.001   100.0  100.0     0.773   17.2     91.7   208     94  0.304   0.79
      saved checkpoint @ step 1800 | examples: ['O=C(Nc1ccncc1)N1CCCCC1C1CCCCC1', 'COc1ccc(-c2csc(N)n2)cc1', 'NC(=O)n1ccc2ccccc21', 'CCCCCCNC(=S)N/N=C/c1ccc(F)cc1', 'CC(=O)Nc1cccc(NC(=S)NC(=O)c2ccccc2)c1']
  1810    0.0091   -0.158 -0.129   0.077  0.227   2.416  0.001    99.2  100.0     0.835   13.3    100.0   208     94  0.366   0.78
  1820    0.0015   -0.147 -0.129   0.076  0.223   2.390  0.001   100.0  100.0     0.789   15.6     91.7   209     95  0.328   0.82
  1830   -0.0096   -0.129 -0.129   0.093  0.222   2.524  0.001   100.0   99.2     0.850   18.8    100.0   211     97  0.321   0.71
  1840   -0.1081   -0.012 -0.129   0.199  0.211   3.611  0.001   100.0   85.9     0.791   28.9    100.0   213     98  0.317   0.69
  1850   -0.1214    0.145 -0.128   0.344  0.199   5.827  0.014   100.0   71.9     0.696   46.9    100.0   214     99  0.322   0.78
  1860    2.8061    0.131 -0.128   0.340  0.209   5.290  0.780   100.0   75.0     0.750   41.4    100.0   216     99  0.266   0.73
  1870  111.9999   -0.275 -0.128   0.063  0.213   9.130 20.000    87.5  100.0     0.875   11.7    100.0   243    121  0.484   0.73
  1880    3.6796   -0.229 -0.128   0.072  0.231   5.646 20.000    93.0  100.0     0.874   11.7     83.3   244    122  0.723   0.82
  1890  -33.8743   -0.184 -0.128   0.070  0.238   2.640 20.000    98.4  100.0     0.913   11.7    100.0   244    122  0.584   0.98
  1900  -33.9657   -0.171 -0.131   0.073  0.243   2.437 13.333   100.0  100.0     0.836   12.5     91.7   244    122  0.829   0.79
  1910  -24.5647   -0.178 -0.131   0.066  0.237   2.350 13.333    99.2  100.0     0.913    7.8     75.0   244    122  0.677   0.71
  1920  -10.9420   -0.174 -0.131   0.066  0.233   2.845 13.333    99.2  100.0     0.850   11.7     83.3   244    122  0.548   0.83
  1930  -16.4127   -0.166 -0.131   0.073  0.239   2.532  8.889   100.0  100.0     0.891   15.6     83.3   244    122  0.707   0.81
  1940  -10.6777   -0.166 -0.131   0.065  0.231   2.447  8.889   100.0  100.0     0.789   15.6    100.0   244    122  0.705   0.78
  1950   -9.2902   -0.172 -0.134   0.065  0.230   2.136  8.889    99.2  100.0     0.850   15.6     91.7   244    122  0.576   0.72
  1960   -9.1688   -0.172 -0.134   0.071  0.243   2.272  5.926   100.0  100.0     0.914   10.9     83.3   244    122  0.639   0.74
  1970  -11.7943   -0.174 -0.134   0.071  0.238   1.996  3.951    99.2  100.0     0.890   14.8     91.7   244    122  0.610   0.79
  1980   -6.2364   -0.169 -0.134   0.065  0.234   2.302  3.951   100.0  100.0     0.898   11.7    100.0   244    122  0.538   0.72
  1990   -3.4472   -0.167 -0.134   0.062  0.229   2.404  3.951   100.0  100.0     0.859   13.3     75.0   244    122  0.514   0.73
  2000   -3.3883   -0.171 -0.136   0.078  0.249   2.017  3.951   100.0  100.0     0.891   12.5     83.3   244    122  0.443   0.77
      saved checkpoint @ step 2000 | examples: ['CN(C)CCNc1nc2ccc(C(=O)NCCc3c[nH]c4ccccc34)cc2s1', 'O=C(O)c1ccc(-n2cccn2)cc1', 'COc1ccc(CCN)cc1OC', 'O=C(Nc1ccc2c(c1)OCO2)C1CCC(CNS(=O)(=O)c2cccs2)CC1', 'COc1ccc(C(=O)Nc2ccc(N3CCCCC3)cc2)cc1']
  2010   -6.7906   -0.173 -0.136   0.074  0.247   2.212  1.171   100.0  100.0     0.875   10.9    100.0   244    122  0.461   0.74
  2020   -4.2899   -0.173 -0.136   0.075  0.247   2.619  0.780   100.0  100.0     0.891   10.2     91.7   244    122  0.537   0.80
  2030   -2.6625   -0.168 -0.136   0.068  0.236   2.517  0.780   100.0  100.0     0.859   14.8     83.3   245    122  0.420   0.77
  2040   -1.5602   -0.170 -0.136   0.070  0.240   2.567  0.780   100.0  100.0     0.828   11.7    100.0   245    122  0.469   0.73
  2050   -1.0762   -0.164 -0.138   0.063  0.227   2.415  0.780   100.0  100.0     0.844   21.9    100.0   245    122  0.444   0.69
  2060   -0.7872   -0.170 -0.138   0.069  0.239   2.218  0.780   100.0  100.0     0.836   17.2     91.7   246    123  0.427   0.81
  2070   -0.8880   -0.167 -0.138   0.069  0.236   2.242  0.520   100.0  100.0     0.820   21.1    100.0   246    123  0.450   0.78
  2080   -1.1607   -0.172 -0.138   0.074  0.246   2.232  0.154   100.0  100.0     0.883   18.8    100.0   246    123  0.419   0.78
  2090   -0.6625   -0.170 -0.138   0.064  0.234   2.269  0.154   100.0  100.0     0.867   13.3     91.7   246    123  0.437   0.77
  2100   -0.4130   -0.171 -0.141   0.072  0.242   2.131  0.154   100.0  100.0     0.844   21.9     83.3   246    123  0.397   0.83
  2110   -0.2677   -0.177 -0.141   0.069  0.238   2.455  0.103    99.2  100.0     0.898   15.6     91.7   246    123  0.374   0.71
  2120   -0.1757   -0.183 -0.141   0.068  0.236   2.083  0.103    98.4  100.0     0.794   15.6    100.0   246    123  0.387   0.84
  2130   -0.1340   -0.179 -0.141   0.071  0.242   2.377  0.069    99.2  100.0     0.890   12.5     91.7   246    123  0.398   0.77
  2140   -0.1820   -0.171 -0.141   0.075  0.246   1.945  0.014   100.0  100.0     0.828   16.4     75.0   246    123  0.433   0.84
  2150   -0.1105   -0.169 -0.143   0.069  0.238   2.191  0.009   100.0  100.0     0.898   15.6     83.3   246    123  0.399   0.80
  2160   -0.0577   -0.182 -0.143   0.072  0.238   2.208  0.004    98.4  100.0     0.873   18.0     91.7   246    123  0.360   0.76
  2170   -0.0374   -0.170 -0.143   0.066  0.236   1.962  0.002   100.0  100.0     0.820   18.8     83.3   246    123  0.379   0.76
  2180   -0.0162   -0.169 -0.143   0.069  0.239   2.130  0.002   100.0  100.0     0.883   16.4     83.3   246    123  0.370   0.71
  2190   -0.0012   -0.172 -0.143   0.062  0.225   2.273  0.002    99.2  100.0     0.819   24.2    100.0   247    124  0.385   0.75
  2200    0.0033   -0.171 -0.144   0.070  0.241   1.962  0.001   100.0  100.0     0.836   14.8     91.7   247    124  0.349   0.81
      saved checkpoint @ step 2200 | examples: ['O=C(CSCc1cccc(F)c1)N1CCCC1', 'O=C(CNc1cc(Cl)cc(Cl)c1)N(CCO)Cc1ccccc1', 'O=C(CNC(=O)c1ccccc1O)Nc1ccc(Br)cn1', 'CCN(CC)C(=O)CSCC(NC(=O)c1ccccc1)c1ccccc1', 'CCCC(CC)OC(=O)c1cc(OC)c(OC)c(OC)c1']
  2210    0.0067   -0.168 -0.144   0.070  0.238   2.245  0.001   100.0   99.2     0.835   18.0     83.3   247    124  0.356   0.76
  2220    0.0039   -0.161 -0.144   0.077  0.238   2.311  0.001   100.0  100.0     0.812   22.7    100.0   248    125  0.364   0.76
  2230    0.0124   -0.165 -0.144   0.063  0.228   2.074  0.001   100.0  100.0     0.789   24.2     91.7   249    125  0.359   0.73
  2240    0.0159   -0.166 -0.144   0.067  0.232   2.335  0.001   100.0  100.0     0.820   19.5    100.0   249    125  0.381   0.80
  2250    0.0135   -0.163 -0.145   0.057  0.220   2.222  0.001   100.0  100.0     0.883   24.2     83.3   249    125  0.362   0.79
  2260    0.0156   -0.166 -0.145   0.062  0.228   2.417  0.001   100.0  100.0     0.883   21.1    100.0   249    125  0.309   0.76
  2270    0.0206   -0.168 -0.145   0.068  0.236   2.346  0.001   100.0  100.0     0.844   21.1    100.0   250    125  0.335   0.73
  2280   -0.0045   -0.141 -0.145   0.065  0.206   2.669  0.001   100.0   99.2     0.764   39.1     91.7   251    126  0.322   0.75
  2290   -0.0250   -0.113 -0.145   0.097  0.210   2.890  0.001   100.0   97.7     0.720   31.2    100.0   253    127  0.348   0.74
  2300   -0.0594   -0.064 -0.144   0.151  0.215   3.210  0.001   100.0   93.0     0.824   32.8    100.0   253    127  0.356   0.68
  2310   -0.1673    0.140 -0.144   0.357  0.216   6.028  0.008   100.0   73.4     0.777   49.2    100.0   255    128  0.305   0.72
  2320    2.2334    0.202 -0.144   0.397  0.188   6.828  0.438    99.2   66.1     0.738   57.0    100.0   260    131  0.371   0.70
  2330   70.0782   -0.222 -0.144   0.067  0.219   5.371 20.000    93.0  100.0     0.824   18.0     91.7   260    131  0.424   0.73
  2340   -8.0052   -0.189 -0.144   0.070  0.236   2.970 20.000    97.7  100.0     0.928   21.1     91.7   263    134  0.438   0.67
  2350   -3.6285   -0.193 -0.146   0.077  0.246   3.194 20.000    97.7  100.0     0.904   17.2     83.3   263    134  0.605   0.70
  2360  -27.7182   -0.177 -0.146   0.072  0.242   2.613  8.889    99.2  100.0     0.858   19.5     83.3   263    134  0.544   0.71
  2370  -15.9891   -0.161 -0.146   0.062  0.223   2.665  8.889   100.0  100.0     0.859   25.0     83.3   263    134  0.522   0.73
  2380  -11.6133   -0.173 -0.146   0.071  0.236   2.459  8.889    99.2  100.0     0.835   25.8    100.0   263    134  0.490   0.68
  2390   -2.5563   -0.173 -0.146   0.070  0.235   3.079  8.889    99.2  100.0     0.850   26.6     83.3   263    134  0.491   0.87
  2400  -12.7820   -0.173 -0.147   0.073  0.246   2.164  5.926   100.0  100.0     0.930   18.8    100.0   263    134  0.497   0.72
      saved checkpoint @ step 2400 | examples: ['CCOc1ccccc1N1CCN(CCCNC(=O)c2ccc(O)cc2O)CC1', 'O=C(O)c1ccc(Nc2nccc(-c3ccc(OC(F)(F)F)cc3)n2)cc1', 'c1ccc(C23CC4CC(CC(C4)C2)C3)cc1', 'CC(C)CC(=O)N[C@H](CO)C(=O)O', 'Fc1ccc(Cn2c3ccccc3c3ccccc32)cc1']
  2410   -6.1933   -0.178 -0.147   0.074  0.243   2.468  5.926    99.2  100.0     0.866   20.3    100.0   263    134  0.488   0.72
  2420   -5.4929   -0.172 -0.147   0.072  0.244   2.162  5.926   100.0  100.0     0.867   18.8     91.7   263    134  0.469   0.76
  2430  -11.0378   -0.189 -0.147   0.070  0.243   1.994  2.634    98.4  100.0     0.937   15.6     91.7   263    134  0.470   0.69
  2440   -6.5260   -0.170 -0.147   0.071  0.241   2.141  2.634   100.0  100.0     0.891   22.7     91.7   263    134  0.446   0.68
  2450   -3.7243   -0.172 -0.149   0.072  0.244   2.284  2.634   100.0  100.0     0.891   20.3     91.7   263    134  0.422   0.70
  2460   -2.2974   -0.174 -0.149   0.074  0.247   2.320  2.634   100.0  100.0     0.906   18.8    100.0   263    134  0.387   0.69
  2470   -4.0246   -0.168 -0.149   0.072  0.240   2.354  1.171   100.0  100.0     0.805   23.4     91.7   263    134  0.466   0.73
  2480   -2.6349   -0.167 -0.149   0.064  0.231   2.180  1.171   100.0  100.0     0.844   25.0     91.7   263    134  0.467   0.74
  2490   -1.5536   -0.160 -0.149   0.059  0.219   2.339  1.171   100.0  100.0     0.781   32.8     91.7   263    134  0.454   0.70
  2500   -1.1927   -0.172 -0.150   0.071  0.243   2.078  1.171   100.0  100.0     0.906   22.7    100.0   263    134  0.386   0.77
  2510   -1.2783   -0.182 -0.150   0.068  0.235   2.086  0.780    98.4  100.0     0.865   25.8     91.7   263    134  0.429   0.72
  2520   -1.6565   -0.167 -0.150   0.070  0.238   2.191  0.231   100.0  100.0     0.891   26.6    100.0   263    134  0.397   0.74
  2530   -0.9086   -0.170 -0.150   0.068  0.238   2.462  0.231   100.0  100.0     0.867   25.0    100.0   263    134  0.388   0.67
  2540   -0.5290   -0.168 -0.150   0.067  0.235   2.475  0.231   100.0  100.0     0.922   25.0    100.0   263    134  0.354   0.72
  2550   -0.3284   -0.167 -0.150   0.065  0.232   2.360  0.231   100.0  100.0     0.852   24.2     91.7   263    134  0.470   0.74
  2560   -0.2308   -0.164 -0.150   0.064  0.229   2.178  0.231   100.0  100.0     0.859   28.9     91.7   263    134  0.400   0.75
  2570   -0.3317   -0.173 -0.150   0.076  0.249   1.949  0.154   100.0  100.0     0.875   20.3    100.0   264    135  0.396   0.69
  2580   -0.3731   -0.191 -0.150   0.075  0.243   2.298  0.020    97.7  100.0     0.912   18.8     91.7   265    135  0.374   0.81
  2590   -0.2459   -0.173 -0.150   0.070  0.242   2.140  0.004   100.0  100.0     0.922   16.4    100.0   265    135  0.387   0.72
  2600   -0.1423   -0.173 -0.151   0.074  0.247   2.040  0.001   100.0  100.0     0.914   21.9     91.7   265    135  0.411   0.70
      saved checkpoint @ step 2600 | examples: ['CCOC(=O)c1ccc(CNC(=O)NCC2CCN(c3ccccc3)CC2)cc1', 'CC(=O)Nc1ccc2snnc2c1', 'CC(C)CC(N)/C(=N\\c1ccccc1)c1cc[n+]([O-])cc1', 'CN1CCN(CCOc2ccc3ccccc3c2)CC1', 'CC(NNC(=O)COc1cccc2ccccc12)c1ccccc1']
  2610   -0.0844   -0.167 -0.151   0.074  0.240   2.225  0.001   100.0  100.0     0.922   21.1     91.7   265    135  0.350   0.72
  2620   -0.0340   -0.178 -0.151   0.074  0.244   1.986  0.001    99.2  100.0     0.937   22.7     83.3   265    135  0.366   0.72
  2630   -0.0116   -0.179 -0.151   0.068  0.240   1.966  0.001    99.2  100.0     0.929   20.3     91.7   265    135  0.351   0.78
  2640   -0.0103   -0.170 -0.151   0.081  0.243   2.074  0.001    99.2  100.0     0.835   22.7     91.7   265    135  0.339   0.71
  2650    0.0049   -0.171 -0.152   0.070  0.241   2.423  0.001   100.0  100.0     0.914   24.2     91.7   266    136  0.362   0.77
  2660   -0.0052   -0.156 -0.152   0.070  0.226   2.448  0.001   100.0  100.0     0.828   29.7    100.0   268    136  0.337   0.76
  2670    0.0179   -0.181 -0.152   0.073  0.230   2.632  0.001    97.7  100.0     0.840   29.7     83.3   268    136  0.306   0.78
  2680    0.0137   -0.165 -0.152   0.065  0.230   2.319  0.001   100.0  100.0     0.875   28.1     83.3   269    136  0.322   0.69
  2690    0.0139   -0.163 -0.152   0.065  0.220   2.521  0.001    99.2   99.2     0.841   34.4    100.0   270    137  0.300   0.70
  2700    0.0017   -0.143 -0.150   0.088  0.231   3.008  0.001   100.0  100.0     0.812   21.9     83.3   270    137  0.290   0.84
  2710   -0.0776   -0.045 -0.150   0.171  0.215   3.643  0.001   100.0   91.4     0.786   46.1    100.0   271    137  0.304   0.70
  2720   -0.1488    0.106 -0.150   0.324  0.210   5.452  0.005    99.2   77.2     0.765   52.3    100.0   271    137  0.329   0.69
  2730    1.2455    0.123 -0.150   0.341  0.203   5.665  0.292    98.4   73.0     0.750   57.0    100.0   273    138  0.329   0.68
  2740  125.0761   -0.275 -0.150   0.079  0.214  10.446 16.834    85.9  100.0     0.891   16.4    100.0   302    152  0.426   0.71
  2750   11.7772   -0.223 -0.150   0.061  0.213   5.954 20.000    93.0  100.0     0.849   28.9     58.3   302    152  0.580   0.74
  2760  -49.8926   -0.168 -0.150   0.070  0.237   2.133 20.000   100.0  100.0     0.898   25.0     75.0   302    152  0.751   0.76
  2770  -31.0060   -0.173 -0.150   0.070  0.243   2.471 20.000   100.0  100.0     0.844   18.0     91.7   302    152  0.700   0.70
  2780  -26.6095   -0.163 -0.150   0.057  0.220   2.252 20.000   100.0  100.0     0.875   32.0    100.0   302    152  0.728   0.65
  2790  -12.7195   -0.193 -0.150   0.067  0.236   2.663 20.000    97.7  100.0     0.888   21.1    100.0   302    152  0.830   0.73
  2800  -11.6503   -0.175 -0.151   0.072  0.239   3.269 13.333    99.2  100.0     0.850   28.1     75.0   302    152  0.891   0.84
      saved checkpoint @ step 2800 | examples: ['Cn1nnnc1SCc1cc(F)ccc1F', 'COc1cc2c(cc1OC)CN(C(=O)c1ccc(-c3ccc(Cl)cc3)cc1)CC2', 'COc1ccccc1C1CC(c2ccccc2)=NN1C(=O)c1cccc(Br)c1', 'O=C(CO)Nc1nc(-c2cccnc2)ns1', 'OCCOc1cccc(CN2CCC(Nc3ccc4ncsc4c3)CC2)c1']
  2810  -15.9258   -0.170 -0.151   0.067  0.237   2.319 13.333   100.0  100.0     0.883   21.9     91.7   302    152  0.783   0.69
  2820  -16.3530   -0.164 -0.151   0.065  0.229   2.448  8.889   100.0  100.0     0.805   32.8    100.0   302    152  0.861   0.73
  2830   -2.7109   -0.188 -0.151   0.075  0.248   2.758 13.333    98.4  100.0     0.921   14.8     91.7   302    152  0.763   0.77
  2840  -17.8512   -0.172 -0.151   0.073  0.245   2.024  8.889   100.0  100.0     0.891   21.9     91.7   302    152  1.024   0.78
  2850  -13.9491   -0.177 -0.152   0.067  0.237   2.291  5.926    99.2  100.0     0.850   24.2    100.0   302    152  0.773   0.71
  2860   -8.4041   -0.168 -0.152   0.077  0.245   2.360  5.926   100.0  100.0     0.852   25.8     83.3   302    152  0.638   0.72
  2870   -5.6461   -0.169 -0.152   0.072  0.241   2.316  5.926   100.0  100.0     0.914   23.4    100.0   302    152  0.879   0.70
  2880   -7.3436   -0.166 -0.152   0.066  0.232   2.299  3.951   100.0  100.0     0.867   28.1     91.7   302    152  0.629   0.70
  2890   -2.0130   -0.178 -0.152   0.073  0.244   2.202  5.926    99.2  100.0     0.850   21.1     91.7   302    152  0.611   0.69
  2900   -5.9669   -0.180 -0.153   0.073  0.245   2.026  3.951    99.2  100.0     0.827   19.5     91.7   302    152  0.507   0.67
  2910   -6.1915   -0.184 -0.153   0.084  0.260   2.692  1.756    99.2  100.0     0.890   14.8     75.0   302    152  0.614   0.72
  2920   -3.9046   -0.169 -0.153   0.065  0.233   2.600  1.756   100.0  100.0     0.859   26.6    100.0   302    152  0.508   0.69
  2930   -2.5174   -0.169 -0.153   0.073  0.242   2.485  1.756   100.0  100.0     0.852   26.6     83.3   302    152  0.491   0.70
  2940   -2.0686   -0.169 -0.153   0.084  0.253   2.156  1.756   100.0  100.0     0.891   23.4    100.0   302    152  0.532   0.72
  2950   -2.6452   -0.181 -0.154   0.072  0.245   2.068  1.171    99.2  100.0     0.890   22.7    100.0   302    152  0.460   0.66
  2960   -2.1868   -0.175 -0.154   0.068  0.235   2.154  0.780    99.2  100.0     0.827   28.9    100.0   302    152  0.501   0.72
  2970   -1.1059   -0.174 -0.154   0.067  0.234   2.442  0.780    99.2  100.0     0.835   28.1    100.0   302    152  0.439   0.72
  2980   -0.8155   -0.169 -0.154   0.068  0.237   2.182  0.780   100.0  100.0     0.852   28.9     91.7   302    152  0.399   0.74
  2990   -0.9994   -0.189 -0.154   0.069  0.235   2.145  0.520    97.7  100.0     0.904   26.6    100.0   302    152  0.542   0.67
  3000   -0.8907   -0.177 -0.155   0.069  0.239   2.039  0.347    99.2   99.2     0.841   25.8     91.7   302    152  0.428   0.75
      saved checkpoint @ step 3000 | examples: ['CN(C)S(=O)(=O)NCCc1ccc(N)cc1', 'CCSc1nnc(N2CCOCC2)nc1C', 'c1ccc(CN2CCC(CNCCNC3CC3)CC2)cc1', 'Cc1cc(C)nc(NC(=N)Nc2ccc(Oc3ccccc3)cc2)n1', 'O=C(N/N=C/c1ccc[nH]1)c1cc(O)ccc1O']
  3010   -0.7035   -0.169 -0.155   0.070  0.238   2.156  0.231   100.0  100.0     0.844   26.6     91.7   303    152  0.426   0.69
  3020   -0.4495   -0.186 -0.155   0.073  0.243   2.802  0.154    98.4  100.0     0.825   25.8     91.7   303    152  0.407   0.85
  3030   -0.5396   -0.175 -0.155   0.074  0.249   1.857  0.030   100.0  100.0     0.922   19.5     91.7   303    152  0.418   0.77
  3040   -0.3090   -0.169 -0.155   0.065  0.234   2.083  0.030   100.0  100.0     0.914   25.8     91.7   304    153  0.423   0.67
  3050   -0.2104   -0.170 -0.155   0.068  0.238   1.962  0.014   100.0  100.0     0.906   31.2     83.3   305    153  0.397   0.71
  3060   -0.1236   -0.168 -0.155   0.074  0.243   2.278  0.009   100.0  100.0     0.883   26.6     91.7   306    154  0.366   0.76
  3070   -0.0714   -0.166 -0.155   0.066  0.232   2.068  0.009   100.0  100.0     0.883   28.1     91.7   307    155  0.368   0.64
  3080   -0.0396   -0.170 -0.155   0.068  0.238   1.998  0.006   100.0  100.0     0.859   25.8     91.7   307    155  0.394   0.71
  3090   -0.0162   -0.167 -0.155   0.064  0.231   2.203  0.006   100.0  100.0     0.883   31.2     75.0   308    155  0.400   0.71
  3100   -0.0068   -0.167 -0.155   0.068  0.236   2.372  0.003   100.0  100.0     0.859   28.9     83.3   308    155  0.395   0.70
  3110    0.0036   -0.174 -0.155   0.064  0.231   2.161  0.002    99.2  100.0     0.882   28.1     66.7   308    155  0.355   0.64
  3120    0.0010   -0.165 -0.155   0.066  0.230   2.193  0.002   100.0  100.0     0.859   32.0     91.7   309    156  0.321   0.64
  3130    0.0064   -0.164 -0.155   0.059  0.222   2.194  0.002   100.0  100.0     0.852   32.0    100.0   311    157  0.355   0.71
  3140    0.0071   -0.159 -0.155   0.057  0.217   2.529  0.002   100.0  100.0     0.805   35.2    100.0   311    157  0.361   0.68
  3150    0.0127   -0.161 -0.153   0.065  0.225   2.235  0.002   100.0  100.0     0.844   32.0     91.7   312    158  0.389   0.71
  3160    0.0111   -0.161 -0.153   0.066  0.227   2.205  0.002   100.0  100.0     0.852   30.5     91.7   312    158  0.332   0.68
  3170    0.0074   -0.156 -0.153   0.074  0.231   2.274  0.002   100.0  100.0     0.820   26.6    100.0   314    160  0.336   0.69
  3180    0.0191   -0.165 -0.153   0.066  0.224   2.438  0.002    99.2  100.0     0.787   31.2    100.0   314    160  0.383   0.66
  3190    0.0128   -0.159 -0.153   0.054  0.213   2.589  0.002   100.0  100.0     0.805   35.2     91.7   314    160  0.307   0.71
  3200    0.0213   -0.160 -0.149   0.062  0.222   2.445  0.002   100.0  100.0     0.758   32.0    100.0   315    161  0.357   0.70
      saved checkpoint @ step 3200 | examples: ['COc1cc(CCN=C=S)cc(OC)c1OC', 'O=C(CCc1ccccc1Cl)Nc1ccc(Cl)cc1', 'O=C(O)c1cccc(NC(=O)c2ccccc2-c2ccccc2)c1', 'O=C(NCc1nccs1)c1ccc(-c2ccccc2)[nH]1', 'C=CCc1cc(OC)ccc1OC']
  3210    0.0148   -0.157 -0.149   0.072  0.222   2.606  0.002    99.2  100.0     0.811   36.7    100.0   320    163  0.325   0.73
  3220    0.0056   -0.147 -0.149   0.064  0.211   2.752  0.002   100.0  100.0     0.812   34.4    100.0   320    163  0.318   0.73
  3230    0.0307   -0.168 -0.149   0.058  0.218   2.594  0.002    99.2  100.0     0.795   33.6    100.0   323    165  0.345   0.68
  3240    0.0231   -0.156 -0.149   0.072  0.220   3.361  0.002    99.2  100.0     0.748   29.7     91.7   329    167  0.345   0.77
  3250   -0.0345   -0.081 -0.141   0.113  0.195   3.603  0.002   100.0   95.3     0.787   36.7    100.0   331    167  0.428   0.65
  3260   -0.0283   -0.042 -0.141   0.166  0.209   4.536  0.006   100.0   91.4     0.735   33.6    100.0   331    167  0.382   0.67
  3270    1.5453    0.062 -0.141   0.284  0.222   6.453  0.347   100.0   90.6     0.733   43.8    100.0   339    170  0.325   0.76
  3280   56.9418   -0.180 -0.141   0.082  0.231   6.176 13.333    96.9  100.0     0.839   25.0     41.7   355    182  0.448   0.81
  3290   47.7086   -0.226 -0.141   0.079  0.243   6.544 20.000    93.8  100.0     0.933   12.5     66.7   355    182  0.527   0.74
  3300  -21.5703   -0.179 -0.143   0.069  0.240   2.311 20.000    99.2  100.0     0.906   14.1    100.0   355    182  0.621   0.72
  3310  -39.3003   -0.167 -0.143   0.065  0.232   2.279  3.951   100.0  100.0     0.836   18.0     91.7   355    182  0.650   0.67
  3320  -21.5921   -0.162 -0.143   0.061  0.224   2.815  3.951   100.0  100.0     0.758   23.4    100.0   355    182  0.727   0.66
  3330  -12.1225   -0.167 -0.143   0.060  0.219   3.180  3.951    99.2  100.0     0.780   26.6     91.7   355    182  0.716   0.67
  3340   -7.2095   -0.165 -0.143   0.060  0.226   3.348  3.951   100.0  100.0     0.875   20.3    100.0   355    182  0.683   0.65
  3350   -5.8565   -0.163 -0.143   0.061  0.225   2.880  3.951   100.0  100.0     0.805   28.1     91.7   355    182  0.667   0.70
  3360   -3.2212   -0.164 -0.143   0.061  0.224   2.944  3.951   100.0  100.0     0.883   20.3     91.7   355    182  0.596   0.64
  3370   -4.5303   -0.176 -0.143   0.070  0.238   2.252  3.951    99.2  100.0     0.835   16.4     83.3   355    182  0.571   0.72
  3380   -2.4218   -0.180 -0.143   0.072  0.243   2.410  3.951    99.2  100.0     0.866   13.3     75.0   355    182  0.486   0.67
  3390   -2.7188   -0.169 -0.143   0.065  0.234   2.025  3.951   100.0  100.0     0.836   18.0     91.7   355    182  0.507   0.73
  3400   -4.7947   -0.169 -0.145   0.076  0.245   2.179  1.756   100.0  100.0     0.883   18.8     91.7   356    183  0.448   0.73
      saved checkpoint @ step 3400 | examples: ['O=C(Nc1ccc(N2CCOCC2)cc1)c1ccnc(S(=O)(=O)N2CCCCC2)c1', 'COc1ccc(CC(=O)Nc2ccccc2N2CCOCC2)cc1', 'COc1ccc(C(=O)NCCN2CCOCC2)cc1', 'CCOC(=O)N1CCN(C(=O)c2ccccc2Nc2ccccc2)CC1', 'NCCOC(=O)NC12CC3CC(CC(C3)C1)C2']
  3410   -2.4607   -0.165 -0.145   0.063  0.227   2.464  1.756   100.0  100.0     0.859   24.2     91.7   356    183  0.537   0.79
  3420   -1.6532   -0.171 -0.145   0.070  0.240   2.371  1.756   100.0  100.0     0.891   16.4     83.3   356    183  0.515   0.71
  3430   -1.2140   -0.174 -0.145   0.070  0.244   2.186  1.756   100.0  100.0     0.836   14.1     83.3   357    184  0.519   0.69
  3440   -1.5751   -0.181 -0.145   0.073  0.246   2.306  1.171    99.2  100.0     0.913   11.7     83.3   357    184  0.512   0.69
  3450   -1.5262   -0.167 -0.146   0.069  0.236   2.272  0.780   100.0  100.0     0.859   21.1     83.3   357    184  0.421   0.66
  3460   -1.0980   -0.169 -0.146   0.069  0.238   2.045  0.780   100.0  100.0     0.859   23.4     91.7   357    184  0.419   0.66
  3470   -1.6102   -0.171 -0.146   0.065  0.237   1.887  0.347   100.0  100.0     0.859   16.4    100.0   358    184  0.415   0.66
  3480   -1.1272   -0.167 -0.146   0.076  0.243   2.569  0.154   100.0  100.0     0.891   19.5    100.0   358    184  0.435   0.72
  3490   -0.6940   -0.172 -0.146   0.067  0.239   2.110  0.154   100.0  100.0     0.883   14.8     91.7   358    184  0.445   0.68
  3500   -0.4063   -0.171 -0.147   0.071  0.243   2.191  0.154   100.0  100.0     0.891   18.8    100.0   359    184  0.393   0.67
  3510   -0.2005   -0.182 -0.147   0.064  0.230   2.347  0.154    98.4  100.0     0.905   20.3     91.7   359    184  0.435   0.67
  3520   -0.1592   -0.181 -0.147   0.071  0.244   2.023  0.154    99.2  100.0     0.850   15.6     91.7   359    184  0.367   0.70
  3530   -0.3273   -0.170 -0.147   0.069  0.239   1.853  0.020   100.0  100.0     0.875   22.7     83.3   360    185  0.380   0.79
  3540   -0.1891   -0.168 -0.147   0.068  0.236   2.080  0.014   100.0  100.0     0.875   21.9     83.3   360    185  0.468   0.73
  3550   -0.1178   -0.173 -0.149   0.079  0.252   2.224  0.006   100.0  100.0     0.891   20.3     83.3   360    185  0.366   0.71
  3560   -0.0742   -0.168 -0.149   0.068  0.236   2.060  0.001   100.0  100.0     0.922   24.2     91.7   360    185  0.384   0.80
  3570   -0.0297   -0.178 -0.149   0.071  0.234   2.135  0.001    98.4  100.0     0.841   22.7     58.3   360    185  0.431   0.82
  3580   -0.0127   -0.174 -0.149   0.067  0.234   2.296  0.001    99.2   99.2     0.833   21.9    100.0   361    185  0.363   0.77
  3590   -0.0063   -0.167 -0.149   0.082  0.248   2.183  0.001   100.0  100.0     0.836   17.2    100.0   361    185  0.384   0.82
  3600    0.0116   -0.176 -0.149   0.068  0.237   2.118  0.001    99.2  100.0     0.827   24.2     75.0   361    185  0.419   0.81
      saved checkpoint @ step 3600 | examples: ['CCC(CC(=O)O)n1cnc2c(N)ncnc21', 'O=C(CSc1nc2ccccc2o1)NCc1ccc(F)cc1', 'O=C(NCCI)c1ccccc1', 'Cc1ccc(C(=O)COC(=O)c2ccccn2)s1', 'CC(=O)NC(c1ccccc1)c1ccccc1']
  3610    0.0121   -0.172 -0.149   0.071  0.242   1.951  0.001   100.0  100.0     0.914   23.4     91.7   361    185  0.371   0.73
  3620    0.0106   -0.167 -0.149   0.069  0.236   2.249  0.001   100.0  100.0     0.852   27.3     83.3   361    185  0.351   0.80
  3630    0.0119   -0.166 -0.149   0.064  0.230   2.237  0.001   100.0  100.0     0.828   25.0     91.7   361    185  0.358   0.79
  3640    0.0150   -0.172 -0.149   0.072  0.228   2.205  0.001    98.4  100.0     0.833   26.6     91.7   361    185  0.343   0.77
  3650    0.0138   -0.163 -0.150   0.060  0.223   2.190  0.001   100.0  100.0     0.812   24.2     83.3   362    186  0.368   0.72
  3660    0.0127   -0.162 -0.150   0.058  0.212   2.418  0.001    99.2  100.0     0.787   32.0     91.7   363    187  0.376   0.80
  3670    0.0182   -0.169 -0.150   0.065  0.218   2.360  0.001    98.4  100.0     0.738   32.8    100.0   365    188  0.368   0.82
  3680    0.0093   -0.159 -0.150   0.068  0.226   2.452  0.001   100.0  100.0     0.820   29.7     91.7   368    190  0.316   0.80
  3690    0.0133   -0.161 -0.150   0.068  0.230   2.442  0.001   100.0  100.0     0.805   27.3    100.0   372    193  0.289   0.74
  3700    0.0147   -0.156 -0.147   0.068  0.224   2.532  0.001   100.0  100.0     0.805   28.1     91.7   376    194  0.364   0.74
  3710    0.0172   -0.158 -0.147   0.068  0.226   2.570  0.001   100.0  100.0     0.820   24.2    100.0   383    198  0.348   0.80
  3720    0.0217   -0.163 -0.147   0.059  0.222   2.323  0.001   100.0  100.0     0.836   27.3     91.7   386    198  0.285   0.76
  3730    0.0085   -0.150 -0.147   0.075  0.217   3.100  0.001    99.2   99.2     0.825   26.6    100.0   397    200  0.298   0.83
  3740   -0.0083   -0.126 -0.147   0.087  0.214   2.988  0.001   100.0  100.0     0.781   35.2    100.0   408    205  0.314   0.77
  3750   -0.0297   -0.076 -0.133   0.139  0.215   3.844  0.001   100.0   98.4     0.698   31.2    100.0   416    211  0.296   0.77
  3760   -0.1207    0.086 -0.133   0.290  0.204   5.517  0.008   100.0   78.9     0.723   46.1    100.0   427    214  0.335   0.70
  3770    2.3147    0.263 -0.133   0.458  0.195   7.571  0.438   100.0   64.8     0.627   61.7    100.0   428    215  0.364   0.75
  3780  112.0303   -0.278 -0.133   0.061  0.206   8.036 20.000    86.7  100.0     0.829   10.2    100.0   428    215  0.533   0.79
  3790   55.0068   -0.254 -0.133   0.071  0.231   8.568 20.000    90.6  100.0     0.879    7.8    100.0   428    215  0.569   0.84
  3800  -33.6125   -0.173 -0.136   0.065  0.231   2.510 20.000    99.2  100.0     0.898   18.8    100.0   428    215  0.681   0.74
      saved checkpoint @ step 3800 | examples: ['CCCCCN1Cc2ccccc2C1', 'Brc1ccccc1CNCc1ccc2c(c1)OCO2', 'O=C(Nc1cccc(S(=O)(=O)N2CCCCC2)c1)c1cccs1', 'Nn1c(SCC(=O)Nc2cc(F)cc(F)c2)nnc1-c1ccccn1', 'Cc1ccc(-n2ccnc2SCC(=O)NCc2ccco2)cc1']
  3810  -10.8926   -0.182 -0.136   0.068  0.234   3.095 20.000    98.4  100.0     0.881   16.4     75.0   428    215  0.775   0.77
  3820  -11.3820   -0.179 -0.136   0.063  0.226   2.554 20.000    98.4  100.0     0.881   20.3     91.7   428    215  0.661   0.75
  3830  -36.2661   -0.174 -0.136   0.074  0.247   2.063  8.889   100.0   99.2     0.906    9.4     91.7   428    215  0.671   0.79
  3840  -14.5875   -0.181 -0.136   0.066  0.231   2.925  8.889    98.4  100.0     0.825   17.2     75.0   428    215  0.606   0.78
  3850  -11.7300   -0.165 -0.138   0.067  0.233   2.437  8.889   100.0  100.0     0.852   16.4     91.7   428    215  0.543   0.77
  3860   -9.3269   -0.170 -0.138   0.068  0.238   2.226  8.889   100.0  100.0     0.758   11.7    100.0   428    215  0.469   0.71
  3870   -5.2513   -0.170 -0.138   0.058  0.220   2.315  8.889    99.2  100.0     0.835   21.1    100.0   428    215  0.487   0.75
  3880  -10.2771   -0.173 -0.138   0.071  0.244   2.153  5.926   100.0  100.0     0.852   14.8    100.0   428    215  0.460   0.76
  3890   -4.3248   -0.181 -0.138   0.066  0.232   2.507  5.926    98.4  100.0     0.865   17.2    100.0   428    215  0.431   0.73
  3900  -10.3045   -0.170 -0.140   0.079  0.249   2.310  2.634   100.0  100.0     0.906   14.8     83.3   428    215  0.439   0.68
  3910   -6.1015   -0.170 -0.140   0.069  0.240   2.351  2.634   100.0  100.0     0.852   16.4    100.0   428    215  0.482   0.69
  3920   -3.9043   -0.170 -0.140   0.072  0.242   2.280  2.634   100.0  100.0     0.805   15.6     91.7   428    215  0.400   0.72
  3930   -2.3357   -0.172 -0.140   0.071  0.243   2.336  2.634   100.0  100.0     0.828   14.8     83.3   428    215  0.359   0.67
  3940   -4.2512   -0.178 -0.140   0.070  0.241   1.925  1.756    99.2  100.0     0.921   13.3    100.0   428    215  0.364   0.67
  3950   -3.3570   -0.168 -0.142   0.066  0.233   2.323  1.171   100.0  100.0     0.828   21.1     91.7   428    215  0.365   0.70
  3960   -1.9873   -0.167 -0.142   0.062  0.229   2.341  1.171   100.0  100.0     0.844   20.3     91.7   429    216  0.386   0.67
  3970   -1.1073   -0.176 -0.142   0.068  0.236   2.421  1.171    99.2  100.0     0.850   17.2     83.3   429    216  0.388   0.70
  3980   -1.7494   -0.169 -0.142   0.072  0.241   2.027  0.780   100.0  100.0     0.812   18.0     83.3   429    216  0.401   0.69
  3990   -1.4507   -0.171 -0.142   0.067  0.238   2.159  0.520   100.0  100.0     0.891   13.3     83.3   429    216  0.370   0.79
  4000   -0.7503   -0.170 -0.144   0.067  0.237   2.438  0.520   100.0  100.0     0.867   15.6    100.0   429    216  0.338   0.77
      saved checkpoint @ step 4000 | examples: ['NNC(=O)c1cccc(Br)c1', 'Cc1ccc(C)c(/C=C/C(=O)O)c1', 'CC(Sc1ccccc1)C(=O)Nc1ccc([N+](=O)[O-])cc1', 'COc1cccc(NCC(=O)Nc2nc3ccccc3[nH]2)c1', 'COCCNCCC(=O)Nc1cccc(C(=O)OC)c1']
  4010   -0.9082   -0.166 -0.144   0.064  0.230   2.145  0.347   100.0  100.0     0.891   24.2     91.7   429    216  0.353   0.70
  4020   -0.6696   -0.180 -0.144   0.064  0.228   2.184  0.231    98.4  100.0     0.857   19.5    100.0   429    216  0.353   0.77
  4030   -0.6089   -0.177 -0.144   0.068  0.237   1.929  0.154    99.2  100.0     0.898   19.5     91.7   429    216  0.369   0.74
  4040   -0.3184   -0.180 -0.144   0.066  0.238   2.175  0.154    99.2  100.0     0.843   14.8    100.0   429    216  0.374   0.76
  4050   -0.3544   -0.179 -0.146   0.072  0.243   1.979  0.069    99.2  100.0     0.850   17.2    100.0   429    216  0.386   0.74
  4060   -0.2633   -0.170 -0.146   0.073  0.243   2.037  0.030   100.0  100.0     0.867   22.7    100.0   429    216  0.382   0.74
  4070   -0.1724   -0.173 -0.146   0.064  0.229   2.130  0.014    99.2  100.0     0.843   23.4    100.0   429    216  0.394   0.83
  4080   -0.1090   -0.173 -0.146   0.063  0.228   1.987  0.006    99.2  100.0     0.835   21.1    100.0   429    216  0.360   0.84
  4090   -0.0626   -0.173 -0.146   0.067  0.232   2.034  0.002    99.2  100.0     0.890   18.8     66.7   430    216  0.379   0.76
  4100   -0.0326   -0.170 -0.147   0.068  0.238   2.123  0.002   100.0   99.2     0.858   21.1    100.0   430    216  0.393   0.71
  4110   -0.0143   -0.169 -0.147   0.071  0.240   2.274  0.001   100.0  100.0     0.883   23.4     91.7   430    216  0.352   0.82
  4120   -0.0094   -0.164 -0.147   0.075  0.239   2.183  0.001   100.0  100.0     0.867   23.4     91.7   430    216  0.324   0.71
  4130   -0.0074   -0.155 -0.147   0.065  0.220   2.226  0.001   100.0  100.0     0.766   27.3    100.0   430    216  0.334   0.71
  4140    0.0114   -0.167 -0.147   0.068  0.236   2.149  0.001   100.0  100.0     0.859   18.0    100.0   430    216  0.355   0.70
  4150   -0.0048   -0.150 -0.148   0.073  0.223   2.415  0.001   100.0   99.2     0.843   33.6    100.0   430    216  0.326   0.73
  4160   -0.0009   -0.156 -0.148   0.099  0.231   2.471  0.001    97.7   97.6     0.836   25.8     91.7   431    217  0.330   0.69
  4170    0.0158   -0.163 -0.148   0.062  0.224   2.248  0.001   100.0  100.0     0.805   28.9    100.0   431    217  0.306   0.74
  4180   -0.0142   -0.127 -0.148   0.097  0.224   2.431  0.001   100.0   96.9     0.782   33.6    100.0   433    219  0.329   1.07
  4190   -0.0340   -0.089 -0.148   0.135  0.224   3.207  0.001   100.0   93.8     0.850   36.7    100.0   436    220  0.328   0.96
  4200   -0.0999    0.012 -0.141   0.238  0.226   3.865  0.001   100.0   84.4     0.833   32.0    100.0   441    222  0.319   0.75
      saved checkpoint @ step 4200 | examples: ['O=C(NCCC(c1ccccc1)c1ccccc1)c1cccs1', 'COc1ccc(O)c(C=O)c1', 'Cc1ccccc1OC(=O)Nc1ccccc1', 'O=C(c1ccc(F)c(S(=O)(=O)N2CCOCC2)c1)N1CCNCC1', 'Cc1cc(C)cc(S(=O)(=O)Nc2ccccc2N2CCN(C)CC2)c1']
  4210   -0.1677    0.192 -0.141   0.398  0.198   5.919  0.011    99.2   67.7     0.721   57.0    100.0   441    222  0.326   0.79
  4220    3.0396    0.139 -0.141   0.360  0.221   6.605  0.657   100.0   71.9     0.761   53.1    100.0   445    224  0.390   0.88
  4230  169.5131   -0.351 -0.141   0.054  0.186  13.224 20.000    78.1  100.0     0.850   14.1     66.7   447    224  0.630   0.70
  4240  -33.2132   -0.205 -0.141   0.063  0.221   4.319 20.000    95.3  100.0     0.861   18.8    100.0   447    224  0.589   0.79
  4250  -32.2632   -0.185 -0.143   0.068  0.229   2.972 20.000    97.7  100.0     0.848   23.4    100.0   447    224  0.641   0.83
  4260  -29.7906   -0.178 -0.143   0.061  0.223   2.833 13.333    98.4  100.0     0.849   21.1     91.7   447    224  0.626   0.66
  4270  -18.3612   -0.167 -0.143   0.069  0.237   2.704 13.333   100.0  100.0     0.859   22.7    100.0   447    224  0.655   0.67
  4280  -14.7451   -0.170 -0.143   0.068  0.238   2.484 13.333   100.0  100.0     0.883   17.2     91.7   447    224  0.559   0.71
  4290   -9.7945   -0.173 -0.143   0.072  0.245   2.382 13.333   100.0  100.0     0.891   11.7     75.0   447    224  0.549   0.73
  4300  -12.9947   -0.168 -0.144   0.069  0.236   2.417  8.889   100.0  100.0     0.867   19.5    100.0   447    224  0.561   0.73
  4310   -7.6425   -0.174 -0.144   0.077  0.251   2.409  8.889   100.0  100.0     0.867   14.1    100.0   447    224  0.527   0.75
  4320   -5.1899   -0.172 -0.144   0.071  0.243   2.344  8.889   100.0  100.0     0.859   19.5    100.0   447    224  0.508   0.77
  4330   -4.0848   -0.176 -0.144   0.076  0.252   2.210  8.889   100.0  100.0     0.930   14.8     91.7   447    224  0.467   0.69
  4340   -7.6579   -0.169 -0.144   0.066  0.235   2.068  5.926   100.0  100.0     0.844   21.1     91.7   447    224  0.428   0.73
  4350   -8.6152   -0.186 -0.146   0.071  0.241   2.112  3.951    98.4  100.0     0.857   15.6    100.0   447    224  0.389   0.69
  4360   -4.4366   -0.170 -0.146   0.075  0.246   2.333  3.951   100.0  100.0     0.914   21.1    100.0   447    224  0.486   0.73
  4370   -3.6791   -0.174 -0.146   0.076  0.249   2.110  3.951   100.0  100.0     0.875   15.6     91.7   448    225  0.412   0.76
  4380   -4.9785   -0.169 -0.146   0.067  0.236   2.106  2.634   100.0  100.0     0.875   17.2    100.0   448    225  0.434   0.74
  4390   -3.1156   -0.179 -0.146   0.069  0.240   2.138  2.634    99.2  100.0     0.906   14.1     91.7   448    225  0.458   0.74
  4400   -2.3216   -0.170 -0.147   0.070  0.240   2.006  2.634   100.0  100.0     0.883   21.9     75.0   448    225  0.398   0.81
      saved checkpoint @ step 4400 | examples: ['NCc1ccc(Nc2c3ccccc3nc3ccccc23)cc1', 'O=S(=O)(O)CCC1CCCCC1', 'NC(=O)c1ccc(NCc2ccc(F)cc2)nc1', 'CN1CCN(CCCc2c[nH]c3ccccc23)CC1', 'CN(C)/N=N/c1ccc(N)cc1']
  4410   -2.7561   -0.172 -0.147   0.076  0.248   2.140  1.756   100.0  100.0     0.867   21.9    100.0   448    225  0.394   0.78
  4420   -1.7543   -0.174 -0.147   0.076  0.250   2.120  1.756   100.0  100.0     0.922   18.0     91.7   448    225  0.395   0.75
  4430   -2.4504   -0.171 -0.147   0.071  0.242   2.215  0.780   100.0  100.0     0.875   18.0     91.7   448    225  0.396   0.77
  4440   -1.3204   -0.171 -0.147   0.073  0.243   2.366  0.780   100.0  100.0     0.867   20.3     91.7   448    225  0.413   0.72
  4450   -1.5789   -0.170 -0.149   0.070  0.240   2.446  0.347   100.0  100.0     0.805   23.4     91.7   448    225  0.406   0.74
  4460   -0.9152   -0.174 -0.149   0.066  0.232   2.401  0.347    99.2  100.0     0.882   22.7     91.7   448    225  0.371   0.74
  4470   -0.6062   -0.169 -0.149   0.065  0.233   2.184  0.347   100.0  100.0     0.883   22.7     91.7   448    225  0.343   0.74
  4480   -0.6345   -0.172 -0.149   0.073  0.245   2.074  0.231   100.0  100.0     0.836   21.1    100.0   448    225  0.365   0.92
  4490   -0.6700   -0.170 -0.149   0.066  0.236   2.025  0.046   100.0  100.0     0.789   20.3     91.7   449    225  0.426   0.99
  4500   -0.4517   -0.174 -0.150   0.075  0.249   1.907  0.014   100.0  100.0     0.875   21.9     91.7   449    225  0.398   1.00
  4510   -0.2568   -0.173 -0.150   0.076  0.250   2.133  0.014   100.0  100.0     0.891   20.3     83.3   449    225  0.365   1.09
  4520   -0.1555   -0.173 -0.150   0.077  0.250   1.998  0.009   100.0  100.0     0.891   19.5     91.7   449    225  0.378   1.03
  4530   -0.0987   -0.163 -0.150   0.078  0.241   2.178  0.006   100.0  100.0     0.867   24.2     91.7   449    225  0.342   1.09
  4540   -0.0498   -0.166 -0.150   0.061  0.226   2.281  0.006   100.0  100.0     0.859   28.1     75.0   450    225  0.359   1.09
  4550   -0.0218   -0.171 -0.151   0.070  0.241   2.168  0.004   100.0  100.0     0.828   25.0    100.0   451    225  0.401   1.09
  4560   -0.0044   -0.176 -0.151   0.081  0.241   2.492  0.004    98.4  100.0     0.921   22.7    100.0   453    226  0.346   1.14
  4570    0.0084   -0.176 -0.151   0.072  0.240   2.246  0.004    99.2  100.0     0.843   23.4     83.3   454    226  0.373   1.39
  4580    0.0101   -0.170 -0.151   0.070  0.241   2.174  0.004   100.0  100.0     0.797   23.4    100.0   454    226  0.373   1.22
  4590    0.0052   -0.163 -0.151   0.062  0.225   2.223  0.004   100.0  100.0     0.781   31.2     91.7   455    227  0.344   0.79
  4600    0.0085   -0.165 -0.151   0.062  0.226   2.177  0.004   100.0  100.0     0.773   27.3     91.7   455    227  0.341   0.84
      saved checkpoint @ step 4600 | examples: ['O=C(O)c1cc(NCc2ccccc2)ccc1NS(=O)(=O)c1cccc([N+](=O)[O-])c1', 'CCOc1ccc(OCCC(=O)N2CCCC2)cc1', 'O=S(=O)(Nc1ccc(Br)cc1Cl)N1CCN(Cc2ccccc2)CC1', 'O=C(NNS(=O)(=O)c1ccccc1)c1ccccc1Oc1ccccc1', 'O=C(O)c1cccc(-c2cc(Cl)ccc2OCc2ccccc2)c1']
  4610    0.0190   -0.173 -0.151   0.065  0.231   2.335  0.004    99.2  100.0     0.819   25.8     83.3   457    228  0.330   0.78
  4620    0.0153   -0.166 -0.151   0.065  0.231   2.345  0.004   100.0  100.0     0.844   32.8    100.0   461    231  0.312   0.82
  4630    0.0073   -0.156 -0.151   0.069  0.226   2.137  0.004   100.0  100.0     0.859   35.2     83.3   463    233  0.348   0.80
  4640    0.0085   -0.154 -0.151   0.075  0.229   2.393  0.004   100.0  100.0     0.883   26.6    100.0   471    236  0.330   0.71
  4650    0.0051   -0.145 -0.150   0.075  0.220   3.205  0.004   100.0  100.0     0.836   35.2    100.0   477    239  0.337   0.75
  4660   -0.0151   -0.121 -0.150   0.103  0.224   3.221  0.004   100.0   98.4     0.802   34.4    100.0   480    242  0.290   0.69
  4670   -0.0541   -0.062 -0.150   0.149  0.210   3.232  0.004   100.0   91.4     0.735   45.3    100.0   481    242  0.371   0.70
  4680   -0.1357    0.080 -0.150   0.292  0.212   4.819  0.006   100.0   77.3     0.808   50.0    100.0   482    243  0.392   0.79
  4690    1.4354    0.177 -0.150   0.378  0.202   5.665  0.347   100.0   72.7     0.699   57.8    100.0   483    243  0.359   0.77
  4700   44.4723   -0.208 -0.125   0.073  0.234   7.103  8.889    95.3  100.0     0.869    6.2    100.0   483    243  0.464   0.78
  4710   32.6352   -0.226 -0.125   0.070  0.234   5.633 20.000    93.8  100.0     0.875    2.3     75.0   483    243  0.639   0.75
  4720   -9.2484   -0.190 -0.125   0.068  0.234   3.664 20.000    97.7  100.0     0.816    7.8    100.0   483    243  0.694   0.89
  4730  -28.1174   -0.168 -0.125   0.067  0.235   2.328 13.333   100.0  100.0     0.906   10.9     91.7   483    243  0.714   0.73
  4740  -16.6735   -0.174 -0.125   0.068  0.235   2.498 13.333    99.2   99.2     0.802   13.3     91.7   483    243  0.652   0.74
  4750  -13.0949   -0.179 -0.128   0.082  0.253   2.283 13.333    99.2  100.0     0.890    6.2    100.0   483    243  0.574   0.75
  4760  -10.7168   -0.170 -0.128   0.079  0.248   2.061 13.333   100.0  100.0     0.875   11.7     91.7   483    243  0.715   0.79
  4770  -26.2114   -0.177 -0.128   0.075  0.245   1.980  2.634    99.2  100.0     0.858    7.8    100.0   483    243  0.569   0.73
  4780  -13.7059   -0.169 -0.128   0.067  0.236   2.878  2.634   100.0  100.0     0.781    4.7     91.7   483    243  0.544   0.83
  4790   -8.0015   -0.160 -0.128   0.054  0.213   2.943  2.634   100.0  100.0     0.742   14.1     91.7   483    243  0.517   0.77
  4800   -4.3904   -0.156 -0.130   0.054  0.211   3.084  2.634   100.0  100.0     0.711   22.7     91.7   483    243  0.561   0.73
      saved checkpoint @ step 4800 | examples: ['CCOC(=O)Cc1csc(NC(=O)COc2ccccc2)n1', 'Cc1ccc(NC(=O)CCC(=O)O)cc1', 'NCCOCc1cc(F)ccc1Cl', 'NS(=O)(=O)c1cccc(NC(=O)c2ccccc2)c1', 'O=C(O)c1cccc(CCc2ccc(C(F)(F)F)cc2)c1']
  4810   -3.5881   -0.163 -0.130   0.062  0.224   2.649  2.634   100.0  100.0     0.820   15.6     83.3   483    243  0.493   0.82
  4820   -2.3744   -0.174 -0.130   0.070  0.237   2.607  2.634    99.2  100.0     0.811   14.8    100.0   483    243  0.481   0.78
  4830   -1.9357   -0.170 -0.130   0.069  0.239   2.349  2.634   100.0  100.0     0.820   10.2     66.7   483    243  0.508   0.79
  4840   -1.7383   -0.172 -0.130   0.075  0.247   2.151  2.634   100.0  100.0     0.898   10.9     91.7   483    243  0.453   0.79
  4850   -2.4417   -0.172 -0.133   0.070  0.242   2.256  1.756   100.0  100.0     0.898   11.7     83.3   483    243  0.414   0.72
  4860   -2.1354   -0.181 -0.133   0.066  0.231   2.463  1.171    98.4  100.0     0.889   14.8    100.0   483    243  0.458   0.82
  4870   -1.3777   -0.168 -0.133   0.068  0.236   2.336  1.171   100.0  100.0     0.906   10.9    100.0   483    243  0.452   0.89
  4880   -0.9085   -0.180 -0.133   0.073  0.246   2.286  1.171    99.2  100.0     0.921   10.9    100.0   483    243  0.438   0.69
  4890   -0.4266   -0.170 -0.133   0.069  0.239   2.392  1.171   100.0  100.0     0.883   14.1     91.7   483    243  0.440   0.79
  4900   -1.0331   -0.175 -0.136   0.080  0.255   2.154  0.780   100.0  100.0     0.875   10.2    100.0   483    243  0.485   0.74
  4910   -1.4530   -0.178 -0.136   0.071  0.242   2.242  0.231    99.2  100.0     0.890   12.5    100.0   483    243  0.386   0.73
  4920   -0.8554   -0.176 -0.136   0.073  0.249   2.188  0.231   100.0  100.0     0.891    8.6     83.3   483    243  0.418   0.73
  4930   -0.4719   -0.174 -0.136   0.065  0.232   2.322  0.231    99.2  100.0     0.874   14.8     83.3   483    243  0.423   0.77
  4940   -0.4270   -0.170 -0.136   0.071  0.241   2.352  0.154   100.0  100.0     0.883   11.7    100.0   483    243  0.403   0.74
  4950   -0.2698   -0.179 -0.138   0.073  0.244   2.201  0.154    99.2  100.0     0.874   12.5    100.0   483    243  0.399   0.76
  4960   -0.2358   -0.171 -0.138   0.068  0.239   2.243  0.103   100.0  100.0     0.875   14.8     91.7   483    243  0.372   0.73
  4970   -0.1898   -0.176 -0.138   0.078  0.247   2.007  0.069    99.2  100.0     0.819   14.1     83.3   483    243  0.358   0.77
  4980   -0.1787   -0.168 -0.138   0.065  0.233   2.183  0.020   100.0  100.0     0.852   14.1     91.7   483    243  0.417   0.72
  4990   -0.1095   -0.177 -0.138   0.073  0.242   2.049  0.014    99.2  100.0     0.835   14.8     75.0   483    243  0.349   0.76
  5000   -0.0801   -0.164 -0.140   0.071  0.234   2.310  0.006   100.0  100.0     0.867   20.3     91.7   484    243  0.351   0.67
      saved checkpoint @ step 5000 | examples: ['Cc1cc(Cl)ccc1OCC(=O)NC(C)Cc1ccccc1', 'CSc1nnnn1-c1ccccc1', 'O=C(Nc1c(F)cccc1Oc1ccccc1)C(Cl)Cl', 'COc1ccccc1CNC(=O)C1CCN(Cc2ccccc2)CC1', 'O=C(COc1ccc(OCc2ccc(Cl)cc2)cc1)Nc1ccc(S(=O)(=O)N2CCOCC2)cc1']

RL_BASELINE_DONE in 70.0 min
