loading policy + frozen prior...
config: {'steps': 5000, 'batch': 128, 'lr': 0.0001, 'max_len': 100, 'temp': 1.0, 'beta_kl': 0.02, 'target_kl': 3.0, 'beta_kl_min': 0.001, 'beta_kl_max': 20.0, 'kl_adapt_factor': 1.5, 'ppo_epochs': 4, 'clip_eps': 0.2, 'lambda_unc': 1.0, 'baseline_momentum': 0.95, 'threshold_window_batches': 20, 'threshold_percentile': 70.0, 'threshold_update_every': 50, 'threshold_init': 0.0, 'threshold_decay': 0.1, 'diversity_filter': False, 'df_bucket_size': 25, 'df_mode': 'generic', 'df_record_threshold': 0.5, 'replay': True, 'replay_capacity': 1000, 'replay_max_per_scaffold': 10, 'replay_min_reward': 0.4, 'replay_k': 24, 'replay_coef': 0.05, 'replay_start': 200, 'transfer_learning': True, 'tl_every': 500, 'tl_start': 1000, 'tl_epochs': 2, 'tl_batch': 128, 'tl_max_mols': 500, 'tl_min_mols': 50, 'tl_lr': 1e-05, 'tl_max_kl': 8.0, 'log_every': 10, 'save_every': 200, 'out': 'checkpoints/rl_v5c', 'seed': 42}
reward model scheme=A_primary threshold=8.0 lambda_unc=1.0 invalid_reward=-1.0

  step      loss   reward    tau   p_act    unc      kl   beta  valid%  uniq% scaf/uniq  >tau% AD%(top)   buf  bscaf   rnll    sec
     1    0.1453   -0.193  0.000   0.107  0.284   0.000  0.013    98.4  100.0     0.960    1.6     66.7     0      0  0.000   1.58
    10    0.1014   -0.206  0.000   0.099  0.281   0.154  0.001    97.7  100.0     0.952    0.0     83.3     0      0  0.000   1.12
    20    0.0757   -0.225  0.000   0.093  0.271   0.228  0.001    95.3  100.0     0.975    0.0     75.0     0      0  0.000   0.90
    30    0.0261   -0.195  0.000   0.087  0.266   0.450  0.001    98.4  100.0     0.960    0.0     83.3     0      0  0.000   0.86
    40    0.0402   -0.232  0.000   0.085  0.255   0.282  0.001    93.8  100.0     0.925    0.0     83.3     0      0  0.000   0.88
    50   -0.0183   -0.188 -0.018   0.095  0.275   0.284  0.001    99.2  100.0     0.969    0.0     75.0     0      0  0.000   0.84
    60   -0.0037   -0.204 -0.018   0.076  0.249   0.685  0.001    96.9  100.0     0.960    0.0    100.0     0      0  0.000   0.84
    70   -0.0136   -0.183 -0.018   0.066  0.233   0.780  0.001    98.4  100.0     0.913    0.8    100.0     0      0  0.000   0.86
    80   -0.0082   -0.185 -0.018   0.064  0.226   1.508  0.001    97.7   99.2     0.823    0.0     91.7     1      1  0.000   1.17
    90   -0.0152   -0.168 -0.018   0.060  0.220   1.993  0.001    99.2   99.2     0.833    1.6    100.0     1      1  0.000   1.03
   100   -0.0408   -0.143 -0.030   0.042  0.185   3.296  0.001   100.0   99.2     0.709    0.8    100.0     2      2  0.000   1.01
   110   -0.0288   -0.140 -0.030   0.038  0.171   4.499  0.001    99.2   93.7     0.655    5.5    100.0     2      2  0.000   0.93
   120    0.1505   -0.096 -0.030   0.028  0.124   6.373  0.038   100.0   68.8     0.659   31.2    100.0     2      2  0.000   0.88
   130   -0.0745   -0.161 -0.030   0.062  0.223   1.415  0.038   100.0   99.2     0.850    1.6     83.3     2      2  0.000   1.01
   140   -0.0754   -0.177 -0.030   0.064  0.225   1.124  0.001    98.4  100.0     0.897    0.0    100.0     2      2  0.000   1.07
   150   -0.0682   -0.158 -0.043   0.058  0.216   1.714  0.001   100.0  100.0     0.797    0.0     83.3     2      2  0.000   1.01
   160   -0.0469   -0.147 -0.043   0.045  0.192   2.432  0.001   100.0  100.0     0.727    1.6     91.7     2      2  0.000   1.01
   170   -0.0435   -0.129 -0.043   0.036  0.165   3.858  0.001   100.0   95.3     0.549    6.2    100.0     2      2  0.000   0.95
   180    0.0286   -0.097 -0.043   0.023  0.120   5.597  0.017   100.0   84.4     0.454   19.5     91.7     2      2  0.000   0.93
   190    0.0064   -0.158 -0.043   0.052  0.210   1.703  0.086   100.0  100.0     0.828    0.0    100.0     2      2  0.000   1.01
   200   -0.0690   -0.179 -0.051   0.063  0.227   1.178  0.001    98.4  100.0     0.857    0.0     75.0     2      2  0.324   1.10
      saved checkpoint @ step 200 | examples: ['O=c1[nH]ccc2ccc(OCC3CCCCC3)cc12', 'Cc1ccc(NCc2nnc(SCC(=O)Nc3ccccc3C(F)(F)F)n2C)cc1', 'N#Cc1cccc(Nc2ccccc2Oc2ccccc2)c1', 'N#CCC1(n2cc(-c3ccncc3)nn2)CN(C(=O)c2ccc(F)cc2)C1', 'Clc1ccc(CNCCCN2CCCC2)cc1']
   210   -0.0515   -0.159 -0.051   0.050  0.201   1.934  0.001    99.2  100.0     0.654    2.3    100.0     2      2  0.247   1.03
   220   -0.0396   -0.142 -0.051   0.044  0.186   2.642  0.001   100.0   99.2     0.724    6.2    100.0     2      2  0.209   1.20
   230   -0.0337   -0.124 -0.051   0.040  0.164   3.882  0.001   100.0   93.8     0.608   11.7     83.3     2      2  0.189   0.90
   240    0.0817   -0.094 -0.051   0.032  0.118   5.682  0.026    99.2   79.5     0.535   29.7     66.7     3      3  0.165   0.79
   250    0.0188   -0.155 -0.054   0.055  0.211   1.805  0.130   100.0   99.2     0.764    2.3    100.0     4      3  0.175   0.83
   260   -0.1298   -0.169 -0.054   0.065  0.218   1.584  0.002    98.4  100.0     0.865    3.1     83.3     4      3  0.183   0.83
   270   -0.0925   -0.141 -0.054   0.065  0.207   2.189  0.001   100.0  100.0     0.758    5.5     91.7     6      4  0.185   0.76
   280   -0.1283   -0.064 -0.054   0.136  0.200   4.298  0.001   100.0   92.2     0.678   14.8    100.0     7      4  0.131   0.86
   290    0.3065    0.489 -0.054   0.747  0.258  16.364  0.058   100.0   22.7     0.724   85.2    100.0     8      4  0.076   0.97
   300   96.5921   -0.766  0.435   0.019  0.066  39.912  3.325    28.1   97.2     0.857    0.0     50.0    58     18  0.955   0.50
   310  138.4072   -0.425  0.435   0.037  0.142  16.450 20.000    68.0  100.0     0.874    0.0     83.3    58     18  0.794   0.88
   320  -62.7029   -0.150  0.435   0.047  0.197   3.930 20.000   100.0   99.2     0.835    0.0     91.7    58     18  0.610   1.06
   330  -39.3448   -0.147  0.435   0.044  0.191   3.784 20.000   100.0  100.0     0.742    0.0    100.0    58     18  0.582   1.10
   340  -32.6883   -0.157  0.435   0.053  0.209   3.261 20.000   100.0  100.0     0.828    0.0     66.7    58     18  0.542   1.02
   350  -33.3254   -0.169  0.378   0.055  0.209   2.571 20.000    98.4  100.0     0.786    0.0     91.7    58     18  0.561   1.13
   360  -28.7599   -0.161  0.378   0.059  0.221   2.207 20.000   100.0  100.0     0.891    0.0     75.0    58     18  0.576   0.90
   370  -27.6231   -0.166  0.378   0.061  0.227   2.356 13.333   100.0  100.0     0.891    0.0     91.7    59     19  0.508   1.17
   380  -15.8081   -0.167  0.378   0.056  0.216   2.450 13.333    99.2  100.0     0.811    0.0     83.3    59     19  0.566   1.01
   390  -24.5176   -0.166  0.378   0.062  0.228   2.366  5.926   100.0  100.0     0.875    0.0     91.7    59     19  0.471   0.92
   400  -13.4861   -0.164  0.325   0.059  0.223   2.646  5.926   100.0  100.0     0.859    0.0    100.0    59     19  0.507   1.18
      saved checkpoint @ step 400 | examples: ['O=C(NCCc1cccs1)c1ccccc1Br', 'Fc1ccc(-c2nnc(-c3ccccc3)o2)cc1', 'NCCCCNC(=O)c1cc(-c2ccco2)nc2ccccc12', 'CN(C)CCNC(=O)c1ccc(C#N)cc1', 'c1ccc(CCNc2nc(-c3ccccc3)nc3ccccc23)cc1']
   410   -8.2314   -0.166  0.325   0.062  0.229   2.627  5.926   100.0  100.0     0.852    0.0    100.0    59     19  0.472   1.03
   420   -7.3049   -0.179  0.325   0.068  0.239   2.210  5.926    99.2  100.0     0.866    0.0    100.0    59     19  0.454   0.75
   430   -9.2657   -0.166  0.325   0.061  0.227   2.452  2.634   100.0  100.0     0.852    0.0    100.0    59     19  0.459   1.03
   440   -5.1646   -0.165  0.325   0.058  0.215   2.603  2.634    99.2   99.2     0.817    0.0     83.3    59     19  0.456   0.82
   450   -3.3404   -0.165  0.277   0.060  0.225   2.571  2.634   100.0  100.0     0.914    0.0     91.7    59     19  0.429   0.81
   460   -3.0510   -0.168  0.277   0.067  0.235   2.127  2.634   100.0  100.0     0.859    0.0     75.0    59     19  0.383   1.10
   470   -3.6121   -0.168  0.277   0.069  0.236   2.561  1.171   100.0  100.0     0.875    0.0    100.0    59     19  0.394   1.04
   480   -2.3044   -0.168  0.277   0.068  0.236   2.390  1.171   100.0  100.0     0.859    0.0     91.7    59     19  0.398   1.18
   490   -1.5873   -0.166  0.277   0.066  0.232   2.249  1.171   100.0  100.0     0.875    0.0    100.0    59     19  0.355   1.02
   500   -1.8568   -0.172  0.234   0.067  0.239   2.037  0.780   100.0  100.0     0.906    0.0     91.7    59     19  0.369   1.00
   510   -1.4834   -0.159  0.234   0.076  0.235   2.230  0.520   100.0  100.0     0.836    0.8     91.7    59     19  0.337   1.10
   520   -0.9073   -0.177  0.234   0.067  0.237   2.154  0.520    99.2  100.0     0.921    0.0     91.7    59     19  0.328   1.10
   530   -0.8536   -0.164  0.234   0.061  0.225   2.002  0.347   100.0  100.0     0.820    0.0     83.3    59     19  0.292   1.02
   540   -1.0132   -0.172  0.234   0.074  0.246   1.887  0.103   100.0  100.0     0.891    0.0     91.7    59     19  0.262   1.00
   550   -0.7069   -0.183  0.195   0.068  0.235   1.982  0.046    98.4  100.0     0.817    0.0     91.7    59     19  0.310   1.03
   560   -0.4334   -0.164  0.195   0.063  0.219   2.307  0.030    99.2  100.0     0.866    0.8     91.7    59     19  0.350   1.03
   570   -0.2947   -0.173  0.195   0.070  0.242   1.947  0.009   100.0  100.0     0.859    0.0     91.7    59     19  0.253   0.94
   580   -0.1715   -0.176  0.195   0.074  0.234   2.124  0.006    98.4  100.0     0.857    0.8     83.3    60     20  0.302   1.06
   590   -0.0974   -0.169  0.195   0.072  0.241   2.156  0.004   100.0  100.0     0.859    0.0     83.3    61     21  0.302   1.06
   600   -0.0920   -0.169  0.160   0.059  0.220   2.266  0.003    99.2  100.0     0.858    0.0     83.3    61     21  0.242   1.02
      saved checkpoint @ step 600 | examples: ['Cc1ccc(S(=O)(=O)N2CCN(CCO)CC2)cc1', 'CC(=O)N1CCN(C(=O)c2ccccn2)CC1', 'O=C(NCCN1CCc2ccccc21)c1ccco1', 'CCc1ccc(NC(=O)Cn2cc(CN3CCN(c4ccc(F)cc4)CC3)nn2)cc1', 'COc1ccc(/C=C/C(=O)C(=O)c2ccc(Br)cc2)cc1']
   610   -0.0619   -0.152  0.160   0.066  0.219   2.594  0.003   100.0  100.0     0.867    0.8     91.7    62     21  0.266   1.04
   620   -0.0359   -0.153  0.160   0.068  0.221   2.421  0.003   100.0  100.0     0.852    0.8    100.0    62     21  0.241   1.08
   630   -0.0349   -0.140  0.160   0.077  0.216   2.476  0.003   100.0   98.4     0.841    2.3     83.3    65     21  0.237   1.03
   640   -0.0397   -0.121  0.160   0.097  0.217   2.828  0.003   100.0   98.4     0.841    4.7    100.0    67     22  0.224   1.05
   650   -0.1092   -0.051  0.129   0.176  0.228   3.415  0.003   100.0   89.8     0.757   12.5    100.0    71     22  0.219   0.98
   660   -0.1533    0.049  0.129   0.258  0.201   4.206  0.004    99.2   83.5     0.774   22.7    100.0    71     22  0.252   1.00
   670    0.6882    0.303  0.129   0.497  0.194   7.361  0.154   100.0   59.4     0.724   49.2    100.0    71     22  0.228   1.07
   680   64.0014   -0.345  0.129   0.054  0.188  10.164  8.889    78.9  100.0     0.891    0.0     83.3    71     22  0.413   0.93
   690   67.9466   -0.282  0.129   0.059  0.209   8.697 20.000    86.7  100.0     0.838    0.0     83.3    71     22  0.582   1.00
   700  -56.3983   -0.183  0.100   0.063  0.231   2.725  8.889    98.4  100.0     0.849    0.0     91.7    71     22  0.659   1.04
   710  -40.2693   -0.164  0.100   0.062  0.226   2.426  5.926   100.0  100.0     0.781    0.0     91.7    71     22  0.591   0.98
   720  -23.3931   -0.164  0.100   0.063  0.227   2.651  5.926   100.0  100.0     0.789    0.0     91.7    71     22  0.607   0.96
   730   -9.7919   -0.185  0.100   0.063  0.225   3.631  5.926    97.7  100.0     0.816    0.0    100.0    72     23  0.626   0.98
   740   -7.9316   -0.165  0.100   0.065  0.230   2.893  5.926   100.0  100.0     0.820    0.0     83.3    73     24  0.489   1.01
   750   -7.1500   -0.164  0.075   0.062  0.226   2.457  5.926   100.0  100.0     0.797    0.0     83.3    73     24  0.441   1.03
   760   -5.7553   -0.165  0.075   0.062  0.227   2.292  5.926   100.0  100.0     0.859    0.0     83.3    73     24  0.490   0.94
   770   -8.6662   -0.165  0.075   0.064  0.229   2.477  2.634   100.0  100.0     0.836    0.0     83.3    73     24  0.412   0.98
   780   -4.8657   -0.173  0.075   0.059  0.224   2.600  2.634    99.2  100.0     0.827    0.0    100.0    73     24  0.366   1.01
   790   -3.7416   -0.177  0.075   0.062  0.223   2.329  2.634    98.4  100.0     0.833    0.0     91.7    73     24  0.311   1.06
   800   -2.8311   -0.174  0.052   0.060  0.226   2.175  2.634    99.2  100.0     0.858    0.0     91.7    74     24  0.322   1.00
      saved checkpoint @ step 800 | examples: ['Cc1ccccc1C(=O)COC(=O)c1ccc(N2CCCC2)cc1', 'O=C(CNC(=O)c1ccco1)NCc1ccc(Cl)cc1', 'O=C(Nc1ccc(Cl)cc1)Nc1cccc(O)c1', 'Cc1cccc(CNC(=O)NS(=O)(=O)c2ccc(OCc3ccccc3)cc2)c1', 'O=C(Cn1cc(COc2cccc(Cl)c2)nn1)Nc1ccccc1C(=O)O']
   810   -1.7380   -0.173  0.052   0.075  0.248   2.228  2.634   100.0  100.0     0.891    0.0     66.7    74     24  0.321   0.99
   820   -5.3549   -0.180  0.052   0.079  0.244   1.708  0.780    98.4  100.0     0.857    0.8     91.7    75     25  0.310   0.98
   830   -3.8172   -0.167  0.052   0.066  0.234   2.339  0.231   100.0  100.0     0.844    0.0     83.3    75     25  0.302   1.02
   840   -2.0951   -0.152  0.052   0.063  0.215   3.156  0.231   100.0  100.0     0.773    0.8    100.0    76     25  0.280   1.03
   850   -1.2168   -0.168  0.032   0.055  0.215   3.253  0.231    99.2  100.0     0.803    0.0     75.0    76     25  0.262   0.98
   860   -0.6968   -0.160  0.032   0.062  0.222   3.370  0.231   100.0  100.0     0.758    0.0     91.7    76     25  0.301   0.99
   870   -0.4476   -0.163  0.032   0.063  0.226   3.120  0.231   100.0  100.0     0.805    0.0    100.0    76     25  0.251   0.94
   880   -0.3280   -0.163  0.032   0.062  0.225   2.820  0.231   100.0  100.0     0.805    0.0    100.0    77     25  0.256   1.03
   890   -0.2142   -0.175  0.032   0.072  0.247   2.634  0.231   100.0  100.0     0.906    0.0     83.3    77     25  0.267   0.98
   900   -0.1650   -0.171  0.013   0.074  0.237   2.541  0.231    99.2  100.0     0.898    0.8    100.0    79     26  0.270   0.99
   910   -0.2741   -0.171  0.013   0.068  0.238   2.310  0.154   100.0  100.0     0.906    0.0     75.0    79     26  0.256   1.02
   920   -0.2094   -0.160  0.013   0.074  0.234   2.070  0.154   100.0  100.0     0.820    0.8    100.0    80     26  0.279   1.07
   930   -0.2001   -0.170  0.013   0.069  0.239   2.007  0.103   100.0  100.0     0.914    0.0     83.3    80     26  0.273   1.14
   940   -0.2600   -0.172  0.013   0.076  0.248   1.936  0.014   100.0  100.0     0.859    0.0     83.3    80     26  0.259   1.13
   950   -0.1789   -0.172 -0.004   0.067  0.240   2.092  0.004   100.0  100.0     0.859    0.0    100.0    80     26  0.267   1.15
   960   -0.1065   -0.169 -0.004   0.067  0.237   2.168  0.002   100.0  100.0     0.820    0.0    100.0    80     26  0.252   1.15
   970   -0.0714   -0.155 -0.004   0.084  0.239   2.181  0.002   100.0  100.0     0.844    1.6    100.0    82     27  0.276   1.13
   980   -0.0349   -0.166 -0.004   0.083  0.240   2.206  0.002    99.2  100.0     0.898    1.6    100.0    83     27  0.231   0.94
   990   -0.0157   -0.162 -0.004   0.077  0.239   2.146  0.002   100.0  100.0     0.836    0.8    100.0    83     27  0.224   0.80
      TL @ step 1000: 88 mols, 2/2 epochs, nll 0.241, kl_after 2.22
  1000   -0.0587   -0.118 -0.019   0.103  0.221   2.424  0.002   100.0   97.7     0.840    4.7    100.0    88     27  0.237   0.86
      saved checkpoint @ step 1000 | examples: ['Cc1ccc(S(=O)(=O)N(CCCCCCN2CCN(c3ccccc3)CC2)CC(=O)O)cc1', 'COC(=O)c1ccc(/C=C/C(=O)NCCCCCCS)cc1', 'O=C(Nc1ccc(OC(F)(F)F)cc1)c1cnc(N2CCCCC2)c(-c2cncnc2)c1', 'Cc1ccc(/C=C/C(=O)c2cccs2)cc1', 'COc1ccccc1CNc1ccc(CN2CCCCC2)cc1']
  1010   -0.0660   -0.084 -0.019   0.143  0.227   2.562  0.002   100.0   94.5     0.835    8.6    100.0    90     27  0.250   0.88
  1020   -0.1196    0.018 -0.019   0.238  0.220   4.164  0.003   100.0   85.9     0.782   20.3    100.0    94     27  0.249   1.42
  1030    0.3695    0.224 -0.019   0.418  0.194   6.522  0.103   100.0   64.1     0.756   39.8    100.0    96     27  0.243   1.00
  1040   58.9077   -0.360 -0.019   0.056  0.182  13.939  5.926    76.6  100.0     0.816    0.0     91.7   104     31  0.390   0.68
  1050   55.2498   -0.277 -0.032   0.062  0.214   8.770 20.000    87.5   99.1     0.883    0.0     66.7   105     31  0.605   1.07
  1060  -41.1206   -0.182 -0.032   0.062  0.229   2.884 20.000    98.4  100.0     0.849    0.8     83.3   105     31  0.693   1.16
  1070  -55.9093   -0.170 -0.032   0.067  0.237   1.921 13.333   100.0  100.0     0.883    0.0     91.7   105     31  0.716   1.06
  1080  -29.0091   -0.184 -0.032   0.059  0.219   3.350  8.889    97.7  100.0     0.840    0.0     91.7   105     31  0.842   1.03
  1090  -20.8478   -0.169 -0.032   0.062  0.223   2.721  8.889    99.2  100.0     0.819    0.8     91.7   105     31  0.702   1.06
  1100  -15.2940   -0.164 -0.044   0.067  0.231   2.418  8.889   100.0  100.0     0.820    0.8    100.0   105     31  0.610   1.08
  1110  -10.2736   -0.167 -0.044   0.066  0.233   2.407  8.889   100.0   99.2     0.780    0.0    100.0   106     31  0.518   1.10
  1120  -14.8653   -0.171 -0.044   0.075  0.246   2.159  5.926   100.0  100.0     0.867    0.0    100.0   106     31  0.434   1.03
  1130  -11.2781   -0.164 -0.044   0.063  0.227   2.354  3.951   100.0  100.0     0.789    0.0     83.3   106     31  0.408   1.11
  1140   -6.4905   -0.169 -0.044   0.057  0.218   2.483  3.951    99.2  100.0     0.819    0.8    100.0   106     31  0.370   1.05
  1150   -4.3019   -0.173 -0.055   0.072  0.237   2.469  3.951    99.2  100.0     0.858    0.8     91.7   106     31  0.350   1.17
  1160   -3.7310   -0.173 -0.055   0.071  0.243   2.213  3.951   100.0  100.0     0.820    0.0    100.0   106     31  0.409   1.12
  1170   -2.6998   -0.170 -0.055   0.069  0.240   2.128  3.951   100.0  100.0     0.828    0.0     91.7   106     31  0.375   1.21
  1180   -5.7619   -0.171 -0.055   0.077  0.241   2.225  1.171    99.2  100.0     0.843    1.6    100.0   106     31  0.379   1.10
  1190   -2.8456   -0.172 -0.055   0.071  0.243   2.698  1.171   100.0  100.0     0.820    0.0     91.7   106     31  0.322   0.71
  1200   -1.8871   -0.161 -0.066   0.070  0.231   2.529  1.171   100.0  100.0     0.805    2.3    100.0   106     31  0.327   0.84
      saved checkpoint @ step 1200 | examples: ['O=C(Nc1cc(Cl)cc(Cl)c1)c1ccccc1', 'O=C(CC1CCCC1)N1CCC2CCCCC21', 'CC(O)c1ccccc1', 'O=C(Nc1nc2ccccc2[nH]1)c1ccc([N+](=O)[O-])cc1', 'Fc1ccc(CNCCNCc2cccc(-n3cccn3)c2)cc1']
  1210   -1.5136   -0.163 -0.066   0.061  0.224   2.178  1.171   100.0  100.0     0.852    3.1    100.0   106     31  0.344   0.99
  1220   -0.9063   -0.159 -0.066   0.069  0.228   2.243  1.171   100.0  100.0     0.883    1.6    100.0   106     31  0.325   1.03
  1230   -1.4439   -0.172 -0.066   0.068  0.240   2.012  0.780   100.0  100.0     0.844    0.0    100.0   106     31  0.326   1.00
  1240   -1.5118   -0.171 -0.066   0.068  0.239   2.175  0.347   100.0  100.0     0.836    0.8     91.7   106     31  0.309   1.01
  1250   -0.7735   -0.171 -0.075   0.066  0.238   2.487  0.347   100.0  100.0     0.844    0.8    100.0   106     31  0.329   1.00
  1260   -0.5458   -0.174 -0.075   0.074  0.248   2.207  0.347   100.0  100.0     0.828    0.0    100.0   106     31  0.315   0.99
  1270   -0.7596   -0.174 -0.075   0.073  0.247   2.175  0.103   100.0  100.0     0.891    0.0     83.3   106     31  0.315   0.98
  1280   -0.5667   -0.174 -0.075   0.073  0.247   2.082  0.030   100.0  100.0     0.875    0.0    100.0   106     31  0.278   0.99
  1290   -0.3770   -0.166 -0.075   0.063  0.229   1.990  0.006   100.0  100.0     0.766    0.0     91.7   106     31  0.328   1.04
  1300   -0.2138   -0.178 -0.083   0.071  0.241   2.058  0.006    99.2  100.0     0.748    1.6     91.7   106     31  0.278   1.01
  1310   -0.1301   -0.170 -0.083   0.069  0.240   2.231  0.003   100.0  100.0     0.828    1.6     75.0   106     31  0.291   1.05
  1320   -0.0706   -0.168 -0.083   0.070  0.239   2.208  0.003   100.0  100.0     0.844    1.6    100.0   106     31  0.301   1.00
  1330   -0.0393   -0.168 -0.083   0.068  0.236   2.160  0.001   100.0  100.0     0.773    3.1    100.0   106     31  0.297   1.01
  1340   -0.0244   -0.163 -0.083   0.062  0.225   2.069  0.001   100.0  100.0     0.844    0.8     91.7   107     31  0.277   0.73
  1350   -0.0200   -0.161 -0.090   0.060  0.221   2.458  0.001   100.0  100.0     0.766    3.9     83.3   108     32  0.256   0.75
  1360   -0.0025   -0.170 -0.090   0.063  0.225   2.202  0.001    99.2  100.0     0.803    3.9    100.0   108     32  0.258   0.78
  1370    0.0032   -0.165 -0.090   0.063  0.228   2.399  0.001   100.0  100.0     0.812    2.3     75.0   108     32  0.269   0.66
  1380   -0.0006   -0.159 -0.090   0.054  0.212   2.355  0.001   100.0  100.0     0.766    4.7    100.0   108     32  0.254   0.92
  1390    0.0081   -0.165 -0.090   0.060  0.225   2.477  0.001   100.0  100.0     0.828    7.0    100.0   108     32  0.247   0.98
  1400    0.0038   -0.163 -0.096   0.059  0.222   2.653  0.001   100.0  100.0     0.773    1.6     83.3   109     32  0.257   0.91
      saved checkpoint @ step 1400 | examples: ['CCCCCCCCCCCCSCC(=O)O', 'O=C(c1ccccc1)N1CCN(c2ccccn2)CC1', 'CCOC(=O)C1=C(C)NC(=O)NC1c1cccc2ccccc12', 'CN(C)C(O)COCc1ccccc1', 'O=C(c1ccccc1)N1CC(O)C(F)(F)C1']
  1410    0.0109   -0.169 -0.096   0.059  0.220   2.469  0.001    99.2  100.0     0.811    3.9     91.7   109     32  0.267   0.96
  1420    0.0023   -0.157 -0.096   0.076  0.225   2.746  0.001    99.2  100.0     0.835    6.2     91.7   110     32  0.277   0.95
  1430   -0.0036   -0.148 -0.096   0.062  0.211   2.791  0.001   100.0  100.0     0.789    7.8     91.7   110     32  0.243   1.05
  1440    0.0034   -0.154 -0.096   0.068  0.213   2.590  0.001    99.2   99.2     0.746    7.8    100.0   110     32  0.236   0.97
  1450    0.0107   -0.163 -0.101   0.060  0.215   2.656  0.001    99.2  100.0     0.756    7.8     91.7   111     32  0.225   0.91
  1460   -0.0087   -0.137 -0.101   0.090  0.211   3.113  0.001    98.4   98.4     0.806    9.4     91.7   111     32  0.246   0.88
  1470   -0.0704   -0.045 -0.101   0.160  0.205   3.591  0.001   100.0   92.2     0.746   17.2    100.0   111     32  0.284   0.99
  1480   -0.0602    0.103 -0.101   0.318  0.207   6.024  0.017    99.2   78.0     0.657   36.7    100.0   112     33  0.270   0.95
  1490    4.5422    0.070 -0.101   0.318  0.232   6.519  0.985    98.4   89.7     0.637   39.1    100.0   117     36  0.257   0.98
      TL @ step 1500: 118 mols, 1/2 epochs, nll 0.502, kl_after 12.16 ABORTED (kl tripwire)
  1500  196.6105   -0.304 -0.102   0.060  0.192  15.708 20.000    82.8  100.0     0.840    4.7     66.7   118     37  0.528   0.92
  1510  -22.2738   -0.197 -0.102   0.069  0.234   4.632 20.000    96.9  100.0     0.879    3.1     83.3   118     37  0.462   1.07
  1520  -38.2979   -0.181 -0.102   0.078  0.235   2.843 20.000    97.7  100.0     0.904    2.3    100.0   118     37  0.490   1.06
  1530  -25.6096   -0.161 -0.102   0.066  0.227   2.511 20.000   100.0  100.0     0.836    7.8    100.0   119     37  0.504   1.00
  1540  -26.8747   -0.183 -0.102   0.073  0.248   2.034 20.000    99.2  100.0     0.866    1.6     91.7   119     37  0.404   1.00
  1550  -16.1379   -0.172 -0.108   0.067  0.239   2.118 20.000   100.0  100.0     0.867    3.9     91.7   119     37  0.417   0.99
  1560  -28.6362   -0.170 -0.108   0.069  0.239   1.872 13.333   100.0  100.0     0.820    4.7    100.0   119     37  0.418   1.05
  1570  -20.0657   -0.176 -0.108   0.069  0.237   2.399  8.889    99.2  100.0     0.827    5.5    100.0   119     37  0.439   0.92
  1580  -13.4008   -0.176 -0.108   0.067  0.235   2.220  8.889    99.2  100.0     0.882    4.7    100.0   119     37  0.449   0.94
  1590  -10.5376   -0.180 -0.108   0.075  0.247   2.009  8.889    99.2  100.0     0.898    4.7     91.7   119     37  0.458   0.96
  1600   -6.3025   -0.174 -0.113   0.074  0.249   2.096  8.889   100.0  100.0     0.898    3.9     91.7   119     37  0.357   0.94
      saved checkpoint @ step 1600 | examples: ['CSc1nc2ccccc2n1CC(=O)NCCCc1cccnc1', 'CC(=O)Nc1ccc(NC(=O)CSCc2ccccc2F)cc1', 'CS(=O)(=O)Nc1ccc(S(=O)(=O)NCC(=O)N2CCN(C(=O)c3ccccc3Br)CC2)cc1', 'N#Cc1ccc(O)nc1', 'COc1ccc(C(=O)Nc2cccnc2)cc1OCC1CCC1']
  1610  -15.5826   -0.175 -0.113   0.069  0.235   2.402  1.756    99.2  100.0     0.874    3.9    100.0   119     37  0.372   0.96
  1620   -9.1323   -0.174 -0.113   0.059  0.225   2.435  1.756    99.2  100.0     0.858    3.9     91.7   119     37  0.346   0.96
  1630   -4.6913   -0.167 -0.113   0.061  0.221   2.967  1.756    99.2  100.0     0.803    8.6    100.0   119     37  0.380   0.98
  1640   -2.8053   -0.155 -0.113   0.063  0.218   2.962  1.756   100.0  100.0     0.789   11.7     91.7   120     38  0.374   0.95
  1650   -2.3008   -0.175 -0.117   0.068  0.235   2.531  1.756    99.2  100.0     0.827    9.4    100.0   120     38  0.351   0.91
  1660   -1.4913   -0.172 -0.117   0.069  0.242   2.470  1.756   100.0  100.0     0.844    3.9    100.0   120     38  0.386   0.75
  1670   -1.5607   -0.172 -0.117   0.068  0.239   2.053  1.756   100.0  100.0     0.875    6.2    100.0   120     38  0.361   0.79
  1680   -2.9188   -0.161 -0.117   0.070  0.231   2.198  0.520   100.0  100.0     0.898   10.2     91.7   120     38  0.331   0.78
  1690   -1.8965   -0.171 -0.117   0.069  0.240   2.435  0.347   100.0  100.0     0.859    8.6     83.3   120     38  0.326   0.84
  1700   -1.0881   -0.169 -0.121   0.068  0.237   2.582  0.347   100.0  100.0     0.867    8.6     91.7   120     38  0.344   0.90
  1710   -0.7895   -0.169 -0.121   0.067  0.236   2.226  0.347   100.0  100.0     0.844   10.9     91.7   120     38  0.323   0.92
  1720   -0.3842   -0.172 -0.121   0.070  0.242   2.478  0.347   100.0  100.0     0.844    6.2    100.0   120     38  0.335   1.02
  1730   -0.3540   -0.171 -0.121   0.073  0.244   2.118  0.347   100.0  100.0     0.867    7.8    100.0   120     38  0.308   1.04
  1740   -0.2097   -0.179 -0.121   0.074  0.245   2.109  0.347    99.2   99.2     0.889    6.2     91.7   120     38  0.304   1.03
  1750   -0.5667   -0.172 -0.125   0.077  0.249   2.244  0.046   100.0  100.0     0.867   11.7    100.0   120     38  0.300   1.04
  1760   -0.3460   -0.174 -0.125   0.081  0.247   2.298  0.030    99.2  100.0     0.850   11.7     91.7   120     38  0.304   0.89
  1770   -0.2124   -0.181 -0.125   0.061  0.226   2.330  0.020    98.4  100.0     0.849    7.0     91.7   121     39  0.294   0.90
  1780   -0.1420   -0.166 -0.125   0.064  0.229   2.131  0.014   100.0  100.0     0.875   13.3     83.3   121     39  0.311   1.01
  1790   -0.0830   -0.165 -0.125   0.058  0.223   2.081  0.014   100.0  100.0     0.867   11.7     91.7   121     39  0.300   0.77
  1800   -0.0503   -0.164 -0.129   0.071  0.234   2.164  0.014   100.0  100.0     0.859   10.9     91.7   122     40  0.287   0.78
      saved checkpoint @ step 1800 | examples: ['Cc1ccc(NCc2nc(-c3ccco3)no2)cc1', 'O=C(Cc1cccs1)NC1CCN(CC(O)COc2ccccc2)CC1', 'Cc1nnc(-c2ccc3c(c2)CC(=O)N3)s1', 'CC(C)(NCCc1ccccc1)C(=O)O', 'O=C(Nc1cccc(F)c1)c1cccs1']
  1810   -0.0190   -0.171 -0.129   0.068  0.239   2.053  0.014   100.0  100.0     0.859    7.0     83.3   122     40  0.302   0.72
  1820    0.0041   -0.183 -0.129   0.066  0.233   2.091  0.014    98.4  100.0     0.841   12.5    100.0   122     40  0.293   0.74
  1830   -0.0304   -0.150 -0.129   0.088  0.238   2.292  0.004   100.0   99.2     0.827    8.6    100.0   123     40  0.309   0.78
  1840   -0.0152   -0.155 -0.129   0.088  0.235   2.324  0.002    99.2   98.4     0.896   10.9     91.7   125     40  0.269   0.72
  1850   -0.0377   -0.118 -0.131   0.113  0.223   2.636  0.002    99.2   96.9     0.854   20.3    100.0   127     42  0.289   0.73
  1860   -0.0526   -0.079 -0.131   0.151  0.230   2.988  0.002   100.0   94.5     0.802   25.8    100.0   130     43  0.309   0.79
  1870   -0.1373    0.081 -0.131   0.311  0.207   5.078  0.006    97.7   78.4     0.776   39.1    100.0   132     44  0.297   0.83
  1880    1.5740    0.216 -0.131   0.433  0.217   6.287  0.347   100.0   66.4     0.824   49.2    100.0   133     45  0.318   0.67
  1890   36.1275   -0.188 -0.131   0.095  0.236   6.013  8.889    95.3   97.5     0.874    8.6    100.0   135     45  0.357   0.80
  1900   35.8228   -0.211 -0.133   0.084  0.256   4.943 13.333    96.1  100.0     0.902    7.8    100.0   136     46  0.449   0.74
  1910    2.0448   -0.177 -0.133   0.072  0.241   2.563 13.333    99.2  100.0     0.843   15.6     91.7   137     46  0.429   0.80
  1920  -22.0104   -0.169 -0.133   0.072  0.241   1.892  1.756   100.0  100.0     0.852   17.2    100.0   138     47  0.469   0.74
  1930  -11.6492   -0.172 -0.133   0.075  0.247   2.779  1.756   100.0  100.0     0.859   11.7     91.7   138     47  0.580   0.78
  1940   -6.3812   -0.161 -0.133   0.059  0.220   3.040  1.756   100.0  100.0     0.812   24.2     91.7   138     47  0.552   0.80
  1950   -3.7425   -0.165 -0.135   0.061  0.226   3.118  1.756   100.0  100.0     0.750   16.4     91.7   138     47  0.490   0.70
  1960   -3.1465   -0.166 -0.135   0.060  0.225   2.634  1.756   100.0  100.0     0.820   14.8    100.0   138     47  0.430   0.75
  1970   -1.9497   -0.159 -0.135   0.073  0.233   2.592  1.756   100.0  100.0     0.859   18.0    100.0   138     47  0.417   0.79
  1980   -1.6191   -0.168 -0.135   0.073  0.241   2.278  1.756   100.0  100.0     0.898   18.0    100.0   138     47  0.388   0.77
  1990   -2.7157   -0.173 -0.135   0.080  0.254   1.960  1.171   100.0   99.2     0.874   10.9    100.0   138     47  0.398   0.78
      TL @ step 2000: 138 mols, 2/2 epochs, nll 0.495, kl_after 2.40
  2000   -1.9251   -0.171 -0.137   0.073  0.244   2.365  0.780   100.0  100.0     0.844   10.9     91.7   138     47  0.375   0.75
      saved checkpoint @ step 2000 | examples: ['CCCc1ccccc1OC(=O)c1ccc(O)cc1', 'Cc1cccc(C(C)(C)C)c1NC(=O)c1ccccc1N', 'O=C(Nc1ccccc1)Nc1ccc(-c2ccc(OC(F)(F)F)cc2)cc1', 'NC(=O)c1ccc(CSc2nc3ccccc3s2)cc1', 'CC(C)(C)CNC(=O)c1ccc([N+](=O)[O-])o1']
  2010   -1.1054   -0.166 -0.137   0.065  0.231   2.465  0.780   100.0  100.0     0.789   21.9    100.0   138     47  0.360   0.78
  2020   -0.7970   -0.172 -0.137   0.072  0.244   2.272  0.780   100.0  100.0     0.859   13.3     83.3   138     47  0.390   0.80
  2030   -1.2140   -0.170 -0.137   0.069  0.238   2.245  0.347   100.0  100.0     0.930   18.0    100.0   138     47  0.334   0.81
  2040   -0.7634   -0.166 -0.137   0.074  0.240   2.132  0.347   100.0  100.0     0.852   18.8    100.0   139     47  0.326   0.83
  2050   -0.4285   -0.187 -0.139   0.078  0.249   2.181  0.347    98.4  100.0     0.937   10.9     83.3   139     47  0.321   0.76
  2060   -0.7118   -0.182 -0.139   0.071  0.245   2.348  0.069    99.2  100.0     0.874   13.3     91.7   139     47  0.329   0.75
  2070   -0.4287   -0.167 -0.139   0.067  0.234   2.134  0.069   100.0  100.0     0.883   19.5     91.7   140     48  0.323   0.81
  2080   -0.3282   -0.171 -0.139   0.066  0.237   2.144  0.020   100.0  100.0     0.898   14.1    100.0   140     48  0.303   0.80
  2090   -0.1876   -0.169 -0.139   0.071  0.240   2.112  0.020   100.0  100.0     0.836   14.1    100.0   140     48  0.315   0.73
  2100   -0.1103   -0.170 -0.141   0.072  0.243   2.412  0.014   100.0  100.0     0.867   18.0     91.7   141     49  0.341   0.73
  2110   -0.0655   -0.168 -0.141   0.072  0.240   2.083  0.014   100.0  100.0     0.891   14.1     91.7   144     51  0.297   0.75
  2120   -0.0451   -0.169 -0.141   0.067  0.236   2.231  0.004   100.0  100.0     0.805   15.6     83.3   145     52  0.307   0.80
  2130   -0.0125   -0.182 -0.141   0.067  0.233   2.486  0.003    98.4  100.0     0.841   17.2     75.0   145     52  0.329   0.68
  2140   -0.0104   -0.169 -0.141   0.063  0.233   2.018  0.002   100.0  100.0     0.867   18.0    100.0   145     52  0.300   0.78
  2150   -0.0065   -0.164 -0.143   0.063  0.227   2.148  0.001   100.0  100.0     0.859   26.6     83.3   145     52  0.310   0.80
  2160    0.0029   -0.167 -0.143   0.069  0.236   2.164  0.001   100.0  100.0     0.883   21.1    100.0   145     52  0.291   0.72
  2170    0.0016   -0.165 -0.143   0.076  0.233   2.262  0.001    99.2  100.0     0.803   21.1     91.7   147     53  0.281   0.79
  2180   -0.0016   -0.154 -0.143   0.077  0.231   2.216  0.001   100.0  100.0     0.781   19.5    100.0   147     53  0.302   0.75
  2190    0.0182   -0.164 -0.143   0.066  0.230   2.312  0.001   100.0  100.0     0.758   23.4    100.0   149     54  0.368   0.74
  2200   -0.0053   -0.144 -0.143   0.076  0.220   2.590  0.001   100.0  100.0     0.773   30.5    100.0   151     54  0.268   0.80
      saved checkpoint @ step 2200 | examples: ['Cn1cnc(S(=O)(=O)NCC(c2ccccc2)c2cccnc2)c1', 'CCOC(=O)C1CCN(Cc2ccccc2)CC1', 'CN1CCN(c2nccc(-c3ccccc3)n2)CC1', 'O=C(Nc1ccc(NC(=O)N2CCCCC2)cc1)c1ccc2c(c1)OCO2', 'O=S(=O)([O-])c1ccc(Cc2ccccc2)cc1']
  2210   -0.0194   -0.119 -0.143   0.102  0.222   2.758  0.001   100.0   96.1     0.805   31.2    100.0   154     55  0.262   0.79
  2220   -0.0770   -0.040 -0.143   0.177  0.216   3.506  0.001   100.0   91.4     0.778   35.2    100.0   157     57  0.290   0.75
  2230   -0.1559    0.211 -0.143   0.413  0.202   6.264  0.017   100.0   67.2     0.802   56.2    100.0   159     58  0.303   0.72
  2240    4.9643    0.050 -0.143   0.298  0.241   7.062  0.985    99.2   91.3     0.784   45.3    100.0   165     59  0.284   0.85
  2250  119.2091   -0.194 -0.071   0.125  0.249   9.787 20.000    93.0  100.0     0.882    8.6     50.0   195     77  0.428   0.78
  2260   -7.4066   -0.204 -0.071   0.071  0.235   3.963 20.000    96.1  100.0     0.813    0.8     83.3   200     81  0.546   0.77
  2270  -10.9027   -0.187 -0.071   0.074  0.246   3.362 20.000    98.4  100.0     0.873    0.8     91.7   200     81  0.668   0.88
  2280  -22.8509   -0.166 -0.071   0.066  0.232   2.137 20.000   100.0  100.0     0.875    2.3     91.7   200     81  0.640   0.71
  2290  -29.8894   -0.177 -0.071   0.075  0.244   2.089 13.333    99.2  100.0     0.811    0.8     91.7   200     81  0.604   0.73
  2300  -17.4037   -0.169 -0.080   0.071  0.240   2.219 13.333   100.0  100.0     0.820    3.1     83.3   200     81  0.600   0.75
  2310  -17.8564   -0.167 -0.080   0.076  0.242   2.369  8.889   100.0  100.0     0.875    3.9    100.0   200     81  0.593   0.73
  2320   -7.7751   -0.166 -0.080   0.069  0.235   2.699  8.889   100.0  100.0     0.875    0.8     83.3   201     81  0.511   0.70
  2330   -7.4945   -0.173 -0.080   0.069  0.242   2.268  8.889   100.0  100.0     0.867    0.8     91.7   201     81  0.580   0.64
  2340   -7.0149   -0.174 -0.080   0.069  0.235   2.036  8.889    99.2  100.0     0.898    0.8    100.0   201     81  0.520   0.71
  2350  -15.8385   -0.174 -0.088   0.067  0.232   2.035  2.634    99.2  100.0     0.890    3.1    100.0   201     81  0.503   0.71
  2360   -8.8575   -0.171 -0.088   0.065  0.236   2.305  2.634   100.0  100.0     0.859    0.0     83.3   202     81  0.462   0.65
  2370   -4.3462   -0.166 -0.088   0.068  0.233   2.683  2.634   100.0  100.0     0.820    3.1    100.0   202     81  0.522   0.72
  2380   -3.0147   -0.167 -0.088   0.069  0.236   2.533  2.634   100.0  100.0     0.852    0.0    100.0   202     81  0.433   0.70
  2390   -1.7382   -0.167 -0.088   0.070  0.237   2.534  2.634   100.0  100.0     0.891    0.8     91.7   202     81  0.480   0.74
  2400   -4.1489   -0.178 -0.095   0.067  0.237   1.924  1.756    99.2  100.0     0.929    1.6     91.7   202     81  0.524   0.78
      saved checkpoint @ step 2400 | examples: ['NC(C(=O)O)c1ccc(NC(=O)c2ccccc2)cc1', 'c1cc2c(cc1C1CCNCC1)OCO2', 'CN(C)Cc1cccc(-c2cccs2)n1', 'COc1ccn(C(c2ccc(Cl)cc2)c2ccccn2)c(=O)c1', 'Cc1cccc(C(=O)Nc2cccc(-c3cccnc3)c2)c1']
  2410   -3.1369   -0.172 -0.095   0.072  0.244   2.157  1.171   100.0  100.0     0.844    2.3     91.7   202     81  0.595   0.67
  2420   -1.7168   -0.169 -0.095   0.069  0.238   2.335  1.171   100.0  100.0     0.836    2.3     83.3   202     81  0.458   0.66
  2430   -1.3091   -0.169 -0.095   0.065  0.234   2.082  1.171   100.0  100.0     0.812    3.1     83.3   202     81  0.459   0.66
  2440   -1.3786   -0.172 -0.095   0.081  0.253   2.270  0.780   100.0  100.0     0.930    1.6     75.0   202     81  0.512   0.71
  2450   -1.5655   -0.171 -0.102   0.074  0.245   1.973  0.520   100.0  100.0     0.875    1.6     91.7   202     81  0.432   0.73
  2460   -1.1196   -0.172 -0.102   0.071  0.243   2.169  0.347   100.0  100.0     0.852    3.1     91.7   202     81  0.380   0.79
  2470   -0.5791   -0.174 -0.102   0.079  0.253   2.397  0.347   100.0  100.0     0.867    2.3    100.0   202     81  0.464   0.76
  2480   -0.4486   -0.175 -0.102   0.068  0.236   2.010  0.347    99.2  100.0     0.882    6.2    100.0   202     81  0.377   0.80
  2490   -0.6592   -0.173 -0.102   0.075  0.249   1.903  0.154   100.0  100.0     0.898    2.3    100.0   202     81  0.366   0.79
      TL @ step 2500: 202 mols, 2/2 epochs, nll 0.371, kl_after 2.34
  2500   -0.4429   -0.173 -0.108   0.069  0.242   2.073  0.103   100.0  100.0     0.844    3.1    100.0   202     81  0.362   0.73
  2510   -0.3569   -0.172 -0.108   0.068  0.240   2.032  0.046   100.0  100.0     0.898    2.3    100.0   202     81  0.404   0.73
  2520   -0.2427   -0.178 -0.108   0.072  0.235   2.113  0.020    98.4  100.0     0.881    3.9     83.3   202     81  0.368   0.76
  2530   -0.1646   -0.172 -0.108   0.072  0.244   2.111  0.004   100.0  100.0     0.914    3.1     91.7   202     81  0.345   0.79
  2540   -0.0998   -0.162 -0.108   0.072  0.234   2.382  0.003   100.0  100.0     0.914    5.5     75.0   202     81  0.374   0.79
  2550   -0.0542   -0.168 -0.113   0.066  0.234   2.248  0.003   100.0  100.0     0.883    9.4     91.7   202     81  0.348   0.72
  2560   -0.0314   -0.168 -0.113   0.065  0.233   1.819  0.001   100.0  100.0     0.883    6.2     91.7   203     82  0.317   0.70
  2570   -0.0258   -0.156 -0.113   0.078  0.235   2.039  0.001   100.0  100.0     0.859    6.2    100.0   206     84  0.308   0.77
  2580    0.0064   -0.174 -0.113   0.066  0.232   2.300  0.001    99.2  100.0     0.803    5.5     91.7   207     84  0.327   0.90
  2590    0.0003   -0.157 -0.113   0.073  0.229   2.310  0.001   100.0  100.0     0.852   10.9    100.0   210     86  0.404   0.69
  2600    0.0138   -0.174 -0.117   0.068  0.234   2.201  0.001    99.2  100.0     0.811    8.6     91.7   211     86  0.322   0.70
      saved checkpoint @ step 2600 | examples: ['COc1ccc(OCCCn2cnc3ccccc32)cc1', 'CS(=O)(=O)c1ccc(-c2cn(-c3ccc(F)cc3)nn2)cc1', 'CCCC(CCC)C(=O)O', 'NS(=O)(=O)c1ccc(N2C(=O)CSC2c2ccc(F)cc2)cc1', 'NC(=O)C(Cc1ccccc1)(c1ccccc1)c1cnc[nH]1']
  2610    0.0182   -0.175 -0.117   0.064  0.231   2.461  0.001    99.2  100.0     0.811    8.6    100.0   212     87  0.302   0.68
  2620    0.0041   -0.149 -0.117   0.075  0.224   2.341  0.001   100.0  100.0     0.836    9.4     83.3   213     87  0.420   0.70
  2630    0.0018   -0.144 -0.117   0.079  0.223   2.433  0.001   100.0   99.2     0.858   13.3    100.0   215     88  0.328   0.93
  2640   -0.0462   -0.087 -0.117   0.131  0.210   2.952  0.001    99.2   96.1     0.779   21.9    100.0   218     89  0.362   0.69
  2650   -0.1735    0.069 -0.120   0.298  0.221   4.499  0.001    99.2   79.5     0.832   29.7    100.0   223     93  0.316   0.74
  2660   -0.1128    0.301 -0.120   0.491  0.190   7.157  0.030   100.0   58.6     0.680   56.2    100.0   225     94  0.296   0.69
  2670    7.3599   -0.087 -0.120   0.157  0.236   5.595  1.756    99.2   94.5     0.858   14.8    100.0   228     97  0.312   0.72
  2680   10.8198   -0.179 -0.120   0.095  0.266   3.623  5.926    99.2  100.0     0.874    5.5     91.7   230     97  0.357   0.72
  2690    2.1920   -0.185 -0.120   0.079  0.248   2.435  5.926    98.4  100.0     0.873    6.2     91.7   230     97  0.404   0.69
  2700   -8.1792   -0.176 -0.124   0.076  0.252   1.854  1.171   100.0  100.0     0.898    6.2     91.7   230     97  0.451   0.69
  2710   -5.6734   -0.171 -0.124   0.062  0.225   2.244  0.520    99.2  100.0     0.811   11.7    100.0   231     97  0.424   0.68
  2720   -3.0332   -0.155 -0.124   0.069  0.224   2.989  0.520   100.0  100.0     0.828   15.6     91.7   231     97  0.401   0.76
  2730   -1.6942   -0.159 -0.124   0.057  0.216   3.189  0.520   100.0   99.2     0.740   14.8    100.0   231     97  0.366   0.67
  2740   -1.0753   -0.169 -0.124   0.064  0.233   3.029  0.520   100.0  100.0     0.820    5.5    100.0   231     97  0.445   0.70
  2750   -0.7681   -0.166 -0.127   0.063  0.229   2.698  0.520   100.0  100.0     0.844   10.9    100.0   231     97  0.357   0.64
  2760   -0.5039   -0.164 -0.127   0.063  0.227   2.559  0.520   100.0  100.0     0.844   13.3     91.7   231     97  0.309   0.73
  2770   -0.4325   -0.179 -0.127   0.068  0.239   2.223  0.520    99.2  100.0     0.937    9.4    100.0   231     97  0.353   0.71
  2780   -0.8381   -0.173 -0.127   0.070  0.244   2.041  0.231   100.0  100.0     0.828    7.8     83.3   231     97  0.423   0.75
  2790   -0.4849   -0.176 -0.127   0.069  0.238   2.132  0.231    99.2  100.0     0.827   10.2     83.3   231     97  0.346   0.64
  2800   -0.5261   -0.175 -0.130   0.084  0.258   2.018  0.103   100.0  100.0     0.852    9.4     91.7   234     98  0.381   0.70
      saved checkpoint @ step 2800 | examples: ['O=C(O)c1ccc(C#Cc2ccccc2O)cc1', 'O=C(Nc1ccc(F)cc1)c1ccc2cc[nH]c2n1', 'CN(C)c1ncnc2ccc(N)cc12', 'Cc1ccc(C)c(NCC(=O)N2CCC(C(=O)Nc3ccc(F)cc3)CC2)c1', 'Cc1cccnc1OCC(=O)NCCc1ccccc1']
  2810   -0.2930   -0.165 -0.130   0.064  0.229   2.238  0.103   100.0  100.0     0.828   11.7     91.7   234     98  0.344   0.73
  2820   -0.2778   -0.180 -0.130   0.062  0.226   2.224  0.030    98.4  100.0     0.865   13.3    100.0   234     98  0.365   0.72
  2830   -0.2034   -0.167 -0.130   0.067  0.234   2.121  0.009   100.0  100.0     0.836   15.6     83.3   235     99  0.358   0.74
  2840   -0.1131   -0.171 -0.130   0.070  0.241   2.229  0.006   100.0  100.0     0.836    8.6    100.0   235     99  0.409   0.78
  2850   -0.0685   -0.169 -0.133   0.071  0.240   2.267  0.004   100.0  100.0     0.750   14.1    100.0   235     99  0.328   0.67
  2860   -0.0455   -0.161 -0.133   0.058  0.219   2.054  0.003   100.0  100.0     0.820   18.8     83.3   237    100  0.324   0.74
  2870   -0.0161   -0.169 -0.133   0.075  0.236   2.448  0.001    99.2   99.2     0.857   14.8    100.0   237    100  0.355   0.71
  2880   -0.0077   -0.165 -0.133   0.054  0.212   2.461  0.001    99.2  100.0     0.787   21.1     91.7   237    100  0.340   0.65
  2890   -0.0055   -0.159 -0.133   0.072  0.231   2.385  0.001   100.0   99.2     0.874   11.7     83.3   237    100  0.349   0.70
  2900    0.0114   -0.168 -0.134   0.067  0.236   2.204  0.001   100.0  100.0     0.789   15.6    100.0   237    100  0.377   0.75
  2910    0.0142   -0.165 -0.134   0.065  0.230   2.246  0.001   100.0  100.0     0.828   20.3     91.7   237    100  0.388   0.70
  2920    0.0172   -0.166 -0.134   0.061  0.227   2.203  0.001   100.0  100.0     0.797   18.8    100.0   237    100  0.385   0.73
  2930    0.0218   -0.170 -0.134   0.062  0.224   2.241  0.001    99.2  100.0     0.819   16.4    100.0   237    100  0.338   0.69
  2940    0.0054   -0.152 -0.134   0.061  0.212   2.620  0.001   100.0  100.0     0.766   21.9     91.7   238    100  0.309   0.70
  2950    0.0171   -0.162 -0.135   0.062  0.223   2.527  0.001   100.0  100.0     0.773   19.5    100.0   239    101  0.326   0.68
  2960    0.0188   -0.159 -0.135   0.058  0.217   2.591  0.001   100.0  100.0     0.758   20.3     91.7   239    101  0.307   0.67
  2970   -0.0168   -0.121 -0.135   0.086  0.199   2.922  0.001    99.2   98.4     0.712   33.6    100.0   240    102  0.300   0.68
  2980   -0.0327   -0.088 -0.135   0.114  0.202   3.128  0.001   100.0   96.1     0.691   32.0    100.0   245    103  0.302   0.72
  2990   -0.1896    0.108 -0.135   0.311  0.194   5.323  0.002    99.2   75.6     0.677   46.9    100.0   246    103  0.320   0.67
      TL @ step 3000: 246 mols, 2/2 epochs, nll 0.329, kl_after 7.88
  3000    0.4518    0.390 -0.071   0.577  0.180   8.177  0.103    99.2   47.2     0.700   58.6    100.0   246    103  0.331   0.68
      saved checkpoint @ step 3000 | examples: ['Cc1cc(F)ccc1-c1ccc2cc(NC(=O)C3CC3)ncc2c1', 'Cc1cccc(F)c1-c1ccc2cc(NC(=O)C3CC3)ncc2c1', 'Cc1ccc(F)cc1-c1ccc2cc(NC(=O)C3CC3)ncc2c1', 'Cc1ccc(F)cc1-c1ccc2cc(NC(=O)C3CC3)ncc2c1', 'Cc1ccc(F)cc1-c1ccc2cc(NC(=O)C3CC3)ncc2c1']
  3010   36.5447   -0.221 -0.071   0.086  0.221   8.663  5.926    91.4  100.0     0.829    3.1     91.7   249    105  0.403   0.70
  3020   62.3003   -0.283 -0.071   0.068  0.218  10.114 20.000    86.7  100.0     0.910    0.0     91.7   249    105  0.533   0.73
  3030  -38.0740   -0.191 -0.071   0.061  0.213   3.893 20.000    96.1  100.0     0.854    0.8    100.0   249    105  0.642   0.74
  3040  -40.2986   -0.178 -0.071   0.063  0.225   2.328 20.000    98.4  100.0     0.770    0.8     91.7   250    105  0.550   0.68
  3050  -18.1436   -0.173 -0.079   0.062  0.227   2.795 20.000    99.2  100.0     0.827    1.6    100.0   252    107  0.614   0.70
  3060  -18.4151   -0.179 -0.079   0.070  0.241   2.307 20.000    99.2  100.0     0.929    0.0     91.7   253    107  0.657   0.74
  3070  -32.0087   -0.173 -0.079   0.075  0.248   1.970 13.333   100.0  100.0     0.891    0.8    100.0   253    107  0.593   0.70
  3080  -17.1504   -0.175 -0.079   0.073  0.248   2.242 13.333   100.0  100.0     0.859    0.0    100.0   253    107  0.493   0.74
  3090  -18.8299   -0.176 -0.079   0.082  0.258   2.395  8.889   100.0  100.0     0.883    0.8     91.7   253    107  0.548   0.72
  3100  -10.4606   -0.182 -0.088   0.064  0.231   2.512  8.889    98.4  100.0     0.841    3.1    100.0   253    107  0.495   0.65
  3110   -7.4342   -0.172 -0.088   0.073  0.245   2.397  8.889   100.0  100.0     0.914    0.8    100.0   253    107  0.407   0.68
  3120  -11.4170   -0.171 -0.088   0.072  0.243   2.214  5.926   100.0  100.0     0.898    0.8     91.7   253    107  0.402   0.69
  3130   -7.4713   -0.175 -0.088   0.070  0.246   2.180  5.926   100.0  100.0     0.891    0.8    100.0   253    107  0.421   0.74
  3140   -8.3500   -0.170 -0.088   0.075  0.245   2.260  3.951   100.0  100.0     0.906    1.6     83.3   253    107  0.383   0.66
  3150   -5.1203   -0.169 -0.095   0.069  0.237   2.296  3.951   100.0  100.0     0.812    3.9     91.7   254    107  0.368   0.70
  3160   -3.5518   -0.173 -0.095   0.070  0.244   2.197  3.951   100.0  100.0     0.922    0.0    100.0   254    107  0.388   0.73
  3170   -4.1042   -0.165 -0.095   0.080  0.245   2.259  2.634   100.0  100.0     0.906    2.3     83.3   255    108  0.334   0.75
  3180   -4.7881   -0.172 -0.095   0.081  0.245   2.522  1.171    99.2  100.0     0.898    3.9     91.7   255    108  0.367   0.87
  3190   -2.8041   -0.170 -0.095   0.069  0.239   2.547  1.171   100.0  100.0     0.828    0.8     83.3   255    108  0.365   0.79
  3200   -1.5826   -0.163 -0.101   0.061  0.224   2.617  1.171   100.0  100.0     0.852    5.5    100.0   255    108  0.352   0.69
      saved checkpoint @ step 3200 | examples: ['O=C(Cn1ccc(=O)[nH]c1=O)Nc1ccc2c(c1)OCCO2', 'CN(C(=O)COC(=O)COc1ccc(Cl)cc1)c1ccccc1', 'N=C(N)c1ccc(CNC(=O)c2cc3ccccc3[nH]2)cc1', 'O=C(CSc1nnc(-c2ccncc2)o1)Nc1ccccc1', 'Cc1cccc(OCC(=O)NCc2cccc(Cl)c2)c1']
  3210   -1.0536   -0.170 -0.101   0.068  0.239   2.455  1.171   100.0  100.0     0.852    3.9     91.7   255    108  0.367   0.73
  3220   -0.9676   -0.166 -0.101   0.070  0.236   2.118  1.171   100.0  100.0     0.875    6.2     91.7   255    108  0.431   0.70
  3230   -1.6356   -0.171 -0.101   0.070  0.241   2.089  0.520   100.0  100.0     0.883    0.8    100.0   255    108  0.386   0.75
  3240   -1.1744   -0.172 -0.101   0.075  0.247   2.229  0.347   100.0  100.0     0.883    3.1    100.0   255    108  0.342   0.74
  3250   -0.6759   -0.177 -0.107   0.068  0.237   2.295  0.347    99.2  100.0     0.898    3.1    100.0   256    108  0.358   0.78
  3260   -0.8780   -0.177 -0.107   0.080  0.257   1.949  0.154   100.0  100.0     0.891    0.8     91.7   256    108  0.439   0.68
  3270   -0.5773   -0.173 -0.107   0.069  0.242   2.098  0.103   100.0  100.0     0.883    4.7     91.7   256    108  0.363   0.70
  3280   -0.4118   -0.172 -0.107   0.068  0.240   2.158  0.046   100.0  100.0     0.875    2.3     83.3   258    109  0.419   0.69
  3290   -0.2665   -0.172 -0.107   0.075  0.247   2.008  0.030   100.0  100.0     0.898    5.5     91.7   258    109  0.353   0.75
  3300   -0.1696   -0.171 -0.112   0.071  0.242   2.195  0.020   100.0  100.0     0.867    6.2    100.0   259    110  0.357   0.71
  3310   -0.0827   -0.186 -0.112   0.072  0.242   2.153  0.020    98.4  100.0     0.810    2.3     83.3   259    110  0.344   0.76
  3320   -0.0589   -0.165 -0.112   0.071  0.228   2.236  0.020    99.2  100.0     0.866    7.8    100.0   259    110  0.315   0.74
  3330   -0.0283   -0.169 -0.112   0.063  0.231   2.031  0.020   100.0  100.0     0.891    6.2    100.0   259    110  0.355   0.73
  3340   -0.0190   -0.163 -0.112   0.065  0.228   2.037  0.020   100.0  100.0     0.828   10.2     91.7   259    110  0.325   0.72
  3350   -0.0162   -0.169 -0.117   0.067  0.235   2.119  0.014   100.0  100.0     0.852    7.8     91.7   260    111  0.327   0.72
  3360    0.0002   -0.170 -0.117   0.070  0.240   2.305  0.014   100.0  100.0     0.859    3.9     75.0   261    112  0.342   0.74
  3370    0.0013   -0.167 -0.117   0.080  0.247   2.010  0.014   100.0  100.0     0.844    5.5    100.0   263    113  0.320   0.73
  3380   -0.0072   -0.161 -0.117   0.063  0.224   2.083  0.009   100.0  100.0     0.852   10.9    100.0   265    114  0.322   0.74
  3390    0.0111   -0.173 -0.117   0.066  0.231   2.350  0.009    99.2  100.0     0.819    9.4    100.0   265    114  0.296   0.74
  3400   -0.0027   -0.157 -0.121   0.070  0.227   2.346  0.009   100.0  100.0     0.812   13.3    100.0   265    114  0.309   0.72
      saved checkpoint @ step 3400 | examples: ['N#Cc1ccc(NC(=O)Cc2ccccc2)cc1', 'COc1cccc(C=NOCc2ccc(OC)cc2OC)c1', 'CNC(=S)NC1CCN(CC2CCCCC2)CC1', 'CSCCNCCO', 'COc1ccc(C(=O)Nc2ccc(C(=O)NO)cc2)cc1']
  3410    0.0058   -0.161 -0.121   0.066  0.227   2.221  0.009   100.0  100.0     0.852   11.7    100.0   266    114  0.325   0.67
  3420    0.0119   -0.166 -0.121   0.067  0.233   2.175  0.009   100.0  100.0     0.836   10.2     75.0   267    114  0.310   0.71
  3430    0.0096   -0.159 -0.121   0.065  0.216   2.593  0.009    99.2  100.0     0.843   14.8    100.0   268    115  0.342   0.67
  3440    0.0113   -0.163 -0.121   0.065  0.220   2.282  0.009    99.2  100.0     0.772   10.9     91.7   268    115  0.317   0.71
  3450    0.0149   -0.169 -0.124   0.061  0.222   2.183  0.009    99.2  100.0     0.811   13.3    100.0   268    115  0.307   0.69
  3460   -0.0032   -0.144 -0.124   0.070  0.214   2.424  0.009   100.0   99.2     0.850   15.6    100.0   268    115  0.307   0.72
  3470   -0.0084   -0.138 -0.124   0.097  0.235   2.626  0.009   100.0   99.2     0.835   11.7    100.0   269    116  0.261   0.66
  3480    0.0073   -0.148 -0.124   0.078  0.226   2.628  0.009   100.0  100.0     0.789   14.8     91.7   270    116  0.294   0.68
  3490    0.0106   -0.141 -0.124   0.080  0.221   2.579  0.009   100.0   98.4     0.841   12.5     91.7   276    121  0.313   0.69
      TL @ step 3500: 281 mols, 2/2 epochs, nll 0.262, kl_after 3.08
  3500   -0.0376   -0.070 -0.126   0.155  0.217   3.771  0.009    99.2   93.7     0.807   27.3    100.0   281    123  0.293   0.70
  3510    0.0417    0.089 -0.126   0.294  0.205   4.974  0.046   100.0   78.9     0.772   42.2    100.0   286    125  0.318   0.71
  3520    1.4975   -0.149 -0.126   0.100  0.241   3.307  0.780    99.2  100.0     0.866   10.2    100.0   286    125  0.443   0.72
  3530   -0.0636   -0.178 -0.126   0.077  0.248   2.077  0.520    99.2  100.0     0.929    6.2     83.3   286    125  0.385   0.76
  3540   -0.5898   -0.179 -0.126   0.069  0.240   2.069  0.154    99.2  100.0     0.882    6.2    100.0   286    125  0.401   1.04
  3550   -0.5196   -0.168 -0.129   0.068  0.235   2.261  0.046   100.0  100.0     0.836   11.7     91.7   286    125  0.378   0.72
  3560   -0.3599   -0.173 -0.129   0.073  0.239   2.263  0.006    99.2  100.0     0.835   11.7    100.0   286    125  0.339   0.76
  3570   -0.2165   -0.169 -0.129   0.065  0.227   2.062  0.002    99.2  100.0     0.843   14.8    100.0   286    125  0.343   0.84
  3580   -0.1326   -0.156 -0.129   0.074  0.230   2.166  0.001   100.0  100.0     0.852   15.6    100.0   286    125  0.361   0.81
  3590   -0.0675   -0.165 -0.129   0.070  0.235   2.206  0.001   100.0  100.0     0.820   15.6     91.7   287    125  0.321   0.80
  3600   -0.0340   -0.164 -0.132   0.069  0.233   2.289  0.001   100.0  100.0     0.812   16.4    100.0   290    125  0.320   0.73
      saved checkpoint @ step 3600 | examples: ['CCNC(=O)CSc1ccccc1', 'CC(C)CC(C)NC(=O)c1cccc(Br)c1', 'CCCN(CCC)Cc1cccc2ccccc12', 'NC(=O)C1CCN(Cc2nc3ccccc3n2Cc2ccccc2)CC1', 'COc1ccc(Nc2ncnc3ccccc23)cc1']
  3610   -0.0627   -0.111 -0.132   0.118  0.229   2.738  0.001   100.0   96.9     0.790   21.1    100.0   294    127  0.315   0.80
  3620   -0.0527   -0.100 -0.132   0.113  0.213   2.905  0.001   100.0   97.7     0.840   27.3     91.7   298    129  0.328   0.77
  3630   -0.0335   -0.091 -0.132   0.132  0.223   2.710  0.001   100.0   94.5     0.777   21.9    100.0   301    130  0.362   0.82
  3640   -0.1379    0.047 -0.132   0.257  0.210   4.285  0.001   100.0   83.6     0.776   35.2    100.0   303    131  0.279   0.77
  3650   -0.0386    0.345 -0.090   0.542  0.190   7.350  0.038    99.2   51.2     0.754   54.7    100.0   305    132  0.300   0.67
  3660    7.1349    0.105 -0.090   0.319  0.214   4.691  2.217   100.0   80.5     0.816   30.5    100.0   309    132  0.314   0.74
  3670    0.9705   -0.189 -0.090   0.079  0.253   2.262  2.217    98.4  100.0     0.905    2.3     83.3   311    132  0.490   0.78
  3680   -2.6601   -0.195 -0.090   0.080  0.244   2.025  0.438    96.9  100.0     0.895    3.9     91.7   312    132  0.440   0.71
  3690   -1.8515   -0.165 -0.090   0.061  0.226   2.565  0.195   100.0  100.0     0.828    3.1     83.3   312    132  0.444   0.73
  3700   -0.9733   -0.163 -0.096   0.061  0.216   3.101  0.195    99.2  100.0     0.740    6.2     91.7   313    133  0.351   0.73
  3710   -0.5667   -0.166 -0.096   0.057  0.216   3.046  0.195    99.2  100.0     0.795    4.7     91.7   313    133  0.380   0.75
  3720   -0.3683   -0.159 -0.096   0.073  0.232   2.835  0.195   100.0   99.2     0.835    4.7    100.0   314    134  0.477   0.81
  3730   -0.2941   -0.163 -0.096   0.059  0.222   2.400  0.195   100.0  100.0     0.789    4.7    100.0   314    134  0.309   0.75
  3740   -0.1812   -0.182 -0.096   0.066  0.233   2.271  0.195    98.4  100.0     0.873    3.9    100.0   314    134  0.360   0.83
  3750   -0.1439   -0.174 -0.102   0.065  0.231   2.128  0.195    99.2  100.0     0.835    4.7     91.7   315    134  0.393   0.67
  3760   -0.2524   -0.175 -0.102   0.082  0.257   1.895  0.130   100.0  100.0     0.898    2.3     83.3   316    134  0.337   0.78
  3770   -0.1865   -0.177 -0.102   0.072  0.241   2.178  0.086    99.2  100.0     0.803    5.5    100.0   316    134  0.363   0.77
  3780   -0.2252   -0.169 -0.102   0.079  0.233   2.419  0.017    98.4  100.0     0.889    7.0     91.7   318    136  0.323   0.78
  3790   -0.1234   -0.179 -0.102   0.072  0.243   2.199  0.011    99.2  100.0     0.882    2.3     83.3   319    137  0.352   0.78
  3800   -0.0889   -0.158 -0.108   0.087  0.238   2.218  0.011    99.2  100.0     0.874    6.2     91.7   320    138  0.317   0.76
      saved checkpoint @ step 3800 | examples: ['CN(C)C(=S)SCc1cccc(C(=O)O)c1', 'COc1cccc(NC(=O)COc2ccc(NC(=O)c3cccnc3)cc2)c1', 'CSc1ccc(NC(=O)c2cccc(NC(=O)c3cccc(Cl)c3)c2)cc1', 'COc1ccc(C(=O)Nn2cnnc2)cc1', 'COC(=O)[C@H](Cc1ccc(O)cc1)NC(=O)c1ccc(Cl)cc1']
  3810   -0.0563   -0.148 -0.108   0.081  0.229   2.235  0.011   100.0   99.2     0.858    7.8    100.0   321    139  0.297   0.78
  3820   -0.0315   -0.149 -0.108   0.090  0.231   2.258  0.011    99.2   99.2     0.865   10.9    100.0   322    139  0.309   0.72
  3830   -0.0021   -0.158 -0.108   0.082  0.224   2.415  0.011    98.4   99.2     0.832    7.0     91.7   325    140  0.296   0.82
  3840   -0.0696   -0.060 -0.108   0.170  0.229   3.156  0.011   100.0   92.2     0.881   18.0    100.0   328    140  0.314   0.76
  3850   -0.0672   -0.033 -0.111   0.199  0.217   3.591  0.011    98.4   88.1     0.802   23.4    100.0   330    142  0.294   0.74
  3860    0.1888    0.186 -0.111   0.409  0.223   5.692  0.086   100.0   70.3     0.678   43.8    100.0   334    144  0.339   0.79
  3870    1.9806   -0.140 -0.111   0.141  0.243   4.719  0.657    96.1  100.0     0.894   15.6    100.0   357    152  0.366   0.86
  3880    2.7065   -0.186 -0.111   0.087  0.250   5.003  0.985    97.7   99.2     0.871    6.2     83.3   367    158  0.497   0.75
  3890    3.9269   -0.200 -0.111   0.084  0.253   3.085  3.325    96.9  100.0     0.855    2.3    100.0   368    159  0.391   0.77
  3900   -0.0076   -0.183 -0.117   0.090  0.242   2.417  3.325    96.9  100.0     0.879    8.6     83.3   371    161  0.451   0.68
  3910   -3.9434   -0.183 -0.117   0.066  0.233   2.534  1.478    98.4  100.0     0.897    7.8     83.3   371    161  0.413   0.75
  3920   -3.5666   -0.165 -0.117   0.063  0.228   2.600  0.657   100.0  100.0     0.797    9.4     83.3   371    161  0.461   0.70
  3930   -2.0498   -0.161 -0.117   0.066  0.227   2.649  0.657   100.0  100.0     0.844    7.8    100.0   371    161  0.417   0.66
  3940   -1.3116   -0.174 -0.117   0.066  0.232   2.533  0.657    99.2  100.0     0.898    8.6     91.7   371    161  0.392   0.70
  3950   -1.1252   -0.165 -0.121   0.060  0.225   2.073  0.657   100.0  100.0     0.812   11.7     83.3   372    162  0.456   0.73
  3960   -0.6061   -0.176 -0.121   0.067  0.235   2.263  0.657    99.2  100.0     0.835   10.9     91.7   372    162  0.427   0.75
  3970   -0.9405   -0.175 -0.121   0.071  0.238   2.078  0.292    99.2  100.0     0.835   11.7     83.3   372    162  0.454   0.68
  3980   -0.7095   -0.167 -0.121   0.063  0.230   2.100  0.195   100.0  100.0     0.758   12.5     75.0   372    162  0.387   0.70
  3990   -0.3974   -0.170 -0.121   0.066  0.237   2.198  0.195   100.0  100.0     0.883    5.5     83.3   373    162  0.426   0.71
      TL @ step 4000: 374 mols, 2/2 epochs, nll 0.333, kl_after 2.41
  4000   -0.3415   -0.167 -0.124   0.064  0.231   2.158  0.130   100.0  100.0     0.812    9.4     91.7   374    162  0.428   0.70
      saved checkpoint @ step 4000 | examples: ['O=C(NCc1ccccc1)c1ncccc1O', 'COc1cccc2c1C(=O)CC(c1cccs1)N2', 'NC(=O)CCN1CCN(c2cccc3ccccc23)CC1', 'CCOc1ccc(C2=NN(C(C)=O)C(c3ccc(Br)cc3)C2)cc1OCC', 'CN(C)C(=O)NCc1ccco1']
  4010   -0.2956   -0.166 -0.124   0.069  0.236   2.040  0.086   100.0  100.0     0.836   10.9    100.0   375    163  0.395   0.77
  4020   -0.1928   -0.161 -0.124   0.075  0.235   2.398  0.058   100.0  100.0     0.812    8.6     91.7   375    163  0.444   0.66
  4030   -0.1752   -0.175 -0.124   0.066  0.233   1.921  0.017    99.2  100.0     0.835   11.7     91.7   377    163  0.399   0.75
  4040   -0.1121   -0.173 -0.124   0.070  0.235   2.309  0.008    99.2  100.0     0.850    7.8     91.7   377    163  0.361   0.74
  4050   -0.0811   -0.161 -0.128   0.075  0.236   2.049  0.003   100.0  100.0     0.875   10.2     91.7   377    163  0.341   0.97
  4060   -0.0307   -0.170 -0.128   0.061  0.224   2.223  0.003    99.2  100.0     0.882   14.8     91.7   377    163  0.414   0.72
  4070   -0.0432   -0.141 -0.128   0.095  0.236   2.278  0.001   100.0  100.0     0.883   10.9    100.0   377    163  0.341   0.89
  4080   -0.0108   -0.157 -0.128   0.068  0.225   2.213  0.001   100.0  100.0     0.797   10.9    100.0   377    163  0.332   0.85
  4090    0.0014   -0.157 -0.128   0.068  0.225   2.349  0.001   100.0  100.0     0.797   11.7    100.0   379    165  0.347   0.73
  4100   -0.0264   -0.124 -0.130   0.095  0.218   2.494  0.001   100.0   98.4     0.841   22.7    100.0   380    166  0.320   0.70
  4110   -0.0272   -0.103 -0.130   0.127  0.222   2.853  0.001    99.2   96.1     0.779   18.8     91.7   382    167  0.314   0.80
  4120   -0.0984    0.002 -0.130   0.216  0.213   3.686  0.001   100.0   88.3     0.770   32.0    100.0   383    167  0.339   0.69
  4130   -0.1805    0.183 -0.130   0.366  0.183   5.381  0.008   100.0   71.1     0.747   47.7    100.0   387    169  0.331   0.62
  4140    2.1584    0.337 -0.130   0.511  0.174   6.810  0.438   100.0   58.6     0.733   59.4    100.0   387    169  0.298   0.67
  4150  114.4944   -0.247 -0.089   0.080  0.232   9.265 20.000    90.6  100.0     0.853    3.9     58.3   389    169  0.419   0.74
  4160   43.0692   -0.229 -0.089   0.068  0.219   7.302 20.000    92.2  100.0     0.890    2.3    100.0   390    169  0.454   0.78
  4170   -5.2926   -0.197 -0.089   0.064  0.222   4.374 20.000    96.1  100.0     0.813    3.1    100.0   390    169  0.506   0.78
  4180  -30.9018   -0.171 -0.089   0.074  0.245   2.184 20.000   100.0  100.0     0.867    2.3    100.0   390    169  0.487   0.91
  4190  -22.2625   -0.176 -0.089   0.071  0.240   2.205 20.000    99.2  100.0     0.906    2.3     83.3   390    169  0.576   0.85
  4200  -16.1674   -0.178 -0.096   0.069  0.240   2.184 20.000    99.2  100.0     0.890    1.6    100.0   390    169  0.427   0.77
      saved checkpoint @ step 4200 | examples: ['O=C(c1ccc2c(c1)OCO2)N1CCN(c2ccccc2)CC1', 'Cc1ccc(Cl)cc1NC(=O)CN(C)S(=O)(=O)c1ccc(Cl)cc1', 'CN(Cc1ccc(C#N)cc1)S(=O)(=O)c1ccc(Cl)cc1', 'O=C(Cc1ccc(F)cc1)N1CCN(c2ccc(Cl)cn2)CC1', 'CN(CC(=O)Nc1ccccc1SCc1ccccc1)S(=O)(=O)c1ccccc1']
  4210  -16.8894   -0.169 -0.096   0.069  0.238   2.401 13.333   100.0  100.0     0.875    3.9     91.7   390    169  0.433   0.75
  4220  -12.1315   -0.167 -0.096   0.065  0.232   2.244 13.333   100.0  100.0     0.883    3.1     91.7   390    169  0.442   0.82
  4230   -9.3008   -0.176 -0.096   0.079  0.247   2.171 13.333    99.2  100.0     0.913    1.6    100.0   390    169  0.472   0.71
  4240  -16.9464   -0.182 -0.096   0.066  0.232   2.190  5.926    98.4  100.0     0.849    4.7    100.0   390    169  0.555   0.85
  4250   -7.7671   -0.168 -0.103   0.068  0.236   2.710  5.926   100.0  100.0     0.820    3.1    100.0   390    169  0.482   0.82
  4260   -7.8689   -0.165 -0.103   0.074  0.240   2.107  5.926   100.0  100.0     0.898    4.7     91.7   390    169  0.445   0.75
  4270   -4.5233   -0.170 -0.103   0.065  0.236   2.279  5.926   100.0  100.0     0.828    2.3    100.0   390    169  0.427   0.75
  4280   -4.2803   -0.174 -0.103   0.079  0.253   2.081  5.926   100.0  100.0     0.906    1.6     91.7   390    169  0.497   0.75
  4290   -5.2010   -0.170 -0.103   0.080  0.250   2.209  3.951   100.0  100.0     0.898    4.7     91.7   390    169  0.454   0.71
  4300   -3.5093   -0.175 -0.109   0.078  0.252   2.122  3.951   100.0  100.0     0.875    2.3     83.3   390    169  0.472   0.71
  4310   -4.1222   -0.179 -0.109   0.076  0.247   2.148  2.634    99.2  100.0     0.906    6.2    100.0   390    169  0.459   0.78
  4320   -4.3089   -0.175 -0.109   0.078  0.252   2.141  1.756   100.0  100.0     0.914    3.1    100.0   390    169  0.415   0.71
  4330   -2.6623   -0.161 -0.109   0.073  0.234   2.123  1.756   100.0  100.0     0.836    6.2    100.0   390    169  0.463   0.71
  4340   -1.6360   -0.168 -0.109   0.067  0.235   2.165  1.756   100.0  100.0     0.805    4.7    100.0   390    169  0.501   0.75
  4350   -2.8144   -0.172 -0.114   0.071  0.243   1.756  1.171   100.0  100.0     0.891    4.7    100.0   390    169  0.400   0.75
  4360   -2.4079   -0.173 -0.114   0.067  0.233   2.247  0.520    99.2  100.0     0.850   10.2     91.7   390    169  0.419   0.67
  4370   -1.3402   -0.172 -0.114   0.085  0.249   2.410  0.520    99.2  100.0     0.913    8.6     91.7   390    169  0.442   0.74
  4380   -0.8018   -0.168 -0.114   0.068  0.236   2.360  0.520   100.0  100.0     0.859    6.2    100.0   390    169  0.467   0.72
  4390   -0.4875   -0.184 -0.114   0.079  0.255   2.271  0.520    99.2  100.0     0.882    1.6     83.3   390    169  0.456   0.69
  4400   -0.6624   -0.170 -0.119   0.078  0.248   2.123  0.347   100.0  100.0     0.922    4.7    100.0   390    169  0.433   0.78
      saved checkpoint @ step 4400 | examples: ['Oc1cc2ccccc2cc1CN1CCCCC1', 'CCCCCCCCCCCCCCCCCC(=O)NN(c1ccccc1)c1ccccc1', 'Cc1cccc(C)c1NCCCCNc1nc2ccccc2[nH]1', 'Cc1ccc(C(=O)Cc2ccncc2)cc1', 'O=C(NCc1cccs1)c1ccccc1Sc1ccc2c(/C=C/c3ccccn3)n[nH]c2c1']
  4410   -0.8598   -0.175 -0.119   0.071  0.246   1.861  0.103   100.0  100.0     0.898    3.9    100.0   390    169  0.467   0.71
  4420   -0.5798   -0.187 -0.119   0.077  0.248   2.171  0.030    98.4  100.0     0.841    3.1     83.3   391    169  0.464   0.74
  4430   -0.3645   -0.168 -0.119   0.080  0.248   2.194  0.020   100.0  100.0     0.883    6.2     91.7   391    169  0.424   0.77
  4440   -0.2177   -0.169 -0.119   0.065  0.234   2.019  0.014   100.0  100.0     0.820    4.7    100.0   391    169  0.371   0.71
  4450   -0.1277   -0.167 -0.123   0.066  0.233   2.483  0.009   100.0  100.0     0.883    7.8    100.0   391    169  0.437   0.73
  4460   -0.0857   -0.163 -0.123   0.074  0.237   2.098  0.004   100.0  100.0     0.867    8.6    100.0   391    169  0.424   0.80
  4470   -0.0367   -0.171 -0.123   0.069  0.239   2.262  0.004   100.0  100.0     0.898    7.8     91.7   391    169  0.402   0.73
  4480   -0.0163   -0.173 -0.123   0.068  0.233   2.197  0.002    99.2  100.0     0.850   10.2    100.0   391    169  0.395   0.89
  4490   -0.0045   -0.164 -0.123   0.079  0.243   2.274  0.002   100.0  100.0     0.883    9.4     91.7   391    169  0.454   1.01
      TL @ step 4500: 391 mols, 2/2 epochs, nll 0.291, kl_after 2.33
  4500   -0.0007   -0.167 -0.126   0.066  0.233   2.157  0.002   100.0  100.0     0.797   16.4     91.7   391    169  0.366   0.94
  4510    0.0067   -0.167 -0.126   0.056  0.216   2.306  0.002    99.2  100.0     0.787   17.2    100.0   391    169  0.380   1.01
  4520    0.0006   -0.157 -0.126   0.075  0.232   2.469  0.001   100.0  100.0     0.805   16.4    100.0   391    169  0.351   1.02
  4530    0.0188   -0.170 -0.126   0.069  0.231   2.248  0.001    99.2  100.0     0.866   10.2     83.3   392    170  0.419   1.11
  4540    0.0175   -0.166 -0.126   0.070  0.236   2.164  0.001   100.0  100.0     0.844   10.2     75.0   393    170  0.368   1.10
  4550    0.0131   -0.166 -0.129   0.072  0.231   2.762  0.001    99.2   99.2     0.833   10.9     83.3   395    171  0.333   1.11
  4560    0.0070   -0.153 -0.129   0.073  0.226   2.338  0.001   100.0  100.0     0.797   18.0     91.7   397    172  0.307   1.07
  4570   -0.0031   -0.140 -0.129   0.083  0.216   2.727  0.001    99.2   99.2     0.825   21.1    100.0   397    172  0.283   1.21
  4580   -0.0420   -0.083 -0.129   0.148  0.232   3.082  0.001   100.0   94.5     0.793   18.0     91.7   399    173  0.313   1.46
  4590   -0.1078    0.020 -0.129   0.243  0.215   4.611  0.002    99.2   86.6     0.782   34.4    100.0   402    174  0.320   0.84
  4600   -0.1346    0.183 -0.118   0.401  0.211   5.903  0.014    99.2   71.7     0.736   44.5    100.0   403    175  0.310   0.78
      saved checkpoint @ step 4600 | examples: ['COc1ccc(F)cc1-c1ccc2cc(NC(=O)C3CC3)ncc2c1', 'Cc1ccc(F)cc1-c1ccc2cc(NC(=O)C3COC3)ncc2c1', 'Cc1ccc(F)cc1-c1ccc2cc(NC(=O)C3CC3)ncc2c1', 'Cc1ccc(F)cc1-c1ccc2cc(NC(=O)C3CC3)ncc2c1', 'Cc1ccc(F)cc1-c1ccc2cc(NC(=O)C3CC3)ncc2c1']
  4610    2.7321    0.075 -0.118   0.289  0.206   4.887  0.780    99.2   81.9     0.712   32.8    100.0   406    176  0.369   0.79
  4620    1.9020   -0.178 -0.118   0.075  0.237   2.784  1.756    98.4  100.0     0.833    7.8    100.0   416    180  0.472   0.79
  4630   -1.0656   -0.172 -0.118   0.077  0.249   2.086  0.780   100.0  100.0     0.898    7.8    100.0   416    180  0.362   0.80
  4640   -1.5526   -0.185 -0.118   0.069  0.238   2.119  0.231    98.4  100.0     0.849    7.8     91.7   417    180  0.401   0.71
  4650   -1.0449   -0.174 -0.122   0.067  0.233   2.432  0.103    99.2  100.0     0.866   10.9     83.3   417    180  0.375   0.72
  4660   -0.5826   -0.175 -0.122   0.063  0.230   2.578  0.103    99.2  100.0     0.858    9.4    100.0   417    180  0.381   0.71
  4670   -0.3502   -0.162 -0.122   0.072  0.234   2.512  0.103   100.0  100.0     0.836   11.7     83.3   418    180  0.391   0.69
  4680   -0.2248   -0.155 -0.122   0.072  0.227   2.312  0.103   100.0  100.0     0.844   12.5    100.0   419    180  0.415   0.68
  4690   -0.1171   -0.168 -0.122   0.066  0.233   2.362  0.103   100.0   99.2     0.819   10.2    100.0   420    180  0.339   0.74
  4700   -0.0863   -0.160 -0.125   0.071  0.232   2.168  0.103   100.0  100.0     0.820   13.3     83.3   420    180  0.381   0.73
  4710   -0.1300   -0.170 -0.125   0.070  0.239   1.965  0.069   100.0  100.0     0.875    9.4    100.0   420    180  0.336   0.75
  4720   -0.1168   -0.179 -0.125   0.074  0.245   2.059  0.030    99.2  100.0     0.913    7.0    100.0   421    180  0.356   0.80
  4730   -0.0814   -0.169 -0.125   0.068  0.238   2.142  0.020   100.0  100.0     0.883    9.4     91.7   422    180  0.393   0.73
  4740   -0.0591   -0.168 -0.125   0.069  0.237   2.004  0.014   100.0  100.0     0.844   13.3     83.3   423    180  0.344   0.76
  4750   -0.0481   -0.165 -0.128   0.060  0.225   1.998  0.004   100.0  100.0     0.820   10.2     91.7   423    180  0.340   0.79
  4760   -0.0137   -0.177 -0.128   0.068  0.237   2.180  0.002    99.2  100.0     0.866    6.2    100.0   424    180  0.382   0.70
  4770   -0.0082   -0.168 -0.128   0.068  0.237   1.946  0.001   100.0  100.0     0.812    8.6     91.7   428    181  0.314   0.78
  4780    0.0002   -0.165 -0.128   0.073  0.231   2.306  0.001    99.2  100.0     0.874   11.7     91.7   431    183  0.351   0.75
  4790   -0.0102   -0.147 -0.128   0.078  0.217   2.315  0.001    99.2  100.0     0.819   15.6     91.7   434    185  0.306   0.70
  4800   -0.0252   -0.120 -0.131   0.115  0.234   2.720  0.001   100.0   97.7     0.816   16.4    100.0   438    187  0.338   0.78
      saved checkpoint @ step 4800 | examples: ['COc1ccc(-n2nnnc2SCC(=O)NCc2ccccc2)cc1', 'Cc1ccc(NC(=O)c2ccc(Br)o2)cc1', 'O=C(NCc1ccco1)c1cccc(Br)c1', 'O=C(CCc1ccccc1)NC(NC(=O)c1ccccc1)c1ccc(Br)cc1', 'CCC/C=C/C(=O)CP(=O)(O)O']
  4810   -0.0719   -0.050 -0.131   0.166  0.216   3.183  0.001   100.0   93.0     0.815   28.1    100.0   442    190  0.269   0.73
  4820   -0.2141    0.134 -0.131   0.331  0.197   4.841  0.002   100.0   76.6     0.694   50.0    100.0   445    192  0.298   0.75
  4830    0.0988    0.239 -0.131   0.442  0.203   6.400  0.058   100.0   67.2     0.698   55.5    100.0   448    193  0.300   0.75
  4840    3.9013   -0.110 -0.131   0.148  0.250   4.217  1.478    99.2   98.4     0.848   17.2     91.7   453    195  0.418   0.81
  4850   68.2426   -0.235 -0.131   0.089  0.246   5.713 20.000    92.2  100.0     0.932    7.8     75.0   456    196  0.345   0.70
  4860   41.6377   -0.238 -0.131   0.066  0.226   6.416 20.000    92.2  100.0     0.958    7.0     91.7   456    196  0.415   0.78
  4870  -13.7983   -0.182 -0.131   0.078  0.244   2.988 20.000    98.4  100.0     0.889   10.2     91.7   456    196  0.476   0.82
  4880  -35.0541   -0.168 -0.131   0.068  0.236   2.348  8.889   100.0  100.0     0.828   14.8     83.3   456    196  0.638   0.78
  4890  -22.0877   -0.175 -0.131   0.073  0.248   2.323  8.889   100.0  100.0     0.852    6.2     91.7   456    196  0.679   0.77
  4900   -9.0452   -0.173 -0.133   0.067  0.232   2.943  8.889    99.2  100.0     0.874   18.0     91.7   456    196  0.500   0.75
  4910   -9.3103   -0.173 -0.133   0.075  0.248   2.372  8.889   100.0  100.0     0.852    8.6    100.0   456    196  0.542   0.75
  4920   -8.1688   -0.163 -0.133   0.062  0.225   2.093  8.889   100.0  100.0     0.836   19.5     91.7   457    196  0.564   0.74
  4930   -4.0518   -0.178 -0.133   0.070  0.240   2.274  8.889    99.2  100.0     0.787   14.1     91.7   457    196  0.461   0.78
  4940  -10.1740   -0.169 -0.133   0.064  0.233   2.349  3.951   100.0  100.0     0.852   12.5    100.0   457    196  0.460   0.74
  4950   -5.0661   -0.180 -0.136   0.073  0.245   2.554  3.951    99.2  100.0     0.866   13.3     83.3   457    196  0.423   0.78
  4960   -3.8177   -0.179 -0.136   0.072  0.243   2.288  3.951    99.2  100.0     0.850   10.2     91.7   457    196  0.495   0.75
  4970   -5.6825   -0.170 -0.136   0.064  0.235   2.088  2.634   100.0  100.0     0.859   12.5     91.7   457    196  0.547   0.76
  4980   -4.1110   -0.170 -0.136   0.068  0.238   2.413  1.756   100.0  100.0     0.781   14.1     91.7   457    196  0.440   0.72
  4990   -2.8036   -0.168 -0.136   0.079  0.246   2.232  1.756   100.0  100.0     0.891   15.6    100.0   457    196  0.454   0.77
      TL @ step 5000: 457 mols, 2/2 epochs, nll 0.448, kl_after 2.37
  5000   -1.5994   -0.175 -0.138   0.072  0.247   2.326  1.756   100.0  100.0     0.930    9.4     91.7   457    196  0.419   0.71
      saved checkpoint @ step 5000 | examples: ['COc1ccccc1-c1nc(-c2ccccc2)no1', 'Cc1cc(CN2CC(=O)NC2=O)ccn1', 'COc1ccccc1OCC(=O)Nc1ccc2c(c1)OCO2', 'O=C(Nc1ccccc1)c1nc(-c2ccccc2)no1', 'NC(=O)Nc1ccc(NC(=O)Nc2ccc(Oc3ccccc3)cc2)cc1']

RL_BASELINE_DONE in 70.0 min
