loading policy + frozen prior...
config: {'steps': 5000, 'batch': 128, 'lr': 0.0001, 'max_len': 100, 'temp': 1.0, 'beta_kl': 0.02, 'target_kl': 3.0, 'beta_kl_min': 0.001, 'beta_kl_max': 20.0, 'kl_adapt_factor': 1.5, 'ppo_epochs': 4, 'clip_eps': 0.2, 'lambda_unc': 1.0, 'baseline_momentum': 0.95, 'threshold_window_batches': 20, 'threshold_percentile': 70.0, 'threshold_update_every': 50, 'threshold_init': 0.0, 'threshold_decay': 0.1, 'diversity_filter': True, 'df_bucket_size': 25, 'df_mode': 'generic', 'df_record_threshold': 0.5, 'replay': True, 'replay_capacity': 1000, 'replay_max_per_scaffold': 10, 'replay_min_reward': 0.4, 'replay_k': 24, 'replay_coef': 0.05, 'replay_start': 200, 'transfer_learning': True, 'tl_every': 500, 'tl_start': 1000, 'tl_epochs': 2, 'tl_batch': 128, 'tl_max_mols': 500, 'tl_min_mols': 50, 'tl_lr': 1e-05, 'tl_max_kl': 8.0, 'log_every': 10, 'save_every': 200, 'out': 'checkpoints/rl_v5d', 'seed': 42}
reward model scheme=A_primary threshold=8.0 lambda_unc=1.0 invalid_reward=-1.0

  step      loss   reward    tau   p_act    unc      kl   beta  valid%  uniq% scaf/uniq  >tau% AD%(top)  dfmult  sat   buf  bscaf   rnll    sec
     1    0.1453   -0.193  0.000   0.107  0.284   0.000  0.013    98.4  100.0     0.960    1.6     66.7   1.000    0     0      0  0.000   1.46
    10    0.1014   -0.206  0.000   0.099  0.281   0.154  0.001    97.7  100.0     0.952    0.0     83.3   1.000    0     0      0  0.000   1.06
    20    0.0757   -0.225  0.000   0.093  0.271   0.228  0.001    95.3  100.0     0.975    0.0     75.0   1.000    0     0      0  0.000   0.93
    30    0.0261   -0.195  0.000   0.087  0.266   0.450  0.001    98.4  100.0     0.960    0.0     83.3   1.000    0     0      0  0.000   0.85
    40    0.0402   -0.232  0.000   0.085  0.255   0.282  0.001    93.8  100.0     0.925    0.0     83.3   1.000    0     0      0  0.000   0.80
    50   -0.0183   -0.188 -0.018   0.095  0.275   0.284  0.001    99.2  100.0     0.969    0.0     75.0   1.000    0     0      0  0.000   0.94
    60   -0.0037   -0.204 -0.018   0.076  0.249   0.685  0.001    96.9  100.0     0.960    0.0    100.0   1.000    0     0      0  0.000   0.86
    70   -0.0136   -0.183 -0.018   0.066  0.233   0.780  0.001    98.4  100.0     0.913    0.8    100.0   1.000    0     0      0  0.000   0.82
    80   -0.0081   -0.185 -0.018   0.065  0.227   1.504  0.001    97.7   99.2     0.823    0.0     91.7   1.000    0     1      1  0.000   0.97
    90   -0.0151   -0.168 -0.018   0.060  0.220   1.993  0.001    99.2   99.2     0.833    1.6    100.0   1.000    0     1      1  0.000   1.00
   100   -0.0316   -0.156 -0.030   0.044  0.184   3.247  0.001    98.4   98.4     0.677    2.3    100.0   1.000    0     2      2  0.000   0.90
   110   -0.0494   -0.115 -0.030   0.034  0.141   5.435  0.002    99.2   85.8     0.615   17.2    100.0   0.999    0     2      2  0.000   0.86
   120    0.3818   -0.093 -0.030   0.027  0.120   6.593  0.086   100.0   68.8     0.557   32.0    100.0   1.000    0     2      2  0.000   0.90
   130   -0.1168   -0.164 -0.030   0.066  0.230   1.125  0.017   100.0  100.0     0.844    0.0     91.7   1.000    0     2      2  0.000   1.05
   140   -0.0815   -0.174 -0.030   0.070  0.220   1.292  0.001    97.7  100.0     0.808    1.6    100.0   0.999    0     3      3  0.000   0.99
   150   -0.0633   -0.165 -0.042   0.053  0.210   2.109  0.001    99.2  100.0     0.787    0.8     83.3   0.999    0     4      4  0.000   1.04
   160   -0.0513   -0.144 -0.042   0.046  0.190   3.003  0.001   100.0  100.0     0.742    3.1    100.0   0.999    0     4      4  0.000   0.96
   170   -0.0469   -0.123 -0.042   0.032  0.147   4.344  0.001    99.2   92.1     0.496   10.2    100.0   0.999    0     4      4  0.000   0.91
   180    0.1284   -0.091 -0.042   0.022  0.112   5.692  0.038   100.0   79.7     0.500   22.7    100.0   0.999    0     4      4  0.000   0.91
   190   -0.1082   -0.165 -0.042   0.065  0.230   1.221  0.058   100.0  100.0     0.852    1.6     91.7   1.000    0     4      4  0.000   0.97
   200   -0.1173   -0.161 -0.052   0.064  0.225   1.328  0.001   100.0  100.0     0.789    0.0    100.0   0.998    0     4      4  0.365   1.10
      saved checkpoint @ step 200 | examples: ['O=C(O)CC1=C/C(=C\\c2ccccc2)c2ccccc21', 'O=C(O)c1ccccc1Oc1ccccc1', 'N[C@@H](Cc1c[nH]cn1)C(=O)CCS', 'O=c1[nH]c(CSC2CCOCC2)nc2cc(NCc3ccccc3)ccc12', 'N#CCN(CC#N)Cc1ccccc1']
   210   -0.0670   -0.165 -0.052   0.056  0.213   2.219  0.001    99.2  100.0     0.819    3.1    100.0   0.999    0     4      4  0.232   1.10
   220   -0.0452   -0.150 -0.052   0.044  0.186   2.862  0.001    99.2  100.0     0.646    3.9    100.0   0.999    0     4      4  0.201   0.98
   230   -0.0399   -0.129 -0.052   0.033  0.154   4.038  0.001    99.2   98.4     0.592   12.5    100.0   0.998    0     5      5  0.154   0.75
   240    0.0038   -0.123 -0.052   0.031  0.147   4.804  0.008    99.2   94.5     0.517   14.8     91.7   0.997    0     5      5  0.133   0.72
   250    0.1109   -0.133 -0.055   0.042  0.175   2.943  0.086   100.0   96.1     0.707   14.8     83.3   0.991    1     5      5  0.146   0.82
   260   -0.0863   -0.157 -0.055   0.079  0.229   1.532  0.011    99.2  100.0     0.843    1.6     83.3   0.998    1     7      5  0.199   0.91
   270   -0.0703   -0.144 -0.055   0.056  0.200   2.164  0.001   100.0  100.0     0.711    3.1    100.0   0.993    1     9      5  0.181   0.74
   280   -0.0611   -0.095 -0.055   0.094  0.189   2.782  0.001   100.0   96.1     0.683    9.4    100.0   0.955    2    11      5  0.142   0.85
   290   -0.0465   -0.028 -0.055   0.135  0.156   4.438  0.001    99.2   90.6     0.522   19.5    100.0   0.891    2    14      5  0.151   1.09
   300    0.0869    0.036 -0.058   0.199  0.155   5.620  0.026    99.2   85.8     0.486   26.6    100.0   0.810    2    16      6  0.166   1.01
   310    0.1267   -0.151 -0.058   0.066  0.209   2.451  0.130    99.2  100.0     0.835    2.3     91.7   0.981    2    29     10  0.272   0.95
   320   -0.0925   -0.183 -0.058   0.067  0.234   1.190  0.002    98.4  100.0     0.897    0.0     83.3   0.989    2    31     11  0.221   1.09
   330   -0.0754   -0.133 -0.058   0.095  0.227   2.083  0.001   100.0  100.0     0.789    6.2     91.7   0.965    2    34     14  0.210   1.09
   340   -0.0405   -0.141 -0.058   0.061  0.194   2.890  0.001    99.2   99.2     0.770    7.8     91.7   0.976    2    44     18  0.222   1.12
   350   -0.0545   -0.043 -0.064   0.173  0.208   5.503  0.003    99.2   93.7     0.605   25.0    100.0   0.896    4    63     20  0.247   0.94
   360    0.7112   -0.051 -0.064   0.144  0.179   5.396  0.195    98.4   95.2     0.575   32.8     83.3   0.889    9    88     26  0.257   0.81
   370   -0.1708   -0.160 -0.064   0.059  0.219   1.817  0.026   100.0  100.0     0.789    3.1     91.7   0.993    9    89     26  0.465   1.15
   380   -0.1335   -0.162 -0.064   0.056  0.210   2.129  0.001    99.2  100.0     0.803    7.8     83.3   0.997    9    91     27  0.364   0.98
   390   -0.0836   -0.145 -0.064   0.048  0.193   2.386  0.001   100.0  100.0     0.703    6.2    100.0   0.982    9    93     29  0.324   0.97
   400   -0.0543   -0.146 -0.071   0.041  0.179   2.843  0.001    99.2   98.4     0.712    8.6    100.0   0.987    9    94     29  0.249   0.99
      saved checkpoint @ step 400 | examples: ['O=c1cc(-c2ccc(O)cc2)oc2ccccc12', 'O=C(CNCc1ccc(Cl)cc1)NCc1ccco1', 'CCCCNc1nc(N)nc2ccccc12', 'N#Cc1ccc(NC(c2ccc(Cl)cc2)c2cccnc2)cc1', 'O=C(Cc1ccccc1Cl)c1ccco1']
   410   -0.0402   -0.121 -0.071   0.057  0.177   3.956  0.001   100.0   99.2     0.638   13.3    100.0   0.961    9    96     29  0.237   1.07
   420   -0.0156   -0.079 -0.071   0.081  0.159   4.839  0.008   100.0   97.7     0.584   25.8    100.0   0.928    9   100     31  0.240   0.78
   430    0.1890   -0.109 -0.071   0.053  0.162   3.671  0.086   100.0  100.0     0.617   15.6    100.0   0.947   10   106     32  0.270   1.04
   440   -0.0181   -0.155 -0.071   0.068  0.223   1.882  0.058   100.0  100.0     0.805    3.9    100.0   0.991   10   108     33  0.292   0.78
   450   -0.1051   -0.137 -0.077   0.078  0.215   1.921  0.001   100.0   99.2     0.811    9.4     91.7   0.965   10   109     34  0.278   0.81
   460   -0.0513   -0.144 -0.077   0.060  0.203   2.028  0.001   100.0  100.0     0.766    5.5     91.7   0.957   10   112     36  0.250   1.03
   470   -0.0482   -0.121 -0.077   0.062  0.182   2.742  0.001   100.0  100.0     0.672   11.7    100.0   0.973   10   116     39  0.249   1.10
   480   -0.0395   -0.078 -0.077   0.119  0.198   3.654  0.001   100.0   99.2     0.661   19.5    100.0   0.913   10   125     43  0.219   1.06
   490   -0.0304   -0.070 -0.077   0.090  0.153   4.820  0.002    99.2   94.5     0.583   33.6     91.7   0.933   10   138     51  0.209   1.03
   500    0.4559   -0.061 -0.078   0.122  0.168   5.047  0.130    98.4   95.2     0.617   26.6    100.0   0.913   10   166     58  0.258   0.92
   510   -0.0444   -0.160 -0.078   0.066  0.226   1.656  0.130   100.0  100.0     0.852    4.7     91.7   0.996   11   179     64  0.309   1.12
   520   -0.1801   -0.172 -0.078   0.063  0.227   1.477  0.005    99.2  100.0     0.921    3.1     91.7   0.985   11   179     64  0.326   1.01
   530   -0.1095   -0.153 -0.078   0.070  0.215   2.637  0.001    99.2  100.0     0.819    7.0     91.7   0.963   12   183     66  0.305   1.02
   540   -0.0704   -0.133 -0.078   0.064  0.189   2.849  0.001    99.2  100.0     0.693   12.5    100.0   0.965   12   189     69  0.346   0.95
   550   -0.0610   -0.118 -0.082   0.074  0.192   3.608  0.001   100.0   99.2     0.709   18.8    100.0   0.960   12   196     72  0.292   0.99
   560   -0.0475   -0.091 -0.082   0.082  0.174   4.257  0.001   100.0  100.0     0.672   24.2    100.0   0.951   12   202     75  0.312   1.02
   570    0.0235   -0.092 -0.082   0.087  0.171   4.580  0.011    99.2   99.2     0.603   33.6     91.7   0.930   12   207     76  0.264   0.94
   580    0.2587   -0.136 -0.082   0.060  0.179   3.628  0.130    98.4  100.0     0.635   19.5     91.7   0.977   12   230     89  0.318   1.03
   590   -0.0962   -0.150 -0.082   0.079  0.229   1.775  0.058   100.0  100.0     0.820    5.5     75.0   0.988   12   236     94  0.375   1.11
   600   -0.1338   -0.149 -0.088   0.075  0.224   1.691  0.002   100.0  100.0     0.797    4.7    100.0   0.981   12   241     96  0.349   1.00
      saved checkpoint @ step 600 | examples: ['Clc1ccc(OCc2ccccc2)cc1', 'C[C@H](O)CN(C)S(=O)(=O)CCc1ncc[nH]1', 'O=C(NC1CCCCCCC1)NC1CC(=O)N(c2cccc(Cl)c2)C1', 'Cn1c(=O)c(=O)[nH]c2cc(C(=O)Nc3ccc(Cl)cc3)cnc21', 'COc1ccc(/C=N/NC(=O)c2ccccc2O)cc1']
   610   -0.0780   -0.121 -0.088   0.093  0.214   2.336  0.001   100.0  100.0     0.742   12.5     91.7   0.921   12   247    100  0.358   1.05
   620   -0.0548   -0.102 -0.088   0.095  0.189   3.632  0.001    99.2   98.4     0.728   21.1     91.7   0.926   13   253    101  0.327   1.07
   630   -0.0279   -0.101 -0.088   0.072  0.173   3.818  0.001   100.0   99.2     0.606   21.1    100.0   0.903   13   265    103  0.311   1.06
   640    0.1380   -0.069 -0.088   0.114  0.168   5.911  0.038    98.4   94.4     0.613   39.8     91.7   0.924   14   306    120  0.281   1.00
   650    0.1591   -0.125 -0.081   0.113  0.222   2.707  0.130    98.4  100.0     0.778   11.7     83.3   0.919   14   334    129  0.363   1.00
   660   -0.1302   -0.147 -0.081   0.088  0.227   1.888  0.017    99.2  100.0     0.843    4.7     91.7   0.970   14   341    130  0.353   0.91
   670   -0.1110   -0.129 -0.081   0.086  0.215   2.207  0.001   100.0  100.0     0.828    8.6    100.0   0.954   14   351    137  0.301   1.05
   680   -0.0671   -0.121 -0.081   0.121  0.227   3.021  0.001    98.4  100.0     0.833   14.1    100.0   0.923   14   367    145  0.266   0.92
   690   -0.0812   -0.042 -0.081   0.154  0.196   4.334  0.001   100.0   99.2     0.748   21.1    100.0   0.883   16   391    154  0.290   0.95
   700    0.0827    0.017 -0.083   0.218  0.201   7.223  0.026   100.0   96.9     0.677   34.4    100.0   0.870   19   478    189  0.248   1.01
   710    0.2950   -0.117 -0.083   0.094  0.210   2.529  0.292   100.0  100.0     0.836   11.7     83.3   0.971   21   543    233  0.345   0.99
   720   -0.2854   -0.172 -0.083   0.069  0.226   1.952  0.038    98.4  100.0     0.921    6.2     75.0   0.968   21   551    239  0.360   0.99
   730   -0.2199   -0.158 -0.083   0.067  0.224   1.771  0.002   100.0  100.0     0.875    3.9     83.3   0.965   21   555    241  0.449   0.99
   740   -0.1434   -0.138 -0.083   0.081  0.218   2.505  0.001   100.0  100.0     0.836   11.7    100.0   0.973   21   560    243  0.304   0.99
   750   -0.0922   -0.120 -0.089   0.075  0.194   2.759  0.001   100.0  100.0     0.734   15.6    100.0   0.917   21   571    246  0.321   0.94
   760   -0.0639   -0.113 -0.089   0.074  0.186   3.860  0.001   100.0   98.4     0.659   21.9     91.7   0.934   21   586    253  0.317   0.95
   770   -0.0243   -0.074 -0.089   0.094  0.168   4.543  0.008   100.0   97.7     0.712   32.0    100.0   0.891   22   623    269  0.292   1.00
   780    0.2905   -0.079 -0.089   0.126  0.205   3.862  0.130   100.0   99.2     0.661   20.3     91.7   0.880   22   665    282  0.333   1.03
   790    0.0292   -0.149 -0.089   0.072  0.221   2.054  0.130   100.0  100.0     0.844    7.8    100.0   0.956   22   682    291  0.360   1.03
   800   -0.1750   -0.142 -0.094   0.100  0.242   1.972  0.008   100.0  100.0     0.797    7.0    100.0   0.949   22   690    295  0.388   1.01
      saved checkpoint @ step 800 | examples: ['CC(C)(O)CNC(=O)NC(=O)COc1ccc(F)cc1Cl', 'CCc1ccc(F)cc1-c1ccc2cc(NC(=O)C3CC3CC3CCN(C)C3)ncc2c1', 'CN1CC2(c3ccccc3)C=CCN2C1=S', 'N#CCC(C#N)Cc1ccc(Br)cc1', 'CCCCCCCN(C)C(=O)Cc1nc(-c2ccc(Cl)cc2)oc1C']
   810   -0.1079   -0.145 -0.094   0.086  0.231   2.136  0.001   100.0  100.0     0.820    5.5     91.7   0.934   22   706    302  0.329   0.98
   820   -0.0673   -0.132 -0.094   0.086  0.218   2.818  0.001   100.0  100.0     0.805   10.9     91.7   0.951   22   720    308  0.353   1.03
   830   -0.0348   -0.118 -0.094   0.091  0.201   2.955  0.001    99.2  100.0     0.787   15.6     91.7   0.927   22   738    309  0.338   0.99
   840   -0.0663   -0.064 -0.094   0.138  0.202   4.204  0.001   100.0  100.0     0.758   27.3    100.0   0.917   23   767    315  0.337   1.01
   850    0.0280   -0.025 -0.096   0.174  0.199   5.552  0.017   100.0   96.9     0.718   33.6    100.0   0.850   24   832    338  0.246   1.11
   860    0.4904   -0.083 -0.096   0.155  0.238   4.401  0.195   100.0  100.0     0.789   24.2    100.0   0.886   25   886    353  0.364   1.07
   870   -0.0060   -0.150 -0.096   0.083  0.233   2.333  0.130   100.0  100.0     0.875    9.4     91.7   0.960   26   892    355  0.415   0.98
   880   -0.1953   -0.162 -0.096   0.062  0.224   1.687  0.011   100.0  100.0     0.867    5.5    100.0   0.951   26   893    355  0.436   1.04
   890   -0.1246   -0.155 -0.096   0.067  0.222   2.048  0.001   100.0  100.0     0.773    7.8     91.7   0.951   27   897    356  0.329   0.93
   900   -0.0759   -0.150 -0.101   0.064  0.213   2.345  0.001   100.0  100.0     0.852   10.2     83.3   0.948   27   901    357  0.352   1.00
   910   -0.0481   -0.139 -0.101   0.072  0.211   2.860  0.001   100.0  100.0     0.773   14.8     83.3   0.945   28   907    360  0.343   1.02
   920   -0.0194   -0.137 -0.101   0.061  0.191   3.221  0.001    99.2  100.0     0.772   14.8    100.0   0.939   29   916    364  0.348   1.02
   930   -0.0281   -0.111 -0.101   0.080  0.190   3.961  0.001   100.0   98.4     0.714   21.1    100.0   0.903   29   922    365  0.336   1.00
   940   -0.0208   -0.081 -0.101   0.105  0.178   5.092  0.002    99.2   94.5     0.708   37.5    100.0   0.854   30   940    372  0.306   1.04
   950    0.3028   -0.090 -0.089   0.097  0.187   4.588  0.086   100.0   97.7     0.736   25.0     91.7   0.914   31   965    382  0.291   1.13
   960    0.3804   -0.186 -0.089   0.079  0.227   3.659  0.195    96.1  100.0     0.886    5.5     83.3   0.968   33   992    395  0.522   1.17
   970   -0.1773   -0.171 -0.089   0.067  0.230   1.427  0.130    99.2  100.0     0.874    4.7     75.0   0.940   33   999    399  0.494   1.04
   980   -0.2541   -0.143 -0.089   0.083  0.226   1.967  0.005   100.0  100.0     0.867    7.8     83.3   0.938   33  1000    399  0.432   0.84
   990   -0.1422   -0.155 -0.089   0.065  0.220   2.595  0.002   100.0  100.0     0.859    3.9     91.7   0.939   33  1000    401  0.399   1.40
      TL @ step 1000: 500 mols, 2/2 epochs, nll 0.382, kl_after 3.16
  1000   -0.0758   -0.154 -0.095   0.061  0.208   2.450  0.002    99.2  100.0     0.764   10.2    100.0   0.900   33  1000    401  0.423   0.94
      saved checkpoint @ step 1000 | examples: ['Cc1c(NC(=S)NC(=O)c2ccco2)c(=O)n(-c2ccccc2)n1C', 'O=C(O)c1cc(Br)cc(Cl)c1O', 'COc1cncc(-c2ccccc2)c1', 'O=S(=O)(Cc1cc(Cl)c(O)cc1O)c1ccc(Cl)cc1', 'C=CCNC(=O)C1CCN(C(=O)c2ccccc2)CC1']
  1010   -0.0380   -0.147 -0.095   0.067  0.206   2.815  0.002    99.2  100.0     0.819   14.8    100.0   0.931   33  1000    405  0.391   0.86
  1020   -0.0340   -0.115 -0.095   0.082  0.197   3.132  0.003   100.0   98.4     0.762   17.2    100.0   0.927   33  1000    410  0.373   0.95
  1030   -0.0182   -0.089 -0.095   0.099  0.187   3.362  0.003   100.0   98.4     0.730   21.9    100.0   0.875   35  1000    410  0.331   0.84
  1040   -0.0225   -0.072 -0.095   0.131  0.196   4.975  0.005    99.2   92.1     0.675   38.3    100.0   0.856   35  1000    411  0.357   0.83
  1050    0.4303   -0.059 -0.082   0.145  0.204   4.679  0.130   100.0   96.9     0.710   34.4    100.0   0.828   35  1000    417  0.349   1.15
  1060    0.1355   -0.164 -0.082   0.070  0.210   2.666  0.130    97.7  100.0     0.840    9.4     83.3   0.938   37  1000    425  0.375   1.13
  1070   -0.0469   -0.149 -0.082   0.093  0.242   2.000  0.086   100.0  100.0     0.844    7.8     83.3   0.946   37  1000    426  0.340   1.07
  1080   -0.1317   -0.161 -0.082   0.069  0.215   1.786  0.003    98.4  100.0     0.857    7.0    100.0   0.950   37  1000    426  0.412   1.09
  1090   -0.0843   -0.143 -0.082   0.071  0.214   2.219  0.001   100.0  100.0     0.836   12.5    100.0   0.917   37  1000    428  0.333   1.06
  1100   -0.0669   -0.123 -0.087   0.097  0.220   3.081  0.001   100.0  100.0     0.773   15.6    100.0   0.888   37  1000    435  0.309   1.12
  1110   -0.0261   -0.135 -0.087   0.065  0.200   2.900  0.001   100.0  100.0     0.766   12.5     91.7   0.901   37  1000    440  0.313   1.11
  1120   -0.0187   -0.116 -0.087   0.086  0.187   3.775  0.001    98.4   97.6     0.691   25.0    100.0   0.901   37  1000    444  0.307   1.07
  1130   -0.0007   -0.080 -0.087   0.169  0.241   4.710  0.005    99.2   94.5     0.708   33.6    100.0   0.793   37  1000    450  0.316   1.12
  1140    0.3240   -0.112 -0.087   0.118  0.223   3.846  0.130    99.2   99.2     0.722   26.6    100.0   0.853   37  1000    454  0.342   1.07
  1150    0.1167   -0.142 -0.088   0.097  0.232   2.682  0.130    99.2  100.0     0.835    9.4     91.7   0.923   38  1000    465  0.331   1.14
  1160   -0.1331   -0.140 -0.088   0.088  0.228   2.106  0.017   100.0  100.0     0.875    9.4     91.7   0.913   38  1000    467  0.336   1.19
  1170   -0.0896   -0.127 -0.088   0.088  0.215   2.244  0.008   100.0  100.0     0.828   11.7    100.0   0.918   38  1000    472  0.355   1.13
  1180   -0.0421   -0.144 -0.088   0.082  0.218   2.296  0.005    99.2   98.4     0.848   13.3     91.7   0.901   38  1000    476  0.319   0.93
  1190   -0.0386   -0.117 -0.088   0.097  0.214   2.885  0.005   100.0   98.4     0.738   16.4    100.0   0.898   38  1000    478  0.313   0.80
  1200   -0.0591   -0.063 -0.091   0.157  0.220   4.268  0.005   100.0   98.4     0.714   36.7    100.0   0.867   38  1000    489  0.279   0.93
      saved checkpoint @ step 1200 | examples: ['Nc1ncnc2c1sc1ccccc12', 'O=C(O)Cc1ccc(CCc2ccccc2)cc1', 'Cc1cc(NC(=O)Nc2ccccc2)ccc1N1CCCCC1', 'CC(C)C(=O)Nc1ncccn1', 'Cc1ccc(F)cc1-c1ccc2cc(NC(=O)C3CCCCC3C3CCCCC3)ncc2c1']
  1210    0.1103   -0.072 -0.091   0.170  0.234   4.689  0.038    99.2   98.4     0.728   32.8    100.0   0.804   41  1000    508  0.336   1.08
  1220    0.0945   -0.072 -0.091   0.168  0.240   3.799  0.058   100.0  100.0     0.758   25.0    100.0   0.842   43  1000    519  0.319   1.11
  1230    0.0508   -0.097 -0.091   0.148  0.245   3.181  0.058   100.0   99.2     0.756   24.2    100.0   0.866   43  1000    524  0.331   0.99
  1240   -0.0132   -0.137 -0.091   0.102  0.240   2.348  0.038   100.0  100.0     0.867   13.3     83.3   0.912   44  1000    530  0.331   0.98
  1250   -0.0584   -0.141 -0.096   0.104  0.245   2.169  0.005   100.0  100.0     0.891   11.7     83.3   0.944   44  1000    532  0.340   0.98
  1260   -0.0434   -0.110 -0.096   0.122  0.233   2.719  0.005   100.0  100.0     0.773   20.3     91.7   0.881   44  1000    537  0.299   1.06
  1270   -0.0305   -0.079 -0.096   0.164  0.243   3.575  0.005   100.0   98.4     0.738   21.9    100.0   0.828   45  1000    554  0.309   0.98
  1280    0.0068   -0.011 -0.096   0.256  0.268   5.226  0.017   100.0   95.3     0.779   42.2    100.0   0.715   47  1000    569  0.315   1.05
  1290    0.2823   -0.106 -0.096   0.126  0.216   3.584  0.130    98.4  100.0     0.762   25.0    100.0   0.889   48  1000    590  0.288   1.07
  1300    0.0617   -0.131 -0.097   0.114  0.238   2.359  0.130    99.2  100.0     0.866   15.6     91.7   0.950   49  1000    605  0.356   1.01
  1310   -0.1397   -0.157 -0.097   0.086  0.235   1.791  0.011    99.2  100.0     0.858    8.6    100.0   0.963   50  1000    609  0.343   1.00
  1320   -0.0996   -0.142 -0.097   0.088  0.222   2.448  0.001    99.2  100.0     0.803   11.7    100.0   0.940   50  1000    614  0.340   1.02
  1330   -0.0646   -0.122 -0.097   0.099  0.221   2.459  0.001   100.0  100.0     0.852   16.4    100.0   0.916   51  1000    623  0.312   1.31
  1340   -0.0602   -0.079 -0.097   0.148  0.227   3.673  0.001   100.0  100.0     0.766   27.3    100.0   0.854   51  1000    629  0.316   0.82
  1350   -0.0234   -0.081 -0.098   0.186  0.259   4.751  0.003    99.2   98.4     0.840   37.5    100.0   0.758   51  1000    636  0.335   0.84
  1360    0.7053   -0.037 -0.098   0.220  0.258   5.396  0.195   100.0   98.4     0.770   47.7    100.0   0.802   52  1000    661  0.279   0.92
  1370    0.1180   -0.152 -0.098   0.083  0.235   2.290  0.195   100.0  100.0     0.836    8.6     91.7   0.934   52  1000    669  0.348   0.97
  1380   -0.1175   -0.179 -0.098   0.081  0.244   1.691  0.130    98.4  100.0     0.944    6.2     75.0   0.948   53  1000    671  0.384   0.97
  1390   -0.2231   -0.182 -0.098   0.072  0.231   1.539  0.003    97.7  100.0     0.936    7.8     91.7   0.947   53  1000    671  0.377   0.94
  1400   -0.1562   -0.135 -0.103   0.104  0.231   2.429  0.001    99.2  100.0     0.874   14.1    100.0   0.898   53  1000    676  0.354   1.03
      saved checkpoint @ step 1400 | examples: ['O=C(O)CCCc1ccccc1', 'CC(C)(C)c1ccc(-c2ccccc2C(=O)Nc2ccccc2)cc1', 'N=C(N)NCCC[C@H](NS(=O)(=O)c1ccc(-c2ccccc2)cc1)C(=O)NO', 'COC(=O)c1ccc(OCCI)c(OC)c1', 'Cc1cc(O)ccc1NC(=O)COc1ccc(C(F)(F)F)cc1']
  1410   -0.0868   -0.132 -0.103   0.109  0.241   2.105  0.001   100.0   99.2     0.850   10.9    100.0   0.864   53  1000    680  0.343   1.01
  1420   -0.0590   -0.120 -0.103   0.109  0.229   3.082  0.001   100.0  100.0     0.789   22.7    100.0   0.892   54  1000    687  0.374   1.00
  1430   -0.0475   -0.085 -0.103   0.137  0.222   4.192  0.002   100.0   96.9     0.774   32.8    100.0   0.870   56  1000    694  0.288   1.04
  1440    0.0166   -0.082 -0.103   0.160  0.234   4.651  0.011    99.2   97.6     0.669   37.5    100.0   0.812   57  1000    708  0.297   1.09
  1450    0.3618   -0.107 -0.081   0.126  0.233   3.198  0.195   100.0  100.0     0.820   15.6    100.0   0.881   58  1000    728  0.308   0.81
  1460    0.0938   -0.184 -0.081   0.090  0.243   2.024  0.195    96.9  100.0     0.919    4.7     91.7   0.939   59  1000    736  0.387   1.09
  1470   -0.1919   -0.183 -0.081   0.074  0.249   1.579  0.005    99.2  100.0     0.929    1.6     83.3   0.970   59  1000    737  0.390   0.94
  1480   -0.1325   -0.146 -0.081   0.081  0.227   2.092  0.001   100.0  100.0     0.859    7.8     91.7   0.939   59  1000    738  0.334   0.97
  1490   -0.0696   -0.152 -0.081   0.063  0.215   1.821  0.001   100.0  100.0     0.797    1.6    100.0   0.935   59  1000    741  0.365   0.96
      TL @ step 1500: 500 mols, 2/2 epochs, nll 0.332, kl_after 3.20
  1500   -0.0505   -0.137 -0.087   0.070  0.207   2.470  0.001   100.0  100.0     0.828   10.2     91.7   0.948   59  1000    744  0.317   1.09
  1510   -0.0275   -0.118 -0.087   0.103  0.213   2.910  0.001    99.2  100.0     0.764   14.8    100.0   0.908   60  1000    748  0.329   1.00
  1520   -0.0568   -0.034 -0.087   0.192  0.226   4.651  0.002   100.0   98.4     0.833   28.1    100.0   0.850   60  1000    770  0.291   0.98
  1530    0.1467   -0.011 -0.087   0.228  0.223   6.204  0.038    98.4   97.6     0.789   36.7    100.0   0.825   61  1000    797  0.278   1.00
  1540    0.3040   -0.130 -0.087   0.117  0.239   2.489  0.292    99.2  100.0     0.803   15.6     91.7   0.889   62  1000    825  0.413   1.07
  1550   -0.2209   -0.181 -0.092   0.075  0.233   2.126  0.058    97.7  100.0     0.880    7.0     83.3   0.959   62  1000    827  0.412   1.08
  1560   -0.2319   -0.157 -0.092   0.083  0.240   1.983  0.001   100.0  100.0     0.859    5.5    100.0   0.948   62  1000    827  0.353   1.04
  1570   -0.1393   -0.140 -0.092   0.089  0.229   2.495  0.001   100.0  100.0     0.836   10.9    100.0   0.934   62  1000    833  0.388   1.02
  1580   -0.0738   -0.138 -0.092   0.070  0.209   2.609  0.001   100.0  100.0     0.797   13.3     83.3   0.948   62  1000    837  0.338   1.02
  1590   -0.0375   -0.134 -0.092   0.087  0.213   2.766  0.001    99.2  100.0     0.756   14.8    100.0   0.872   62  1000    843  0.348   1.04
  1600   -0.0251   -0.114 -0.094   0.104  0.202   3.547  0.001    98.4  100.0     0.754   22.7    100.0   0.841   62  1000    848  0.313   0.98
      saved checkpoint @ step 1600 | examples: ['Cc1ccc(-c2cc(=O)oc3cc(C)ccc23)cc1', 'O=C(c1ccccc1OCc1ccccc1)N1CCN(c2ccccc2)CC1', 'CCN(CC)C(=O)[C@@H](C)c1ccccc1', 'COc1ccc(/C=C/c2ccccc2)cc1', 'NCC(N)Cc1ccccc1']
  1610   -0.0283   -0.081 -0.094   0.139  0.213   4.009  0.001    99.2   99.2     0.746   32.0     91.7   0.803   63  1000    856  0.352   1.00
  1620   -0.0077   -0.069 -0.094   0.147  0.216   4.653  0.003   100.0   95.3     0.672   41.4    100.0   0.788   63  1000    864  0.354   1.02
  1630    0.6429   -0.042 -0.094   0.169  0.211   4.699  0.195   100.0   98.4     0.675   37.5    100.0   0.778   63  1000    878  0.338   1.02
  1640    0.0957   -0.136 -0.094   0.082  0.219   2.220  0.195   100.0  100.0     0.812   14.8     83.3   0.906   63  1000    885  0.358   0.80
  1650   -0.2304   -0.153 -0.099   0.095  0.248   1.901  0.038   100.0  100.0     0.891   14.1    100.0   0.935   63  1000    892  0.382   0.79
  1660   -0.1950   -0.147 -0.099   0.083  0.230   2.337  0.002   100.0  100.0     0.883    9.4    100.0   0.968   63  1000    893  0.349   0.86
  1670   -0.1163   -0.134 -0.099   0.063  0.190   2.809  0.001    99.2  100.0     0.780   19.5     91.7   0.938   63  1000    897  0.373   0.85
  1680   -0.0692   -0.118 -0.099   0.109  0.211   3.404  0.001    98.4  100.0     0.778   21.9    100.0   0.861   63  1000    904  0.380   0.89
  1690   -0.0621   -0.099 -0.099   0.126  0.225   3.885  0.001   100.0   99.2     0.811   30.5    100.0   0.874   64  1000    910  0.320   0.80
  1700   -0.0180   -0.115 -0.100   0.117  0.217   4.069  0.001    98.4   97.6     0.724   35.2    100.0   0.800   64  1000    918  0.310   1.10
  1710    0.0792   -0.054 -0.100   0.169  0.223   6.019  0.026   100.0   96.1     0.707   42.2    100.0   0.827   65  1000    927  0.284   1.01
  1720    0.1972   -0.130 -0.100   0.077  0.199   3.111  0.130    99.2  100.0     0.787   21.9    100.0   0.900   67  1000    941  0.429   0.92
  1730   -0.0137   -0.159 -0.100   0.078  0.237   2.075  0.086   100.0  100.0     0.828    8.6     91.7   0.927   67  1000    942  0.469   1.10
  1740   -0.1275   -0.158 -0.100   0.070  0.221   1.896  0.003    99.2  100.0     0.827    7.0     83.3   0.943   67  1000    942  0.391   1.01
  1750   -0.0799   -0.156 -0.105   0.065  0.221   1.996  0.001   100.0  100.0     0.797    9.4    100.0   0.938   67  1000    942  0.361   0.95
  1760   -0.0471   -0.134 -0.105   0.106  0.240   2.254  0.001   100.0  100.0     0.875   14.1    100.0   0.884   67  1000    942  0.385   0.95
  1770   -0.0433   -0.118 -0.105   0.097  0.216   3.280  0.001   100.0  100.0     0.781   22.7    100.0   0.900   67  1000    944  0.297   0.72
  1780   -0.0259   -0.107 -0.105   0.111  0.217   3.267  0.001   100.0   99.2     0.780   33.6    100.0   0.871   67  1000    944  0.302   0.81
  1790   -0.0264   -0.049 -0.105   0.207  0.255   4.459  0.002   100.0   96.9     0.726   41.4    100.0   0.749   67  1000    947  0.328   0.77
  1800    0.3606   -0.040 -0.059   0.215  0.256   5.102  0.086   100.0   96.9     0.677   34.4    100.0   0.684   68  1000    951  0.338   0.72
      saved checkpoint @ step 1800 | examples: ['O=C(Nc1cccc(F)c1)C1CCN(Cc2ccccc2)CC1', 'O=C(Nc1ccccc1)C(c1ccccc1)c1ccccc1', 'CC(N)c1ccccc1', 'Oc1ccc(CCCc2ccc(Cl)cc2)cc1', 'O=C(NCc1c[nH]c2ccccc12)c1ccc(F)cc1']
  1810    0.1298   -0.159 -0.059   0.084  0.227   2.077  0.195    98.4  100.0     0.825    7.0     91.7   0.950   68  1000    957  0.338   0.76
  1820   -0.1769   -0.155 -0.059   0.084  0.239   1.899  0.026   100.0  100.0     0.859    2.3    100.0   0.952   68  1000    959  0.371   0.74
  1830   -0.1297   -0.162 -0.059   0.067  0.222   2.196  0.001    99.2  100.0     0.827    3.1     91.7   0.948   69  1000    960  0.394   0.81
  1840   -0.0786   -0.149 -0.059   0.081  0.222   1.948  0.001    99.2  100.0     0.850    4.7    100.0   0.931   70  1000    964  0.304   0.78
  1850   -0.0534   -0.130 -0.067   0.084  0.206   2.926  0.001    99.2  100.0     0.764    8.6     91.7   0.876   70  1000    968  0.312   0.69
  1860   -0.0333   -0.128 -0.067   0.073  0.201   2.673  0.001   100.0   99.2     0.740   10.2     91.7   0.906   71  1000    979  0.299   0.72
  1870   -0.0246   -0.098 -0.067   0.118  0.216   3.623  0.001   100.0  100.0     0.781   14.8    100.0   0.870   72  1000    996  0.343   0.83
  1880   -0.0360   -0.048 -0.067   0.174  0.223   5.628  0.003   100.0   99.2     0.772   27.3    100.0   0.850   72  1000   1000  0.261   0.75
  1890    0.5445   -0.036 -0.067   0.186  0.222   6.124  0.130   100.0  100.0     0.766   32.0    100.0   0.840   74  1000   1000  0.304   0.73
  1900    0.6135   -0.155 -0.071   0.104  0.242   3.160  0.438    98.4  100.0     0.873    7.8    100.0   0.908   74  1000   1000  0.423   0.80
  1910   -0.4257   -0.164 -0.071   0.077  0.225   2.030  0.038    98.4  100.0     0.849    5.5     91.7   0.938   74  1000   1000  0.365   0.76
  1920   -0.2854   -0.161 -0.071   0.067  0.213   2.457  0.008    98.4  100.0     0.817   10.9    100.0   0.899   74  1000   1000  0.344   0.69
  1930   -0.1692   -0.124 -0.071   0.095  0.219   2.944  0.008   100.0  100.0     0.797   12.5    100.0   0.883   74  1000   1000  0.375   0.75
  1940   -0.0935   -0.134 -0.071   0.077  0.210   2.856  0.008   100.0  100.0     0.789   11.7     91.7   0.909   74  1000   1000  0.357   0.75
  1950   -0.0741   -0.091 -0.076   0.129  0.221   3.691  0.008   100.0  100.0     0.789   22.7    100.0   0.829   74  1000   1000  0.331   0.82
  1960   -0.0296   -0.110 -0.076   0.102  0.213   3.745  0.008   100.0   99.2     0.693   17.2    100.0   0.840   74  1000   1000  0.332   0.76
  1970    0.1057   -0.075 -0.076   0.186  0.245   4.946  0.038    98.4   98.4     0.790   35.2    100.0   0.802   76  1000   1000  0.317   0.76
  1980    0.0601   -0.102 -0.076   0.110  0.205   3.928  0.038    99.2  100.0     0.717   21.1    100.0   0.837   77  1000   1000  0.342   0.79
  1990    0.0207   -0.121 -0.076   0.088  0.209   2.925  0.038   100.0   99.2     0.795   14.1    100.0   0.918   79  1000   1000  0.330   0.81
      TL @ step 2000: 500 mols, 2/2 epochs, nll 0.299, kl_after 2.92
  2000    0.0200   -0.133 -0.080   0.095  0.219   2.894  0.038    99.2  100.0     0.795   14.1    100.0   0.878   81  1000   1000  0.341   0.80
      saved checkpoint @ step 2000 | examples: ['CCCCCCCCCCCCC(=O)O', 'N#Cc1ccc2c(c1)OCCO2', 'O=C(NCC1CC1)c1cccc(-n2cccn2)n1', 'CCC(C)CNC(=O)c1csc(Cc2ccn3c(C)nnc3c2)n1', 'CCCCCCCCCCCCCCCC(=O)NCc1ccc(CC(=O)O)cc1']
  2010    0.0301   -0.130 -0.080   0.111  0.233   3.216  0.038    99.2  100.0     0.882   11.7    100.0   0.889   82  1000   1000  0.332   0.79
  2020    0.0088   -0.130 -0.080   0.108  0.231   2.530  0.038    99.2  100.0     0.866   14.1    100.0   0.842   84  1000   1000  0.323   0.80
  2030    0.0143   -0.121 -0.080   0.106  0.219   2.710  0.038    99.2   98.4     0.744   15.6    100.0   0.868   85  1000   1000  0.330   0.79
  2040    0.0027   -0.127 -0.080   0.105  0.224   2.595  0.038    99.2  100.0     0.866   11.7     91.7   0.923   85  1000   1000  0.304   0.82
  2050    0.0017   -0.099 -0.085   0.128  0.227   2.610  0.038   100.0  100.0     0.820   16.4    100.0   0.889   87  1000   1000  0.363   0.78
  2060   -0.0304   -0.131 -0.085   0.095  0.226   2.341  0.017   100.0  100.0     0.812   12.5    100.0   0.913   87  1000   1000  0.326   0.80
  2070   -0.0247   -0.144 -0.085   0.080  0.224   2.236  0.008   100.0  100.0     0.812   10.9     91.7   0.911   87  1000   1000  0.287   0.74
  2080   -0.0189   -0.119 -0.085   0.092  0.210   2.340  0.005   100.0  100.0     0.844   15.6    100.0   0.922   88  1000   1000  0.334   0.75
  2090   -0.0151   -0.100 -0.085   0.139  0.231   3.352  0.005    99.2   98.4     0.768   25.0    100.0   0.801   90  1000   1000  0.313   0.78
  2100    0.0535   -0.046 -0.086   0.175  0.221   4.577  0.026   100.0   97.7     0.736   28.9    100.0   0.806   91  1000   1000  0.283   0.78
  2110    0.1610   -0.109 -0.086   0.121  0.222   2.785  0.130    99.2  100.0     0.811   16.4     91.7   0.894   92  1000   1000  0.329   0.75
  2120   -0.0115   -0.169 -0.086   0.081  0.234   2.132  0.086    98.4  100.0     0.921    4.7     66.7   0.937   92  1000   1000  0.348   0.78
  2130   -0.1443   -0.138 -0.086   0.100  0.237   1.873  0.002   100.0   99.2     0.803    9.4    100.0   0.922   92  1000   1000  0.323   0.81
  2140   -0.0659   -0.152 -0.086   0.073  0.218   2.239  0.001    99.2  100.0     0.787    5.5     75.0   0.915   92  1000   1000  0.354   0.72
  2150   -0.0548   -0.130 -0.091   0.066  0.196   2.426  0.001   100.0  100.0     0.797   17.2     83.3   0.911   92  1000   1000  0.302   0.74
  2160   -0.0481   -0.100 -0.091   0.100  0.200   3.638  0.001   100.0  100.0     0.680   27.3    100.0   0.859   92  1000   1000  0.285   0.80
  2170   -0.0243   -0.091 -0.091   0.105  0.196   3.670  0.001   100.0   98.4     0.698   32.8    100.0   0.856   93  1000   1000  0.317   0.73
  2180   -0.0086   -0.074 -0.091   0.158  0.232   4.462  0.002   100.0   96.1     0.732   39.8    100.0   0.807   94  1000   1000  0.323   0.74
  2190    0.4241   -0.062 -0.091   0.167  0.221   4.593  0.130    99.2   96.9     0.740   39.1    100.0   0.810   95  1000   1000  0.290   0.71
  2200    0.1030   -0.142 -0.081   0.094  0.236   2.043  0.195   100.0   99.2     0.811    7.0    100.0   0.908   96  1000   1000  0.319   0.81
      saved checkpoint @ step 2200 | examples: ['CCOC(=O)COC(C)=O', 'Cc1ccc(CN(C)C(=O)c2cn(C)nc2-c2ccc(Cl)cc2)o1', 'CCCS(=O)(=O)NC(CC(=O)O)C(=O)NO', 'Cc1cccc(C)c1NC(=O)C1=Cc2ccc(Cl)cc2OC1', 'CCCCCCCCCCCCCCCCCCCC(=O)c1nnc(-c2ccncc2)o1']
  2210   -0.1784   -0.161 -0.081   0.076  0.229   1.857  0.058    99.2  100.0     0.843    4.7     91.7   0.964   96  1000   1000  0.354   0.79
  2220   -0.1801   -0.152 -0.081   0.074  0.226   1.772  0.003   100.0  100.0     0.836    6.2     75.0   0.922   98  1000   1000  0.352   0.78
  2230   -0.1131   -0.138 -0.081   0.096  0.234   2.250  0.001   100.0  100.0     0.859   10.2    100.0   0.910   98  1000   1000  0.385   0.81
  2240   -0.0584   -0.134 -0.081   0.085  0.219   2.438  0.001   100.0  100.0     0.812    9.4    100.0   0.883   98  1000   1000  0.336   0.83
  2250   -0.0434   -0.110 -0.085   0.111  0.221   2.813  0.001   100.0   99.2     0.787   18.8    100.0   0.866   99  1000   1000  0.336   0.84
  2260   -0.0357   -0.078 -0.085   0.129  0.207   3.815  0.001   100.0   96.9     0.685   29.7    100.0   0.829  101  1000   1000  0.345   0.77
  2270    0.0530   -0.058 -0.085   0.231  0.274   5.301  0.017    98.4   96.0     0.744   42.2    100.0   0.657  102  1000   1000  0.304   0.74
  2280    0.3683   -0.127 -0.085   0.105  0.216   3.324  0.195    98.4  100.0     0.778   15.6    100.0   0.884  107  1000   1000  0.329   0.70
  2290   -0.1361   -0.163 -0.085   0.080  0.234   1.888  0.058    99.2  100.0     0.858    5.5     91.7   0.959  108  1000   1000  0.401   0.72
  2300   -0.1672   -0.151 -0.092   0.069  0.220   1.944  0.003   100.0  100.0     0.859    7.8     91.7   0.925  108  1000   1000  0.341   0.77
  2310   -0.1129   -0.125 -0.092   0.082  0.207   2.540  0.001   100.0  100.0     0.828   18.0     91.7   0.930  108  1000   1000  0.346   0.79
  2320   -0.0716   -0.120 -0.092   0.076  0.197   2.672  0.001   100.0  100.0     0.797   16.4    100.0   0.921  108  1000   1000  0.310   0.67
  2330   -0.0302   -0.122 -0.092   0.076  0.198   2.989  0.001   100.0  100.0     0.734   24.2    100.0   0.889  109  1000   1000  0.312   0.67
  2340   -0.0259   -0.094 -0.092   0.123  0.218   3.530  0.001   100.0   99.2     0.717   23.4    100.0   0.828  110  1000   1000  0.333   0.72
  2350    0.0103   -0.090 -0.090   0.107  0.197   4.424  0.008   100.0   96.9     0.669   33.6    100.0   0.823  111  1000   1000  0.300   0.73
  2360    0.2029   -0.097 -0.090   0.116  0.213   3.899  0.086   100.0  100.0     0.742   28.1    100.0   0.836  111  1000   1000  0.299   0.77
  2370    0.0640   -0.149 -0.090   0.076  0.209   2.376  0.086    98.4  100.0     0.833    9.4     83.3   0.935  111  1000   1000  0.312   0.75
  2380   -0.0709   -0.160 -0.090   0.072  0.225   1.887  0.038    99.2  100.0     0.843    7.8    100.0   0.955  112  1000   1000  0.333   0.69
  2390   -0.0867   -0.154 -0.090   0.060  0.214   1.801  0.003   100.0   99.2     0.811    6.2    100.0   0.926  112  1000   1000  0.348   0.65
  2400   -0.0598   -0.127 -0.095   0.104  0.231   2.147  0.003   100.0  100.0     0.836   12.5    100.0   0.860  112  1000   1000  0.320   0.75
      saved checkpoint @ step 2400 | examples: ['O=C(Nc1ccc(Cl)cc1)c1ccccc1Sc1ccc2c(/C=C/c3ccccn3)n[nH]c2c1', 'O=C(O)CNC(=O)c1cc(Br)c(Br)[nH]1', 'Cc1cnc(NC(=O)Cc2ccccc2)s1', 'CC(C)Oc1ccc(NC(=O)[C@H]2CC[C@H](O)CC2)cc1', 'CNC(=O)Cn1c(C2CCCC2)nc2ccccc21']
  2410   -0.0459   -0.118 -0.095   0.069  0.187   2.913  0.003   100.0   98.4     0.722   23.4    100.0   0.922  112  1000   1000  0.273   0.68
  2420   -0.0212   -0.110 -0.095   0.127  0.222   3.178  0.003    98.4   99.2     0.736   27.3    100.0   0.818  112  1000   1000  0.307   0.68
  2430   -0.0104   -0.070 -0.095   0.135  0.205   4.077  0.008   100.0  100.0     0.664   37.5    100.0   0.805  114  1000   1000  0.294   0.67
  2440    0.3671   -0.057 -0.095   0.191  0.249   4.400  0.130   100.0   99.2     0.811   35.2    100.0   0.796  115  1000   1000  0.289   0.75
  2450    0.1041   -0.115 -0.089   0.115  0.230   2.547  0.130   100.0  100.0     0.773   13.3     91.7   0.877  115  1000   1000  0.339   0.74
  2460   -0.1206   -0.150 -0.089   0.071  0.220   1.898  0.038   100.0  100.0     0.836    8.6     91.7   0.922  115  1000   1000  0.362   0.81
  2470   -0.0588   -0.149 -0.089   0.094  0.236   2.143  0.038    99.2  100.0     0.795    8.6    100.0   0.886  115  1000   1000  0.339   0.78
  2480   -0.0766   -0.148 -0.089   0.077  0.218   2.195  0.008    99.2  100.0     0.780    8.6    100.0   0.934  115  1000   1000  0.412   0.87
  2490   -0.0450   -0.130 -0.089   0.078  0.208   2.465  0.008   100.0  100.0     0.781   11.7    100.0   0.918  115  1000   1000  0.330   0.74
      TL @ step 2500: 500 mols, 2/2 epochs, nll 0.326, kl_after 2.87
  2500   -0.0308   -0.104 -0.093   0.104  0.208   2.821  0.008   100.0  100.0     0.742   18.0    100.0   0.868  116  1000   1000  0.355   0.75
  2510   -0.0300   -0.099 -0.093   0.105  0.205   3.521  0.008   100.0   98.4     0.754   25.0    100.0   0.882  116  1000   1000  0.296   0.85
  2520    0.0267   -0.063 -0.093   0.150  0.205   4.666  0.017    99.2   97.6     0.750   33.6    100.0   0.840  117  1000   1000  0.278   0.73
  2530    0.1415   -0.106 -0.093   0.120  0.210   3.025  0.086    98.4   98.4     0.774   21.9    100.0   0.857  118  1000   1000  0.296   0.84
  2540    0.0623   -0.148 -0.093   0.086  0.218   2.401  0.086    98.4  100.0     0.849    8.6     91.7   0.927  118  1000   1000  0.308   0.79
  2550   -0.0129   -0.144 -0.098   0.099  0.235   2.487  0.058    99.2  100.0     0.882   12.5    100.0   0.946  118  1000   1000  0.349   0.77
  2560   -0.1004   -0.137 -0.098   0.095  0.232   1.988  0.002   100.0  100.0     0.789   15.6     91.7   0.911  118  1000   1000  0.335   0.78
  2570   -0.0639   -0.122 -0.098   0.102  0.224   2.348  0.001   100.0  100.0     0.797   16.4    100.0   0.879  118  1000   1000  0.317   0.79
  2580   -0.0337   -0.129 -0.098   0.080  0.193   3.000  0.001    98.4   99.2     0.712   24.2    100.0   0.896  118  1000   1000  0.319   0.68
  2590   -0.0342   -0.094 -0.098   0.103  0.197   3.345  0.001   100.0  100.0     0.758   30.5    100.0   0.859  118  1000   1000  0.314   0.71
  2600   -0.0230   -0.093 -0.098   0.113  0.191   4.308  0.001    98.4   98.4     0.573   45.3    100.0   0.841  119  1000   1000  0.298   0.90
      saved checkpoint @ step 2600 | examples: ['CCCCCCCCCCCCCCCC', 'CCN(CC)CCNC(=O)c1ccccc1Sc1ccc2c(/C=C/c3ccccn3)n[nH]c2c1', 'C[C@H](Oc1ccccc1)C(=O)Nc1ccccc1', 'CNCc1ccccc1', 'CCCCCCCCNc1ccc(C(=O)O)cc1']
  2610    0.0435   -0.034 -0.098   0.171  0.206   5.803  0.017   100.0   91.4     0.607   53.9    100.0   0.787  119  1000   1000  0.272   0.74
  2620    0.4428   -0.089 -0.098   0.142  0.223   2.946  0.292    99.2   97.6     0.782   21.1    100.0   0.852  119  1000   1000  0.299   0.70
  2630   -0.2071   -0.158 -0.098   0.095  0.252   1.688  0.130   100.0  100.0     0.922    7.8     91.7   0.928  119  1000   1000  0.382   0.73
  2640   -0.2890   -0.142 -0.098   0.088  0.230   1.952  0.003   100.0  100.0     0.828   13.3     83.3   0.918  119  1000   1000  0.364   0.70
  2650   -0.1784   -0.131 -0.103   0.093  0.224   2.550  0.001   100.0  100.0     0.766   14.1    100.0   0.907  119  1000   1000  0.348   0.75
  2660   -0.1144   -0.102 -0.103   0.101  0.203   3.088  0.001   100.0   99.2     0.646   28.1    100.0   0.818  119  1000   1000  0.397   0.69
  2670   -0.0728   -0.108 -0.103   0.080  0.188   3.504  0.001   100.0  100.0     0.727   27.3    100.0   0.908  121  1000   1000  0.340   0.65
  2680   -0.0306   -0.113 -0.103   0.070  0.183   3.546  0.001   100.0   99.2     0.693   27.3    100.0   0.908  121  1000   1000  0.343   0.71
  2690   -0.0241   -0.105 -0.103   0.068  0.173   4.004  0.002   100.0   97.7     0.648   35.2    100.0   0.913  122  1000   1000  0.291   0.69
  2700    0.0503   -0.036 -0.089   0.145  0.181   5.190  0.017   100.0   97.7     0.640   37.5    100.0   0.813  122  1000   1000  0.326   0.70
  2710    0.3895   -0.094 -0.089   0.121  0.215   3.436  0.195   100.0   99.2     0.732   21.9    100.0   0.851  122  1000   1000  0.296   0.78
  2720    0.1431   -0.160 -0.089   0.069  0.213   2.475  0.195    98.4  100.0     0.762    6.2     83.3   0.947  122  1000   1000  0.403   0.84
  2730   -0.1877   -0.157 -0.089   0.080  0.230   2.263  0.026    99.2  100.0     0.811    5.5     91.7   0.930  122  1000   1000  0.359   0.73
  2740   -0.1427   -0.140 -0.089   0.093  0.233   2.369  0.003   100.0   99.2     0.827    8.6    100.0   0.880  122  1000   1000  0.355   0.69
  2750   -0.0794   -0.145 -0.095   0.089  0.226   2.411  0.002    99.2  100.0     0.835   10.9    100.0   0.892  122  1000   1000  0.351   0.72
  2760   -0.0563   -0.128 -0.095   0.086  0.207   2.886  0.002    99.2  100.0     0.740   17.2    100.0   0.896  122  1000   1000  0.300   0.73
  2770   -0.0482   -0.097 -0.095   0.100  0.197   3.414  0.002   100.0  100.0     0.672   26.6    100.0   0.874  122  1000   1000  0.318   0.77
  2780   -0.0384   -0.087 -0.095   0.113  0.200   4.403  0.002   100.0   98.4     0.675   32.8    100.0   0.864  122  1000   1000  0.340   0.73
  2790   -0.0262   -0.047 -0.095   0.155  0.202   4.914  0.008   100.0   98.4     0.667   43.0    100.0   0.813  123  1000   1000  0.303   0.74
  2800    0.6867   -0.055 -0.081   0.152  0.199   5.168  0.195    99.2  100.0     0.764   29.7     91.7   0.876  124  1000   1000  0.326   0.69
      saved checkpoint @ step 2800 | examples: ['COc1ccc(CCCNc2nc3ccccc3[nH]2)cc1', 'CN(C)c1ccc(CCc2ccccc2)cc1', 'Nn1c(S)nnc1CC(c1ccccc1)c1ccccc1', 'COC(=O)CN1C(=O)S/C(=C\\c2ccccc2)C1=O', 'Cn1ccnc1SCc1ccccc1']
  2810    0.1777   -0.158 -0.081   0.077  0.219   2.584  0.195    98.4  100.0     0.849    5.5     91.7   0.912  124  1000   1000  0.367   0.73
  2820   -0.1583   -0.159 -0.081   0.096  0.239   2.044  0.058    98.4  100.0     0.881    8.6    100.0   0.884  124  1000   1000  0.353   0.70
  2830   -0.1676   -0.141 -0.081   0.083  0.224   1.875  0.011   100.0  100.0     0.852    6.2     91.7   0.911  124  1000   1000  0.306   0.70
  2840   -0.1014   -0.127 -0.081   0.104  0.231   2.084  0.005   100.0  100.0     0.828    9.4    100.0   0.874  124  1000   1000  0.350   0.71
  2850   -0.0650   -0.119 -0.087   0.106  0.218   2.633  0.005    99.2  100.0     0.787   16.4    100.0   0.885  124  1000   1000  0.329   0.72
  2860   -0.0435   -0.115 -0.087   0.107  0.222   3.323  0.005   100.0  100.0     0.727   14.1    100.0   0.884  124  1000   1000  0.270   0.72
  2870   -0.0256   -0.094 -0.087   0.115  0.208   3.395  0.005   100.0  100.0     0.781   19.5    100.0   0.842  124  1000   1000  0.303   0.73
  2880   -0.0239   -0.084 -0.087   0.153  0.236   3.681  0.005   100.0   99.2     0.819   26.6    100.0   0.857  125  1000   1000  0.310   0.69
  2890    0.0915   -0.049 -0.087   0.151  0.200   4.490  0.038   100.0  100.0     0.742   28.9    100.0   0.829  125  1000   1000  0.275   0.69
  2900    0.1438   -0.079 -0.087   0.148  0.228   3.694  0.086   100.0  100.0     0.797   24.2    100.0   0.875  125  1000   1000  0.289   0.69
  2910    0.0075   -0.125 -0.087   0.096  0.221   2.037  0.086   100.0  100.0     0.805   12.5    100.0   0.903  126  1000   1000  0.342   0.74
  2920   -0.0894   -0.146 -0.087   0.082  0.228   1.944  0.026   100.0  100.0     0.875    7.8    100.0   0.926  126  1000   1000  0.306   0.73
  2930   -0.0480   -0.149 -0.087   0.091  0.240   2.062  0.017   100.0  100.0     0.852    7.0     91.7   0.898  126  1000   1000  0.296   0.68
  2940   -0.0562   -0.086 -0.087   0.127  0.213   2.947  0.017   100.0   99.2     0.866   15.6     91.7   0.919  126  1000   1000  0.292   0.73
  2950   -0.0397   -0.055 -0.091   0.177  0.224   3.628  0.017    99.2  100.0     0.819   28.1    100.0   0.828  126  1000   1000  0.262   0.70
  2960    0.0534   -0.040 -0.091   0.207  0.239   4.366  0.038    99.2  100.0     0.819   29.7    100.0   0.814  128  1000   1000  0.300   0.68
  2970    0.0450   -0.084 -0.091   0.145  0.228   2.977  0.058   100.0  100.0     0.891   18.8    100.0   0.900  131  1000   1000  0.297   0.77
  2980    0.0241   -0.088 -0.091   0.137  0.217   2.984  0.058    99.2  100.0     0.827   19.5    100.0   0.933  132  1000   1000  0.299   0.71
  2990    0.0236   -0.119 -0.091   0.117  0.228   2.536  0.058    99.2   99.2     0.833   16.4    100.0   0.925  133  1000   1000  0.336   0.73
      TL @ step 3000: 500 mols, 2/2 epochs, nll 0.299, kl_after 2.33
  3000   -0.0289   -0.140 -0.096   0.095  0.235   1.956  0.038   100.0  100.0     0.906    7.8    100.0   0.898  133  1000   1000  0.331   0.69
      saved checkpoint @ step 3000 | examples: ['Cc1ccc(C)c(NC(=O)CN(C)C(=O)C2CCN(Cc3ccco3)CC2)c1', 'N#Cc1c(Cl)ccnc1N1N=C(c2ccc(Br)cc2)CC1c1ccc(F)cc1', 'O=C(CN1CCCC1=O)Nc1ccccc1C(=O)N1CCN(c2ccccc2)CC1', 'NN[C@@H](Cc1c[nH]c2ccccc12)C(=O)N1CCOCC1', 'NC(=O)CC(NC(=O)c1cccnc1)c1cc(Cl)cc(Cl)c1']
  3010   -0.0790   -0.110 -0.096   0.134  0.244   2.415  0.017   100.0  100.0     0.852   15.6    100.0   0.930  133  1000   1000  0.308   0.79
  3020   -0.0429   -0.101 -0.096   0.127  0.228   2.395  0.017   100.0   99.2     0.858   16.4    100.0   0.910  134  1000   1000  0.334   0.74
  3030   -0.0330   -0.064 -0.096   0.180  0.244   3.533  0.017   100.0   99.2     0.858   23.4    100.0   0.899  136  1000   1000  0.280   0.71
  3040    0.1744   -0.090 -0.096   0.156  0.246   2.806  0.130   100.0  100.0     0.836   17.2    100.0   0.880  137  1000   1000  0.290   0.74
  3050   -0.1093   -0.145 -0.099   0.102  0.239   1.917  0.026    99.2  100.0     0.890    9.4     91.7   0.922  137  1000   1000  0.311   0.69
  3060   -0.1056   -0.142 -0.099   0.088  0.229   1.822  0.003   100.0  100.0     0.867    7.0     91.7   0.947  138  1000   1000  0.313   0.70
  3070   -0.0864   -0.078 -0.099   0.152  0.230   3.162  0.003   100.0  100.0     0.875   19.5    100.0   0.895  138  1000   1000  0.294   0.71
  3080   -0.0958   -0.006 -0.099   0.232  0.237   4.439  0.005   100.0  100.0     0.859   33.6    100.0   0.889  139  1000   1000  0.323   0.78
  3090    0.7465    0.060 -0.099   0.307  0.246   6.039  0.195   100.0   99.2     0.882   44.5    100.0   0.847  140  1000   1000  0.293   0.81
  3100   -0.0120   -0.170 -0.100   0.071  0.234   1.939  0.195    99.2  100.0     0.882    4.7     83.3   0.957  142  1000   1000  0.302   0.73
  3110   -0.2625   -0.176 -0.100   0.066  0.234   1.460  0.038    99.2  100.0     0.850    5.5    100.0   0.945  142  1000   1000  0.338   0.67
  3120   -0.2021   -0.141 -0.100   0.085  0.218   2.033  0.005    99.2   99.2     0.857   10.2     91.7   0.928  142  1000   1000  0.354   0.72
  3130   -0.1273   -0.137 -0.100   0.065  0.202   2.258  0.002   100.0  100.0     0.867    9.4     91.7   0.945  143  1000   1000  0.298   0.69
  3140   -0.0679   -0.131 -0.100   0.078  0.209   2.685  0.002   100.0  100.0     0.750   15.6    100.0   0.918  143  1000   1000  0.347   0.94
  3150   -0.0689   -0.072 -0.103   0.128  0.200   3.335  0.002   100.0  100.0     0.812   23.4    100.0   0.910  143  1000   1000  0.277   0.77
  3160    0.0002    0.002 -0.103   0.207  0.204   4.858  0.017   100.0   99.2     0.724   36.7    100.0   0.848  144  1000   1000  0.269   0.77
  3170    1.1203   -0.038 -0.103   0.181  0.220   4.210  0.438   100.0  100.0     0.805   26.6    100.0   0.911  145  1000   1000  0.253   0.72
  3180   -0.2984   -0.157 -0.103   0.078  0.235   1.934  0.195   100.0  100.0     0.891    7.0     91.7   0.952  145  1000   1000  0.332   0.75
  3190   -0.4047   -0.173 -0.103   0.061  0.218   2.045  0.026    98.4  100.0     0.794    7.8    100.0   0.947  145  1000   1000  0.354   0.70
  3200   -0.2654   -0.148 -0.108   0.071  0.219   2.139  0.011   100.0  100.0     0.828    5.5    100.0   0.909  145  1000   1000  0.367   0.71
      saved checkpoint @ step 3200 | examples: ['O=S(=O)(Nc1ccc(F)cc1)c1cccs1', 'CN(C)S(=O)(=O)NCCN1CCC[C@@H]1c1ccccc1', 'O=C(CCCC(=O)Nc1ccc(Br)cc1)NCc1ccccc1', 'O=C(NC(=O)c1ccc(/C=C2\\SC(=S)NC2=O)cc1)C(=O)c1ccco1', 'Cc1ccc(O)c(C=O)c1']
  3210   -0.1454   -0.138 -0.108   0.052  0.190   2.779  0.011   100.0  100.0     0.742   18.8    100.0   0.897  145  1000   1000  0.372   0.71
  3220   -0.0866   -0.129 -0.108   0.070  0.199   2.830  0.011   100.0  100.0     0.734   21.1    100.0   0.928  145  1000   1000  0.327   0.72
  3230   -0.0390   -0.126 -0.108   0.076  0.193   2.997  0.011    99.2  100.0     0.764   24.2    100.0   0.875  145  1000   1000  0.353   0.71
  3240   -0.0434   -0.095 -0.108   0.106  0.201   3.640  0.011   100.0   99.2     0.685   28.1    100.0   0.877  145  1000   1000  0.301   0.77
  3250   -0.0153   -0.073 -0.108   0.120  0.185   3.571  0.011    99.2   99.2     0.754   31.2    100.0   0.869  145  1000   1000  0.290   0.74
  3260    0.0417   -0.051 -0.108   0.143  0.194   4.267  0.026   100.0   99.2     0.732   28.1    100.0   0.893  145  1000   1000  0.315   0.72
  3270    0.1735   -0.089 -0.108   0.144  0.233   3.082  0.130   100.0  100.0     0.883   19.5    100.0   0.933  146  1000   1000  0.300   0.72
  3280    0.0648   -0.143 -0.108   0.085  0.220   2.279  0.130    99.2  100.0     0.858   10.9    100.0   0.923  146  1000   1000  0.337   0.75
  3290   -0.1259   -0.146 -0.108   0.084  0.230   2.112  0.017   100.0  100.0     0.867   12.5    100.0   0.947  146  1000   1000  0.302   0.70
  3300   -0.0784   -0.160 -0.112   0.066  0.218   2.080  0.008    99.2  100.0     0.803    9.4    100.0   0.931  146  1000   1000  0.330   0.72
  3310   -0.0697   -0.104 -0.112   0.123  0.227   3.010  0.008   100.0  100.0     0.805   23.4    100.0   0.931  146  1000   1000  0.319   0.73
  3320   -0.0450   -0.082 -0.112   0.130  0.212   3.348  0.008   100.0  100.0     0.688   24.2    100.0   0.889  148  1000   1000  0.273   0.78
  3330   -0.0283   -0.023 -0.112   0.200  0.215   4.408  0.011    99.2  100.0     0.795   35.2    100.0   0.866  152  1000   1000  0.246   0.72
  3340    1.5872    0.014 -0.112   0.260  0.246   5.397  0.438   100.0  100.0     0.859   37.5    100.0   0.878  154  1000   1000  0.275   0.70
  3350    0.3334   -0.157 -0.113   0.089  0.246   2.485  0.438   100.0  100.0     0.867    7.8    100.0   0.949  156  1000   1000  0.436   0.76
  3360   -0.4727   -0.162 -0.113   0.076  0.237   1.956  0.026   100.0  100.0     0.883    5.5     75.0   0.937  156  1000   1000  0.351   0.69
  3370   -0.2968   -0.160 -0.113   0.063  0.215   2.127  0.005    99.2  100.0     0.756   12.5     83.3   0.908  156  1000   1000  0.354   0.72
  3380   -0.1612   -0.160 -0.113   0.065  0.209   2.451  0.005    98.4  100.0     0.849   14.1    100.0   0.889  156  1000   1000  0.345   0.68
  3390   -0.0991   -0.131 -0.113   0.070  0.201   2.885  0.005   100.0   99.2     0.709   25.8    100.0   0.891  156  1000   1000  0.362   0.75
  3400   -0.0614   -0.107 -0.114   0.097  0.204   3.132  0.005   100.0  100.0     0.750   23.4    100.0   0.879  156  1000   1000  0.347   0.67
      saved checkpoint @ step 3400 | examples: ['NS(=O)(=O)c1ccc(NC(=O)Nc2ccc(Cl)c(Cl)c2)cc1', 'COc1cc2c(cc1CNC(=O)c1cc(C)oc1C)CCC2', 'NCCOCCOCCO', 'CCCCCCCCCCCCCCCCCCCP(=O)(OCc1cc(Cl)cc(Cl)c1)C(=O)O', 'CC(=O)N(C)c1ccc(CN2CCOc3ccccc3C2)cc1']
  3410   -0.0293   -0.118 -0.114   0.080  0.198   3.369  0.005   100.0  100.0     0.742   26.6    100.0   0.888  157  1000   1000  0.313   0.71
  3420   -0.0190   -0.101 -0.114   0.087  0.188   3.204  0.005   100.0   99.2     0.740   32.8    100.0   0.870  157  1000   1000  0.332   0.70
  3430   -0.0097   -0.079 -0.114   0.114  0.192   4.568  0.008   100.0   98.4     0.643   40.6    100.0   0.866  158  1000   1000  0.332   0.69
  3440    0.0106   -0.068 -0.114   0.129  0.189   4.480  0.011    99.2   96.1     0.721   44.5    100.0   0.849  159  1000   1000  0.318   0.70
  3450    0.2243   -0.071 -0.081   0.141  0.211   3.891  0.086   100.0  100.0     0.711   25.8    100.0   0.840  160  1000   1000  0.312   0.71
  3460    0.0966   -0.129 -0.081   0.083  0.212   2.729  0.086   100.0  100.0     0.727   10.9    100.0   0.906  160  1000   1000  0.326   0.79
  3470    0.0566   -0.109 -0.081   0.112  0.221   2.782  0.086   100.0  100.0     0.844   11.7    100.0   0.888  160  1000   1000  0.331   0.79
  3480   -0.0960   -0.151 -0.081   0.077  0.220   1.991  0.026    99.2  100.0     0.858    9.4    100.0   0.913  160  1000   1000  0.328   0.73
  3490   -0.0666   -0.121 -0.081   0.101  0.223   2.569  0.017   100.0  100.0     0.781   10.9    100.0   0.894  160  1000   1000  0.297   0.79
      TL @ step 3500: 500 mols, 2/2 epochs, nll 0.310, kl_after 2.42
  3500   -0.0445   -0.118 -0.087   0.088  0.198   2.529  0.017    99.2  100.0     0.835   15.6    100.0   0.905  161  1000   1000  0.308   0.75
  3510   -0.0316   -0.092 -0.087   0.134  0.218   3.434  0.017    99.2  100.0     0.803   17.2    100.0   0.882  161  1000   1000  0.268   0.70
  3520   -0.0391   -0.049 -0.087   0.186  0.227   3.972  0.017    99.2  100.0     0.843   24.2    100.0   0.868  164  1000   1000  0.249   0.89
  3530   -0.0277   -0.019 -0.087   0.215  0.226   4.223  0.017    99.2  100.0     0.827   30.5    100.0   0.850  164  1000   1000  0.274   0.79
  3540    0.4829   -0.002 -0.087   0.236  0.237   4.381  0.195   100.0   99.2     0.843   28.9    100.0   0.841  167  1000   1000  0.310   0.85
  3550   -0.0915   -0.175 -0.091   0.077  0.243   1.569  0.130    99.2  100.0     0.898    1.6     91.7   0.945  168  1000   1000  0.283   0.82
  3560   -0.2051   -0.125 -0.091   0.099  0.224   2.087  0.008   100.0  100.0     0.836    9.4    100.0   0.908  168  1000   1000  0.317   0.77
  3570   -0.1150   -0.128 -0.091   0.114  0.226   2.731  0.003    98.4  100.0     0.849   12.5    100.0   0.876  168  1000   1000  0.322   0.78
  3580   -0.0870   -0.106 -0.091   0.109  0.215   2.772  0.003   100.0  100.0     0.836   14.1    100.0   0.907  168  1000   1000  0.289   0.79
  3590   -0.0303   -0.135 -0.091   0.088  0.199   2.692  0.003    97.7  100.0     0.848   13.3    100.0   0.935  168  1000   1000  0.278   0.76
  3600   -0.0682   -0.034 -0.094   0.192  0.226   4.151  0.003   100.0   99.2     0.764   28.9    100.0   0.862  169  1000   1000  0.279   0.75
      saved checkpoint @ step 3600 | examples: ['CC(C)(O)C1CCC(c2ccc(-c3ccccc3)cc2)CC1', 'O=C(Nc1cccc2cccnc12)c1ccccc1Sc1ccc2c(/C=C/c3ccccn3)n[nH]c2c1', 'Nc1ccccc1NC(=O)c1ccc(Oc2ccccc2)cc1', 'Cc1ccc(NC(=O)N2CCCc3c2ccc2ccccc32)cc1-c1ccc2cc(NC(=O)C3CC3)ncc2c1', 'Cc1ccc(NC(=O)N2CCCc3ccccc32)cc1-c1ccc2cc(NC(=O)C3CC3)ncc2c1']
  3610    0.0398    0.065 -0.094   0.308  0.243   6.022  0.026   100.0  100.0     0.883   39.1    100.0   0.747  171  1000   1000  0.247   0.85
  3620    0.5928   -0.038 -0.094   0.197  0.236   3.811  0.292   100.0  100.0     0.875   22.7    100.0   0.876  172  1000   1000  0.293   0.80
  3630    0.0081   -0.173 -0.094   0.067  0.232   2.282  0.195    99.2  100.0     0.827    1.6     91.7   0.953  172  1000   1000  0.370   0.81
  3640   -0.2591   -0.131 -0.094   0.098  0.221   2.048  0.026    99.2  100.0     0.858   10.9    100.0   0.894  172  1000   1000  0.339   0.79
  3650   -0.1690   -0.141 -0.099   0.096  0.221   2.817  0.011    98.4  100.0     0.841   14.1    100.0   0.903  172  1000   1000  0.303   0.77
  3660   -0.0967   -0.136 -0.099   0.071  0.208   2.386  0.011   100.0  100.0     0.828   11.7     91.7   0.906  172  1000   1000  0.299   0.77
  3670   -0.0544   -0.132 -0.099   0.092  0.224   2.614  0.011   100.0  100.0     0.812   13.3    100.0   0.904  173  1000   1000  0.297   0.75
  3680   -0.0293   -0.117 -0.099   0.095  0.212   2.795  0.011   100.0   99.2     0.819   18.0    100.0   0.888  173  1000   1000  0.285   0.73
  3690   -0.0176   -0.112 -0.099   0.101  0.205   2.964  0.011    99.2   99.2     0.794   20.3     91.7   0.894  173  1000   1000  0.271   0.73
  3700   -0.0188   -0.079 -0.102   0.134  0.205   3.648  0.011    99.2   99.2     0.730   29.7    100.0   0.855  174  1000   1000  0.279   0.78
  3710   -0.0252   -0.069 -0.102   0.158  0.226   3.615  0.011   100.0   99.2     0.780   25.8    100.0   0.880  175  1000   1000  0.265   0.79
  3720    0.1007   -0.052 -0.102   0.163  0.208   4.647  0.038    99.2   99.2     0.706   33.6    100.0   0.834  179  1000   1000  0.299   0.82
  3730    0.0658   -0.059 -0.102   0.164  0.223   3.511  0.058   100.0   99.2     0.795   26.6    100.0   0.864  180  1000   1000  0.296   0.74
  3740    0.0702   -0.087 -0.102   0.130  0.209   3.829  0.058    99.2  100.0     0.811   21.9    100.0   0.865  182  1000   1000  0.281   0.76
  3750    0.0176   -0.120 -0.104   0.106  0.227   2.510  0.058   100.0  100.0     0.789   15.6    100.0   0.903  182  1000   1000  0.294   0.78
  3760    0.0018   -0.141 -0.104   0.104  0.246   2.057  0.058   100.0  100.0     0.844   12.5    100.0   0.881  183  1000   1000  0.306   0.83
  3770   -0.0034   -0.142 -0.104   0.090  0.225   2.806  0.038    99.2  100.0     0.882   12.5    100.0   0.921  183  1000   1000  0.310   0.79
  3780   -0.0601   -0.102 -0.104   0.124  0.227   2.714  0.017   100.0  100.0     0.781   18.8    100.0   0.891  183  1000   1000  0.284   0.80
  3790   -0.0262   -0.121 -0.104   0.111  0.231   2.399  0.017   100.0  100.0     0.828   18.0    100.0   0.902  184  1000   1000  0.286   0.78
  3800   -0.0622   -0.046 -0.107   0.180  0.218   3.919  0.017    99.2  100.0     0.843   25.8    100.0   0.891  185  1000   1000  0.256   0.79
      saved checkpoint @ step 3800 | examples: ['O=C(NCc1ccccc1OCc1ccc(Cl)cc1)c1cccc(S(=O)(=O)N2CCOCC2)c1', 'Cc1ccc(C(=O)Nc2ccc3c(c2)OCCCO3)cc1-c1ccc2cc(NC(=O)C3CC3)ncc2c1', 'O=C(O)CCCCc1ccccc1', 'Cc1ccc(C(=O)NC2CCN(Cc3ccccc3)CC2)cc1-c1ccc2cc(NC(=O)C3CC3)ncc2c1', 'CC(=O)c1ccc(NC(=S)NC(=O)c2ccc(O)cc2O)cc1']
  3810   -0.0300   -0.016 -0.107   0.210  0.225   4.186  0.017   100.0  100.0     0.797   32.8    100.0   0.827  187  1000   1000  0.280   0.79
  3820    0.1169   -0.037 -0.107   0.181  0.218   4.244  0.058   100.0  100.0     0.797   32.8     91.7   0.843  191  1000   1000  0.292   0.73
  3830    0.1336   -0.100 -0.107   0.125  0.224   2.867  0.130   100.0  100.0     0.812   15.6    100.0   0.927  191  1000   1000  0.284   0.72
  3840   -0.0113   -0.134 -0.107   0.095  0.222   2.197  0.086    99.2  100.0     0.835   18.8    100.0   0.941  191  1000   1000  0.271   0.70
  3850   -0.0589   -0.135 -0.111   0.084  0.220   2.034  0.058   100.0  100.0     0.852   16.4     91.7   0.923  191  1000   1000  0.304   0.69
  3860   -0.0981   -0.151 -0.111   0.088  0.223   1.842  0.017    98.4  100.0     0.873   14.1    100.0   0.925  192  1000   1000  0.301   0.71
  3870   -0.0636   -0.130 -0.111   0.092  0.222   2.096  0.017   100.0  100.0     0.875   17.2    100.0   0.915  192  1000   1000  0.306   0.68
  3880   -0.0374   -0.110 -0.111   0.138  0.240   2.673  0.017    99.2   99.2     0.865   22.7    100.0   0.910  192  1000   1000  0.246   0.76
  3890   -0.0293   -0.018 -0.111   0.215  0.232   3.831  0.017   100.0  100.0     0.828   28.9    100.0   0.812  192  1000   1000  0.261   0.71
  3900   -0.0356   -0.048 -0.111   0.182  0.230   3.494  0.017   100.0   99.2     0.827   26.6    100.0   0.880  192  1000   1000  0.276   0.67
  3910    0.1616   -0.018 -0.111   0.222  0.240   4.065  0.086   100.0  100.0     0.836   32.0     91.7   0.832  195  1000   1000  0.285   0.72
  3920    0.0012   -0.091 -0.111   0.156  0.240   2.640  0.058    99.2  100.0     0.882   18.0     91.7   0.885  195  1000   1000  0.277   0.71
  3930   -0.0331   -0.138 -0.111   0.094  0.225   2.229  0.038    99.2  100.0     0.843   17.2     91.7   0.948  196  1000   1000  0.261   0.77
  3940   -0.0675   -0.132 -0.111   0.104  0.236   2.380  0.011   100.0   99.2     0.898   12.5    100.0   0.940  196  1000   1000  0.253   0.72
  3950   -0.0773   -0.052 -0.114   0.181  0.233   3.375  0.011   100.0  100.0     0.883   27.3    100.0   0.893  196  1000   1000  0.270   0.74
  3960   -0.0532   -0.038 -0.114   0.193  0.231   3.808  0.011   100.0  100.0     0.820   30.5    100.0   0.853  198  1000   1000  0.264   0.74
  3970    0.2023   -0.027 -0.114   0.219  0.246   4.418  0.086   100.0  100.0     0.781   40.6    100.0   0.847  199  1000   1000  0.262   0.82
  3980    0.1647   -0.130 -0.114   0.121  0.251   3.213  0.130   100.0  100.0     0.906   14.8     83.3   0.919  199  1000   1000  0.290   0.88
  3990   -0.1426   -0.132 -0.114   0.105  0.237   1.920  0.038   100.0  100.0     0.883   14.1    100.0   0.922  199  1000   1000  0.321   0.86
      TL @ step 4000: 500 mols, 2/2 epochs, nll 0.306, kl_after 2.03
  4000   -0.1235   -0.146 -0.117   0.070  0.208   1.970  0.005    99.2  100.0     0.732   21.1    100.0   0.907  200  1000   1000  0.296   0.86
      saved checkpoint @ step 4000 | examples: ['O=C(NC1CC(F)(F)C1)C1CCN(S(=O)(=O)c2cc(F)cc(F)c2)CC1', 'COc1ccccc1C(=O)/C=C/c1ccc(Oc2ccccc2)cc1', 'O=C(CN1CCN(c2ccccc2C(F)(F)F)CC1)N1CCOCC1', 'Cc1ccc(C)c(CONC(=O)CN(C)C)c1', 'Cc1nc(-c2ccccc2)oc1C']
  4010   -0.0959   -0.106 -0.117   0.113  0.219   2.544  0.003   100.0  100.0     0.773   24.2    100.0   0.906  201  1000   1000  0.262   0.90
  4020   -0.0560   -0.106 -0.117   0.125  0.215   3.152  0.003    98.4  100.0     0.833   24.2    100.0   0.898  202  1000   1000  0.277   0.86
  4030   -0.0660   -0.049 -0.117   0.179  0.228   4.258  0.003   100.0  100.0     0.773   35.2    100.0   0.851  203  1000   1000  0.266   0.71
  4040   -0.0134    0.040 -0.117   0.287  0.247   5.264  0.017   100.0  100.0     0.773   49.2    100.0   0.747  204  1000   1000  0.272   0.76
  4050    0.5216   -0.073 -0.081   0.151  0.224   3.311  0.292   100.0   99.2     0.850   15.6     91.7   0.894  207  1000   1000  0.282   0.81
  4060   -0.2070   -0.166 -0.081   0.089  0.240   1.798  0.086    98.4  100.0     0.913    2.3     91.7   0.944  208  1000   1000  0.324   0.78
  4070   -0.2366   -0.158 -0.081   0.077  0.227   1.917  0.002    99.2  100.0     0.850    7.0     83.3   0.909  208  1000   1000  0.325   0.66
  4080   -0.1364   -0.155 -0.081   0.067  0.214   2.112  0.001    99.2  100.0     0.819    3.9    100.0   0.922  208  1000   1000  0.320   0.74
  4090   -0.0713   -0.154 -0.081   0.063  0.217   2.064  0.001   100.0  100.0     0.812    3.9    100.0   0.918  208  1000   1000  0.303   0.73
  4100   -0.0504   -0.117 -0.086   0.096  0.205   2.966  0.001    99.2  100.0     0.803   14.1    100.0   0.869  208  1000   1000  0.302   0.82
  4110   -0.0373   -0.108 -0.086   0.102  0.210   2.744  0.001   100.0   99.2     0.748   18.0    100.0   0.864  208  1000   1000  0.285   0.74
  4120   -0.0335   -0.076 -0.086   0.129  0.205   3.994  0.001   100.0  100.0     0.688   25.0    100.0   0.835  210  1000   1000  0.285   0.92
  4130    0.0043   -0.040 -0.086   0.159  0.199   4.608  0.008   100.0   98.4     0.730   32.8    100.0   0.809  211  1000   1000  0.330   0.81
  4140    0.8321   -0.077 -0.086   0.143  0.212   4.406  0.292    99.2   99.2     0.698   30.5    100.0   0.832  211  1000   1000  0.280   0.85
  4150   -0.0083   -0.148 -0.088   0.075  0.223   2.201  0.195   100.0  100.0     0.844    7.8     83.3   0.945  211  1000   1000  0.327   0.80
  4160   -0.3107   -0.166 -0.088   0.068  0.227   1.864  0.026    99.2  100.0     0.882    4.7    100.0   0.945  211  1000   1000  0.339   0.74
  4170   -0.1769   -0.164 -0.088   0.064  0.228   2.009  0.026   100.0  100.0     0.859    3.1     91.7   0.933  211  1000   1000  0.307   0.74
  4180   -0.1348   -0.136 -0.088   0.075  0.211   2.562  0.011   100.0  100.0     0.836   12.5     91.7   0.929  211  1000   1000  0.308   0.80
  4190   -0.0696   -0.141 -0.088   0.076  0.217   2.353  0.011   100.0  100.0     0.852    8.6    100.0   0.907  211  1000   1000  0.281   0.76
  4200   -0.0417   -0.118 -0.093   0.094  0.212   2.763  0.011   100.0   99.2     0.835   17.2    100.0   0.892  211  1000   1000  0.313   0.73
      saved checkpoint @ step 4200 | examples: ['c1ccc(-c2cscc2-c2ccccc2)cc1', 'O=Cc1cccc(-c2ccccc2)c1', 'CCCCc1nc(-c2ccccc2)nn1CCCO', 'COc1ccccc1N1CCN(Cc2cn(C)nc2-c2ccccc2)CC1', 'COCCN(CC(=O)Nc1ccccc1F)c1ccccc1']
  4210   -0.0280   -0.117 -0.093   0.089  0.206   2.573  0.011   100.0  100.0     0.805   14.8    100.0   0.897  212  1000   1000  0.268   0.71
  4220    0.0022   -0.118 -0.093   0.099  0.209   3.272  0.011    99.2  100.0     0.780   17.2     91.7   0.880  212  1000   1000  0.273   0.76
  4230   -0.0059   -0.071 -0.093   0.151  0.207   3.992  0.011    98.4  100.0     0.794   28.9    100.0   0.817  214  1000   1000  0.248   0.76
  4240    0.2956   -0.024 -0.093   0.219  0.242   5.489  0.086   100.0   99.2     0.787   37.5    100.0   0.812  217  1000   1000  0.290   0.79
  4250    0.1832   -0.116 -0.094   0.111  0.219   2.640  0.195    99.2  100.0     0.803   14.1    100.0   0.881  217  1000   1000  0.357   0.72
  4260   -0.0692   -0.148 -0.094   0.090  0.222   2.396  0.086    98.4  100.0     0.817   10.2     91.7   0.925  217  1000   1000  0.301   0.69
  4270   -0.1373   -0.154 -0.094   0.086  0.232   2.249  0.026    99.2  100.0     0.906    7.8    100.0   0.941  218  1000   1000  0.287   0.73
  4280   -0.1120   -0.137 -0.094   0.075  0.212   2.050  0.011   100.0  100.0     0.766   13.3    100.0   0.930  218  1000   1000  0.320   0.71
  4290   -0.0751   -0.109 -0.094   0.112  0.213   2.734  0.011    99.2   99.2     0.825   15.6    100.0   0.902  218  1000   1000  0.275   0.70
  4300   -0.0458   -0.093 -0.098   0.118  0.211   2.911  0.011   100.0  100.0     0.766   19.5    100.0   0.875  219  1000   1000  0.263   0.71
  4310   -0.0330   -0.081 -0.098   0.157  0.222   3.657  0.011    98.4   99.2     0.840   18.0    100.0   0.871  221  1000   1000  0.292   0.72
  4320    0.0252   -0.067 -0.098   0.165  0.232   3.737  0.026   100.0  100.0     0.797   25.0     91.7   0.864  223  1000   1000  0.285   0.80
  4330    0.0896   -0.044 -0.098   0.187  0.231   3.710  0.058   100.0  100.0     0.789   25.0    100.0   0.854  225  1000   1000  0.263   0.79
  4340    0.0535   -0.110 -0.098   0.122  0.224   2.707  0.058    99.2  100.0     0.850   15.6    100.0   0.860  226  1000   1000  0.250   0.69
  4350    0.0177   -0.124 -0.100   0.119  0.234   2.475  0.058    99.2  100.0     0.890    9.4     91.7   0.933  226  1000   1000  0.282   0.77
  4360    0.0060   -0.133 -0.100   0.091  0.216   2.049  0.058    99.2  100.0     0.850   15.6    100.0   0.919  226  1000   1000  0.310   0.72
  4370    0.0133   -0.117 -0.100   0.115  0.224   2.264  0.058    99.2  100.0     0.827   16.4    100.0   0.879  226  1000   1000  0.299   0.72
  4380   -0.0289   -0.115 -0.100   0.116  0.231   2.243  0.038   100.0  100.0     0.859   10.2     91.7   0.914  226  1000   1000  0.291   0.73
  4390   -0.0455   -0.137 -0.100   0.086  0.223   2.003  0.017   100.0  100.0     0.875   10.2     91.7   0.941  226  1000   1000  0.260   0.78
  4400   -0.0372   -0.095 -0.104   0.129  0.224   2.400  0.017   100.0  100.0     0.867   18.8    100.0   0.867  227  1000   1000  0.257   0.73
      saved checkpoint @ step 4400 | examples: ['O=C(Cn1ccccc1=O)Nc1ccc(N2CCOCC2)cc1', 'CC(C)(C)Cc1nc(-c2ccccc2)n[nH]1', 'NC(Cc1ccc(Br)cc1)CP(=O)(O)O', 'S=C(Nc1ccccc1)Nc1ccccc1Oc1ccccc1', 'O=C(NCc1cc(-c2ccco2)[nH]n1)c1cccc(C(F)(F)F)c1']
  4410   -0.0169   -0.059 -0.104   0.178  0.230   3.669  0.017    99.2  100.0     0.819   26.6    100.0   0.860  229  1000   1000  0.263   0.99
  4420   -0.0163   -0.058 -0.104   0.176  0.219   4.088  0.017    98.4  100.0     0.849   31.2    100.0   0.913  230  1000   1000  0.278   1.08
  4430    0.1072   -0.007 -0.104   0.243  0.250   4.474  0.058   100.0  100.0     0.875   28.9    100.0   0.875  231  1000   1000  0.243   1.07
  4440    0.0272   -0.079 -0.104   0.148  0.228   2.916  0.058   100.0  100.0     0.836   21.1    100.0   0.903  232  1000   1000  0.282   1.07
  4450    0.0112   -0.100 -0.107   0.131  0.231   2.482  0.058   100.0  100.0     0.867   18.8    100.0   0.908  233  1000   1000  0.262   1.09
  4460   -0.0221   -0.120 -0.107   0.117  0.237   2.261  0.038   100.0  100.0     0.789   13.3     91.7   0.933  234  1000   1000  0.287   1.09
  4470   -0.0270   -0.087 -0.107   0.137  0.225   2.406  0.026   100.0  100.0     0.852   20.3    100.0   0.869  234  1000   1000  0.267   1.01
  4480   -0.0322   -0.062 -0.107   0.166  0.228   2.987  0.026   100.0  100.0     0.852   22.7    100.0   0.893  234  1000   1000  0.265   1.09
  4490   -0.0176   -0.038 -0.107   0.202  0.240   3.718  0.026   100.0  100.0     0.875   28.1    100.0   0.880  236  1000   1000  0.236   1.17
      TL @ step 4500: 500 mols, 2/2 epochs, nll 0.279, kl_after 2.26
  4500    0.0859   -0.087 -0.107   0.145  0.232   2.791  0.086   100.0  100.0     0.844   26.6    100.0   0.907  237  1000   1000  0.287   1.50
  4510    0.0245   -0.118 -0.107   0.113  0.231   2.088  0.086   100.0  100.0     0.875   15.6    100.0   0.926  237  1000   1000  0.304   1.44
  4520   -0.0878   -0.149 -0.107   0.084  0.233   1.846  0.011   100.0  100.0     0.859    8.6    100.0   0.906  237  1000   1000  0.277   0.85
  4530   -0.0808   -0.078 -0.107   0.147  0.226   2.933  0.008   100.0   99.2     0.827   24.2    100.0   0.881  238  1000   1000  0.283   0.78
  4540   -0.0661   -0.030 -0.107   0.210  0.232   3.665  0.008    99.2  100.0     0.850   28.9    100.0   0.836  240  1000   1000  0.268   0.82
  4550    0.3800    0.004 -0.108   0.240  0.228   4.816  0.130    99.2  100.0     0.843   34.4    100.0   0.869  242  1000   1000  0.274   0.80
  4560    0.1660   -0.122 -0.108   0.108  0.230   2.479  0.195   100.0  100.0     0.875   17.2    100.0   0.920  244  1000   1000  0.295   0.74
  4570   -0.1699   -0.148 -0.108   0.084  0.231   1.796  0.017   100.0  100.0     0.891   14.1     83.3   0.903  244  1000   1000  0.320   0.67
  4580   -0.1062   -0.159 -0.108   0.073  0.224   1.976  0.005    99.2  100.0     0.874   11.7    100.0   0.932  244  1000   1000  0.297   0.68
  4590   -0.0760   -0.119 -0.108   0.103  0.222   2.450  0.003   100.0   98.4     0.873   14.8    100.0   0.937  244  1000   1000  0.271   0.69
  4600   -0.0538   -0.035 -0.110   0.190  0.218   3.772  0.003    99.2   95.3     0.860   33.6    100.0   0.803  246  1000   1000  0.282   0.71
      saved checkpoint @ step 4600 | examples: ['CCOC(=O)c1nc(-c2ccccc2)n(Nc2ccc(C)cc2)c1N', 'Cc1ccc(NC(=O)N2CCS(=O)(=O)CC2)cc1-c1ccc2cc(NC(=O)C3CC3)ncc2c1', 'CN1CCC(c2ccccc2CNC(=O)c2ccccc2)CC1', 'Cc1ccncc1-c1ccc2cc(NC(=O)C3CC3C(=O)C3CCOC3)ncc2c1', 'CC(C)[C@H](C)NC(=O)c1ccc(NC(=O)Cn2cnc3cc(Cl)ccc3c2=O)cc1']
  4610   -0.0313   -0.030 -0.110   0.211  0.225   4.626  0.008    98.4   96.8     0.770   32.8    100.0   0.826  246  1000   1000  0.275   0.72
  4620    0.2948    0.043 -0.110   0.263  0.220   5.455  0.086   100.0   98.4     0.817   46.1    100.0   0.799  247  1000   1000  0.260   0.77
  4630    0.1915   -0.157 -0.110   0.082  0.223   2.587  0.195    98.4  100.0     0.849   12.5     91.7   0.947  247  1000   1000  0.277   0.70
  4640   -0.1614   -0.165 -0.110   0.068  0.234   1.831  0.086   100.0  100.0     0.891    7.8    100.0   0.974  247  1000   1000  0.357   0.75
  4650   -0.1997   -0.153 -0.114   0.075  0.213   2.702  0.011    98.4  100.0     0.857    9.4     91.7   0.911  248  1000   1000  0.348   0.76
  4660   -0.1462   -0.123 -0.114   0.102  0.224   2.403  0.005   100.0  100.0     0.859   18.0    100.0   0.921  248  1000   1000  0.284   0.79
  4670   -0.0928   -0.106 -0.114   0.101  0.207   2.834  0.005   100.0  100.0     0.844   20.3    100.0   0.909  248  1000   1000  0.288   0.78
  4680   -0.0458   -0.123 -0.114   0.087  0.202   2.701  0.005    99.2  100.0     0.811   20.3    100.0   0.923  248  1000   1000  0.256   0.74
  4690   -0.0459   -0.065 -0.114   0.135  0.200   3.757  0.005   100.0  100.0     0.781   33.6    100.0   0.857  250  1000   1000  0.297   0.81
  4700    0.0105   -0.070 -0.109   0.126  0.197   3.869  0.011   100.0   99.2     0.740   32.0    100.0   0.881  252  1000   1000  0.260   0.79
  4710    0.3865   -0.091 -0.109   0.118  0.209   3.285  0.195   100.0  100.0     0.844   28.1    100.0   0.907  253  1000   1000  0.287   0.80
  4720    0.1228   -0.147 -0.109   0.084  0.231   2.422  0.195   100.0  100.0     0.867   10.2     83.3   0.929  254  1000   1000  0.343   0.77
  4730   -0.1373   -0.166 -0.109   0.085  0.243   2.014  0.086    99.2  100.0     0.921    8.6     91.7   0.945  254  1000   1000  0.326   0.78
  4740   -0.1935   -0.160 -0.109   0.063  0.223   1.865  0.017   100.0  100.0     0.867    8.6    100.0   0.958  254  1000   1000  0.297   0.76
  4750   -0.1344   -0.147 -0.113   0.079  0.226   2.183  0.008   100.0   99.2     0.890   16.4    100.0   0.920  254  1000   1000  0.320   0.74
  4760   -0.0827   -0.142 -0.113   0.072  0.213   2.138  0.005   100.0  100.0     0.891   18.0     83.3   0.935  254  1000   1000  0.303   0.76
  4770   -0.0638   -0.098 -0.113   0.112  0.210   2.877  0.005   100.0  100.0     0.859   25.0    100.0   0.857  254  1000   1000  0.305   0.72
  4780   -0.0497   -0.093 -0.113   0.101  0.193   3.002  0.005   100.0  100.0     0.852   32.8    100.0   0.876  254  1000   1000  0.274   0.81
  4790   -0.0217   -0.098 -0.113   0.115  0.213   3.548  0.005   100.0   99.2     0.764   35.2     91.7   0.856  254  1000   1000  0.263   0.81
  4800   -0.0174   -0.073 -0.109   0.143  0.216   3.786  0.005   100.0  100.0     0.727   32.8    100.0   0.812  254  1000   1000  0.269   0.74
      saved checkpoint @ step 4800 | examples: ['NCCc1cccnc1', 'C/C(=N\\N=C\\c1ccccc1)c1ccccc1', 'Cc1cc(O)nc2c(C)cccc12', 'CCCCC(C)NC(=O)c1cc(Br)ccc1OC', 'O=C(CCOc1ccc(F)cc1)Nc1ccccc1N1CCCC1']
  4810   -0.0007   -0.056 -0.109   0.165  0.221   4.243  0.011   100.0   97.7     0.720   39.1    100.0   0.797  256  1000   1000  0.277   0.77
  4820    0.3331   -0.032 -0.109   0.202  0.234   4.296  0.130   100.0   98.4     0.730   41.4    100.0   0.819  257  1000   1000  0.263   0.75
  4830    0.1225   -0.117 -0.109   0.133  0.250   2.998  0.130   100.0  100.0     0.844   14.1    100.0   0.895  258  1000   1000  0.289   0.78
  4840   -0.0353   -0.172 -0.109   0.067  0.224   2.160  0.086    98.4  100.0     0.881    7.0     91.7   0.959  258  1000   1000  0.307   0.74
  4850   -0.1414   -0.157 -0.113   0.068  0.216   2.474  0.017    99.2  100.0     0.858   15.6     83.3   0.968  259  1000   1000  0.299   0.75
  4860   -0.0824   -0.150 -0.113   0.058  0.209   2.210  0.017   100.0  100.0     0.766   14.8     91.7   0.973  259  1000   1000  0.292   0.74
  4870   -0.0486   -0.141 -0.113   0.064  0.205   2.139  0.017   100.0  100.0     0.820   20.3    100.0   0.923  259  1000   1000  0.288   0.74
  4880   -0.0050   -0.150 -0.113   0.080  0.207   2.900  0.017    97.7  100.0     0.744   20.3    100.0   0.878  259  1000   1000  0.293   0.73
  4890   -0.0504   -0.094 -0.113   0.117  0.211   2.921  0.011   100.0  100.0     0.773   27.3    100.0   0.904  259  1000   1000  0.271   0.76
  4900   -0.0133   -0.117 -0.114   0.089  0.206   2.720  0.011   100.0  100.0     0.742   26.6    100.0   0.882  259  1000   1000  0.264   0.70
  4910   -0.0365   -0.048 -0.114   0.174  0.222   3.988  0.011   100.0  100.0     0.773   39.8    100.0   0.836  259  1000   1000  0.259   0.71
  4920   -0.0224   -0.053 -0.114   0.144  0.197   4.178  0.011   100.0  100.0     0.719   39.8    100.0   0.869  259  1000   1000  0.249   0.68
  4930    0.0673   -0.058 -0.114   0.169  0.227   3.453  0.038   100.0   99.2     0.795   33.6    100.0   0.831  261  1000   1000  0.247   0.61
  4940    0.1182   -0.106 -0.114   0.114  0.220   2.670  0.130   100.0  100.0     0.859   21.1    100.0   0.938  261  1000   1000  0.270   0.58
  4950    0.0723   -0.139 -0.116   0.095  0.226   2.375  0.130    99.2  100.0     0.827   14.8    100.0   0.911  261  1000   1000  0.286   0.55
  4960   -0.1117   -0.142 -0.116   0.097  0.232   2.270  0.038    99.2  100.0     0.850   18.0    100.0   0.954  261  1000   1000  0.300   0.59
  4970   -0.1089   -0.147 -0.116   0.099  0.231   2.260  0.002    98.4  100.0     0.833   18.8     91.7   0.892  261  1000   1000  0.307   0.55
  4980   -0.0969   -0.099 -0.116   0.122  0.220   3.027  0.001   100.0  100.0     0.852   24.2    100.0   0.897  261  1000   1000  0.291   0.56
  4990   -0.0524   -0.119 -0.116   0.112  0.223   2.852  0.001    99.2  100.0     0.787   28.1    100.0   0.874  261  1000   1000  0.250   0.55
      TL @ step 5000: 500 mols, 2/2 epochs, nll 0.250, kl_after 3.98
  5000   -0.0472   -0.077 -0.116   0.145  0.223   3.622  0.001   100.0   98.4     0.794   31.2    100.0   0.827  263  1000   1000  0.252   0.57
      saved checkpoint @ step 5000 | examples: ['Cc1ccc(NC(=O)Nc2ccccc2)cc1-c1ccc2cc(NC(=O)C3CCN(C(=O)C(C)(C)C)C3)ncc2c1', 'COCCN(C)S(=O)(=O)c1ccccc1O', 'CCN(CC)CCNC(=O)CCc1ccccc1Sc1ccc2c(/C=C/c3ccccn3)n[nH]c2c1', 'CC(=O)Nc1nc(-c2ccc(C)cc2)nn1-c1ccccc1', 'Cc1ccccc1-c1ccc2cc(NC(=O)C3CC3(CC(=O)NC3CC3)C3CC3)ncc2c1']

RL_BASELINE_DONE in 70.8 min
