loading policy + frozen prior...
config: {'steps': 5000, 'batch': 128, 'lr': 0.0001, 'max_len': 100, 'temp': 1.0, 'beta_kl': 0.02, 'target_kl': 3.0, 'beta_kl_min': 0.001, 'beta_kl_max': 20.0, 'kl_adapt_factor': 1.5, 'ppo_epochs': 4, 'clip_eps': 0.2, 'lambda_unc': 1.0, 'baseline_momentum': 0.95, 'threshold_window_batches': 20, 'threshold_percentile': 70.0, 'threshold_update_every': 50, 'threshold_init': 0.0, 'threshold_decay': 0.1, 'diversity_filter': True, 'df_bucket_size': 25, 'df_mode': 'generic', 'df_record_threshold': 0.5, 'replay': False, 'replay_capacity': 1000, 'replay_max_per_scaffold': 10, 'replay_min_reward': 0.4, 'replay_k': 24, 'replay_coef': 0.05, 'replay_start': 200, 'log_every': 10, 'save_every': 200, 'out': 'checkpoints/rl_v4a', 'seed': 42}
reward model scheme=A_primary threshold=8.0 lambda_unc=1.0 invalid_reward=-1.0

  step      loss   reward    tau   p_act    unc      kl   beta  valid%  uniq% scaf/uniq  >tau% AD%(top)  dfmult  sat    sec
     1    0.1453   -0.193  0.000   0.107  0.284   0.000  0.013    98.4  100.0     0.960    1.6     66.7   1.000    0   2.17
    10    0.1014   -0.206  0.000   0.099  0.281   0.154  0.001    97.7  100.0     0.952    0.0     83.3   1.000    0   1.46
    20    0.0757   -0.225  0.000   0.093  0.271   0.228  0.001    95.3  100.0     0.975    0.0     75.0   1.000    0   1.41
    30    0.0261   -0.195  0.000   0.087  0.266   0.450  0.001    98.4  100.0     0.960    0.0     83.3   1.000    0   1.38
    40    0.0402   -0.232  0.000   0.085  0.255   0.282  0.001    93.8  100.0     0.925    0.0     83.3   1.000    0   1.38
    50   -0.0183   -0.188 -0.018   0.095  0.275   0.284  0.001    99.2  100.0     0.969    0.0     75.0   1.000    0   1.40
    60   -0.0037   -0.204 -0.018   0.076  0.249   0.685  0.001    96.9  100.0     0.960    0.0    100.0   1.000    0   1.29
    70   -0.0136   -0.183 -0.018   0.066  0.233   0.780  0.001    98.4  100.0     0.913    0.8    100.0   1.000    0   1.31
    80   -0.0081   -0.185 -0.018   0.065  0.227   1.504  0.001    97.7   99.2     0.823    0.0     91.7   1.000    0   1.29
    90   -0.0151   -0.168 -0.018   0.060  0.220   1.993  0.001    99.2   99.2     0.833    1.6    100.0   1.000    0   1.34
   100   -0.0316   -0.156 -0.030   0.044  0.184   3.247  0.001    98.4   98.4     0.677    2.3    100.0   1.000    0   1.24
   110   -0.0494   -0.115 -0.030   0.034  0.141   5.435  0.002    99.2   85.8     0.615   17.2    100.0   0.999    0   1.24
   120    0.3818   -0.093 -0.030   0.027  0.120   6.593  0.086   100.0   68.8     0.557   32.0    100.0   1.000    0   1.24
   130   -0.1168   -0.164 -0.030   0.066  0.230   1.125  0.017   100.0  100.0     0.844    0.0     91.7   1.000    0   1.39
   140   -0.0815   -0.174 -0.030   0.070  0.220   1.292  0.001    97.7  100.0     0.808    1.6    100.0   0.999    0   1.35
   150   -0.0633   -0.165 -0.042   0.053  0.210   2.109  0.001    99.2  100.0     0.787    0.8     83.3   0.999    0   1.37
   160   -0.0513   -0.144 -0.042   0.046  0.190   3.003  0.001   100.0  100.0     0.742    3.1    100.0   0.999    0   1.30
   170   -0.0469   -0.123 -0.042   0.032  0.147   4.344  0.001    99.2   92.1     0.496   10.2    100.0   0.999    0   1.20
   180    0.1284   -0.091 -0.042   0.022  0.112   5.692  0.038   100.0   79.7     0.500   22.7    100.0   0.999    0   1.18
   190   -0.1082   -0.165 -0.042   0.065  0.230   1.221  0.058   100.0  100.0     0.852    1.6     91.7   1.000    0   1.37
   200   -0.1355   -0.161 -0.052   0.064  0.225   1.328  0.001   100.0  100.0     0.789    0.0    100.0   0.998    0   1.32
      saved checkpoint @ step 200 | examples: ['O=C(O)CC1=C/C(=C\\c2ccccc2)c2ccccc21', 'O=C(O)c1ccccc1Oc1ccccc1', 'N[C@@H](Cc1c[nH]cn1)C(=O)CCS', 'O=c1[nH]c(CSC2CCOCC2)nc2cc(NCc3ccccc3)ccc12', 'N#CCN(CC#N)Cc1ccccc1']
   210   -0.0784   -0.163 -0.052   0.060  0.223   1.572  0.001   100.0  100.0     0.844    0.8    100.0   0.998    0   1.36
   220   -0.0518   -0.153 -0.052   0.052  0.205   2.394  0.001   100.0  100.0     0.766    3.1    100.0   0.999    0   1.35
   230   -0.0437   -0.136 -0.052   0.038  0.166   3.469  0.001    99.2   95.3     0.620    7.0     91.7   1.000    0   1.19
   240   -0.0338   -0.124 -0.052   0.033  0.157   4.498  0.001   100.0   94.5     0.521    9.4     91.7   0.998    0   1.17
   250    0.0734   -0.102 -0.056   0.023  0.125   5.374  0.026   100.0   85.9     0.500   18.8    100.0   1.000    0   1.28
   260    0.0893   -0.138 -0.056   0.055  0.193   2.721  0.086   100.0  100.0     0.742    5.5    100.0   0.995    0   1.23
   270   -0.0883   -0.166 -0.056   0.074  0.225   1.443  0.005    98.4  100.0     0.802    1.6     91.7   0.994    0   1.35
   280   -0.0640   -0.155 -0.056   0.063  0.210   2.039  0.001    99.2  100.0     0.795    3.1     91.7   0.994    0   1.34
   290   -0.0589   -0.126 -0.056   0.048  0.174   2.833  0.001   100.0   98.4     0.667   10.9    100.0   0.992    0   1.16
   300   -0.0549   -0.112 -0.062   0.037  0.141   4.191  0.001    99.2   94.5     0.567   21.1    100.0   0.990    1   1.43
   310    0.0323   -0.071 -0.062   0.065  0.136   5.295  0.017   100.0   79.7     0.500   29.7    100.0   0.960    1   1.22
   320    0.0922   -0.136 -0.062   0.048  0.184   2.927  0.086   100.0   98.4     0.619   14.1    100.0   1.000    1   1.33
   330   -0.1036   -0.157 -0.062   0.062  0.219   1.717  0.008   100.0   99.2     0.819    6.2     91.7   0.999    1   1.21
   340   -0.1034   -0.114 -0.062   0.102  0.208   2.758  0.001    99.2   97.6     0.758   10.2    100.0   0.981    1   1.17
   350   -0.0645   -0.091 -0.069   0.100  0.190   3.526  0.001   100.0   95.3     0.664   15.6    100.0   0.942    2   1.19
   360   -0.0125    0.022 -0.069   0.196  0.174   6.017  0.011   100.0   77.3     0.606   40.6    100.0   0.834    2   1.14
   370    0.0803   -0.111 -0.069   0.073  0.183   2.792  0.086   100.0   99.2     0.764   10.2     91.7   0.982    2   1.17
   380   -0.0691   -0.181 -0.069   0.064  0.221   1.252  0.008    97.7  100.0     0.880    2.3     91.7   0.998    2   1.24
   390   -0.0734   -0.133 -0.069   0.082  0.215   2.376  0.001   100.0  100.0     0.781    7.8    100.0   0.981    2   1.23
   400   -0.0564   -0.118 -0.075   0.064  0.182   3.215  0.001   100.0   98.4     0.698   15.6    100.0   0.969    3   1.14
      saved checkpoint @ step 400 | examples: ['Nc1ncnc2c1ncn2C[C@@H](O)CP(=O)(O)O', 'O=C(O)CCCCCCc1ccccc1', 'O=P(O)(O)Cc1ccc(Cc2ccccc2)cc1', 'CCC(=O)Nn1ccc2ncccc21', 'CC(C)(C)CCc1cc(I)c(O)c(I)c1']
   410   -0.0431   -0.054 -0.075   0.141  0.195   5.281  0.008   100.0   97.7     0.600   25.0    100.0   0.927    4   1.23
   420    0.8024   -0.104 -0.075   0.112  0.193   4.436  0.292    97.7  100.0     0.672   20.3     91.7   0.973    5   1.29
   430   -0.2571   -0.181 -0.075   0.069  0.235   1.361  0.038    98.4  100.0     0.897    2.3     91.7   0.991    5   1.30
   440   -0.2007   -0.168 -0.075   0.061  0.221   1.573  0.001    99.2  100.0     0.858    6.2     91.7   0.983    5   1.26
   450   -0.1343   -0.153 -0.082   0.053  0.206   2.164  0.001   100.0  100.0     0.766    9.4    100.0   0.999    5   1.20
   460   -0.0800   -0.149 -0.082   0.045  0.186   2.712  0.001    99.2  100.0     0.709   13.3    100.0   0.991    5   1.14
   470   -0.0668   -0.125 -0.082   0.039  0.164   3.749  0.001   100.0   95.3     0.705   24.2    100.0   0.990    5   1.26
   480   -0.0321   -0.106 -0.082   0.027  0.133   5.342  0.005   100.0   85.2     0.550   34.4    100.0   0.997    5   1.22
   490    0.3082   -0.119 -0.082   0.036  0.155   4.026  0.130   100.0   97.7     0.688   27.3    100.0   0.989    5   1.13
   500   -0.1134   -0.172 -0.084   0.061  0.217   1.916  0.026    98.4  100.0     0.841    7.0     91.7   0.975    5   1.22
   510   -0.1107   -0.157 -0.084   0.054  0.211   1.947  0.001   100.0   98.4     0.794    6.2     83.3   0.991    5   1.27
   520   -0.0677   -0.150 -0.084   0.050  0.200   2.324  0.001   100.0  100.0     0.742    7.0    100.0   0.989    5   1.36
   530   -0.0519   -0.134 -0.084   0.041  0.175   3.069  0.001   100.0   98.4     0.571   18.0    100.0   0.990    5   1.28
   540   -0.0528   -0.108 -0.084   0.036  0.145   4.221  0.001   100.0   90.6     0.578   30.5    100.0   0.987    5   1.22
   550    0.0839   -0.121 -0.081   0.026  0.132   4.858  0.026    98.4   91.3     0.522   28.1    100.0   0.980    5   1.13
   560    0.1908   -0.146 -0.081   0.048  0.186   2.497  0.195    99.2  100.0     0.811    9.4    100.0   0.998    5   1.29
   570   -0.1959   -0.168 -0.081   0.057  0.217   1.928  0.008    99.2  100.0     0.913    2.3     91.7   0.988    5   1.25
   580   -0.1464   -0.141 -0.081   0.044  0.184   2.395  0.001   100.0   99.2     0.732   11.7    100.0   0.982    5   1.23
   590   -0.0877   -0.142 -0.081   0.047  0.189   2.428  0.001   100.0  100.0     0.766   11.7     91.7   0.992    5   1.20
   600   -0.0662   -0.131 -0.086   0.037  0.168   3.308  0.001   100.0   96.9     0.613   22.7    100.0   1.000    5   1.21
      saved checkpoint @ step 600 | examples: ['CN(C)CCCNC(=O)c1cccc(CN)c1', 'Cn1cc(N)c(-c2ccccc2O)n1', 'COc1ccc(C(C)=O)cc1', 'c1ccc(CNc2ncc[nH]2)cc1', 'CCCCCCCCCCCCCCNCC(O)CO']
   610   -0.0331   -0.140 -0.086   0.037  0.169   3.270  0.001    99.2   98.4     0.640   16.4    100.0   0.998    5   1.18
   620   -0.0392   -0.105 -0.086   0.025  0.130   4.811  0.002   100.0   92.2     0.585   39.1    100.0   0.996    5   1.13
   630    0.1829   -0.103 -0.086   0.028  0.131   4.801  0.058   100.0   90.6     0.526   37.5    100.0   0.990    5   1.08
   640    0.0859   -0.154 -0.086   0.051  0.197   2.318  0.130    99.2   98.4     0.760   11.7     91.7   0.990    5   1.17
   650   -0.1460   -0.157 -0.090   0.054  0.210   2.000  0.008   100.0  100.0     0.828    6.2    100.0   0.990    5   1.21
   660   -0.1001   -0.155 -0.090   0.045  0.191   2.208  0.001    99.2  100.0     0.787    9.4    100.0   0.988    5   1.17
   670   -0.0675   -0.142 -0.090   0.043  0.186   2.782  0.001   100.0   99.2     0.780   13.3    100.0   0.988    5   1.19
   680   -0.0475   -0.133 -0.090   0.036  0.162   3.477  0.001    99.2   99.2     0.651   23.4     91.7   0.980    5   1.15
   690   -0.0189   -0.106 -0.090   0.025  0.123   5.383  0.008    99.2   81.9     0.577   41.4    100.0   0.987    5   1.10
   700    0.1500   -0.124 -0.081   0.035  0.160   3.435  0.086   100.0   97.7     0.600   18.0    100.0   1.000    5   1.17
   710   -0.0777   -0.149 -0.081   0.051  0.200   1.850  0.026   100.0   99.2     0.811    8.6    100.0   0.988    5   1.19
   720   -0.0775   -0.152 -0.081   0.052  0.204   1.970  0.002   100.0  100.0     0.781    3.9     83.3   0.982    5   1.20
   730   -0.0556   -0.139 -0.081   0.043  0.182   2.830  0.002   100.0   97.7     0.768   11.7    100.0   0.985    5   1.20
   740   -0.0305   -0.144 -0.081   0.042  0.178   3.039  0.002    99.2   99.2     0.683   14.1     91.7   0.996    5   1.13
   750   -0.0406   -0.115 -0.084   0.030  0.145   4.078  0.002   100.0   95.3     0.672   26.6    100.0   1.000    5   1.21
   760    0.0268   -0.093 -0.084   0.023  0.116   5.250  0.017   100.0   84.4     0.565   43.8    100.0   0.980    5   1.13
   770    0.0806   -0.131 -0.084   0.040  0.171   3.194  0.058   100.0   95.3     0.672   21.9    100.0   0.994    5   1.15
   780    0.0236   -0.142 -0.084   0.045  0.188   2.446  0.058   100.0   99.2     0.756   16.4    100.0   0.998    5   1.28
   790   -0.0701   -0.167 -0.084   0.054  0.205   1.675  0.011    98.4  100.0     0.810    5.5     91.7   0.983    5   1.26
   800   -0.0677   -0.153 -0.089   0.048  0.193   2.246  0.001    99.2  100.0     0.764   12.5    100.0   0.988    5   1.19
      saved checkpoint @ step 800 | examples: ['NCCCCC(=O)Oc1ccc(/C(=C(\\CCCl)c2ccccc2)c2ccccc2)cc1', 'CN1CCCCC1C(=O)NC1C2CC3CC(C2)CC1C3', 'Cc1ccccc1NC(=O)CNC(=O)c1cccs1', 'COc1ccc(F)cc1-c1ccnc2[nH]c(C3=CCN(C4CCCCC4)CC3)cc12', 'CCC[C@@H](NCC(=O)C(F)(F)F)C(C)=O']
   810   -0.0490   -0.137 -0.089   0.036  0.166   3.009  0.001    99.2   96.9     0.683   21.1    100.0   0.992    5   1.17
   820   -0.0441   -0.117 -0.089   0.035  0.152   3.829  0.001   100.0   93.8     0.608   28.1    100.0   0.981    5   1.18
   830   -0.0134   -0.115 -0.089   0.028  0.135   4.339  0.005    99.2   92.9     0.559   32.8    100.0   0.998    5   1.10
   840    0.2927   -0.116 -0.089   0.031  0.147   3.785  0.130   100.0   96.1     0.545   28.1     91.7   0.993    5   1.12
   850   -0.0845   -0.165 -0.090   0.054  0.211   1.618  0.058    99.2  100.0     0.835    6.2     83.3   0.990    5   1.20
   860   -0.1351   -0.149 -0.090   0.053  0.201   2.153  0.003   100.0  100.0     0.852   13.3     83.3   0.994    5   1.21
   870   -0.0848   -0.150 -0.090   0.045  0.187   2.540  0.001    99.2   99.2     0.714   13.3    100.0   0.964    5   1.27
   880   -0.0579   -0.137 -0.090   0.040  0.177   2.938  0.001   100.0   99.2     0.701   17.2     83.3   0.992    5   1.19
   890   -0.0468   -0.121 -0.090   0.033  0.154   3.679  0.001   100.0   96.9     0.629   33.6    100.0   0.986    5   1.12
   900    0.0021   -0.097 -0.089   0.022  0.119   5.242  0.011   100.0   85.2     0.523   38.3     83.3   0.998    5   1.12
   910    0.2100   -0.130 -0.089   0.039  0.168   3.114  0.130   100.0   98.4     0.635   17.2     91.7   0.978    5   1.12
   920    0.0329   -0.180 -0.089   0.053  0.202   2.518  0.086    96.9  100.0     0.823    7.0     66.7   0.993    5   1.26
   930   -0.1263   -0.167 -0.089   0.056  0.215   1.912  0.001    99.2  100.0     0.795    3.1    100.0   0.992    5   1.19
   940   -0.0841   -0.153 -0.089   0.046  0.192   2.509  0.001    99.2  100.0     0.803    9.4     91.7   0.991    5   1.23
   950   -0.0679   -0.138 -0.094   0.035  0.165   3.032  0.001    99.2  100.0     0.646   24.2     91.7   0.998    5   1.15
   960   -0.0370   -0.144 -0.094   0.039  0.167   3.409  0.001    98.4   97.6     0.602   23.4    100.0   0.998    5   1.19
   970   -0.0467   -0.108 -0.094   0.025  0.133   4.289  0.001   100.0   93.8     0.567   35.2    100.0   0.998    5   1.15
   980    0.1233   -0.094 -0.094   0.024  0.118   5.127  0.038   100.0   86.7     0.577   44.5    100.0   0.996    5   1.06
   990    0.0943   -0.153 -0.094   0.044  0.189   2.316  0.130    99.2  100.0     0.764   10.2     66.7   0.989    5   1.16
  1000   -0.1439   -0.178 -0.096   0.056  0.211   1.914  0.011    97.7  100.0     0.856    7.0     66.7   0.993    5   1.16
      saved checkpoint @ step 1000 | examples: ['CCCCn1cnnc1SCC(=O)Nc1ccc2c(c1)OCO2', 'CC(C)(C)S(=O)(=O)c1cnc(N2CCNCC2)nc1N', 'CCCNC(CC)Cc1cccc(O)c1O', 'CC#CCN(CC)CCN(C)C', 'Cc1cc2nc(C)c(N(C)Cc3ccccn3)n2nc1C1CC1']
  1010   -0.1107   -0.148 -0.096   0.050  0.198   2.259  0.005   100.0  100.0     0.773   10.9     83.3   1.000    5   1.16
  1020   -0.0600   -0.149 -0.096   0.044  0.185   2.969  0.005    99.2  100.0     0.717   14.1     91.7   0.990    5   1.16
  1030   -0.0500   -0.129 -0.096   0.029  0.151   3.236  0.005    99.2  100.0     0.638   24.2     91.7   0.997    5   1.20
  1040   -0.0330   -0.126 -0.096   0.034  0.160   3.283  0.005   100.0   97.7     0.648   24.2    100.0   0.992    5   1.16
  1050   -0.0303   -0.110 -0.097   0.027  0.137   3.879  0.005   100.0   93.8     0.633   35.9     75.0   0.987    5   1.11
  1060    0.1165   -0.102 -0.097   0.026  0.127   4.905  0.038   100.0   90.6     0.595   39.8     66.7   0.985    5   1.08
  1070    0.0754   -0.124 -0.097   0.035  0.160   3.304  0.058   100.0  100.0     0.625   29.7     91.7   0.974    5   1.11
  1080    0.0232   -0.135 -0.097   0.042  0.177   2.693  0.058   100.0  100.0     0.703   22.7     83.3   0.995    5   1.29
  1090   -0.0598   -0.161 -0.097   0.059  0.220   1.744  0.026   100.0  100.0     0.875    8.6     75.0   0.979    5   1.26
  1100   -0.0684   -0.157 -0.101   0.052  0.201   2.007  0.005    99.2  100.0     0.748   11.7     91.7   0.984    5   1.21
  1110   -0.0485   -0.142 -0.101   0.044  0.187   2.572  0.005   100.0  100.0     0.742   11.7    100.0   0.994    5   1.22
  1120   -0.0317   -0.134 -0.101   0.037  0.163   3.258  0.005    99.2   95.3     0.678   27.3    100.0   0.995    5   1.13
  1130   -0.0317   -0.112 -0.101   0.029  0.141   3.998  0.005   100.0   94.5     0.570   37.5     83.3   0.987    5   1.10
  1140    0.2058   -0.116 -0.101   0.031  0.148   3.854  0.086   100.0   93.8     0.567   32.8    100.0   0.994    5   1.11
  1150   -0.0099   -0.152 -0.089   0.055  0.207   1.837  0.058   100.0  100.0     0.805    8.6     91.7   0.982    5   1.19
  1160   -0.0703   -0.167 -0.089   0.053  0.204   2.053  0.003    98.4  100.0     0.810    7.8    100.0   0.985    5   1.26
  1170   -0.0554   -0.145 -0.089   0.045  0.189   2.300  0.002   100.0  100.0     0.742   13.3    100.0   0.994    5   1.22
  1180   -0.0474   -0.124 -0.089   0.034  0.158   3.432  0.002   100.0   97.7     0.576   25.8     91.7   0.997    5   1.19
  1190   -0.0296   -0.122 -0.089   0.031  0.153   3.421  0.002   100.0   99.2     0.654   25.0     83.3   0.981    5   1.14
  1200    0.0764   -0.091 -0.081   0.020  0.111   5.224  0.026   100.0   89.8     0.504   40.6     75.0   0.998    5   1.07
      saved checkpoint @ step 1200 | examples: ['COc1ccc(-c2cnc(N)cc2C(N)=O)cc1', 'COc1ccc(-c2ccc(C(=O)O)cc2)cc1', 'Cc1ccc(N)cc1', 'Nc1ccc(S(N)(=O)=O)cc1', 'COc1ccc(-c2cnc3nnc(-c4ccccc4)n3c2)cc1']
  1210    0.1828   -0.157 -0.081   0.041  0.182   2.875  0.130    98.4  100.0     0.730    7.8     83.3   0.987    5   1.19
  1220   -0.0979   -0.151 -0.081   0.059  0.210   2.138  0.017   100.0  100.0     0.781    7.8     91.7   0.994    5   1.22
  1230   -0.0802   -0.154 -0.081   0.047  0.192   2.275  0.002    99.2  100.0     0.748    7.0     91.7   0.995    5   1.15
  1240   -0.0589   -0.135 -0.081   0.042  0.177   2.748  0.002   100.0   99.2     0.772   10.2    100.0   0.992    5   1.21
  1250   -0.0556   -0.113 -0.084   0.027  0.140   3.835  0.002   100.0   97.7     0.600   28.1    100.0   0.989    5   1.14
  1260   -0.0403   -0.105 -0.084   0.026  0.131   4.305  0.002   100.0   93.8     0.633   37.5     91.7   0.977    5   1.09
  1270    0.2844   -0.095 -0.084   0.021  0.116   4.928  0.086   100.0   94.5     0.455   39.1    100.0   1.000    5   1.11
  1280    0.0626   -0.149 -0.084   0.054  0.195   2.415  0.086    99.2   99.2     0.738   11.7     91.7   0.987    5   1.21
  1290   -0.0931   -0.173 -0.084   0.056  0.213   1.713  0.017    98.4  100.0     0.889    3.9     91.7   1.000    5   1.24
  1300   -0.0964   -0.149 -0.090   0.050  0.200   2.238  0.001   100.0  100.0     0.781   12.5     91.7   0.996    5   1.19
  1310   -0.0661   -0.138 -0.090   0.039  0.177   2.831  0.001   100.0   99.2     0.732   15.6     91.7   0.987    5   1.17
  1320   -0.0505   -0.121 -0.090   0.031  0.153   3.608  0.001   100.0   99.2     0.630   25.8     91.7   0.997    5   1.24
  1330   -0.0404   -0.102 -0.090   0.026  0.128   4.618  0.002   100.0   91.4     0.615   40.6    100.0   0.960    5   1.16
  1340    0.2876   -0.095 -0.090   0.022  0.117   4.979  0.086   100.0   93.8     0.525   50.0    100.0   0.990    5   1.11
  1350    0.0694   -0.147 -0.081   0.050  0.197   2.155  0.130   100.0  100.0     0.750   10.9     91.7   0.996    5   1.19
  1360   -0.1329   -0.159 -0.081   0.060  0.212   1.765  0.005    99.2  100.0     0.819    3.9    100.0   0.973    6   1.25
  1370   -0.0840   -0.154 -0.081   0.060  0.206   2.126  0.002    99.2  100.0     0.787    7.0     91.7   0.961    6   1.20
  1380   -0.0703   -0.121 -0.081   0.048  0.169   2.987  0.002   100.0   99.2     0.661   14.8     83.3   0.974    6   1.15
  1390   -0.0478   -0.125 -0.081   0.035  0.160   3.474  0.002   100.0   96.9     0.661   19.5     83.3   0.999    6   1.13
  1400   -0.0398   -0.106 -0.083   0.025  0.131   4.593  0.003   100.0   93.8     0.583   35.2    100.0   0.995    6   1.17
      saved checkpoint @ step 1400 | examples: ['O=C(O)c1ccc(-c2ccccc2)cc1', 'COc1ccc(/C=C/C(=O)O)cc1', 'CNCC1(Cc2ccccc2)CCC1', 'O=C1CCC(=O)N1CCN1CCOCC1', 'O=C(O)c1ccc(CCCI)cc1']
  1410    0.2907   -0.104 -0.083   0.033  0.129   4.865  0.086    99.2   92.9     0.542   37.5    100.0   0.970    6   1.12
  1420    0.0950   -0.146 -0.083   0.046  0.192   2.404  0.130   100.0  100.0     0.812   10.9     91.7   0.989    6   1.38
  1430   -0.1541   -0.158 -0.083   0.070  0.220   1.853  0.011    99.2  100.0     0.882    7.8    100.0   0.973    6   1.33
  1440   -0.1186   -0.149 -0.083   0.043  0.184   2.373  0.001    99.2  100.0     0.740   10.9    100.0   0.990    6   1.26
  1450   -0.0813   -0.137 -0.087   0.040  0.177   3.006  0.001   100.0   99.2     0.661   14.8    100.0   0.981    6   1.34
  1460   -0.0544   -0.127 -0.087   0.036  0.163   3.587  0.001   100.0   97.7     0.656   25.0    100.0   0.987    6   1.29
  1470   -0.0363   -0.121 -0.087   0.026  0.140   4.407  0.001    99.2   95.3     0.562   31.2    100.0   0.994    6   1.23
  1480    0.1234   -0.099 -0.087   0.021  0.120   5.111  0.038   100.0   91.4     0.470   44.5    100.0   0.997    6   1.15
  1490    0.1015   -0.136 -0.087   0.061  0.197   2.405  0.130   100.0   98.4     0.786   16.4    100.0   0.981    6   1.31
  1500   -0.1123   -0.168 -0.091   0.055  0.215   1.831  0.038    99.2  100.0     0.906    3.9     91.7   0.994    6   1.34
  1510   -0.1051   -0.161 -0.091   0.053  0.206   2.179  0.011    99.2  100.0     0.819    7.0    100.0   0.976    6   1.31
  1520   -0.0810   -0.142 -0.091   0.056  0.198   2.620  0.005   100.0  100.0     0.703   10.9     83.3   0.980    6   1.27
  1530   -0.0495   -0.139 -0.091   0.040  0.179   2.756  0.005   100.0  100.0     0.734   17.2     91.7   0.992    6   1.22
  1540   -0.0399   -0.125 -0.091   0.039  0.164   3.222  0.005   100.0   99.2     0.717   22.7     91.7   0.976    6   1.23
  1550   -0.0256   -0.121 -0.092   0.030  0.151   3.775  0.005   100.0   98.4     0.659   30.5    100.0   0.989    6   1.15
  1560    0.0188   -0.108 -0.092   0.024  0.132   4.408  0.017   100.0   97.7     0.560   31.2     91.7   0.982    7   1.21
  1570    0.0714   -0.111 -0.092   0.032  0.144   4.206  0.038   100.0   99.2     0.520   35.2    100.0   0.989    7   1.20
  1580    0.0144   -0.127 -0.092   0.034  0.161   2.876  0.038   100.0  100.0     0.586   27.3     91.7   0.991    7   1.24
  1590    0.0074   -0.124 -0.092   0.041  0.166   2.958  0.038   100.0   99.2     0.669   26.6    100.0   0.961    7   1.22
  1600   -0.0035   -0.144 -0.094   0.043  0.187   2.396  0.038   100.0  100.0     0.719   13.3     83.3   0.981    7   1.31
      saved checkpoint @ step 1600 | examples: ['CNc1ccnc2ccc(C)cc12', 'CC(=O)NNC(=O)c1ccccc1O', 'COc1ccc(CSc2nnnn2Cc2ccccc2)cc1', 'O=C(O)c1nccn1Cc1ccccc1', 'CCCCCCCCOP(=O)([O-])O']
  1610   -0.0085   -0.142 -0.094   0.042  0.185   2.374  0.038   100.0  100.0     0.758   13.3     91.7   0.997    7   1.36
  1620   -0.0304   -0.161 -0.094   0.049  0.193   2.144  0.017    98.4  100.0     0.722   12.5     91.7   0.997    7   1.16
  1630   -0.0332   -0.144 -0.094   0.046  0.190   2.344  0.011   100.0   99.2     0.709   17.2    100.0   0.973    7   1.30
  1640   -0.0231   -0.133 -0.094   0.038  0.171   2.860  0.011   100.0  100.0     0.688   18.0    100.0   0.978    8   1.14
  1650   -0.0244   -0.116 -0.095   0.029  0.145   3.371  0.011   100.0   97.7     0.640   33.6    100.0   0.993    8   1.16
  1660   -0.0140   -0.116 -0.095   0.036  0.145   3.779  0.011    99.2   96.1     0.582   32.0     91.7   0.991    8   1.12
  1670   -0.0145   -0.104 -0.095   0.029  0.125   4.283  0.011    99.2   92.9     0.619   43.0     91.7   0.991    8   1.09
  1680    0.0512   -0.104 -0.095   0.033  0.129   4.510  0.026    99.2   90.6     0.530   45.3    100.0   0.992    8   1.12
  1690    0.0723   -0.140 -0.095   0.047  0.187   2.498  0.086   100.0  100.0     0.695   17.2    100.0   0.981    8   1.30
  1700   -0.0842   -0.159 -0.097   0.058  0.218   1.662  0.026   100.0  100.0     0.867    4.7     83.3   0.975    8   1.39
  1710   -0.0945   -0.143 -0.097   0.043  0.186   2.086  0.001   100.0  100.0     0.742   12.5     83.3   0.987    8   1.21
  1720   -0.0620   -0.137 -0.097   0.036  0.165   2.951  0.001    99.2  100.0     0.701   23.4    100.0   0.997    8   1.16
  1730   -0.0419   -0.127 -0.097   0.031  0.150   3.359  0.001    99.2   99.2     0.675   28.1    100.0   1.000    8   1.12
  1740   -0.0164   -0.099 -0.097   0.024  0.114   5.112  0.008    99.2   89.0     0.522   49.2    100.0   0.981    8   1.14
  1750    0.1478   -0.121 -0.071   0.034  0.155   3.223  0.086   100.0   98.4     0.643   17.2    100.0   0.995    8   1.20
  1760    0.0617   -0.164 -0.071   0.049  0.197   2.314  0.086    98.4  100.0     0.841    3.9     75.0   1.000    8   1.24
  1770   -0.1002   -0.158 -0.071   0.060  0.218   1.761  0.026   100.0  100.0     0.883    3.9     91.7   0.996    8   1.26
  1780   -0.0940   -0.158 -0.071   0.052  0.202   1.848  0.002    99.2  100.0     0.787    2.3     58.3   0.989    8   1.23
  1790   -0.0668   -0.139 -0.071   0.042  0.181   2.833  0.002   100.0  100.0     0.695   11.7    100.0   0.989    8   1.21
  1800   -0.0582   -0.123 -0.076   0.034  0.157   3.439  0.002   100.0   97.7     0.632   20.3    100.0   0.980    8   1.15
      saved checkpoint @ step 1800 | examples: ['O=C(Nc1ccccc1)Oc1ccccc1', 'O=c1[nH]c2ccc(F)cc2[nH]1', 'CN(C)Cc1ccccc1', 'CCCCc1ccc(O)cc1', 'CCCCCCCCCCCCNC(=O)/C=C/c1ccccc1']
  1810   -0.0460   -0.103 -0.076   0.027  0.131   4.813  0.003   100.0   89.1     0.570   35.2    100.0   0.978    8   1.11
  1820    0.2080   -0.116 -0.076   0.038  0.154   3.897  0.086   100.0   95.3     0.623   21.1    100.0   0.981    8   1.21
  1830   -0.0014   -0.149 -0.076   0.050  0.199   2.253  0.058   100.0  100.0     0.789    5.5    100.0   0.992    8   1.20
  1840   -0.0592   -0.151 -0.076   0.063  0.214   2.029  0.026   100.0  100.0     0.852    9.4     91.7   0.998    8   1.20
  1850   -0.0530   -0.153 -0.082   0.050  0.204   2.076  0.017   100.0  100.0     0.766    5.5     91.7   0.977    8   1.16
  1860   -0.0420   -0.147 -0.082   0.050  0.197   2.325  0.011   100.0  100.0     0.781   13.3    100.0   0.993    8   1.18
  1870   -0.0380   -0.122 -0.082   0.042  0.163   2.956  0.011   100.0   97.7     0.688   26.6    100.0   0.992    8   1.16
  1880   -0.0287   -0.112 -0.082   0.027  0.140   3.754  0.011   100.0  100.0     0.508   31.2    100.0   0.984    8   1.13
  1890   -0.0212   -0.115 -0.082   0.028  0.143   3.301  0.011   100.0   99.2     0.559   28.9    100.0   0.986    8   1.12
  1900   -0.0119   -0.114 -0.083   0.030  0.143   3.769  0.011   100.0   97.7     0.608   26.6     91.7   0.997    8   1.11
  1910   -0.0163   -0.094 -0.083   0.024  0.118   4.451  0.011   100.0   93.0     0.504   40.6    100.0   1.000    9   1.11
  1920    0.1331   -0.097 -0.083   0.033  0.130   4.193  0.058   100.0   95.3     0.557   38.3     91.7   0.982    9   1.16
  1930    0.0325   -0.144 -0.083   0.044  0.188   2.399  0.058   100.0  100.0     0.727   10.2    100.0   0.989    9   1.19
  1940   -0.0579   -0.153 -0.083   0.046  0.191   1.966  0.026    99.2  100.0     0.756    9.4    100.0   0.997    9   1.24
  1950   -0.0707   -0.135 -0.087   0.041  0.176   2.368  0.011   100.0   99.2     0.732   17.2    100.0   0.994    9   1.20
  1960   -0.0342   -0.141 -0.087   0.036  0.169   2.732  0.011    99.2  100.0     0.685   15.6     91.7   0.990    9   1.15
  1970   -0.0269   -0.126 -0.087   0.034  0.160   3.037  0.011   100.0   99.2     0.583   21.1    100.0   0.988    9   1.14
  1980   -0.0225   -0.111 -0.087   0.028  0.139   3.614  0.011   100.0   97.7     0.584   33.6     83.3   0.993    9   1.15
  1990   -0.0211   -0.094 -0.087   0.020  0.114   4.323  0.011   100.0   92.2     0.585   41.4    100.0   0.992    9   1.14
  2000    0.2769   -0.092 -0.059   0.021  0.113   4.587  0.086   100.0   95.3     0.516   24.2     91.7   0.985    9   1.07
      saved checkpoint @ step 2000 | examples: ['O=C(O)c1ccc(Nc2ccccc2)cc1', 'CCCCCCCCCCCC#N', 'CCCCCCCC#N', 'CCCCCCCCN', 'O=C(O)CCCCCCc1ccccc1']
  2010    0.0760   -0.157 -0.059   0.046  0.188   2.373  0.086    98.4  100.0     0.722    4.7    100.0   0.995    9   1.30
  2020   -0.0935   -0.159 -0.059   0.062  0.220   1.734  0.017   100.0  100.0     0.844    2.3    100.0   1.000    9   1.41
  2030   -0.0789   -0.155 -0.059   0.054  0.194   2.222  0.001    98.4  100.0     0.810    6.2     83.3   0.976    9   1.28
  2040   -0.0626   -0.132 -0.059   0.035  0.167   2.740  0.001   100.0   98.4     0.722    7.8     91.7   0.981    9   1.30
  2050   -0.0517   -0.119 -0.064   0.030  0.149   3.484  0.001   100.0   95.3     0.631   18.8     91.7   0.980    9   1.23
  2060   -0.0453   -0.089 -0.064   0.026  0.115   4.952  0.003   100.0   88.3     0.611   38.3    100.0   0.977    9   1.22
  2070    0.1880   -0.092 -0.064   0.019  0.112   4.858  0.058   100.0   91.4     0.513   34.4    100.0   1.000    9   1.11
  2080    0.1785   -0.156 -0.064   0.049  0.197   2.490  0.195    99.2  100.0     0.787    5.5    100.0   1.000    9   1.34
  2090   -0.1713   -0.162 -0.064   0.061  0.222   1.738  0.086   100.0  100.0     0.898    2.3    100.0   0.991    9   1.22
  2100   -0.2223   -0.158 -0.072   0.052  0.202   2.226  0.008    99.2  100.0     0.874    3.9    100.0   0.984    9   1.29
  2110   -0.1395   -0.150 -0.072   0.049  0.199   2.556  0.005   100.0  100.0     0.859    3.9    100.0   0.989    9   1.22
  2120   -0.0846   -0.141 -0.072   0.042  0.183   2.456  0.005   100.0   99.2     0.772   10.9    100.0   0.981    9   1.23
  2130   -0.0569   -0.127 -0.072   0.036  0.163   3.712  0.005   100.0   94.5     0.645   16.4     91.7   0.982    9   1.16
  2140   -0.0335   -0.126 -0.072   0.032  0.150   4.040  0.005    99.2   97.6     0.653   25.0     91.7   0.973    9   1.24
  2150    0.1710   -0.106 -0.074   0.027  0.133   4.739  0.058   100.0   91.4     0.632   32.0     91.7   0.986    9   1.19
  2160    0.0634   -0.146 -0.074   0.046  0.192   2.550  0.086   100.0  100.0     0.750    9.4    100.0   0.988    9   1.15
  2170   -0.0933   -0.165 -0.074   0.062  0.227   1.899  0.017   100.0  100.0     0.852    2.3     83.3   1.000    9   1.22
  2180   -0.0742   -0.151 -0.074   0.048  0.199   2.121  0.011   100.0  100.0     0.812    3.1    100.0   0.989    9   1.31
  2190   -0.0561   -0.132 -0.074   0.041  0.173   2.579  0.011   100.0   99.2     0.701   15.6    100.0   0.978    9   1.21
  2200   -0.0310   -0.144 -0.079   0.042  0.178   2.675  0.011    99.2   99.2     0.746   11.7     91.7   0.997    9   1.28
      saved checkpoint @ step 2200 | examples: ['O=C1C(Cl)=C(N2CCOCC2)C(=O)N1c1ccc(Cl)cc1', 'CC(=O)NCc1ccc(Cl)c(N)c1', 'O=C(CN1C(=O)c2cccc3cccc(c23)C1=O)NCCc1ccccc1', 'FC(F)(F)c1ccc(CN2CCNCC2)cc1', 'Oc1cc(Cc2ccc(Cl)cc2)nc2ccccc12']
  2210   -0.0270   -0.129 -0.079   0.035  0.156   3.205  0.011    99.2   97.6     0.702   25.0    100.0   0.981    9   1.15
  2220   -0.0231   -0.121 -0.079   0.035  0.156   3.206  0.011   100.0   97.7     0.656   22.7     91.7   0.993    9   1.16
  2230   -0.0155   -0.118 -0.079   0.031  0.149   3.371  0.011   100.0   96.9     0.621   21.9     83.3   0.992    9   1.18
  2240   -0.0082   -0.110 -0.079   0.034  0.143   4.052  0.011   100.0   99.2     0.567   27.3     91.7   0.986    9   1.11
  2250   -0.0086   -0.109 -0.079   0.025  0.134   4.029  0.011   100.0   96.1     0.545   27.3    100.0   0.997    9   1.08
  2260    0.0466   -0.096 -0.079   0.028  0.124   4.629  0.026   100.0   94.5     0.537   32.0     91.7   0.989    9   1.10
  2270    0.0403   -0.119 -0.079   0.031  0.150   3.343  0.038   100.0   99.2     0.669   21.1     83.3   0.981    9   1.16
  2280    0.0069   -0.126 -0.079   0.040  0.165   2.713  0.038   100.0  100.0     0.695   18.0     91.7   0.977    9   1.20
  2290   -0.0008   -0.142 -0.079   0.042  0.185   2.326  0.038   100.0   99.2     0.724    8.6     91.7   0.997    9   1.19
  2300   -0.0112   -0.135 -0.083   0.041  0.176   2.421  0.038   100.0   99.2     0.772   22.7     91.7   0.995    9   1.22
  2310   -0.0074   -0.153 -0.083   0.055  0.201   2.038  0.038    99.2  100.0     0.772   13.3    100.0   0.996    9   1.26
  2320   -0.0390   -0.143 -0.083   0.058  0.202   1.926  0.026   100.0  100.0     0.852    9.4    100.0   0.963    9   1.21
  2330   -0.0440   -0.147 -0.083   0.050  0.198   2.163  0.011   100.0   99.2     0.772   14.1    100.0   0.979    9   1.22
  2340   -0.0301   -0.137 -0.083   0.034  0.164   2.634  0.011    99.2  100.0     0.677   17.2     83.3   0.989    9   1.18
  2350   -0.0261   -0.129 -0.085   0.039  0.169   2.646  0.011   100.0  100.0     0.664   20.3     91.7   0.982    9   1.22
  2360   -0.0197   -0.114 -0.085   0.031  0.145   3.671  0.011   100.0   98.4     0.579   31.2    100.0   0.993    9   1.11
  2370   -0.0129   -0.111 -0.085   0.029  0.139   3.854  0.011   100.0   97.7     0.544   33.6     91.7   0.997    9   1.10
  2380    0.0045   -0.099 -0.085   0.024  0.122   4.173  0.017   100.0   94.5     0.554   42.2    100.0   0.989    9   1.09
  2390    0.0342   -0.118 -0.085   0.024  0.127   4.045  0.026    98.4   96.8     0.533   37.5     91.7   0.997    9   1.11
  2400    0.0213   -0.103 -0.071   0.030  0.133   3.817  0.026   100.0   93.8     0.650   29.7    100.0   0.994    9   1.15
      saved checkpoint @ step 2400 | examples: ['O=C(O)Cc1ccc(O)cc1', 'CCc1ccc(C(=O)NCc2ccc(C(=O)NO)cc2)cc1', 'O=C(CCl)Nc1ccc(Cl)c(C(F)(F)F)c1', 'CNCc1cc(COCC2CCCC2)cc(C(F)(F)F)c1', 'Oc1ccc(-c2ccc(-c3ccccc3O)o2)cc1']
  2410    0.0058   -0.108 -0.071   0.031  0.139   3.397  0.026   100.0   98.4     0.603   25.0     83.3   0.994    9   1.14
  2420    0.0019   -0.114 -0.071   0.041  0.155   3.237  0.026   100.0   98.4     0.635   25.0     91.7   0.995   10   1.17
  2430    0.0065   -0.123 -0.071   0.043  0.159   3.241  0.026    99.2   98.4     0.664   22.7    100.0   0.983   10   1.19
  2440   -0.0047   -0.125 -0.071   0.047  0.172   2.636  0.026   100.0  100.0     0.641   15.6    100.0   0.991   10   1.19
  2450    0.0013   -0.117 -0.073   0.045  0.155   3.213  0.026    99.2   98.4     0.680   25.8     91.7   0.959   11   1.19
  2460   -0.0066   -0.114 -0.073   0.072  0.186   2.857  0.026   100.0   99.2     0.701   21.1    100.0   0.958   12   1.17
  2470   -0.0013   -0.110 -0.073   0.090  0.193   3.000  0.026    99.2  100.0     0.654   25.8    100.0   0.941   12   1.17
  2480   -0.0079   -0.103 -0.073   0.113  0.208   3.316  0.026    99.2   97.6     0.718   26.6    100.0   0.929   12   1.26
  2490   -0.0014   -0.121 -0.073   0.066  0.179   3.012  0.026    99.2   99.2     0.746   28.1    100.0   0.965   13   1.25
  2500    0.0053   -0.120 -0.075   0.089  0.201   3.232  0.026    99.2  100.0     0.669   25.0    100.0   0.935   13   1.20
  2510   -0.0089   -0.101 -0.075   0.109  0.210   3.040  0.026   100.0  100.0     0.656   26.6    100.0   0.888   13   1.20
  2520   -0.0116   -0.073 -0.075   0.146  0.219   3.853  0.026   100.0   96.9     0.685   40.6    100.0   0.858   13   1.26
  2530   -0.0133   -0.098 -0.075   0.138  0.236   2.706  0.026   100.0  100.0     0.805   24.2    100.0   0.898   14   1.23
  2540    0.0007   -0.082 -0.075   0.137  0.210   3.864  0.026    99.2   99.2     0.698   36.7    100.0   0.875   16   1.24
  2550    0.0174   -0.060 -0.059   0.202  0.253   4.418  0.026    99.2   97.6     0.758   38.3    100.0   0.836   16   1.28
  2560    0.0080   -0.082 -0.059   0.168  0.242   3.766  0.026    99.2   99.2     0.730   30.5    100.0   0.865   17   1.22
  2570    0.0000   -0.057 -0.059   0.192  0.241   4.018  0.026    99.2   97.6     0.718   37.5    100.0   0.802   19   1.23
  2580    0.0268   -0.111 -0.059   0.111  0.215   3.050  0.038    99.2  100.0     0.756   21.1    100.0   0.904   19   1.23
  2590   -0.0066   -0.111 -0.059   0.101  0.212   2.343  0.038   100.0  100.0     0.766   17.2    100.0   0.927   19   1.27
  2600   -0.0033   -0.127 -0.065   0.100  0.219   2.380  0.038    99.2  100.0     0.717   18.8    100.0   0.924   19   1.26
      saved checkpoint @ step 2600 | examples: ['O=C(NCC12CC3CC(CC(C3)C1)C2)c1ccc2cc(O)ccc2c1', 'O=C(NNC(=S)Nc1ccc(Cl)cc1)c1ccccc1Sc1ccc2c(/C=C/c3ccccn3)n[nH]c2c1', 'NCCCCCCC(C(N)=O)C(Br)C1OC(O)C(O)C1O', 'COc1ccc(Nc2nc(-c3cccs3)nc3ccccc23)cc1', 'Cc1ccc(NC(=O)c2cccc(C(F)(F)F)c2)cc1']
  2610   -0.0208   -0.125 -0.065   0.095  0.220   2.495  0.026   100.0  100.0     0.836   14.8     91.7   0.947   19   1.29
  2620   -0.0186   -0.106 -0.065   0.115  0.221   2.795  0.026   100.0   99.2     0.780   21.1    100.0   0.913   21   1.24
  2630   -0.0174   -0.105 -0.065   0.094  0.199   2.638  0.026   100.0   99.2     0.724   19.5    100.0   0.901   21   1.18
  2640   -0.0094   -0.107 -0.065   0.100  0.199   3.011  0.026    99.2   98.4     0.736   24.2    100.0   0.914   21   1.17
  2650   -0.0097   -0.105 -0.068   0.111  0.209   2.942  0.026    99.2   98.4     0.704   25.0    100.0   0.902   22   1.19
  2660   -0.0050   -0.114 -0.068   0.092  0.198   2.821  0.026    99.2  100.0     0.693   24.2     91.7   0.923   25   1.19
  2670   -0.0095   -0.096 -0.068   0.124  0.220   2.802  0.026   100.0   99.2     0.724   24.2    100.0   0.878   29   1.18
  2680   -0.0063   -0.088 -0.068   0.141  0.229   3.298  0.026   100.0   97.7     0.736   29.7    100.0   0.871   29   1.23
  2690   -0.0062   -0.087 -0.068   0.151  0.237   3.090  0.026   100.0   99.2     0.811   28.1    100.0   0.827   31   1.27
  2700    0.0042   -0.087 -0.068   0.148  0.228   3.618  0.026    99.2   98.4     0.704   34.4    100.0   0.837   31   1.23
  2710    0.0033   -0.102 -0.068   0.117  0.211   3.150  0.026    99.2   99.2     0.690   25.8    100.0   0.880   32   1.26
  2720   -0.0050   -0.105 -0.068   0.116  0.222   2.961  0.026   100.0   99.2     0.740   23.4    100.0   0.916   33   1.24
  2730   -0.0083   -0.080 -0.068   0.149  0.229   3.318  0.026   100.0   97.7     0.752   29.7    100.0   0.855   33   1.25
  2740   -0.0127   -0.065 -0.068   0.184  0.249   3.438  0.026   100.0   99.2     0.732   31.2    100.0   0.809   35   1.31
  2750   -0.0006   -0.060 -0.059   0.189  0.249   3.544  0.026   100.0   99.2     0.748   35.2    100.0   0.788   36   1.31
  2760    0.0005   -0.084 -0.059   0.137  0.221   3.475  0.026   100.0   98.4     0.722   28.1    100.0   0.851   36   1.25
  2770   -0.0025   -0.082 -0.059   0.139  0.222   3.720  0.026   100.0   97.7     0.728   32.8    100.0   0.879   37   1.33
  2780    0.0033   -0.101 -0.059   0.145  0.238   3.004  0.026    99.2   98.4     0.752   24.2    100.0   0.850   39   1.24
  2790    0.0041   -0.105 -0.059   0.122  0.219   3.064  0.026    99.2   98.4     0.744   23.4    100.0   0.906   39   1.38
  2800   -0.0105   -0.081 -0.060   0.155  0.237   3.159  0.026   100.0   98.4     0.690   33.6    100.0   0.846   41   1.26
      saved checkpoint @ step 2800 | examples: ['CC(=O)c1ccc(CCc2ccccc2)cc1', 'Cc1nn(CCCO)c2c1CC(c1ccccc1)C(=O)O2', 'O=C(O)CCCCCCC(=O)O', 'O=C(S)c1cccc(Br)c1', 'C[n+]1ccccc1']
  2810    0.0006   -0.102 -0.060   0.134  0.228   3.057  0.026    99.2  100.0     0.764   28.9    100.0   0.862   44   1.25
  2820   -0.0070   -0.095 -0.060   0.129  0.224   2.884  0.026   100.0   98.4     0.770   22.7    100.0   0.863   45   1.31
  2830   -0.0032   -0.084 -0.060   0.160  0.244   3.569  0.026   100.0   99.2     0.795   32.0    100.0   0.859   46   1.27
  2840   -0.0050   -0.086 -0.060   0.134  0.220   3.395  0.026   100.0  100.0     0.695   28.9    100.0   0.883   47   1.21
  2850   -0.0127   -0.064 -0.059   0.168  0.232   3.571  0.026   100.0   99.2     0.685   35.2    100.0   0.830   48   1.20
  2860   -0.0013   -0.065 -0.059   0.173  0.237   3.833  0.026   100.0   99.2     0.787   28.9    100.0   0.869   48   1.24
  2870    0.0508   -0.033 -0.059   0.226  0.259   4.480  0.038   100.0   95.3     0.697   34.4    100.0   0.758   51   1.26
  2880   -0.0100   -0.129 -0.059   0.085  0.214   2.283  0.038   100.0  100.0     0.797   11.7     91.7   0.961   52   1.25
  2890   -0.0330   -0.124 -0.059   0.074  0.198   2.376  0.026   100.0  100.0     0.758   10.2     83.3   0.975   52   1.24
  2900   -0.0199   -0.117 -0.065   0.097  0.198   2.702  0.026    98.4   96.8     0.738   21.1     91.7   0.924   52   1.24
  2910   -0.0184   -0.104 -0.065   0.125  0.229   2.777  0.026   100.0  100.0     0.719   22.7    100.0   0.878   54   1.23
  2920   -0.0157   -0.082 -0.065   0.155  0.222   3.361  0.026    98.4   99.2     0.736   27.3    100.0   0.883   57   1.20
  2930   -0.0264   -0.053 -0.065   0.163  0.216   3.271  0.026   100.0   98.4     0.714   28.1    100.0   0.861   57   1.21
  2940    0.0244   -0.049 -0.065   0.200  0.234   4.154  0.038    98.4  100.0     0.794   33.6     58.3   0.853   61   1.31
  2950    0.0391   -0.082 -0.066   0.147  0.221   3.113  0.058    99.2  100.0     0.811   21.9     83.3   0.933   61   1.25
  2960   -0.0081   -0.069 -0.066   0.154  0.223   2.730  0.058   100.0  100.0     0.852   15.6     91.7   0.958   61   1.25
  2970   -0.0158   -0.025 -0.066   0.192  0.217   3.441  0.058   100.0   99.2     0.913   18.8     58.3   0.954   61   1.31
  2980    0.0008    0.008 -0.066   0.228  0.220   3.781  0.058   100.0   98.4     0.889   22.7     58.3   0.933   62   1.37
  2990    0.0022   -0.023 -0.066   0.196  0.212   3.230  0.058    99.2   99.2     0.841   16.4     91.7   0.914   62   1.25
  3000    0.0096   -0.108 -0.071   0.160  0.245   2.870  0.058    97.7   99.2     0.863   18.0     91.7   0.949   63   1.34
      saved checkpoint @ step 3000 | examples: ['N[C@H](CCc1ccccc1)C(=O)O', 'O=C(Nc1ccc(OC(F)(F)Cl)cc1)c1cnc(N2CCN3CCC(C3)C2)c(-c2cncnc2)c1', 'COc1ccc2c(c1)SC1CC(c3ccccc3)CC=C2C(=O)C1=O', 'CC(C)NCC(=O)Nc1nc2ccc(-c3ccccc3)cc2s1', 'O=C(Nc1ccc(OC(F)(F)Cl)cc1)c1cnc(N2CCC(N3CC4(CN(C(=O)N5CCOCC5)C4)C3)C2)c(-c2cn[nH]c2)c1']
  3010   -0.0485   -0.128 -0.071   0.123  0.244   2.102  0.038    99.2  100.0     0.866   10.9     91.7   0.961   64   1.35
  3020   -0.0764   -0.049 -0.071   0.165  0.206   3.561  0.026    99.2   98.4     0.784   21.9     66.7   0.941   64   1.27
  3030    0.1047   -0.095 -0.071   0.154  0.242   3.224  0.086    99.2  100.0     0.843   16.4     58.3   0.970   65   1.37
  3040   -0.0851   -0.150 -0.071   0.099  0.234   1.932  0.017    98.4  100.0     0.833    7.8     83.3   0.949   65   1.30
  3050   -0.1016   -0.098 -0.079   0.113  0.212   2.722  0.008   100.0  100.0     0.828   10.9    100.0   0.943   65   1.25
  3060   -0.0730   -0.042 -0.079   0.154  0.196   3.921  0.008   100.0   96.1     0.707   21.9     83.3   0.892   68   1.26
  3070    0.1379   -0.099 -0.079   0.124  0.215   3.685  0.086    99.2   99.2     0.786   15.6     91.7   0.975   69   1.29
  3080   -0.0605   -0.160 -0.079   0.086  0.223   2.168  0.026    97.7  100.0     0.832   13.3     91.7   0.966   69   1.21
  3090   -0.0757   -0.145 -0.079   0.066  0.211   2.026  0.003   100.0   99.2     0.819    8.6     91.7   0.962   69   1.33
  3100   -0.0736   -0.099 -0.084   0.102  0.193   3.434  0.003    99.2   98.4     0.736   19.5     75.0   0.930   70   1.34
  3110   -0.0514   -0.052 -0.084   0.154  0.207   4.240  0.005   100.0   99.2     0.685   32.8     75.0   0.852   71   1.32
  3120    0.3238   -0.057 -0.084   0.136  0.193   4.297  0.130   100.0   99.2     0.693   36.7     91.7   0.885   73   1.37
  3130   -0.0899   -0.168 -0.084   0.080  0.224   2.013  0.058    97.7  100.0     0.856    7.0     91.7   0.962   73   1.45
  3140   -0.1380   -0.156 -0.084   0.072  0.213   1.905  0.005    98.4  100.0     0.849    6.2     91.7   0.973   74   1.31
  3150   -0.1085   -0.140 -0.089   0.059  0.198   2.291  0.001   100.0  100.0     0.734   14.1     91.7   0.951   74   1.29
  3160   -0.0980   -0.091 -0.089   0.113  0.204   3.610  0.001   100.0  100.0     0.711   28.9     91.7   0.884   74   1.34
  3170   -0.0504   -0.093 -0.089   0.110  0.204   3.628  0.001   100.0   98.4     0.714   28.9     83.3   0.911   74   1.31
  3180    0.1073   -0.065 -0.089   0.135  0.200   4.819  0.038   100.0   97.7     0.696   39.1     83.3   0.832   76   1.31
  3190    0.0540   -0.111 -0.089   0.083  0.194   3.127  0.058   100.0  100.0     0.688   26.6     91.7   0.933   77   1.29
  3200   -0.0352   -0.152 -0.091   0.064  0.216   1.782  0.038   100.0  100.0     0.805   10.9    100.0   0.950   78   1.31
      saved checkpoint @ step 3200 | examples: ['Nc1nc(N)c2cc(Cc3ccccc3)cnc2n1', 'CC(=O)N1CCN(c2ccccc2)CC1', 'c1ccc(-c2nnc3ccccc3c2-c2ccc3c(c2)OCO3)cc1', 'Cc1ccc(C)c(NC(=O)c2ccc(OCc3ccccc3F)cc2)c1', 'Cc1ccc(Nc2nc3ccccc3nc2C(=O)O)cc1']
  3210   -0.0426   -0.133 -0.091   0.075  0.208   2.253  0.026   100.0  100.0     0.820   21.9    100.0   0.940   78   1.40
  3220   -0.0413   -0.132 -0.091   0.072  0.204   2.304  0.017   100.0  100.0     0.734   20.3    100.0   0.926   78   1.32
  3230   -0.0228   -0.131 -0.091   0.072  0.203   2.547  0.017   100.0  100.0     0.750   20.3     91.7   0.953   78   1.40
  3240   -0.0043   -0.121 -0.091   0.103  0.209   3.107  0.017    98.4   99.2     0.712   25.0    100.0   0.910   79   1.32
  3250   -0.0196   -0.092 -0.091   0.107  0.200   3.527  0.017   100.0   99.2     0.598   35.9    100.0   0.887   81   1.26
  3260   -0.0253   -0.051 -0.091   0.167  0.218   4.202  0.017   100.0   99.2     0.685   43.8    100.0   0.802   81   1.32
  3270    0.2376   -0.037 -0.091   0.205  0.242   4.800  0.086   100.0   98.4     0.651   46.9    100.0   0.791   82   1.28
  3280    0.0680   -0.114 -0.091   0.097  0.211   2.782  0.086   100.0  100.0     0.750   21.1     75.0   0.946   82   1.44
  3290   -0.0805   -0.160 -0.091   0.078  0.230   1.892  0.026    99.2  100.0     0.835    8.6     91.7   0.963   82   1.45
  3300   -0.0762   -0.144 -0.096   0.065  0.209   2.140  0.017   100.0  100.0     0.781   14.8     66.7   0.977   82   1.36
  3310   -0.0704   -0.114 -0.096   0.103  0.209   2.884  0.011    99.2  100.0     0.787   26.6     83.3   0.913   82   1.32
  3320   -0.0483   -0.094 -0.096   0.134  0.229   3.043  0.011   100.0   96.9     0.726   32.8    100.0   0.856   82   1.28
  3330   -0.0251   -0.095 -0.096   0.111  0.206   3.552  0.011   100.0   98.4     0.690   31.2    100.0   0.882   83   1.29
  3340    0.0226   -0.060 -0.096   0.177  0.237   4.325  0.026   100.0   98.4     0.714   43.0     91.7   0.834   83   1.38
  3350    0.1027   -0.140 -0.060   0.064  0.196   2.409  0.086    99.2  100.0     0.677   10.9     91.7   0.964   83   1.37
  3360   -0.0195   -0.143 -0.060   0.081  0.225   2.183  0.038   100.0  100.0     0.891    9.4    100.0   0.963   84   1.42
  3370   -0.0548   -0.147 -0.060   0.087  0.211   2.706  0.008    97.7   99.2     0.815   10.2     91.7   0.956   84   1.41
  3380   -0.0427   -0.128 -0.060   0.085  0.205   2.536  0.008    99.2  100.0     0.811   10.9     91.7   0.930   84   1.27
  3390   -0.0494   -0.083 -0.060   0.143  0.227   3.416  0.008   100.0   99.2     0.654   28.9    100.0   0.840   84   1.23
  3400   -0.0092   -0.039 -0.062   0.216  0.255   4.577  0.017   100.0   97.7     0.632   38.3     91.7   0.739   86   1.28
      saved checkpoint @ step 3400 | examples: ['O=C(NCCc1ccc(O)cc1)c1ccccc1Sc1ccc2c(/C=C/c3ccccn3)n[nH]c2c1', 'O=C(/C=C/c1ccc2c(c1)OCO2)c1ccccc1Sc1ccc2c(/C=C/c3ccccn3)n[nH]c2c1', 'CC(C)NC(=O)Nc1ccccc1Sc1ccc2c(/C=C/c3ccccn3)n[nH]c2c1', 'Cc1ccc(S(=O)(=O)CC(=O)O)cc1', 'COCC#Cc1ccccc1N']
  3410    0.0732   -0.082 -0.062   0.152  0.235   3.435  0.058   100.0   97.7     0.680   21.9     91.7   0.819   87   1.35
  3420   -0.0241   -0.144 -0.062   0.064  0.207   1.903  0.038   100.0   99.2     0.811   10.2     83.3   0.964   88   1.25
  3430    0.0106   -0.145 -0.062   0.086  0.207   2.484  0.038    97.7  100.0     0.816   12.5     91.7   0.929   89   1.28
  3440   -0.0052   -0.146 -0.062   0.072  0.210   2.112  0.038    99.2  100.0     0.780    9.4    100.0   0.953   89   1.31
  3450   -0.0319   -0.134 -0.069   0.084  0.218   2.136  0.026   100.0  100.0     0.734   12.5    100.0   0.918   89   1.21
  3460   -0.0177   -0.121 -0.069   0.109  0.222   2.587  0.026    99.2  100.0     0.780   17.2    100.0   0.905   89   1.34
  3470   -0.0440   -0.092 -0.069   0.125  0.218   2.703  0.017   100.0  100.0     0.758   16.4    100.0   0.907   89   1.37
  3480   -0.0267   -0.083 -0.069   0.160  0.236   3.549  0.017    99.2   99.2     0.722   25.8     83.3   0.836   92   1.23
  3490   -0.0172   -0.044 -0.069   0.189  0.233   3.933  0.017   100.0   99.2     0.748   28.9     83.3   0.776   93   1.33
  3500    0.2889   -0.060 -0.069   0.158  0.211   3.909  0.130    99.2   99.2     0.738   28.1     66.7   0.884   93   1.23
  3510   -0.0180   -0.132 -0.069   0.102  0.234   2.009  0.086   100.0  100.0     0.797    8.6     91.7   0.963   94   1.25
  3520   -0.1224   -0.146 -0.069   0.083  0.222   2.161  0.008    99.2  100.0     0.835    9.4     91.7   0.954   94   1.22
  3530   -0.0905   -0.131 -0.069   0.094  0.226   2.251  0.001   100.0  100.0     0.844   10.2     91.7   0.944   94   1.23
  3540   -0.0678   -0.106 -0.069   0.123  0.229   3.309  0.001   100.0   99.2     0.740   20.3    100.0   0.863   94   1.25
  3550   -0.0545   -0.072 -0.071   0.190  0.254   4.551  0.003    99.2   93.7     0.689   43.8    100.0   0.761   94   1.26
  3560    0.3474   -0.069 -0.071   0.169  0.230   4.344  0.130    99.2   96.1     0.697   42.2     91.7   0.784   94   1.23
  3570   -0.0403   -0.158 -0.071   0.069  0.211   2.100  0.058    98.4  100.0     0.770    6.2     91.7   0.954   94   1.29
  3580   -0.1097   -0.138 -0.071   0.091  0.229   2.212  0.008   100.0  100.0     0.836   10.9     83.3   0.939   94   1.25
  3590   -0.0834   -0.112 -0.071   0.121  0.233   2.615  0.005   100.0   99.2     0.787   20.3    100.0   0.862   95   1.34
  3600   -0.0638   -0.091 -0.076   0.135  0.226   3.352  0.005   100.0   97.7     0.720   26.6    100.0   0.828   96   1.23
      saved checkpoint @ step 3600 | examples: ['O=C(COc1ccccc1)NC1COC1', 'CN(C)C(=S)SCc1ccccc1', 'Cc1cc(O)cc(C)c1C(C)C(=O)NCc1ccc(F)cc1', 'O=[N+]([O-])c1ccc(CSc2nnc(-c3cccs3)o2)cc1', 'CS(=O)(=O)Nc1cc(-c2ccccc2)nc2ccccc12']
  3610   -0.0252   -0.077 -0.076   0.146  0.223   3.968  0.011   100.0   96.9     0.710   32.0    100.0   0.835   97   1.35
  3620    0.0748   -0.061 -0.076   0.196  0.256   4.430  0.038   100.0   94.5     0.711   38.3    100.0   0.721   98   1.35
  3630    0.0381   -0.109 -0.076   0.118  0.227   2.649  0.058   100.0  100.0     0.711   20.3    100.0   0.861   99   1.25
  3640   -0.0212   -0.139 -0.076   0.076  0.215   2.110  0.038   100.0  100.0     0.727   10.9    100.0   0.944  101   1.26
  3650   -0.0651   -0.140 -0.081   0.073  0.206   2.205  0.008    99.2  100.0     0.732   13.3     91.7   0.931  101   1.23
  3660   -0.0652   -0.087 -0.081   0.138  0.225   3.272  0.008   100.0   99.2     0.654   30.5     91.7   0.796  102   1.21
  3670   -0.0418   -0.085 -0.081   0.141  0.226   3.610  0.008   100.0   96.1     0.675   33.6    100.0   0.809  102   1.23
  3680    0.0983   -0.054 -0.081   0.194  0.248   4.900  0.038   100.0   95.3     0.631   47.7    100.0   0.741  103   1.27
  3690    0.0710   -0.094 -0.081   0.139  0.232   3.468  0.058   100.0  100.0     0.680   31.2    100.0   0.826  103   1.24
  3700    0.0055   -0.138 -0.082   0.067  0.205   2.115  0.058   100.0   99.2     0.819   15.6    100.0   0.930  104   1.18
  3710   -0.0632   -0.136 -0.082   0.082  0.218   2.045  0.011   100.0   98.4     0.762   14.1     91.7   0.916  105   1.20
  3720   -0.0441   -0.114 -0.082   0.116  0.230   2.846  0.011   100.0  100.0     0.812   24.2    100.0   0.866  105   1.27
  3730   -0.0314   -0.105 -0.082   0.090  0.195   3.169  0.011   100.0   97.7     0.696   28.9    100.0   0.873  105   1.21
  3740   -0.0240   -0.082 -0.082   0.150  0.232   3.622  0.011   100.0   98.4     0.690   34.4    100.0   0.788  106   1.23
  3750    0.1145   -0.031 -0.054   0.243  0.274   4.948  0.038   100.0   96.1     0.602   42.2    100.0   0.660  108   1.26
  3760    0.0855   -0.120 -0.054   0.102  0.221   2.507  0.086   100.0  100.0     0.766   16.4     91.7   0.918  108   1.25
  3770   -0.0382   -0.156 -0.054   0.065  0.222   1.820  0.038   100.0  100.0     0.875    1.6     75.0   0.975  108   1.22
  3780   -0.0852   -0.131 -0.054   0.083  0.214   2.091  0.005   100.0  100.0     0.805   13.3    100.0   0.940  108   1.23
  3790   -0.0632   -0.109 -0.054   0.097  0.205   3.108  0.005   100.0  100.0     0.703   17.2    100.0   0.872  108   1.27
  3800   -0.0562   -0.085 -0.058   0.118  0.203   3.611  0.005   100.0   96.9     0.661   25.8    100.0   0.831  108   1.18
      saved checkpoint @ step 3800 | examples: ['Nc1ccccc1NC(=O)c1ccc(CN2CCc3ccccc3C2)cc1', 'CC(C)(C)c1ccc(N)cc1', 'O=C(O)COc1ccc2ccccc2c1', 'C=CC(C)(C)C(C)=O', 'CC(C)CCCN1CCC(=O)NC1=O']
  3810    0.0430   -0.046 -0.058   0.178  0.224   4.923  0.026   100.0   93.8     0.533   41.4    100.0   0.725  109   1.20
  3820    0.1516   -0.090 -0.058   0.120  0.210   3.636  0.086   100.0  100.0     0.656   23.4    100.0   0.808  110   1.28
  3830   -0.0030   -0.140 -0.058   0.077  0.209   2.182  0.058    99.2   99.2     0.841    8.6     91.7   0.933  110   1.28
  3840   -0.0930   -0.131 -0.058   0.065  0.196   2.336  0.008   100.0  100.0     0.781    8.6     91.7   0.936  110   1.22
  3850   -0.0559   -0.136 -0.065   0.072  0.200   2.557  0.008    99.2  100.0     0.756   14.8     91.7   0.917  112   1.21
  3860   -0.0468   -0.107 -0.065   0.082  0.189   3.101  0.008   100.0  100.0     0.664   21.1    100.0   0.905  112   1.20
  3870   -0.0268   -0.063 -0.065   0.157  0.212   4.516  0.011    99.2   99.2     0.603   39.8    100.0   0.784  112   1.36
  3880    0.0725   -0.060 -0.065   0.153  0.213   4.548  0.038   100.0   97.7     0.648   43.8    100.0   0.782  112   1.24
  3890    0.0212   -0.102 -0.065   0.091  0.193   2.993  0.038   100.0  100.0     0.609   25.8    100.0   0.887  114   1.24
  3900   -0.0019   -0.111 -0.066   0.087  0.197   2.550  0.038   100.0  100.0     0.703   19.5     91.7   0.926  114   1.23
  3910    0.0059   -0.135 -0.066   0.097  0.225   2.391  0.038    99.2   99.2     0.841   14.1    100.0   0.927  114   1.38
  3920   -0.0336   -0.130 -0.066   0.071  0.201   2.059  0.026   100.0  100.0     0.750   11.7    100.0   0.933  114   1.28
  3930   -0.0227   -0.119 -0.066   0.095  0.214   2.452  0.026   100.0  100.0     0.820   18.8     91.7   0.928  114   1.29
  3940   -0.0105   -0.126 -0.066   0.083  0.210   2.562  0.026   100.0  100.0     0.789   14.1    100.0   0.900  115   1.23
  3950   -0.0126   -0.108 -0.071   0.101  0.209   2.951  0.026   100.0   98.4     0.762   21.1    100.0   0.876  116   1.26
  3960   -0.0100   -0.120 -0.071   0.085  0.206   2.606  0.026   100.0   99.2     0.740   18.8    100.0   0.885  116   1.21
  3970   -0.0088   -0.106 -0.071   0.117  0.223   2.740  0.026   100.0   99.2     0.693   23.4    100.0   0.868  116   1.22
  3980    0.0087   -0.125 -0.071   0.117  0.226   2.811  0.026    98.4   98.4     0.734   20.3     91.7   0.871  117   1.21
  3990   -0.0062   -0.107 -0.071   0.093  0.200   2.954  0.026   100.0  100.0     0.711   22.7    100.0   0.904  118   1.27
  4000   -0.0088   -0.095 -0.073   0.139  0.235   2.825  0.026   100.0   99.2     0.717   25.0    100.0   0.823  119   1.25
      saved checkpoint @ step 4000 | examples: ['CC(=O)NC(=S)NNC(=N)c1ccccc1', 'CCC(=O)NC1CCC(c2ccccc2)CC1', 'CN(c1ncccn1)C1CCN(CC(F)(F)F)CC1', 'O=C(NCCc1ccc(S(=O)(=O)N2CCCC2)cc1)c1ccccc1Sc1ccc2c(/C=C/c3ccccn3)n[nH]c2c1', 'O=C(O)c1cc(CCc2ccccc2)n[nH]1']
  4010   -0.0027   -0.108 -0.073   0.120  0.221   2.612  0.026    99.2   99.2     0.817   22.7    100.0   0.898  119   1.26
  4020   -0.0009   -0.100 -0.073   0.123  0.215   2.901  0.026    99.2  100.0     0.740   25.0    100.0   0.851  121   1.25
  4030   -0.0034   -0.100 -0.073   0.142  0.235   2.737  0.026    99.2   99.2     0.746   24.2    100.0   0.829  122   1.41
  4040   -0.0012   -0.111 -0.073   0.096  0.207   2.910  0.026   100.0  100.0     0.719   25.0    100.0   0.878  122   1.24
  4050   -0.0138   -0.109 -0.075   0.089  0.197   2.517  0.026   100.0  100.0     0.750   21.9    100.0   0.899  122   1.30
  4060   -0.0039   -0.113 -0.075   0.093  0.206   2.647  0.026   100.0   99.2     0.787   19.5    100.0   0.859  123   1.24
  4070    0.0050   -0.124 -0.075   0.077  0.193   2.843  0.026    99.2   98.4     0.760   25.8    100.0   0.923  123   1.25
  4080   -0.0097   -0.076 -0.075   0.162  0.237   3.396  0.026   100.0   99.2     0.685   35.9    100.0   0.805  124   1.22
  4090   -0.0098   -0.089 -0.075   0.137  0.226   2.981  0.026   100.0   99.2     0.685   32.8    100.0   0.808  124   1.22
  4100    0.0013   -0.095 -0.076   0.128  0.215   3.429  0.026    99.2  100.0     0.724   32.0    100.0   0.850  124   1.26
  4110   -0.0063   -0.087 -0.076   0.127  0.214   3.196  0.026   100.0  100.0     0.711   32.8    100.0   0.844  125   1.25
  4120    0.0014   -0.104 -0.076   0.132  0.228   3.103  0.026    99.2   99.2     0.738   26.6    100.0   0.836  125   1.24
  4130   -0.0063   -0.103 -0.076   0.128  0.224   2.854  0.026    99.2   99.2     0.683   28.1    100.0   0.830  125   1.20
  4140    0.0148   -0.085 -0.076   0.161  0.230   4.117  0.026    98.4  100.0     0.659   36.7     91.7   0.769  125   1.27
  4150    0.0022   -0.109 -0.071   0.122  0.223   2.787  0.026    99.2  100.0     0.740   26.6    100.0   0.827  125   1.22
  4160    0.0016   -0.104 -0.071   0.131  0.227   2.908  0.026    99.2  100.0     0.693   22.7    100.0   0.802  125   1.26
  4170   -0.0014   -0.084 -0.071   0.153  0.237   3.567  0.026   100.0  100.0     0.758   27.3    100.0   0.822  125   1.36
  4180   -0.0056   -0.078 -0.071   0.167  0.245   3.517  0.026   100.0  100.0     0.758   32.0     91.7   0.778  126   1.37
  4190   -0.0013   -0.082 -0.071   0.142  0.224   3.443  0.026   100.0   98.4     0.690   30.5    100.0   0.812  126   1.29
  4200    0.0002   -0.077 -0.071   0.176  0.253   3.597  0.026   100.0   98.4     0.746   31.2     91.7   0.746  127   1.26
      saved checkpoint @ step 4200 | examples: ['CCc1ccc(N2C(=O)c3ccccc3C2=O)cc1', 'O=C(NNS(=O)(=O)Cc1ccccc1)c1ccccc1Sc1ccc2c(/C=C/c3ccccn3)n[nH]c2c1', 'CN(C(=O)c1ccco1)C(C(=O)Nc1ccc(F)cc1N1CCOCC1)c1cccc(F)c1', 'CCCCCCCCCCCCCC(=O)NCCC[N+](C)(C)C', 'O=C(NCc1ccc(Cl)cc1)c1ccccc1Sc1ccc2c(/C=C/c3ccccn3)n[nH]c2c1']
  4210    0.0004   -0.098 -0.071   0.133  0.231   3.158  0.026   100.0   96.9     0.790   31.2    100.0   0.838  128   1.31
  4220    0.0006   -0.092 -0.071   0.119  0.203   3.048  0.026    99.2   99.2     0.722   24.2    100.0   0.824  129   1.33
  4230    0.0004   -0.079 -0.071   0.167  0.239   3.404  0.026    99.2   98.4     0.696   31.2     91.7   0.759  130   1.23
  4240   -0.0062   -0.083 -0.071   0.152  0.235   3.243  0.026   100.0   99.2     0.764   28.9    100.0   0.778  130   1.29
  4250    0.0045   -0.109 -0.071   0.130  0.232   2.950  0.026    99.2  100.0     0.693   21.9    100.0   0.800  131   1.27
  4260    0.0023   -0.106 -0.071   0.113  0.212   2.984  0.026    99.2  100.0     0.685   29.7    100.0   0.805  132   1.36
  4270   -0.0019   -0.080 -0.071   0.160  0.240   3.366  0.026   100.0   98.4     0.714   29.7    100.0   0.784  132   1.27
  4280   -0.0045   -0.099 -0.071   0.133  0.232   2.907  0.026   100.0   99.2     0.717   25.8    100.0   0.805  132   1.25
  4290   -0.0047   -0.086 -0.071   0.142  0.228   3.160  0.026   100.0   99.2     0.701   30.5    100.0   0.787  133   1.20
  4300    0.0133   -0.087 -0.059   0.138  0.217   3.460  0.026    99.2  100.0     0.661   32.0    100.0   0.789  134   1.19
  4310    0.0151   -0.096 -0.059   0.137  0.217   3.480  0.026    98.4   97.6     0.756   26.6    100.0   0.804  134   1.22
  4320   -0.0005   -0.086 -0.059   0.139  0.225   3.306  0.026   100.0   99.2     0.693   27.3    100.0   0.780  134   1.24
  4330   -0.0082   -0.094 -0.059   0.121  0.215   2.870  0.026   100.0  100.0     0.641   24.2    100.0   0.786  134   1.31
  4340   -0.0020   -0.099 -0.059   0.136  0.236   2.690  0.026   100.0  100.0     0.742   22.7    100.0   0.754  134   1.21
  4350   -0.0021   -0.110 -0.060   0.109  0.219   2.738  0.026   100.0  100.0     0.727   21.1    100.0   0.818  135   1.24
  4360   -0.0043   -0.074 -0.060   0.145  0.220   3.456  0.026   100.0  100.0     0.672   36.7    100.0   0.790  135   1.33
  4370    0.0022   -0.087 -0.060   0.157  0.236   3.381  0.026    99.2   99.2     0.690   30.5    100.0   0.760  136   1.25
  4380   -0.0029   -0.089 -0.060   0.129  0.218   3.243  0.026   100.0  100.0     0.703   26.6     91.7   0.784  137   1.27
  4390   -0.0026   -0.089 -0.060   0.133  0.214   3.398  0.026    99.2   99.2     0.627   29.7    100.0   0.760  137   1.26
  4400   -0.0030   -0.074 -0.059   0.174  0.248   3.411  0.026   100.0  100.0     0.727   28.1    100.0   0.771  138   1.25
      saved checkpoint @ step 4400 | examples: ['O=C1N(Cc2ccccc2[N+](=O)[O-])C/C(=C\\c2ccc(Cl)cc2)CN1c1ccccn1', 'O=C(Cc1ccccc1)Nc1ccc(OCc2ccccc2)cc1', 'O=C(Nc1nnc(C2CC2)s1)c1ccccc1Sc1ccc2c(/C=C/c3ccccn3)n[nH]c2c1', 'O=C(Nc1cccc2cccnc12)c1ccccc1Sc1ccc2c(/C=C/c3ccccn3)n[nH]c2c1', 'O=c1c2ccc(O)cc2oc2ccc3ccccc3c12']
  4410   -0.0018   -0.099 -0.059   0.127  0.218   3.013  0.026    99.2   97.6     0.758   25.8    100.0   0.815  138   1.23
  4420   -0.0105   -0.081 -0.059   0.153  0.234   3.270  0.026   100.0   99.2     0.677   28.1    100.0   0.790  138   1.23
  4430   -0.0059   -0.095 -0.059   0.131  0.225   2.871  0.026   100.0   99.2     0.740   23.4    100.0   0.824  139   1.23
  4440   -0.0023   -0.086 -0.059   0.121  0.207   3.302  0.026   100.0   99.2     0.732   25.0    100.0   0.823  140   1.23
  4450    0.0045   -0.106 -0.059   0.105  0.203   2.953  0.026    99.2   99.2     0.714   24.2    100.0   0.839  141   1.25
  4460   -0.0134   -0.051 -0.059   0.181  0.232   4.037  0.026   100.0   98.4     0.746   30.5     83.3   0.827  142   1.31
  4470    0.0264   -0.039 -0.059   0.178  0.217   4.401  0.038   100.0   99.2     0.732   31.2     75.0   0.826  144   1.32
  4480    0.0194   -0.075 -0.059   0.148  0.223   3.054  0.058   100.0   99.2     0.795   16.4     66.7   0.851  144   1.32
  4490   -0.0241   -0.135 -0.059   0.098  0.233   2.030  0.038   100.0   99.2     0.898    6.2     83.3   0.917  144   1.27
  4500   -0.0212   -0.125 -0.066   0.101  0.211   2.169  0.038    98.4  100.0     0.810   13.3     83.3   0.885  144   1.34
  4510   -0.0529   -0.110 -0.066   0.115  0.209   2.533  0.026    98.4  100.0     0.849   15.6     50.0   0.894  144   1.25
  4520   -0.0456   -0.037 -0.066   0.176  0.213   4.066  0.026   100.0   98.4     0.810   23.4     66.7   0.891  144   1.32
  4530    0.1400   -0.111 -0.066   0.107  0.210   2.571  0.130    99.2  100.0     0.827   15.6     83.3   0.920  146   1.26
  4540   -0.1084   -0.159 -0.066   0.073  0.225   1.971  0.011    99.2  100.0     0.874    4.7     91.7   0.915  146   1.24
  4550   -0.0981   -0.146 -0.074   0.056  0.202   2.022  0.001   100.0  100.0     0.859    7.0     91.7   0.942  146   1.22
  4560   -0.0740   -0.121 -0.074   0.070  0.175   3.244  0.001    98.4   97.6     0.740   28.1     91.7   0.873  146   1.15
  4570   -0.0716   -0.080 -0.074   0.084  0.164   4.369  0.001   100.0   94.5     0.537   35.2    100.0   0.815  146   1.16
  4580    0.0203   -0.065 -0.074   0.097  0.162   5.469  0.017   100.0   93.0     0.529   46.1    100.0   0.788  146   1.19
  4590    0.2350   -0.143 -0.074   0.065  0.208   2.742  0.195   100.0  100.0     0.750    7.8     83.3   0.893  146   1.24
  4600   -0.0189   -0.164 -0.077   0.060  0.216   2.215  0.130    99.2   99.2     0.833    6.2    100.0   0.965  146   1.22
      saved checkpoint @ step 4600 | examples: ['CCCCc1ccc(Cl)c(C(=O)c2ccccc2)c1', 'CN(C)C1CCc2c(c3ccc(O)cc3n2CC(=O)C(F)(F)F)C1', 'c1ccc(-c2cc(NCCN3CCCCC3)c3ccccc3n2)cc1', 'COc1ccc(Oc2nc(NCc3ccccc3)ncc2C(=O)NCCc2ccc(S(N)(=O)=O)cc2)cc1', 'CCCc1ccc(C(=O)C(Cl)Cl)cc1']
  4610   -0.2187   -0.152 -0.077   0.060  0.212   1.850  0.003   100.0  100.0     0.844    3.9     83.3   0.945  146   1.24
  4620   -0.1312   -0.146 -0.077   0.063  0.209   2.241  0.001   100.0  100.0     0.812    8.6    100.0   0.911  146   1.22
  4630   -0.0759   -0.144 -0.077   0.049  0.193   2.462  0.001   100.0  100.0     0.734    9.4    100.0   0.907  146   1.18
  4640   -0.0598   -0.126 -0.077   0.043  0.169   3.361  0.001   100.0  100.0     0.672   18.0    100.0   0.913  146   1.18
  4650   -0.0407   -0.121 -0.080   0.038  0.151   3.630  0.001    99.2   99.2     0.651   22.7     91.7   0.883  146   1.14
  4660   -0.0544   -0.085 -0.080   0.033  0.118   4.806  0.002   100.0   95.3     0.533   45.3     91.7   0.899  147   1.21
  4670    0.2229   -0.068 -0.080   0.060  0.128   5.599  0.058   100.0   89.8     0.409   46.9    100.0   0.867  147   1.13
  4680    0.2025   -0.135 -0.080   0.054  0.181   2.745  0.195    99.2   99.2     0.730   17.2     83.3   0.902  148   1.15
  4690   -0.1171   -0.160 -0.080   0.053  0.213   2.151  0.086   100.0  100.0     0.875    2.3     75.0   0.974  148   1.22
  4700   -0.2082   -0.157 -0.086   0.063  0.220   2.190  0.005   100.0  100.0     0.805    9.4     91.7   0.927  148   1.24
  4710   -0.1265   -0.150 -0.086   0.050  0.200   2.375  0.005   100.0   99.2     0.835    8.6     91.7   0.933  148   1.23
  4720   -0.0768   -0.141 -0.086   0.048  0.189   2.910  0.005   100.0   99.2     0.756   15.6    100.0   0.877  148   1.20
  4730   -0.0420   -0.136 -0.086   0.044  0.172   3.627  0.005    99.2   98.4     0.728   18.0     91.7   0.881  148   1.12
  4740   -0.0396   -0.109 -0.086   0.042  0.151   3.934  0.005   100.0   93.8     0.608   28.9    100.0   0.879  148   1.19
  4750   -0.0184   -0.113 -0.087   0.027  0.140   4.005  0.008   100.0   98.4     0.611   26.6     91.7   0.911  148   1.13
  4760    0.0538   -0.112 -0.087   0.034  0.146   3.626  0.038   100.0   99.2     0.614   28.1     91.7   0.944  148   1.14
  4770    0.0317   -0.124 -0.087   0.045  0.169   3.278  0.038   100.0  100.0     0.672   21.9    100.0   0.917  148   1.19
  4780   -0.0045   -0.121 -0.087   0.050  0.171   2.613  0.038   100.0  100.0     0.688   21.1    100.0   0.925  148   1.19
  4790   -0.0002   -0.140 -0.087   0.051  0.184   2.360  0.038    99.2  100.0     0.772   15.6     91.7   0.941  148   1.20
  4800   -0.0368   -0.146 -0.091   0.057  0.203   2.020  0.026   100.0  100.0     0.773   16.4    100.0   0.927  148   1.25
      saved checkpoint @ step 4800 | examples: ['CCN(CC)Cc1ccc(OC)c(O)c1', 'COc1cccc(-c2cn3ccccc3n2)c1', 'O=C(CCl)NCCc1ccccc1', 'COc1ccc(C(=O)N2CCC3(CC2)CN(C)[C@H]3CO)cc1', 'Cc1ccc(-c2nc(-c3ccccc3)[nH]c2-c2ccccc2)cc1']
  4810   -0.0223   -0.143 -0.091   0.046  0.181   2.297  0.026    99.2  100.0     0.748   15.6     83.3   0.947  148   1.23
  4820   -0.0172   -0.139 -0.091   0.044  0.183   2.279  0.026   100.0  100.0     0.711   21.1    100.0   0.929  148   1.27
  4830   -0.0130   -0.138 -0.091   0.054  0.192   2.247  0.026   100.0  100.0     0.711   18.8     91.7   0.920  148   1.20
  4840   -0.0226   -0.141 -0.091   0.044  0.185   2.309  0.017   100.0  100.0     0.688   14.8    100.0   0.910  148   1.17
  4850   -0.0338   -0.131 -0.094   0.046  0.177   2.632  0.011   100.0  100.0     0.656   14.8     91.7   0.939  148   1.21
  4860   -0.0141   -0.135 -0.094   0.037  0.164   2.989  0.011    99.2  100.0     0.630   25.0    100.0   0.934  148   1.14
  4870   -0.0245   -0.106 -0.094   0.050  0.155   3.365  0.011   100.0   97.7     0.664   33.6     75.0   0.903  148   1.21
  4880   -0.0091   -0.113 -0.094   0.029  0.143   3.603  0.011   100.0   96.1     0.618   32.8     91.7   0.929  148   1.22
  4890   -0.0079   -0.105 -0.094   0.027  0.133   3.814  0.011   100.0   96.1     0.472   41.4     91.7   0.895  148   1.16
  4900    0.0637   -0.084 -0.071   0.031  0.115   4.389  0.026   100.0   90.6     0.543   39.8     91.7   0.899  148   1.17
  4910    0.0696   -0.115 -0.071   0.057  0.172   3.048  0.058   100.0   98.4     0.690   15.6     75.0   0.933  149   1.38
  4920    0.0232   -0.146 -0.071   0.056  0.202   2.085  0.058   100.0  100.0     0.758    6.2     91.7   0.929  149   1.25
  4930   -0.0128   -0.151 -0.071   0.055  0.199   2.125  0.038    99.2  100.0     0.795    5.5     83.3   0.927  149   1.23
  4940   -0.0403   -0.118 -0.071   0.067  0.185   2.539  0.026   100.0   99.2     0.748   11.7     75.0   0.917  149   1.30
  4950   -0.0304   -0.137 -0.077   0.061  0.198   2.198  0.026   100.0   99.2     0.772   14.1    100.0   0.904  151   1.26
  4960   -0.0252   -0.131 -0.077   0.059  0.182   2.351  0.026    99.2  100.0     0.795   14.8     91.7   0.930  151   1.24
  4970   -0.0269   -0.101 -0.077   0.098  0.199   2.640  0.026   100.0  100.0     0.773   18.0     91.7   0.903  151   1.24
  4980   -0.0126   -0.105 -0.077   0.098  0.203   3.201  0.026   100.0  100.0     0.797   16.4     58.3   0.905  151   1.30
  4990   -0.0185   -0.050 -0.077   0.152  0.194   4.432  0.026    99.2   98.4     0.784   26.6     41.7   0.877  151   1.32
  5000    0.0185   -0.044 -0.079   0.147  0.191   4.067  0.038   100.0  100.0     0.750   26.6     58.3   0.873  151   1.31
      saved checkpoint @ step 5000 | examples: ['O=C1Cc2ccccc2N1CCCN1CCN(c2ccc([N+](=O)[O-])cc2)CC1', 'CCCCCCCCCCCC(=O)OCCN(C)C', 'CC(=O)N(CC(C)(C)NC(=O)c1ccccn1)c1ccccc1', 'COc1ccc(/C=C2N=C(/N=C/c3cccs3)NC\\2=O)cc1', 'COc1ccc(Cl)cc1NC(=O)c1cccc(NC(=O)c2ccco2)c1']

RL_BASELINE_DONE in 103.0 min
